/home/dangcaominh/STM32MP1/u-boot/u-boot/common/board_f.c:122:12:display_text_info	0	static
/home/dangcaominh/STM32MP1/u-boot/u-boot/common/board_f.c:289:12:setup_mon_len	0	static
/home/dangcaominh/STM32MP1/u-boot/u-boot/common/board_f.c:401:12:reserve_round_4k	0	static
/home/dangcaominh/STM32MP1/u-boot/u-boot/common/board_f.c:450:12:reserve_uboot	0	static
/home/dangcaominh/STM32MP1/u-boot/u-boot/common/board_f.c:507:12:reserve_malloc	0	static
/home/dangcaominh/STM32MP1/u-boot/u-boot/common/board_f.c:828:12:checkcpu	0	static
/home/dangcaominh/STM32MP1/u-boot/u-boot/common/board_f.c:103:5:init_func_watchdog_reset	8	static
/home/dangcaominh/STM32MP1/u-boot/u-boot/common/board_f.c:264:12:dram_init_banksize	8	static
/home/dangcaominh/STM32MP1/u-boot/u-boot/common/board_f.c:698:12:setup_reloc	8	static
/home/dangcaominh/STM32MP1/u-boot/u-boot/common/board_f.c:641:12:reloc_fdt	8	static
/home/dangcaominh/STM32MP1/u-boot/u-boot/common/board_f.c:412:12:reserve_video	16	static
/home/dangcaominh/STM32MP1/u-boot/u-boot/common/board_f.c:733:12:fix_fdt	0	static
/home/dangcaominh/STM32MP1/u-boot/u-boot/common/board_f.c:201:12:announce_dram_init	8	static
/home/dangcaominh/STM32MP1/u-boot/u-boot/common/board_f.c:838:12:misc_init_f	0	static
/home/dangcaominh/STM32MP1/u-boot/u-boot/common/board_f.c:144:12:print_resetinfo	280	static
/home/dangcaominh/STM32MP1/u-boot/u-boot/common/board_f.c:116:12:init_baud_rate	8	static
/home/dangcaominh/STM32MP1/u-boot/u-boot/common/board_f.c:801:12:initf_dm	8	static
/home/dangcaominh/STM32MP1/u-boot/u-boot/common/board_f.c:654:12:reloc_bootstage	8	static
/home/dangcaominh/STM32MP1/u-boot/u-boot/common/board_f.c:776:12:initf_bootstage	8	static
/home/dangcaominh/STM32MP1/u-boot/u-boot/common/board_f.c:833:12:clear_bss	0	static
/home/dangcaominh/STM32MP1/u-boot/u-boot/common/board_f.c:311:12:setup_spl_handoff	0	static
/home/dangcaominh/STM32MP1/u-boot/u-boot/common/board_f.c:322:12:arch_cpu_init	0	static
/home/dangcaominh/STM32MP1/u-boot/u-boot/common/board_f.c:327:12:mach_cpu_init	0	static
/home/dangcaominh/STM32MP1/u-boot/u-boot/common/board_f.c:407:12:arch_reserve_mmu	0	static
/home/dangcaominh/STM32MP1/u-boot/u-boot/common/board_f.c:438:12:reserve_trace	0	static
/home/dangcaominh/STM32MP1/u-boot/u-boot/common/board_f.c:594:12:reserve_bloblist	0	static
/home/dangcaominh/STM32MP1/u-boot/u-boot/common/board_f.c:607:12:display_new_sp	0	static
/home/dangcaominh/STM32MP1/u-boot/u-boot/common/board_f.c:673:12:reloc_bloblist	0	static
/home/dangcaominh/STM32MP1/u-boot/u-boot/common/board_f.c:823:12:reserve_arch	0	static
/home/dangcaominh/STM32MP1/u-boot/u-boot/common/board_f.c:88:12:init_func_watchdog_init	8	static
/home/dangcaominh/STM32MP1/u-boot/u-boot/common/board_f.c:520:12:reserve_board	8	static
/home/dangcaominh/STM32MP1/u-boot/u-boot/common/board_f.c:563:12:reserve_bootstage	8	static
/home/dangcaominh/STM32MP1/u-boot/u-boot/common/board_f.c:542:12:reserve_fdt	0	static
/home/dangcaominh/STM32MP1/u-boot/u-boot/common/board_f.c:533:12:reserve_global_data	0	static
/home/dangcaominh/STM32MP1/u-boot/u-boot/common/board_f.c:66:13:coloured_LED_init	0	static
/home/dangcaominh/STM32MP1/u-boot/u-boot/common/board_f.c:67:13:red_led_on	0	static
/home/dangcaominh/STM32MP1/u-boot/u-boot/common/board_f.c:68:13:red_led_off	0	static
/home/dangcaominh/STM32MP1/u-boot/u-boot/common/board_f.c:69:13:green_led_on	0	static
/home/dangcaominh/STM32MP1/u-boot/u-boot/common/board_f.c:70:13:green_led_off	0	static
/home/dangcaominh/STM32MP1/u-boot/u-boot/common/board_f.c:71:13:yellow_led_on	0	static
/home/dangcaominh/STM32MP1/u-boot/u-boot/common/board_f.c:72:13:yellow_led_off	0	static
/home/dangcaominh/STM32MP1/u-boot/u-boot/common/board_f.c:73:13:blue_led_on	0	static
/home/dangcaominh/STM32MP1/u-boot/u-boot/common/board_f.c:74:13:blue_led_off	0	static
/home/dangcaominh/STM32MP1/u-boot/u-boot/common/board_f.c:111:13:board_add_ram_info	0	static
/home/dangcaominh/STM32MP1/u-boot/u-boot/common/board_f.c:237:12:show_dram_config	24	static
/home/dangcaominh/STM32MP1/u-boot/u-boot/common/board_f.c:333:20:board_get_usable_ram_top	0	static
/home/dangcaominh/STM32MP1/u-boot/u-boot/common/board_f.c:350:12:arch_setup_dest_addr	0	static
/home/dangcaominh/STM32MP1/u-boot/u-boot/common/board_f.c:355:12:setup_dest_addr	16	static
/home/dangcaominh/STM32MP1/u-boot/u-boot/common/board_f.c:577:12:arch_reserve_stacks	0	static
/home/dangcaominh/STM32MP1/u-boot/u-boot/common/board_f.c:582:12:reserve_stacks	0	static
/home/dangcaominh/STM32MP1/u-boot/u-boot/common/board_f.c:614:12:arch_setup_bdinfo	0	static
/home/dangcaominh/STM32MP1/u-boot/u-boot/common/board_f.c:619:5:setup_bdinfo	0	static
/home/dangcaominh/STM32MP1/u-boot/u-boot/common/board_f.c:987:6:board_init_f	16	static
