/home/dangcaominh/STM32MP1/u-boot/u-boot/common/bootstage.c:258:12:h_compare_record	0	static
/home/dangcaominh/STM32MP1/u-boot/u-boot/common/bootstage.c:229:20:get_record_name.constprop	8	static
/home/dangcaominh/STM32MP1/u-boot/u-boot/common/bootstage.c:242:17:print_time_record	40	static
/home/dangcaominh/STM32MP1/u-boot/u-boot/common/bootstage.c:59:5:bootstage_relocate	24	static
/home/dangcaominh/STM32MP1/u-boot/u-boot/common/bootstage.c:84:26:find_id	0	static
/home/dangcaominh/STM32MP1/u-boot/u-boot/common/bootstage.c:99:26:ensure_id	16	static
/home/dangcaominh/STM32MP1/u-boot/u-boot/common/bootstage.c:114:7:bootstage_add_record	32	static
/home/dangcaominh/STM32MP1/u-boot/u-boot/common/bootstage.c:150:7:bootstage_error_name	16	static
/home/dangcaominh/STM32MP1/u-boot/u-boot/common/bootstage.c:156:7:bootstage_mark_name	16	static
/home/dangcaominh/STM32MP1/u-boot/u-boot/common/bootstage.c:166:7:bootstage_mark_code	32	static
/home/dangcaominh/STM32MP1/u-boot/u-boot/common/bootstage.c:193:10:bootstage_start	16	static
/home/dangcaominh/STM32MP1/u-boot/u-boot/common/bootstage.c:207:10:bootstage_accum	8	static
/home/dangcaominh/STM32MP1/u-boot/u-boot/common/bootstage.c:321:5:bootstage_fdt_add_report	72	static
/home/dangcaominh/STM32MP1/u-boot/u-boot/common/bootstage.c:330:6:bootstage_report	24	static
/home/dangcaominh/STM32MP1/u-boot/u-boot/common/bootstage.c:384:5:bootstage_stash	64	static
/home/dangcaominh/STM32MP1/u-boot/u-boot/common/bootstage.c:432:5:bootstage_unstash	32	static
/home/dangcaominh/STM32MP1/u-boot/u-boot/common/bootstage.c:505:5:bootstage_get_size	24	static
/home/dangcaominh/STM32MP1/u-boot/u-boot/common/bootstage.c:520:5:bootstage_init	16	static
