/home/dangcaominh/STM32MP1/u-boot/stm32mp1-u-boot/common/usb_storage.c:345:12:usb_stor_irq	0	static
/home/dangcaominh/STM32MP1/u-boot/stm32mp1-u-boot/common/usb_storage.c:466:12:usb_stor_BBB_reset	32	static
/home/dangcaominh/STM32MP1/u-boot/stm32mp1-u-boot/common/usb_storage.c:520:12:usb_stor_CB_reset	56	static
/home/dangcaominh/STM32MP1/u-boot/stm32mp1-u-boot/common/usb_storage.c:599:12:usb_stor_CB_comdat	80	static
/home/dangcaominh/STM32MP1/u-boot/stm32mp1-u-boot/common/usb_storage.c:668:12:usb_stor_CBI_get_status	24	static
/home/dangcaominh/STM32MP1/u-boot/stm32mp1-u-boot/common/usb_storage.c:846:12:usb_stor_CB_transport	352	static
/home/dangcaominh/STM32MP1/u-boot/stm32mp1-u-boot/common/usb_storage.c:1016:12:usb_request_sense.constprop.isra	16	static
/home/dangcaominh/STM32MP1/u-boot/stm32mp1-u-boot/common/usb_storage.c:1227:22:usb_stor_write	64	static
/home/dangcaominh/STM32MP1/u-boot/stm32mp1-u-boot/common/usb_storage.c:1144:22:usb_stor_read	64	static
/home/dangcaominh/STM32MP1/u-boot/stm32mp1-u-boot/common/usb_storage.c:715:12:usb_stor_BBB_clear_endpt_stall.isra	32	static
/home/dangcaominh/STM32MP1/u-boot/stm32mp1-u-boot/common/usb_storage.c:723:12:usb_stor_BBB_transport	312	static
/home/dangcaominh/STM32MP1/u-boot/stm32mp1-u-boot/common/usb_storage.c:141:5:usb_stor_info	24	static
/home/dangcaominh/STM32MP1/u-boot/stm32mp1-u-boot/common/usb_storage.c:307:6:usb_stor_reset	0	static
/home/dangcaominh/STM32MP1/u-boot/stm32mp1-u-boot/common/usb_storage.c:317:5:usb_stor_scan	8	static
/home/dangcaominh/STM32MP1/u-boot/stm32mp1-u-boot/common/usb_storage.c:1315:5:usb_storage_probe	32	static
/home/dangcaominh/STM32MP1/u-boot/stm32mp1-u-boot/common/usb_storage.c:1437:5:usb_stor_get_info	296	static
/home/dangcaominh/STM32MP1/u-boot/stm32mp1-u-boot/common/usb_storage.c:1525:12:usb_mass_storage_probe	192	static
