/home/dangcaominh/STM32MP1/u-boot/u-boot/drivers/net/dwc_eth_qos.c:1702:5:eqos_null_ops	0	static
/home/dangcaominh/STM32MP1/u-boot/u-boot/drivers/net/dwc_eth_qos.c:120:6:eqos_inval_desc_generic	0	static
/home/dangcaominh/STM32MP1/u-boot/u-boot/drivers/net/dwc_eth_qos.c:148:6:eqos_inval_buffer_generic	0	static
/home/dangcaominh/STM32MP1/u-boot/u-boot/drivers/net/dwc_eth_qos.c:130:6:eqos_flush_desc_generic	0	static
/home/dangcaominh/STM32MP1/u-boot/u-boot/drivers/net/dwc_eth_qos.c:162:6:eqos_flush_buffer_generic	0	static
/home/dangcaominh/STM32MP1/u-boot/u-boot/drivers/net/dwc_eth_qos.c:759:12:eqos_read_rom_hwaddr	16	static
/home/dangcaominh/STM32MP1/u-boot/u-boot/drivers/net/dwc_eth_qos.c:715:12:eqos_write_hwaddr	16	static
/home/dangcaominh/STM32MP1/u-boot/u-boot/drivers/net/dwc_eth_qos.c:1274:12:eqos_free_pkt	40	static
/home/dangcaominh/STM32MP1/u-boot/u-boot/drivers/net/dwc_eth_qos.c:1249:12:eqos_recv	16	static
/home/dangcaominh/STM32MP1/u-boot/u-boot/drivers/net/dwc_eth_qos.c:1154:13:eqos_stop	16	static
/home/dangcaominh/STM32MP1/u-boot/u-boot/drivers/net/dwc_eth_qos.c:1207:12:eqos_send	16	static
/home/dangcaominh/STM32MP1/u-boot/u-boot/drivers/net/dwc_eth_qos.c:790:12:eqos_start	120	static
/home/dangcaominh/STM32MP1/u-boot/u-boot/drivers/net/dwc_eth_qos.c:545:14:eqos_get_tick_clk_rate_stm32	8	static
/home/dangcaominh/STM32MP1/u-boot/u-boot/drivers/net/dwc_eth_qos.c:412:12:eqos_phy_power_on_stm32	16	static
/home/dangcaominh/STM32MP1/u-boot/u-boot/drivers/net/dwc_eth_qos.c:326:12:eqos_start_clks_stm32	40	static
/home/dangcaominh/STM32MP1/u-boot/u-boot/drivers/net/dwc_eth_qos.c:396:12:eqos_stop_clks_stm32	8	static
/home/dangcaominh/STM32MP1/u-boot/u-boot/drivers/net/dwc_eth_qos.c:1585:12:eqos_remove_resources_stm32	8	static
/home/dangcaominh/STM32MP1/u-boot/u-boot/drivers/net/dwc_eth_qos.c:1492:12:eqos_probe_resources_stm32	48	static
/home/dangcaominh/STM32MP1/u-boot/u-boot/drivers/net/dwc_eth_qos.c:104:13:eqos_free_descs	8	static
/home/dangcaominh/STM32MP1/u-boot/u-boot/drivers/net/dwc_eth_qos.c:78:14:eqos_alloc_descs.constprop	24	static
/home/dangcaominh/STM32MP1/u-boot/u-boot/drivers/net/dwc_eth_qos.c:1406:12:eqos_remove_resources_core.isra	8	static
/home/dangcaominh/STM32MP1/u-boot/u-boot/drivers/net/dwc_eth_qos.c:1603:12:eqos_probe	32	static
/home/dangcaominh/STM32MP1/u-boot/u-boot/drivers/net/dwc_eth_qos.c:1685:12:eqos_remove	16	static
/home/dangcaominh/STM32MP1/u-boot/u-boot/drivers/net/dwc_eth_qos.c:171:12:eqos_mdio_wait_idle.isra	16	static
/home/dangcaominh/STM32MP1/u-boot/u-boot/drivers/net/dwc_eth_qos.c:178:12:eqos_mdio_read	32	static
/home/dangcaominh/STM32MP1/u-boot/u-boot/drivers/net/dwc_eth_qos.c:222:12:eqos_mdio_write	32	static
