/home/dangcaominh/STM32MP1/u-boot/stm32mp1-u-boot/drivers/net/eth-phy-uclass.c:158:13:eth_phy_reset	16	static
/home/dangcaominh/STM32MP1/u-boot/stm32mp1-u-boot/drivers/net/eth-phy-uclass.c:176:12:eth_phy_pre_probe	8	static
/home/dangcaominh/STM32MP1/u-boot/stm32mp1-u-boot/drivers/net/eth-phy-uclass.c:129:12:eth_phy_of_to_plat	24	static
/home/dangcaominh/STM32MP1/u-boot/stm32mp1-u-boot/drivers/net/eth-phy-uclass.c:26:5:eth_phy_binds_nodes	32	static
/home/dangcaominh/STM32MP1/u-boot/stm32mp1-u-boot/drivers/net/eth-phy-uclass.c:64:5:eth_phy_set_mdio_bus	24	static
/home/dangcaominh/STM32MP1/u-boot/stm32mp1-u-boot/drivers/net/eth-phy-uclass.c:82:17:eth_phy_get_mdio_bus	40	static
/home/dangcaominh/STM32MP1/u-boot/stm32mp1-u-boot/drivers/net/eth-phy-uclass.c:112:5:eth_phy_get_addr	88	static
