/home/dangcaominh/STM32MP1/u-boot/u-boot/lib/fwu_updates/fwu_v2.c:97:12:fwu_bank_state_update	40	static
/home/dangcaominh/STM32MP1/u-boot/u-boot/lib/fwu_updates/fwu_v2.c:141:6:fwu_populate_mdata_image_info	0	static
/home/dangcaominh/STM32MP1/u-boot/u-boot/lib/fwu_updates/fwu_v2.c:173:5:fwu_state_machine_updates	8	static
/home/dangcaominh/STM32MP1/u-boot/u-boot/lib/fwu_updates/fwu_v2.c:188:5:fwu_get_mdata_size	56	static
/home/dangcaominh/STM32MP1/u-boot/u-boot/lib/fwu_updates/fwu_v2.c:224:5:fwu_init	64	static
