/home/dangcaominh/STM32MP1/u-boot/stm32mp1-u-boot/disk/disk-uclass.c:114:14:part_blk_erase	32	static
/home/dangcaominh/STM32MP1/u-boot/stm32mp1-u-boot/disk/disk-uclass.c:91:14:part_blk_write	40	static
/home/dangcaominh/STM32MP1/u-boot/stm32mp1-u-boot/disk/disk-uclass.c:68:14:part_blk_read	40	static
/home/dangcaominh/STM32MP1/u-boot/stm32mp1-u-boot/disk/disk-uclass.c:152:25:dev_get_blk	8	static
/home/dangcaominh/STM32MP1/u-boot/stm32mp1-u-boot/disk/disk-uclass.c:20:5:part_create_block_devices	240	static
/home/dangcaominh/STM32MP1/u-boot/stm32mp1-u-boot/disk/disk-uclass.c:171:15:disk_blk_read	64	static
/home/dangcaominh/STM32MP1/u-boot/stm32mp1-u-boot/disk/disk-uclass.c:205:15:disk_blk_write	32	static
/home/dangcaominh/STM32MP1/u-boot/stm32mp1-u-boot/disk/disk-uclass.c:224:15:disk_blk_erase	32	static
