/home/dangcaominh/STM32MP1/u-boot/u-boot/drivers/mtd/spi/spi-nor-core.c:534:12:read_cr	16	static
/home/dangcaominh/STM32MP1/u-boot/u-boot/drivers/mtd/spi/spi-nor-core.c:553:12:write_sr	4	static
/home/dangcaominh/STM32MP1/u-boot/u-boot/drivers/mtd/spi/spi-nor-core.c:563:12:write_enable	4	static
/home/dangcaominh/STM32MP1/u-boot/u-boot/drivers/mtd/spi/spi-nor-core.c:571:12:write_disable	4	static
/home/dangcaominh/STM32MP1/u-boot/u-boot/drivers/mtd/spi/spi-nor-core.c:1127:13:stm_get_locked_range	20	static
/home/dangcaominh/STM32MP1/u-boot/u-boot/drivers/mtd/spi/spi-nor-core.c:1418:12:spi_nor_read	40	static
/home/dangcaominh/STM32MP1/u-boot/u-boot/drivers/mtd/spi/spi-nor-core.c:2858:12:spi_nor_hwcaps2cmd	0	static
/home/dangcaominh/STM32MP1/u-boot/u-boot/drivers/mtd/spi/spi-nor-core.c:3400:13:s25_default_init	0	static
/home/dangcaominh/STM32MP1/u-boot/u-boot/drivers/mtd/spi/spi-nor-core.c:3822:13:macronix_octal_default_init	0	static
/home/dangcaominh/STM32MP1/u-boot/u-boot/drivers/mtd/spi/spi-nor-core.c:3827:13:macronix_octal_post_sfdp_fixup	0	static
/home/dangcaominh/STM32MP1/u-boot/u-boot/drivers/mtd/spi/spi-nor-core.c:2919:12:spi_nor_check_op	16	static
/home/dangcaominh/STM32MP1/u-boot/u-boot/drivers/mtd/spi/spi-nor-core.c:3463:13:s25_post_sfdp_fixup	0	static
/home/dangcaominh/STM32MP1/u-boot/u-boot/drivers/mtd/spi/spi-nor-core.c:663:12:set_4byte.constprop	16	static
/home/dangcaominh/STM32MP1/u-boot/u-boot/drivers/mtd/spi/spi-nor-core.c:332:12:spansion_read_any_reg	72	static
/home/dangcaominh/STM32MP1/u-boot/u-boot/drivers/mtd/spi/spi-nor-core.c:3405:12:s25_post_bfpt_fixup	32	static
/home/dangcaominh/STM32MP1/u-boot/u-boot/drivers/mtd/spi/spi-nor-core.c:3320:12:s25_mdp_ready	32	static
/home/dangcaominh/STM32MP1/u-boot/u-boot/drivers/mtd/spi/spi-nor-core.c:3334:12:s25_quad_enable	80	static
/home/dangcaominh/STM32MP1/u-boot/u-boot/drivers/mtd/spi/spi-nor-core.c:1172:12:stm_is_locked_sr	40	static
/home/dangcaominh/STM32MP1/u-boot/u-boot/drivers/mtd/spi/spi-nor-core.c:1178:12:stm_is_unlocked_sr	40	static
/home/dangcaominh/STM32MP1/u-boot/u-boot/drivers/mtd/spi/spi-nor-core.c:641:13:spi_nor_set_4byte_opcodes.constprop	8	static
/home/dangcaominh/STM32MP1/u-boot/u-boot/drivers/mtd/spi/spi-nor-core.c:251:6:spi_nor_setup_op	8	static
/home/dangcaominh/STM32MP1/u-boot/u-boot/drivers/mtd/spi/spi-nor-core.c:447:12:read_sr	80	static
/home/dangcaominh/STM32MP1/u-boot/u-boot/drivers/mtd/spi/spi-nor-core.c:1381:12:stm_is_unlocked	32	static
/home/dangcaominh/STM32MP1/u-boot/u-boot/drivers/mtd/spi/spi-nor-core.c:831:12:spi_nor_wait_till_ready	104	static
/home/dangcaominh/STM32MP1/u-boot/u-boot/drivers/mtd/spi/spi-nor-core.c:3775:12:spi_nor_macronix_octal_dtr_enable	104	static
/home/dangcaominh/STM32MP1/u-boot/u-boot/drivers/mtd/spi/spi-nor-core.c:1740:12:spi_nor_write	56	static
/home/dangcaominh/STM32MP1/u-boot/u-boot/drivers/mtd/spi/spi-nor-core.c:1938:12:spansion_read_cr_quad_enable	24	static
/home/dangcaominh/STM32MP1/u-boot/u-boot/drivers/mtd/spi/spi-nor-core.c:1812:12:macronix_quad_enable	32	static
/home/dangcaominh/STM32MP1/u-boot/u-boot/drivers/mtd/spi/spi-nor-core.c:1107:12:write_sr_and_check.constprop	16	static
/home/dangcaominh/STM32MP1/u-boot/u-boot/drivers/mtd/spi/spi-nor-core.c:1216:12:stm_lock	64	static
/home/dangcaominh/STM32MP1/u-boot/u-boot/drivers/mtd/spi/spi-nor-core.c:1296:12:stm_unlock	64	static
/home/dangcaominh/STM32MP1/u-boot/u-boot/drivers/mtd/spi/spi-nor-core.c:3180:12:spi_nor_default_setup	88	static
/home/dangcaominh/STM32MP1/u-boot/u-boot/drivers/mtd/spi/spi-nor-core.c:3355:12:s25_setup	24	static
/home/dangcaominh/STM32MP1/u-boot/u-boot/drivers/mtd/spi/spi-nor-core.c:967:12:spi_nor_erase	80	static
/home/dangcaominh/STM32MP1/u-boot/u-boot/drivers/mtd/spi/spi-nor-core.c:316:12:spi_nor_write_reg	72	static
/home/dangcaominh/STM32MP1/u-boot/u-boot/drivers/mtd/spi/spi-nor-core.c:299:12:spi_nor_read_reg	72	static
/home/dangcaominh/STM32MP1/u-boot/u-boot/drivers/mtd/spi/spi-nor-core.c:408:16:spi_nor_write_data	72	static
/home/dangcaominh/STM32MP1/u-boot/u-boot/drivers/mtd/spi/spi-nor-core.c:356:16:spi_nor_read_data	72	static
/home/dangcaominh/STM32MP1/u-boot/u-boot/drivers/mtd/spi/spi-nor-core.c:3348:12:s25_erase_non_uniform	64	static
/home/dangcaominh/STM32MP1/u-boot/u-boot/drivers/mtd/spi/spi-nor-core.c:3982:5:spi_nor_remove	0	static
/home/dangcaominh/STM32MP1/u-boot/u-boot/drivers/mtd/spi/spi-nor-core.c:3993:6:spi_nor_set_fixups	0	static
/home/dangcaominh/STM32MP1/u-boot/u-boot/drivers/mtd/spi/spi-nor-core.c:4034:5:spi_nor_scan	488	static
/home/dangcaominh/STM32MP1/u-boot/u-boot/drivers/mtd/spi/spi-nor-core.c:4226:5:spi_flash_cmd_get_sw_write_prot	8	static
