/home/dangcaominh/STM32MP1/u-boot/stm32mp1-u-boot/drivers/mtd/nand/raw/nand.c:31:18:get_nand_dev_by_index	0	static
/home/dangcaominh/STM32MP1/u-boot/stm32mp1-u-boot/drivers/mtd/nand/raw/nand.c:40:5:nand_mtd_to_devnum	8	static
/home/dangcaominh/STM32MP1/u-boot/stm32mp1-u-boot/drivers/mtd/nand/raw/nand.c:53:5:nand_register	16	static
/home/dangcaominh/STM32MP1/u-boot/stm32mp1-u-boot/drivers/mtd/nand/raw/nand.c:141:15:nand_size	0	static
/home/dangcaominh/STM32MP1/u-boot/stm32mp1-u-boot/drivers/mtd/nand/raw/nand.c:146:6:nand_init	0	static
