/home/dangcaominh/STM32MP1/u-boot/stm32mp1-u-boot/drivers/spi/stm32_spi.c:289:12:stm32_spi_set_mode	16	static
/home/dangcaominh/STM32MP1/u-boot/stm32mp1-u-boot/drivers/spi/stm32_spi.c:348:12:stm32_spi_set_speed	16	static
/home/dangcaominh/STM32MP1/u-boot/stm32mp1-u-boot/drivers/spi/stm32_spi.c:121:13:stm32_spi_write_txfifo	16	static
/home/dangcaominh/STM32MP1/u-boot/stm32mp1-u-boot/drivers/spi/stm32_spi.c:154:13:stm32_spi_read_rxfifo	24	static
/home/dangcaominh/STM32MP1/u-boot/stm32mp1-u-boot/drivers/spi/stm32_spi.c:227:12:stm32_spi_release_bus	8	static
/home/dangcaominh/STM32MP1/u-boot/stm32mp1-u-boot/drivers/spi/stm32_spi.c:215:12:stm32_spi_claim_bus	8	static
/home/dangcaominh/STM32MP1/u-boot/stm32mp1-u-boot/drivers/spi/stm32_spi.c:239:13:stm32_spi_stopxfer	40	static
/home/dangcaominh/STM32MP1/u-boot/stm32mp1-u-boot/drivers/spi/stm32_spi.c:511:12:stm32_spi_of_to_plat	48	static
/home/dangcaominh/STM32MP1/u-boot/stm32mp1-u-boot/drivers/spi/stm32_spi.c:617:12:stm32_spi_remove	24	static
/home/dangcaominh/STM32MP1/u-boot/stm32mp1-u-boot/drivers/spi/stm32_spi.c:546:12:stm32_spi_probe	24	static
/home/dangcaominh/STM32MP1/u-boot/stm32mp1-u-boot/drivers/spi/stm32_spi.c:270:12:stm32_spi_set_cs.isra	24	static
/home/dangcaominh/STM32MP1/u-boot/stm32mp1-u-boot/drivers/spi/stm32_spi.c:384:12:stm32_spi_xfer	56	static
