/home/dangcaominh/STM32MP1/u-boot/stm32mp1-u-boot/drivers/spi/stm32_qspi.c:171:13:_stm32_qspi_write_fifo	0	static
/home/dangcaominh/STM32MP1/u-boot/stm32mp1-u-boot/drivers/spi/stm32_qspi.c:415:12:stm32_qspi_release_bus	8	static
/home/dangcaominh/STM32MP1/u-boot/stm32mp1-u-boot/drivers/spi/stm32_qspi.c:126:12:_stm32_qspi_wait_for_not_busy	32	static
/home/dangcaominh/STM32MP1/u-boot/stm32mp1-u-boot/drivers/spi/stm32_qspi.c:463:12:stm32_qspi_set_mode	16	static
/home/dangcaominh/STM32MP1/u-boot/stm32mp1-u-boot/drivers/spi/stm32_qspi.c:424:12:stm32_qspi_set_speed	24	static
/home/dangcaominh/STM32MP1/u-boot/stm32mp1-u-boot/drivers/spi/stm32_qspi.c:165:13:_stm32_qspi_read_fifo	0	static
/home/dangcaominh/STM32MP1/u-boot/stm32mp1-u-boot/drivers/spi/stm32_qspi.c:393:12:stm32_qspi_claim_bus	16	static
/home/dangcaominh/STM32MP1/u-boot/stm32mp1-u-boot/drivers/spi/stm32_qspi.c:321:12:stm32_qspi_probe	128	static
/home/dangcaominh/STM32MP1/u-boot/stm32mp1-u-boot/drivers/spi/stm32_qspi.c:238:12:stm32_qspi_exec_op	56	static
