/home/dangcaominh/STM32MP1/u-boot/u-boot/arch/arm/mach-stm32mp/stm32mp1/cpu.c:35:5:get_bootmode	0	static
/home/dangcaominh/STM32MP1/u-boot/u-boot/arch/arm/mach-stm32mp/stm32mp1/cpu.c:42:5:get_bootauth	0	static
/home/dangcaominh/STM32MP1/u-boot/u-boot/arch/arm/mach-stm32mp/stm32mp1/cpu.c:53:6:dram_bank_mmu_setup	24	static
/home/dangcaominh/STM32MP1/u-boot/u-boot/arch/arm/mach-stm32mp/stm32mp1/cpu.c:112:5:arch_cpu_init	8	static
/home/dangcaominh/STM32MP1/u-boot/u-boot/arch/arm/mach-stm32mp/stm32mp1/cpu.c:123:13:stm32mp_cpu_init	0	static
/home/dangcaominh/STM32MP1/u-boot/u-boot/arch/arm/mach-stm32mp/stm32mp1/cpu.c:127:5:mach_cpu_init	8	static
/home/dangcaominh/STM32MP1/u-boot/u-boot/arch/arm/mach-stm32mp/stm32mp1/cpu.c:142:6:enable_caches	8	static
/home/dangcaominh/STM32MP1/u-boot/u-boot/arch/arm/mach-stm32mp/stm32mp1/cpu.c:159:5:print_cpuinfo	32	static
/home/dangcaominh/STM32MP1/u-boot/u-boot/arch/arm/mach-stm32mp/stm32mp1/cpu.c:318:13:stm32mp_misc_init	0	static
/home/dangcaominh/STM32MP1/u-boot/u-boot/arch/arm/mach-stm32mp/stm32mp1/cpu.c:337:5:arch_misc_init	160	static
/home/dangcaominh/STM32MP1/u-boot/u-boot/arch/arm/mach-stm32mp/stm32mp1/cpu.c:361:6:save_boot_params	0	static
/home/dangcaominh/STM32MP1/u-boot/u-boot/arch/arm/mach-stm32mp/stm32mp1/cpu.c:373:11:get_stm32mp_rom_api_table	0	static
/home/dangcaominh/STM32MP1/u-boot/u-boot/arch/arm/mach-stm32mp/stm32mp1/cpu.c:378:11:get_stm32mp_bl2_dtb	0	static
