Archive member included to satisfy reference by file (symbol)

/home/dangcaominh/STM32MP1/optee-os/optee-os/../build/optee-stm32mp157d-dk1/export-ta_arm32/lib/libutils.a(stack_check.o)
                              /home/dangcaominh/STM32MP1/optee-os/optee-os/../build/optee-stm32mp157d-dk1/ta/stm32mp_nvmem/ta_stm32mp_nvmem.o (__stack_chk_fail)
/home/dangcaominh/STM32MP1/optee-os/optee-os/../build/optee-stm32mp157d-dk1/export-ta_arm32/lib/libutils.a(memset.o)
                              /home/dangcaominh/STM32MP1/optee-os/optee-os/../build/optee-stm32mp157d-dk1/ta/stm32mp_nvmem/ta_stm32mp_nvmem.o (memset)
/home/dangcaominh/STM32MP1/optee-os/optee-os/../build/optee-stm32mp157d-dk1/export-ta_arm32/lib/libutils.a(trace.o)
                              /home/dangcaominh/STM32MP1/optee-os/optee-os/../build/optee-stm32mp157d-dk1/ta/stm32mp_nvmem/ta_stm32mp_nvmem.o (trace_printf)
/home/dangcaominh/STM32MP1/optee-os/optee-os/../build/optee-stm32mp157d-dk1/export-ta_arm32/lib/libutils.a(snprintk.o)
                              /home/dangcaominh/STM32MP1/optee-os/optee-os/../build/optee-stm32mp157d-dk1/export-ta_arm32/lib/libutils.a(trace.o) (vsnprintk)
/home/dangcaominh/STM32MP1/optee-os/optee-os/../build/optee-stm32mp157d-dk1/export-ta_arm32/lib/libutils.a(memchr.o)
                              /home/dangcaominh/STM32MP1/optee-os/optee-os/../build/optee-stm32mp157d-dk1/export-ta_arm32/lib/libutils.a(snprintk.o) (memchr)
/home/dangcaominh/STM32MP1/optee-os/optee-os/../build/optee-stm32mp157d-dk1/export-ta_arm32/lib/libutils.a(strlen.o)
                              /home/dangcaominh/STM32MP1/optee-os/optee-os/../build/optee-stm32mp157d-dk1/export-ta_arm32/lib/libutils.a(snprintk.o) (strlen)
/home/dangcaominh/STM32MP1/optee-os/optee-os/../build/optee-stm32mp157d-dk1/export-ta_arm32/lib/libutils.a(arm32_aeabi_ldivmod_a32.o)
                              /home/dangcaominh/STM32MP1/optee-os/optee-os/../build/optee-stm32mp157d-dk1/export-ta_arm32/lib/libutils.a(snprintk.o) (__aeabi_uldivmod)
/home/dangcaominh/STM32MP1/optee-os/optee-os/../build/optee-stm32mp157d-dk1/export-ta_arm32/lib/libutils.a(arm32_aeabi_ldivmod.o)
                              /home/dangcaominh/STM32MP1/optee-os/optee-os/../build/optee-stm32mp157d-dk1/export-ta_arm32/lib/libutils.a(arm32_aeabi_ldivmod_a32.o) (__ul_divmod)
/home/dangcaominh/STM32MP1/optee-os/optee-os/../build/optee-stm32mp157d-dk1/export-ta_arm32/lib/libutee.a(trace_ext.o)
                              /home/dangcaominh/STM32MP1/optee-os/optee-os/../build/optee-stm32mp157d-dk1/export-ta_arm32/lib/libutils.a(trace.o) (trace_ext_puts)
/home/dangcaominh/STM32MP1/optee-os/optee-os/../build/optee-stm32mp157d-dk1/export-ta_arm32/lib/libutee.a(tee_api.o)
                              /home/dangcaominh/STM32MP1/optee-os/optee-os/../build/optee-stm32mp157d-dk1/ta/stm32mp_nvmem/ta_stm32mp_nvmem.o (TEE_CloseTASession)
/home/dangcaominh/STM32MP1/optee-os/optee-os/../build/optee-stm32mp157d-dk1/export-ta_arm32/lib/libutee.a(tee_api_panic.o)
                              /home/dangcaominh/STM32MP1/optee-os/optee-os/../build/optee-stm32mp157d-dk1/export-ta_arm32/lib/libutee.a(tee_api.o) (TEE_Panic)
/home/dangcaominh/STM32MP1/optee-os/optee-os/../build/optee-stm32mp157d-dk1/export-ta_arm32/lib/libutee.a(tee_api_property.o)
                              /home/dangcaominh/STM32MP1/optee-os/optee-os/../build/optee-stm32mp157d-dk1/ta/stm32mp_nvmem/ta_stm32mp_nvmem.o (TEE_GetPropertyAsIdentity)
/home/dangcaominh/STM32MP1/optee-os/optee-os/../build/optee-stm32mp157d-dk1/export-ta_arm32/lib/libutee.a(tee_system_pta.o)
                              /home/dangcaominh/STM32MP1/optee-os/optee-os/../build/optee-stm32mp157d-dk1/export-ta_arm32/lib/libutee.a(tee_api.o) (tee_map_zi)
/home/dangcaominh/STM32MP1/optee-os/optee-os/../build/optee-stm32mp157d-dk1/export-ta_arm32/lib/libutee.a(user_ta_entry.o)
                              /home/dangcaominh/STM32MP1/optee-os/optee-os/../build/optee-stm32mp157d-dk1/ta/stm32mp_nvmem/user_ta_header.o (__utee_entry)
/home/dangcaominh/STM32MP1/optee-os/optee-os/../build/optee-stm32mp157d-dk1/export-ta_arm32/lib/libutee.a(utee_syscalls_a32.o)
                              /home/dangcaominh/STM32MP1/optee-os/optee-os/../build/optee-stm32mp157d-dk1/export-ta_arm32/lib/libutils.a(stack_check.o) (_utee_panic)
/home/dangcaominh/STM32MP1/optee-os/optee-os/../build/optee-stm32mp157d-dk1/export-ta_arm32/lib/libutee.a(abort.o)
                              /home/dangcaominh/STM32MP1/optee-os/optee-os/../build/optee-stm32mp157d-dk1/export-ta_arm32/lib/libutee.a(user_ta_entry.o) (abort)
/home/dangcaominh/STM32MP1/optee-os/optee-os/../build/optee-stm32mp157d-dk1/export-ta_arm32/lib/libutee.a(base64.o)
                              /home/dangcaominh/STM32MP1/optee-os/optee-os/../build/optee-stm32mp157d-dk1/export-ta_arm32/lib/libutee.a(tee_api_property.o) (_base64_enc_len)
[...]
Memory Configuration

Name             Origin             Length             Attributes
*default*        0x00000000         0xffffffff

Linker script and memory map


.text           0x00000000     0x8d78
                0x00000000                        __text_start = .
 *(SORT_BY_ALIGNMENT(.text) SORT_BY_ALIGNMENT(.text.*))
 .text          0x00000000      0x334 /home/dangcaominh/STM32MP1/optee-os/optee-os/../build/optee-stm32mp157d-dk1/ta/stm32mp_nvmem/ta_stm32mp_nvmem.o
                0x00000000                TA_CreateEntryPoint
                0x00000004                TA_DestroyEntryPoint
                0x00000006                TA_OpenSessionEntryPoint
                0x000000d0                TA_CloseSessionEntryPoint
                0x000000e8                TA_InvokeCommandEntryPoint
 .text          0x00000334       0x74 /home/dangcaominh/STM32MP1/optee-os/optee-os/../build/optee-stm32mp157d-dk1/ta/stm32mp_nvmem/user_ta_header.o
                0x00000334                __ta_entry_c
                0x000003a4                tahead_get_trace_level
 .text.__ta_entry
                0x000003a8        0x4 /home/dangcaominh/STM32MP1/optee-os/optee-os/../build/optee-stm32mp157d-dk1/ta/stm32mp_nvmem/ta_entry_a32.o
                0x000003a8                __ta_entry
 .text          0x000003ac       0x28 /home/dangcaominh/STM32MP1/optee-os/optee-os/../build/optee-stm32mp157d-dk1/export-ta_arm32/lib/libutils.a(stack_check.o)
                0x000003ac                __stack_chk_fail
 .text          0x000003d4      0x1f0 /home/dangcaominh/STM32MP1/optee-os/optee-os/../build/optee-stm32mp157d-dk1/export-ta_arm32/lib/libutils.a(trace.o)
                0x000003d4                trace_set_level
                0x000003f0                trace_get_level
                0x00000404                trace_vprintf
                0x00000574                trace_printf
                0x000005c0                dhex_dump
 .text          0x000005c4      0x874 /home/dangcaominh/STM32MP1/optee-os/optee-os/../build/optee-stm32mp157d-dk1/export-ta_arm32/lib/libutils.a(snprintk.o)
                0x000005c4                __vsnprintf
                0x00000628                vsnprintk
                0x00000636                snprintk
                0x00000e20                __vsprintf
 .text.__aeabi_ldivmod
                0x00000e38       0x18 /home/dangcaominh/STM32MP1/optee-os/optee-os/../build/optee-stm32mp157d-dk1/export-ta_arm32/lib/libutils.a(arm32_aeabi_ldivmod_a32.o)
                0x00000e38                __aeabi_ldivmod
 .text.__aeabi_uldivmod
                0x00000e50       0x18 /home/dangcaominh/STM32MP1/optee-os/optee-os/../build/optee-stm32mp157d-dk1/export-ta_arm32/lib/libutils.a(arm32_aeabi_ldivmod_a32.o)
                0x00000e50                __aeabi_uldivmod
 .text          0x00000e68      0x1a0 /home/dangcaominh/STM32MP1/optee-os/optee-os/../build/optee-stm32mp157d-dk1/export-ta_arm32/lib/libutils.a(arm32_aeabi_ldivmod.o)
                0x00000ef2                __ul_divmod
                0x00000f60                __l_divmod
 .text          0x00001008      0x108 /home/dangcaominh/STM32MP1/optee-os/optee-os/../build/optee-stm32mp157d-dk1/export-ta_arm32/lib/libutee.a(trace_ext.o)
                0x00001008                trace_ext_puts
                0x0000101c                trace_ext_get_thread_id
                0x00001022                printf
                0x00001094                puts
                0x000010b8                putchar
 .text          0x00001110      0xac8 /home/dangcaominh/STM32MP1/optee-os/optee-os/../build/optee-stm32mp157d-dk1/export-ta_arm32/lib/libutee.a(tee_api.o)
                0x00001370                TEE_CloseTASession
                0x00001384                TEE_GetCancellationFlag
                0x000013d4                TEE_UnmaskCancellation
                0x00001424                TEE_MaskCancellation
                0x00001474                TEE_CheckMemoryAccessRights
                0x000015cc                TEE_OpenTASession
                0x000016a8                __GP11_TEE_OpenTASession
                0x00001778                TEE_InvokeTACommand
                0x00001874                __GP11_TEE_InvokeTACommand
                0x00001964                __GP11_TEE_CheckMemoryAccessRights
                0x00001968                TEE_SetInstanceData
                0x00001974                TEE_GetInstanceData
                0x00001980                TEE_MemMove
                0x00001984                __GP11_TEE_MemMove
                0x00001988                TEE_MemCompare
                0x0000198c                __GP11_TEE_MemCompare
                0x00001990                TEE_MemFill
                0x00001994                __GP11_TEE_MemFill
                0x00001998                TEE_GetSystemTime
                0x000019ae                TEE_Wait
                0x000019cc                TEE_GetTAPersistentTime
                0x00001a08                TEE_SetTAPersistentTime
                0x00001a30                TEE_GetREETime
                0x00001a46                TEE_Malloc
                0x00001af8                __GP11_TEE_Malloc
                0x00001afc                TEE_Free
                0x00001b38                TEE_Realloc
                0x00001bc0                __GP11_TEE_Realloc
                0x00001bc4                TEE_CacheClean
                0x00001bca                TEE_CacheFlush
                0x00001bd0                TEE_CacheInvalidate
 .text          0x00001bd8       0xc0 /home/dangcaominh/STM32MP1/optee-os/optee-os/../build/optee-stm32mp157d-dk1/export-ta_arm32/lib/libutee.a(tee_api_panic.o)
                0x00001bf8                TEE_Panic
                0x00001c02                __utee_check_outbuf_annotation
                0x00001c30                __utee_check_gp11_outbuf_annotation
                0x00001c32                __utee_check_instring_annotation
                0x00001c4e                __utee_check_outstring_annotation
                0x00001c50                __utee_check_gp11_outstring_annotation
                0x00001c52                __utee_check_out_annotation
                0x00001c68                __utee_check_attr_in_annotation
                0x00001c80                __utee_check_gp11_attr_in_annotation
                0x00001c82                __utee_check_inout_annotation
 .text          0x00001c98      0xa64 /home/dangcaominh/STM32MP1/optee-os/optee-os/../build/optee-stm32mp157d-dk1/export-ta_arm32/lib/libutee.a(tee_api_property.o)
                0x00001f14                TEE_GetPropertyAsString
                0x000020a0                __GP11_TEE_GetPropertyAsString
                0x00002104                TEE_GetPropertyAsBool
                0x00002198                TEE_GetPropertyAsU32
                0x00002230                TEE_GetPropertyAsU64
                0x000022c8                __GP11_TEE_GetPropertyAsBinaryBlock
                0x00002364                TEE_GetPropertyAsBinaryBlock
                0x000023c8                TEE_GetPropertyAsUUID
                0x00002460                TEE_GetPropertyAsIdentity
                0x000024f8                TEE_ResetPropertyEnumerator
                0x00002500                TEE_AllocatePropertyEnumerator
                0x00002528                TEE_FreePropertyEnumerator
                0x0000252c                TEE_StartPropertyEnumerator
                0x00002536                __GP11_TEE_GetPropertyName
                0x000025fc                TEE_GetPropertyName
                0x0000265c                TEE_GetNextProperty
 .text          0x000026fc      0x1f8 /home/dangcaominh/STM32MP1/optee-os/optee-os/../build/optee-stm32mp157d-dk1/export-ta_arm32/lib/libutee.a(tee_system_pta.o)
                0x0000274c                tee_map_zi
                0x000027b8                tee_unmap
                0x00002838                tee_invoke_supp_plugin
 .text          0x000028f4      0x57c /home/dangcaominh/STM32MP1/optee-os/optee-os/../build/optee-stm32mp157d-dk1/export-ta_arm32/lib/libutee.a(user_ta_entry.o)
                0x00002adc                __utee_call_elf_init_fn
                0x00002bc8                __utee_call_elf_fini_fn
                0x00002c44                __utee_entry
 .text          0x00002e70        0x0 /home/dangcaominh/STM32MP1/optee-os/optee-os/../build/optee-stm32mp157d-dk1/export-ta_arm32/lib/libutee.a(utee_syscalls_a32.o)
 .text._utee_panic
                0x00002e70       0x14 /home/dangcaominh/STM32MP1/optee-os/optee-os/../build/optee-stm32mp157d-dk1/export-ta_arm32/lib/libutee.a(utee_syscalls_a32.o)
                0x00002e70                _utee_panic
 .text._utee_return
                0x00002e84       0x14 /home/dangcaominh/STM32MP1/optee-os/optee-os/../build/optee-stm32mp157d-dk1/export-ta_arm32/lib/libutee.a(utee_syscalls_a32.o)
                0x00002e84                _utee_return
 .text._utee_log
                0x00002e98       0x14 /home/dangcaominh/STM32MP1/optee-os/optee-os/../build/optee-stm32mp157d-dk1/export-ta_arm32/lib/libutee.a(utee_syscalls_a32.o)
                0x00002e98                _utee_log
 .text.__utee_panic
                0x00002eac       0x14 /home/dangcaominh/STM32MP1/optee-os/optee-os/../build/optee-stm32mp157d-dk1/export-ta_arm32/lib/libutee.a(utee_syscalls_a32.o)
                0x00002eac                __utee_panic
 .text._utee_get_property
                0x00002ec0       0x18 /home/dangcaominh/STM32MP1/optee-os/optee-os/../build/optee-stm32mp157d-dk1/export-ta_arm32/lib/libutee.a(utee_syscalls_a32.o)
                0x00002ec0                _utee_get_property
 .text._utee_get_property_name_to_index
                0x00002ed8       0x14 /home/dangcaominh/STM32MP1/optee-os/optee-os/../build/optee-stm32mp157d-dk1/export-ta_arm32/lib/libutee.a(utee_syscalls_a32.o)
                0x00002ed8                _utee_get_property_name_to_index
 .text._utee_open_ta_session
                0x00002eec       0x18 /home/dangcaominh/STM32MP1/optee-os/optee-os/../build/optee-stm32mp157d-dk1/export-ta_arm32/lib/libutee.a(utee_syscalls_a32.o)
                0x00002eec                _utee_open_ta_session
 .text._utee_close_ta_session
                0x00002f04       0x14 /home/dangcaominh/STM32MP1/optee-os/optee-os/../build/optee-stm32mp157d-dk1/export-ta_arm32/lib/libutee.a(utee_syscalls_a32.o)
                0x00002f04                _utee_close_ta_session
 .text._utee_invoke_ta_command
                0x00002f18       0x18 /home/dangcaominh/STM32MP1/optee-os/optee-os/../build/optee-stm32mp157d-dk1/export-ta_arm32/lib/libutee.a(utee_syscalls_a32.o)
                0x00002f18                _utee_invoke_ta_command
 .text._utee_get_cancellation_flag
                0x00002f30       0x14 /home/dangcaominh/STM32MP1/optee-os/optee-os/../build/optee-stm32mp157d-dk1/export-ta_arm32/lib/libutee.a(utee_syscalls_a32.o)
                0x00002f30                _utee_get_cancellation_flag
 .text._utee_check_access_rights
                0x00002f44       0x14 /home/dangcaominh/STM32MP1/optee-os/optee-os/../build/optee-stm32mp157d-dk1/export-ta_arm32/lib/libutee.a(utee_syscalls_a32.o)
                0x00002f44                _utee_check_access_rights
 .text._utee_unmask_cancellation
                0x00002f58       0x14 /home/dangcaominh/STM32MP1/optee-os/optee-os/../build/optee-stm32mp157d-dk1/export-ta_arm32/lib/libutee.a(utee_syscalls_a32.o)
                0x00002f58                _utee_unmask_cancellation
 .text._utee_mask_cancellation
                0x00002f6c       0x14 /home/dangcaominh/STM32MP1/optee-os/optee-os/../build/optee-stm32mp157d-dk1/export-ta_arm32/lib/libutee.a(utee_syscalls_a32.o)
                0x00002f6c                _utee_mask_cancellation
 .text._utee_wait
                0x00002f80       0x14 /home/dangcaominh/STM32MP1/optee-os/optee-os/../build/optee-stm32mp157d-dk1/export-ta_arm32/lib/libutee.a(utee_syscalls_a32.o)
                0x00002f80                _utee_wait
 .text._utee_get_time
                0x00002f94       0x14 /home/dangcaominh/STM32MP1/optee-os/optee-os/../build/optee-stm32mp157d-dk1/export-ta_arm32/lib/libutee.a(utee_syscalls_a32.o)
                0x00002f94                _utee_get_time
 .text._utee_set_ta_time
                0x00002fa8       0x14 /home/dangcaominh/STM32MP1/optee-os/optee-os/../build/optee-stm32mp157d-dk1/export-ta_arm32/lib/libutee.a(utee_syscalls_a32.o)
                0x00002fa8                _utee_set_ta_time
 .text._utee_cryp_state_alloc
                0x00002fbc       0x18 /home/dangcaominh/STM32MP1/optee-os/optee-os/../build/optee-stm32mp157d-dk1/export-ta_arm32/lib/libutee.a(utee_syscalls_a32.o)
                0x00002fbc                _utee_cryp_state_alloc
 .text._utee_cryp_state_copy
                0x00002fd4       0x14 /home/dangcaominh/STM32MP1/optee-os/optee-os/../build/optee-stm32mp157d-dk1/export-ta_arm32/lib/libutee.a(utee_syscalls_a32.o)
                0x00002fd4                _utee_cryp_state_copy
 .text._utee_cryp_state_free
                0x00002fe8       0x14 /home/dangcaominh/STM32MP1/optee-os/optee-os/../build/optee-stm32mp157d-dk1/export-ta_arm32/lib/libutee.a(utee_syscalls_a32.o)
                0x00002fe8                _utee_cryp_state_free
 .text._utee_hash_init
                0x00002ffc       0x14 /home/dangcaominh/STM32MP1/optee-os/optee-os/../build/optee-stm32mp157d-dk1/export-ta_arm32/lib/libutee.a(utee_syscalls_a32.o)
                0x00002ffc                _utee_hash_init
 .text._utee_hash_update
                0x00003010       0x14 /home/dangcaominh/STM32MP1/optee-os/optee-os/../build/optee-stm32mp157d-dk1/export-ta_arm32/lib/libutee.a(utee_syscalls_a32.o)
                0x00003010                _utee_hash_update
 .text._utee_hash_final
                0x00003024       0x18 /home/dangcaominh/STM32MP1/optee-os/optee-os/../build/optee-stm32mp157d-dk1/export-ta_arm32/lib/libutee.a(utee_syscalls_a32.o)
                0x00003024                _utee_hash_final
 .text._utee_cipher_init
                0x0000303c       0x14 /home/dangcaominh/STM32MP1/optee-os/optee-os/../build/optee-stm32mp157d-dk1/export-ta_arm32/lib/libutee.a(utee_syscalls_a32.o)
                0x0000303c                _utee_cipher_init
 .text._utee_cipher_update
                0x00003050       0x18 /home/dangcaominh/STM32MP1/optee-os/optee-os/../build/optee-stm32mp157d-dk1/export-ta_arm32/lib/libutee.a(utee_syscalls_a32.o)
                0x00003050                _utee_cipher_update
 .text._utee_cipher_final
                0x00003068       0x18 /home/dangcaominh/STM32MP1/optee-os/optee-os/../build/optee-stm32mp157d-dk1/export-ta_arm32/lib/libutee.a(utee_syscalls_a32.o)
                0x00003068                _utee_cipher_final
 .text._utee_cryp_obj_get_info
                0x00003080       0x14 /home/dangcaominh/STM32MP1/optee-os/optee-os/../build/optee-stm32mp157d-dk1/export-ta_arm32/lib/libutee.a(utee_syscalls_a32.o)
                0x00003080                _utee_cryp_obj_get_info
 .text._utee_cryp_obj_restrict_usage
                0x00003094       0x14 /home/dangcaominh/STM32MP1/optee-os/optee-os/../build/optee-stm32mp157d-dk1/export-ta_arm32/lib/libutee.a(utee_syscalls_a32.o)
                0x00003094                _utee_cryp_obj_restrict_usage
 .text._utee_cryp_obj_get_attr
                0x000030a8       0x14 /home/dangcaominh/STM32MP1/optee-os/optee-os/../build/optee-stm32mp157d-dk1/export-ta_arm32/lib/libutee.a(utee_syscalls_a32.o)
                0x000030a8                _utee_cryp_obj_get_attr
 .text._utee_cryp_obj_alloc
                0x000030bc       0x14 /home/dangcaominh/STM32MP1/optee-os/optee-os/../build/optee-stm32mp157d-dk1/export-ta_arm32/lib/libutee.a(utee_syscalls_a32.o)
                0x000030bc                _utee_cryp_obj_alloc
 .text._utee_cryp_obj_close
                0x000030d0       0x14 /home/dangcaominh/STM32MP1/optee-os/optee-os/../build/optee-stm32mp157d-dk1/export-ta_arm32/lib/libutee.a(utee_syscalls_a32.o)
                0x000030d0                _utee_cryp_obj_close
 .text._utee_cryp_obj_reset
                0x000030e4       0x14 /home/dangcaominh/STM32MP1/optee-os/optee-os/../build/optee-stm32mp157d-dk1/export-ta_arm32/lib/libutee.a(utee_syscalls_a32.o)
                0x000030e4                _utee_cryp_obj_reset
 .text._utee_cryp_obj_populate
                0x000030f8       0x14 /home/dangcaominh/STM32MP1/optee-os/optee-os/../build/optee-stm32mp157d-dk1/export-ta_arm32/lib/libutee.a(utee_syscalls_a32.o)
                0x000030f8                _utee_cryp_obj_populate
 .text._utee_cryp_obj_copy
                0x0000310c       0x14 /home/dangcaominh/STM32MP1/optee-os/optee-os/../build/optee-stm32mp157d-dk1/export-ta_arm32/lib/libutee.a(utee_syscalls_a32.o)
                0x0000310c                _utee_cryp_obj_copy
 .text._utee_cryp_derive_key
                0x00003120       0x14 /home/dangcaominh/STM32MP1/optee-os/optee-os/../build/optee-stm32mp157d-dk1/export-ta_arm32/lib/libutee.a(utee_syscalls_a32.o)
                0x00003120                _utee_cryp_derive_key
 .text._utee_cryp_random_number_generate
                0x00003134       0x14 /home/dangcaominh/STM32MP1/optee-os/optee-os/../build/optee-stm32mp157d-dk1/export-ta_arm32/lib/libutee.a(utee_syscalls_a32.o)
                0x00003134                _utee_cryp_random_number_generate
 .text._utee_authenc_init
                0x00003148       0x18 /home/dangcaominh/STM32MP1/optee-os/optee-os/../build/optee-stm32mp157d-dk1/export-ta_arm32/lib/libutee.a(utee_syscalls_a32.o)
                0x00003148                _utee_authenc_init
 .text._utee_authenc_update_aad
                0x00003160       0x14 /home/dangcaominh/STM32MP1/optee-os/optee-os/../build/optee-stm32mp157d-dk1/export-ta_arm32/lib/libutee.a(utee_syscalls_a32.o)
                0x00003160                _utee_authenc_update_aad
 .text._utee_authenc_update_payload
                0x00003174       0x18 /home/dangcaominh/STM32MP1/optee-os/optee-os/../build/optee-stm32mp157d-dk1/export-ta_arm32/lib/libutee.a(utee_syscalls_a32.o)
                0x00003174                _utee_authenc_update_payload
 .text._utee_authenc_enc_final
                0x0000318c       0x18 /home/dangcaominh/STM32MP1/optee-os/optee-os/../build/optee-stm32mp157d-dk1/export-ta_arm32/lib/libutee.a(utee_syscalls_a32.o)
                0x0000318c                _utee_authenc_enc_final
 .text._utee_authenc_dec_final
                0x000031a4       0x18 /home/dangcaominh/STM32MP1/optee-os/optee-os/../build/optee-stm32mp157d-dk1/export-ta_arm32/lib/libutee.a(utee_syscalls_a32.o)
                0x000031a4                _utee_authenc_dec_final
 .text._utee_asymm_operate
                0x000031bc       0x18 /home/dangcaominh/STM32MP1/optee-os/optee-os/../build/optee-stm32mp157d-dk1/export-ta_arm32/lib/libutee.a(utee_syscalls_a32.o)
                0x000031bc                _utee_asymm_operate
 .text._utee_asymm_verify
                0x000031d4       0x18 /home/dangcaominh/STM32MP1/optee-os/optee-os/../build/optee-stm32mp157d-dk1/export-ta_arm32/lib/libutee.a(utee_syscalls_a32.o)
                0x000031d4                _utee_asymm_verify
 .text._utee_storage_obj_open
                0x000031ec       0x18 /home/dangcaominh/STM32MP1/optee-os/optee-os/../build/optee-stm32mp157d-dk1/export-ta_arm32/lib/libutee.a(utee_syscalls_a32.o)
                0x000031ec                _utee_storage_obj_open
 .text._utee_storage_obj_create
                0x00003204       0x18 /home/dangcaominh/STM32MP1/optee-os/optee-os/../build/optee-stm32mp157d-dk1/export-ta_arm32/lib/libutee.a(utee_syscalls_a32.o)
                0x00003204                _utee_storage_obj_create
 .text._utee_storage_obj_del
                0x0000321c       0x14 /home/dangcaominh/STM32MP1/optee-os/optee-os/../build/optee-stm32mp157d-dk1/export-ta_arm32/lib/libutee.a(utee_syscalls_a32.o)
                0x0000321c                _utee_storage_obj_del
 .text._utee_storage_obj_rename
                0x00003230       0x14 /home/dangcaominh/STM32MP1/optee-os/optee-os/../build/optee-stm32mp157d-dk1/export-ta_arm32/lib/libutee.a(utee_syscalls_a32.o)
                0x00003230                _utee_storage_obj_rename
 .text._utee_storage_alloc_enum
                0x00003244       0x14 /home/dangcaominh/STM32MP1/optee-os/optee-os/../build/optee-stm32mp157d-dk1/export-ta_arm32/lib/libutee.a(utee_syscalls_a32.o)
                0x00003244                _utee_storage_alloc_enum
 .text._utee_storage_free_enum
                0x00003258       0x14 /home/dangcaominh/STM32MP1/optee-os/optee-os/../build/optee-stm32mp157d-dk1/export-ta_arm32/lib/libutee.a(utee_syscalls_a32.o)
                0x00003258                _utee_storage_free_enum
 .text._utee_storage_reset_enum
                0x0000326c       0x14 /home/dangcaominh/STM32MP1/optee-os/optee-os/../build/optee-stm32mp157d-dk1/export-ta_arm32/lib/libutee.a(utee_syscalls_a32.o)
                0x0000326c                _utee_storage_reset_enum
 .text._utee_storage_start_enum
                0x00003280       0x14 /home/dangcaominh/STM32MP1/optee-os/optee-os/../build/optee-stm32mp157d-dk1/export-ta_arm32/lib/libutee.a(utee_syscalls_a32.o)
                0x00003280                _utee_storage_start_enum
 .text._utee_storage_next_enum
                0x00003294       0x14 /home/dangcaominh/STM32MP1/optee-os/optee-os/../build/optee-stm32mp157d-dk1/export-ta_arm32/lib/libutee.a(utee_syscalls_a32.o)
                0x00003294                _utee_storage_next_enum
 .text._utee_storage_obj_read
                0x000032a8       0x14 /home/dangcaominh/STM32MP1/optee-os/optee-os/../build/optee-stm32mp157d-dk1/export-ta_arm32/lib/libutee.a(utee_syscalls_a32.o)
                0x000032a8                _utee_storage_obj_read
 .text._utee_storage_obj_write
                0x000032bc       0x14 /home/dangcaominh/STM32MP1/optee-os/optee-os/../build/optee-stm32mp157d-dk1/export-ta_arm32/lib/libutee.a(utee_syscalls_a32.o)
                0x000032bc                _utee_storage_obj_write
 .text._utee_storage_obj_trunc
                0x000032d0       0x14 /home/dangcaominh/STM32MP1/optee-os/optee-os/../build/optee-stm32mp157d-dk1/export-ta_arm32/lib/libutee.a(utee_syscalls_a32.o)
                0x000032d0                _utee_storage_obj_trunc
 .text._utee_storage_obj_seek
                0x000032e4       0x14 /home/dangcaominh/STM32MP1/optee-os/optee-os/../build/optee-stm32mp157d-dk1/export-ta_arm32/lib/libutee.a(utee_syscalls_a32.o)
                0x000032e4                _utee_storage_obj_seek
 .text._utee_cryp_obj_generate_key
                0x000032f8       0x14 /home/dangcaominh/STM32MP1/optee-os/optee-os/../build/optee-stm32mp157d-dk1/export-ta_arm32/lib/libutee.a(utee_syscalls_a32.o)
                0x000032f8                _utee_cryp_obj_generate_key
 .text._utee_cache_operation
                0x0000330c       0x14 /home/dangcaominh/STM32MP1/optee-os/optee-os/../build/optee-stm32mp157d-dk1/export-ta_arm32/lib/libutee.a(utee_syscalls_a32.o)
                0x0000330c                _utee_cache_operation
 .text.unlikely
                0x00003320       0x18 /home/dangcaominh/STM32MP1/optee-os/optee-os/../build/optee-stm32mp157d-dk1/export-ta_arm32/lib/libutee.a(abort.o)
                0x00003320                abort
 .text          0x00003338      0x194 /home/dangcaominh/STM32MP1/optee-os/optee-os/../build/optee-stm32mp157d-dk1/export-ta_arm32/lib/libutee.a(base64.o)
                0x00003338                _base64_enc_len
                0x00003346                _base64_enc
                0x00003408                _base64_dec
 .text          0x000034cc     0x18c4 /home/dangcaominh/STM32MP1/optee-os/optee-os/../build/optee-stm32mp157d-dk1/export-ta_arm32/lib/libutee.a(tee_api_arith_mpi.o)
                0x00003b38                _TEE_MathAPI_Init
                0x00003b7c                TEE_BigIntInit
                0x00003bb4                __GP11_TEE_BigIntInit
                0x00003bb8                TEE_BigIntConvertFromOctetString
                0x00003c44                __GP11_TEE_BigIntConvertFromOctetString
                0x00003c48                TEE_BigIntConvertToOctetString
                0x00003cd4                __GP11_TEE_BigIntConvertToOctetString
                0x00003d20                TEE_BigIntConvertFromS32
                0x00003da4                TEE_BigIntConvertToS32
                0x00003e38                TEE_BigIntCmp
                0x00003ea4                TEE_BigIntCmpS32
                0x00004048                TEE_BigIntShiftRight
                0x00004190                __GP11_TEE_BigIntShiftRight
                0x00004194                TEE_BigIntGetBit
                0x000041f4                TEE_BigIntGetBitCount
                0x0000424c                TEE_BigIntSetBit
                0x000042cc                TEE_BigIntAssign
                0x000042f8                TEE_BigIntAbs
                0x00004308                TEE_BigIntAdd
                0x00004328                TEE_BigIntSub
                0x00004348                TEE_BigIntNeg
                0x000043f0                TEE_BigIntMul
                0x000044cc                TEE_BigIntSquare
                0x000044d2                TEE_BigIntDiv
                0x000045f4                TEE_BigIntMod
                0x00004644                TEE_BigIntAddMod
                0x00004660                TEE_BigIntSubMod
                0x0000467c                TEE_BigIntMulMod
                0x00004698                TEE_BigIntSquareMod
                0x000046a0                TEE_BigIntInvMod
                0x00004794                TEE_BigIntRelativePrime
                0x00004844                TEE_BigIntExpMod
                0x00004998                TEE_BigIntComputeExtendedGcd
                0x00004b68                TEE_BigIntIsProbablePrime
                0x00004bd8                TEE_BigIntInitFMM
                0x00004bdc                __GP11_TEE_BigIntInitFMM
                0x00004be0                TEE_BigIntInitFMMContext
                0x00004be2                __GP11_TEE_BigIntInitFMMContext
                0x00004be6                TEE_BigIntInitFMMContext1
                0x00004bea                TEE_BigIntFMMSizeInU32
                0x00004bf2                __GP11_TEE_BigIntFMMSizeInU32
                0x00004bf6                TEE_BigIntFMMContextSizeInU32
                0x00004bfa                __GP11_TEE_BigIntFMMContextSizeInU32
                0x00004bfe                TEE_BigIntConvertToFMM
                0x00004c02                TEE_BigIntConvertFromFMM
                0x00004c9c                TEE_BigIntComputeFMM
 .text          0x00004d90      0x23c /home/dangcaominh/STM32MP1/optee-os/optee-os/../build/optee-stm32mp157d-dk1/export-ta_arm32/lib/libutee.a(tcb.o)
                0x00004d90                __utee_tcb_init
                0x00004f0c                __tls_get_addr
                0x00004f24                dl_iterate_phdr
 .text          0x00004fcc       0x38 /home/dangcaominh/STM32MP1/optee-os/optee-os/../build/optee-stm32mp157d-dk1/export-ta_arm32/lib/libutee.a(assert.o)
                0x00004fcc                _assert_log
                0x00004ff4                _assert_break
 .text          0x00005004     0x22ec /home/dangcaominh/STM32MP1/optee-os/optee-os/../build/optee-stm32mp157d-dk1/export-ta_arm32/lib/libmbedtls.a(bignum.o)
                0x00005082                mbedtls_mpi_lt_mpi_ct
                0x00005124                mbedtls_mpi_init
                0x00005130                mbedtls_mpi_init_mempool
                0x00005154                mbedtls_mpi_free
                0x00005194                mbedtls_mpi_grow
                0x0000522c                mbedtls_mpi_safe_cond_assign
                0x0000527e                mbedtls_mpi_safe_cond_swap
                0x00005316                mbedtls_mpi_shrink
                0x000053c8                mbedtls_mpi_copy
                0x00005432                mbedtls_mpi_swap
                0x00005490                mbedtls_mpi_lset
                0x000054c8                mbedtls_mpi_get_bit
                0x000054e8                mbedtls_mpi_set_bit
                0x00005536                mbedtls_mpi_lsb
                0x0000555c                mbedtls_mpi_bitlen
                0x00005564                mbedtls_mpi_size
                0x00005570                mbedtls_mpi_read_binary_le
                0x0000559c                mbedtls_mpi_read_binary
                0x000055c8                mbedtls_mpi_write_binary_le
                0x000055d4                mbedtls_mpi_write_binary
                0x000055e0                mbedtls_mpi_shift_l
                0x0000561a                mbedtls_mpi_shift_r
                0x0000562c                mbedtls_mpi_cmp_abs
                0x0000568a                mbedtls_mpi_cmp_mpi
                0x00005714                mbedtls_mpi_cmp_int
                0x00005778                mbedtls_mpi_add_abs
                0x00005808                mbedtls_mpi_sub_abs
                0x00005906                mbedtls_mpi_add_mpi
                0x0000590a                mbedtls_mpi_sub_mpi
                0x00005910                mbedtls_mpi_add_int
                0x00005974                mbedtls_mpi_sub_int
                0x000059d8                mbedtls_mpi_mul_mpi
                0x00005aec                mbedtls_mpi_mul_int
                0x00005b4e                mbedtls_mpi_read_string
                0x00005ca4                mbedtls_mpi_div_mpi
                0x0000602a                mbedtls_mpi_div_int
                0x00006090                mbedtls_mpi_mod_mpi
                0x00006314                mbedtls_mpi_mod_int
                0x00006380                mbedtls_mpi_write_string
                0x000065a4                mbedtls_mpi_montg_init
                0x000065b2                mbedtls_mpi_montmul
                0x000065d6                mbedtls_mpi_montred
                0x0000662c                mbedtls_mpi_exp_mod
                0x0000663e                mbedtls_mpi_exp_mod_unsafe
                0x00006652                mbedtls_mpi_gcd
                0x00006788                mbedtls_mpi_fill_random
                0x00006980                mbedtls_mpi_random
                0x000069be                mbedtls_mpi_inv_mod
                0x00006cdc                mbedtls_mpi_is_prime_ext
                0x00006d78                mbedtls_mpi_gen_prime
                0x00006fbc                mbedtls_mpi_self_test
 .text          0x000072f0      0xaf8 /home/dangcaominh/STM32MP1/optee-os/optee-os/../build/optee-stm32mp157d-dk1/export-ta_arm32/lib/libmbedtls.a(bignum_core.o)
                0x0000734c                mbedtls_mpi_core_clz
                0x00007352                mbedtls_mpi_core_bitlen
                0x00007376                mbedtls_mpi_core_bigendian_to_host
                0x0000739c                mbedtls_mpi_core_uint_le_mpi
                0x000073d8                mbedtls_mpi_core_lt_ct
                0x00007428                mbedtls_mpi_core_cond_assign
                0x00007464                mbedtls_mpi_core_cond_swap
                0x000074b4                mbedtls_mpi_core_read_le
                0x000074fe                mbedtls_mpi_core_read_be
                0x00007548                mbedtls_mpi_core_write_le
                0x000075ac                mbedtls_mpi_core_write_be
                0x00007610                mbedtls_mpi_core_shift_r
                0x00007680                mbedtls_mpi_core_shift_l
                0x000076ec                mbedtls_mpi_core_add
                0x0000771a                mbedtls_mpi_core_add_if
                0x00007754                mbedtls_mpi_core_sub
                0x00007792                mbedtls_mpi_core_mla
                0x00007908                mbedtls_mpi_core_mul
                0x0000794a                mbedtls_mpi_core_montmul_init
                0x0000796c                mbedtls_mpi_core_montmul
                0x00007bbc                mbedtls_mpi_core_get_mont_r2_unsafe
                0x00007bf0                mbedtls_mpi_core_fill_random
                0x00007c4e                mbedtls_mpi_core_random
                0x00007cec                mbedtls_mpi_core_exp_mod_working_limbs
                0x00007d02                mbedtls_mpi_core_exp_mod
                0x00007d22                mbedtls_mpi_core_exp_mod_unsafe
                0x00007d44                mbedtls_mpi_core_sub_int
                0x00007d66                mbedtls_mpi_core_check_zero_ct
                0x00007d7e                mbedtls_mpi_core_to_mont_rep
                0x00007d94                mbedtls_mpi_core_from_mont_rep
 .text          0x00007de8      0x1d4 /home/dangcaominh/STM32MP1/optee-os/optee-os/../build/optee-stm32mp157d-dk1/export-ta_arm32/lib/libmbedtls.a(constant_time.o)
                0x00007e44                mbedtls_ct_memcmp
                0x00007e5e                mbedtls_ct_memcmp_partial
                0x00007eac                mbedtls_ct_memmove_left
                0x00007f18                mbedtls_ct_memcpy_if
                0x00007f54                mbedtls_ct_memcpy_offset
                0x00007fa8                mbedtls_ct_zeroize_if
 .text          0x00007fbc       0x2c /home/dangcaominh/STM32MP1/optee-os/optee-os/../build/optee-stm32mp157d-dk1/export-ta_arm32/lib/libmbedtls.a(platform_util.o)
                0x00007fbc                mbedtls_platform_zeroize
                0x00007fd4                mbedtls_zeroize_and_free
 .text          0x00007fe8      0xa34 /home/dangcaominh/STM32MP1/optee-os/optee-os/../build/optee-stm32mp157d-dk1/export-ta_arm32/lib/libutils.a(bget_malloc.o)
                0x00008014                bget
                0x00008230                bgetz
                0x0000828c                brel
                0x000084a0                bgetr
                0x00008520                bpool
                0x000085b8                bstats
                0x00008618                malloc_reset_stats
                0x0000862c                raw_memalign
                0x0000867a                raw_malloc
                0x0000868c                raw_free
                0x00008694                raw_calloc
                0x000086e4                raw_realloc
                0x0000878a                malloc
                0x0000879c                calloc
                0x000087bc                realloc
                0x000087d8                memalign
                0x000087f8                aligned_alloc
                0x0000880a                free
                0x00008818                free_wipe
                0x00008828                raw_malloc_get_ctx_size
                0x0000882c                raw_malloc_init_ctx
                0x0000883e                raw_malloc_add_pool
                0x000088bc                raw_malloc_buffer_overlaps_heap
                0x0000890e                raw_malloc_buffer_is_within_alloced
                0x000089c4                raw_malloc_get_stats
                0x000089dc                malloc_get_stats
                0x000089ec                malloc_add_pool
                0x000089fc                malloc_buffer_is_within_alloced
                0x00008a0c                malloc_buffer_overlaps_heap
 .text          0x00008a1c       0x64 /home/dangcaominh/STM32MP1/optee-os/optee-os/../build/optee-stm32mp157d-dk1/export-ta_arm32/lib/libutils.a(snprintf.o)
                0x00008a1c                snprintf
                0x00008a70                vsnprintf
 .text          0x00008a80       0xd8 /home/dangcaominh/STM32MP1/optee-os/optee-os/../build/optee-stm32mp157d-dk1/export-ta_arm32/lib/libutils.a(memcpy.o)
                0x00008a80                memcpy
 .text          0x00008b58       0xf4 /home/dangcaominh/STM32MP1/optee-os/optee-os/../build/optee-stm32mp157d-dk1/export-ta_arm32/lib/libutils.a(mempool.o)
                0x00008b58                mempool_alloc_pool
                0x00008bdc                mempool_alloc
                0x00008c18                mempool_calloc
                0x00008c3c                mempool_free
 .text          0x00008c4c       0x10 /home/dangcaominh/STM32MP1/optee-os/optee-os/../build/optee-stm32mp157d-dk1/export-ta_arm32/lib/libutils.a(memset.o)
                0x00008c4c                memset
 .text          0x00008c5c       0x1c /home/dangcaominh/STM32MP1/optee-os/optee-os/../build/optee-stm32mp157d-dk1/export-ta_arm32/lib/libutils.a(memchr.o)
                0x00008c5c                memchr
 .text          0x00008c78       0x10 /home/dangcaominh/STM32MP1/optee-os/optee-os/../build/optee-stm32mp157d-dk1/export-ta_arm32/lib/libutils.a(strlen.o)
                0x00008c78                strlen
 .text          0x00008c88       0x34 /home/dangcaominh/STM32MP1/optee-os/optee-os/../build/optee-stm32mp157d-dk1/export-ta_arm32/lib/libutils.a(memmove.o)
                0x00008c88                memmove
 .text          0x00008cbc       0x16 /home/dangcaominh/STM32MP1/optee-os/optee-os/../build/optee-stm32mp157d-dk1/export-ta_arm32/lib/libutils.a(strcmp.o)
                0x00008cbc                strcmp
 .text          0x00008cd2       0x2a /home/dangcaominh/STM32MP1/optee-os/optee-os/../build/optee-stm32mp157d-dk1/export-ta_arm32/lib/libutils.a(strlcpy.o)
                0x00008cd2                strlcpy
 .text          0x00008cfc       0x48 /home/dangcaominh/STM32MP1/optee-os/optee-os/../build/optee-stm32mp157d-dk1/export-ta_arm32/lib/libutils.a(consttime_memcmp.o)
                0x00008cfc                consttime_memcmp
 .text          0x00008d44        0x0 /home/dangcaominh/STM32MP1/optee-os/optee-os/../build/optee-stm32mp157d-dk1/ta/stm32mp_nvmem/ta_entry_a32.o
 .text          0x00008d44        0x0 /home/dangcaominh/STM32MP1/optee-os/optee-os/../build/optee-stm32mp157d-dk1/export-ta_arm32/lib/libutils.a(arm32_aeabi_ldivmod_a32.o)
 .text          0x00008d44        0x0 /home/dangcaominh/STM32MP1/optee-os/optee-os/../build/optee-stm32mp157d-dk1/export-ta_arm32/lib/libutee.a(abort.o)
 *fill*         0x00008d44        0x4 
 .text.__stub   0x00008d48       0x30 linker stubs
 *(SORT_BY_ALIGNMENT(.stub))
 *(SORT_BY_ALIGNMENT(.glue_7))
 .glue_7        0x00008d78        0x0 linker stubs
 *(SORT_BY_ALIGNMENT(.glue_7t))
 .glue_7t       0x00008d78        0x0 linker stubs
 *(SORT_BY_ALIGNMENT(.gnu.linkonce.t.*))
 *(SORT_BY_ALIGNMENT(.vfp11_veneer))
 .vfp11_veneer  0x00008d78        0x0 linker stubs
                0x00008d78                        __text_end = .

.v4_bx          0x00008d78        0x0
 .v4_bx         0x00008d78        0x0 linker stubs

.iplt           0x00008d78        0x0
 .iplt          0x00008d78        0x0 /home/dangcaominh/STM32MP1/optee-os/optee-os/../build/optee-stm32mp157d-dk1/ta/stm32mp_nvmem/ta_stm32mp_nvmem.o

.note.gnu.property
 *(SORT_BY_ALIGNMENT(.note.gnu.property))

.plt            0x00008d78        0x0
 *(SORT_BY_ALIGNMENT(.plt))
 .plt           0x00008d78        0x0 /home/dangcaominh/STM32MP1/optee-os/optee-os/../build/optee-stm32mp157d-dk1/ta/stm32mp_nvmem/ta_stm32mp_nvmem.o

.eh_frame_hdr
 *(SORT_BY_ALIGNMENT(.eh_frame_hdr))
 *(SORT_BY_ALIGNMENT(.eh_frame_entry) SORT_BY_ALIGNMENT(.eh_frame_entry.*))

.eh_frame
 *(SORT_BY_ALIGNMENT(.eh_frame))
 *(SORT_BY_ALIGNMENT(.eh_frame.*))

.gcc_except_table
 *(SORT_BY_ALIGNMENT(.gcc_except_table) SORT_BY_ALIGNMENT(.gcc_except_table.*))

.rodata         0x00008d78      0xfb7
 *(SORT_BY_ALIGNMENT(.gnu.linkonce.r.*))
 *(SORT_BY_ALIGNMENT(.rodata) SORT_BY_ALIGNMENT(.rodata.*))
 .rodata.ta/stm32mp_nvmem/ta_stm32mp_nvmem.c
                0x00008d78       0x2b /home/dangcaominh/STM32MP1/optee-os/optee-os/../build/optee-stm32mp157d-dk1/ta/stm32mp_nvmem/ta_stm32mp_nvmem.o
 *fill*         0x00008da3        0x1 
 .rodata./home/dangcaominh/STM32MP1/optee-os/optee-os/../build/optee-stm32mp157d-dk1/export-ta_arm32/src/user_ta_header.c
                0x00008da4       0x23 /home/dangcaominh/STM32MP1/optee-os/optee-os/../build/optee-stm32mp157d-dk1/ta/stm32mp_nvmem/user_ta_header.o
                0x00008da4                ta_num_props
                0x00008dbc                __ta_no_share_heap_size
                0x00008dc0                ta_heap_size
                0x00008dc4                trace_ext_prefix
 *fill*         0x00008dc7        0x1 
 .rodata.lib/libutee/tee_api.c
                0x00008dc8       0x10 /home/dangcaominh/STM32MP1/optee-os/optee-os/../build/optee-stm32mp157d-dk1/export-ta_arm32/lib/libutee.a(tee_api.o)
 .rodata.lib/libutee/tee_api_property.c
                0x00008dd8       0x10 /home/dangcaominh/STM32MP1/optee-os/optee-os/../build/optee-stm32mp157d-dk1/export-ta_arm32/lib/libutee.a(tee_api_property.o)
 .rodata.lib/libutee/tee_system_pta.c
                0x00008de8       0x31 /home/dangcaominh/STM32MP1/optee-os/optee-os/../build/optee-stm32mp157d-dk1/export-ta_arm32/lib/libutee.a(tee_system_pta.o)
 *fill*         0x00008e19        0x3 
 .rodata.lib/libmbedtls/mbedtls/library/bignum.c
                0x00008e1c       0xcc /home/dangcaominh/STM32MP1/optee-os/optee-os/../build/optee-stm32mp157d-dk1/export-ta_arm32/lib/libmbedtls.a(bignum.o)
 .rodata.str1.1.ta/stm32mp_nvmem/ta_stm32mp_nvmem.c
                0x00008ee8      0xbd7 /home/dangcaominh/STM32MP1/optee-os/optee-os/../build/optee-stm32mp157d-dk1/ta/stm32mp_nvmem/ta_stm32mp_nvmem.o
                                 0x20 (size before relaxing)
 .rodata.str1.1./home/dangcaominh/STM32MP1/optee-os/optee-os/../build/optee-stm32mp157d-dk1/export-ta_arm32/src/user_ta_header.c
                0x00009abf       0xe5 /home/dangcaominh/STM32MP1/optee-os/optee-os/../build/optee-stm32mp157d-dk1/ta/stm32mp_nvmem/user_ta_header.o
 .rodata.str1.1.lib/libutils/isoc/stack_check.c
                0x00009abf       0x18 /home/dangcaominh/STM32MP1/optee-os/optee-os/../build/optee-stm32mp157d-dk1/export-ta_arm32/lib/libutils.a(stack_check.o)
 .rodata.str1.1.lib/libutils/ext/trace.c
                0x00009abf       0x1b /home/dangcaominh/STM32MP1/optee-os/optee-os/../build/optee-stm32mp157d-dk1/export-ta_arm32/lib/libutils.a(trace.o)
 .rodata.lib/libutils/ext/trace.c
                0x00009abf        0x5 /home/dangcaominh/STM32MP1/optee-os/optee-os/../build/optee-stm32mp157d-dk1/export-ta_arm32/lib/libutils.a(trace.o)
 .rodata.str1.1.lib/libutils/ext/snprintk.c
                0x00009ac4       0x38 /home/dangcaominh/STM32MP1/optee-os/optee-os/../build/optee-stm32mp157d-dk1/export-ta_arm32/lib/libutils.a(snprintk.o)
 .rodata.lib/libutils/ext/snprintk.c
                0x00009ac4       0x22 /home/dangcaominh/STM32MP1/optee-os/optee-os/../build/optee-stm32mp157d-dk1/export-ta_arm32/lib/libutils.a(snprintk.o)
 .rodata.str1.1.lib/libutee/trace_ext.c
                0x00009ae6        0x2 /home/dangcaominh/STM32MP1/optee-os/optee-os/../build/optee-stm32mp157d-dk1/export-ta_arm32/lib/libutee.a(trace_ext.o)
 .rodata.str1.1.lib/libutee/tee_api.c
                0x00009ae6       0x11 /home/dangcaominh/STM32MP1/optee-os/optee-os/../build/optee-stm32mp157d-dk1/export-ta_arm32/lib/libutee.a(tee_api.o)
 .rodata.str1.1.lib/libutee/tee_api_property.c
                0x00009ae6       0x9c /home/dangcaominh/STM32MP1/optee-os/optee-os/../build/optee-stm32mp157d-dk1/export-ta_arm32/lib/libutee.a(tee_api_property.o)
 .rodata.str1.1.lib/libutee/tee_system_pta.c
                0x00009ae6       0x55 /home/dangcaominh/STM32MP1/optee-os/optee-os/../build/optee-stm32mp157d-dk1/export-ta_arm32/lib/libutee.a(tee_system_pta.o)
 .rodata.str1.1.lib/libutee/user_ta_entry.c
                0x00009ae6       0x4f /home/dangcaominh/STM32MP1/optee-os/optee-os/../build/optee-stm32mp157d-dk1/export-ta_arm32/lib/libutee.a(user_ta_entry.o)
 .rodata.lib/libutee/user_ta_entry.c
                0x00009ae6       0x16 /home/dangcaominh/STM32MP1/optee-os/optee-os/../build/optee-stm32mp157d-dk1/export-ta_arm32/lib/libutee.a(user_ta_entry.o)
 .rodata.str1.1.lib/libutee/abort.c
                0x00009afc        0x7 /home/dangcaominh/STM32MP1/optee-os/optee-os/../build/optee-stm32mp157d-dk1/export-ta_arm32/lib/libutee.a(abort.o)
 .rodata.lib/libutee/base64.c
                0x00009afc       0x41 /home/dangcaominh/STM32MP1/optee-os/optee-os/../build/optee-stm32mp157d-dk1/export-ta_arm32/lib/libutee.a(base64.o)
 .rodata.str1.1.lib/libutee/tee_api_arith_mpi.c
                0x00009b3d       0xc9 /home/dangcaominh/STM32MP1/optee-os/optee-os/../build/optee-stm32mp157d-dk1/export-ta_arm32/lib/libutee.a(tee_api_arith_mpi.o)
 .rodata.lib/libutee/tee_api_arith_mpi.c
                0x00009b3d      0x14e /home/dangcaominh/STM32MP1/optee-os/optee-os/../build/optee-stm32mp157d-dk1/export-ta_arm32/lib/libutee.a(tee_api_arith_mpi.o)
 .rodata.str1.1.lib/libutee/tcb.c
                0x00009c8b       0x8d /home/dangcaominh/STM32MP1/optee-os/optee-os/../build/optee-stm32mp157d-dk1/export-ta_arm32/lib/libutee.a(tcb.o)
 .rodata.lib/libutee/tcb.c
                0x00009c8b       0x20 /home/dangcaominh/STM32MP1/optee-os/optee-os/../build/optee-stm32mp157d-dk1/export-ta_arm32/lib/libutee.a(tcb.o)
 .rodata.str1.1.lib/libutee/assert.c
                0x00009cab       0x27 /home/dangcaominh/STM32MP1/optee-os/optee-os/../build/optee-stm32mp157d-dk1/export-ta_arm32/lib/libutee.a(assert.o)
 .rodata.str1.1.lib/libmbedtls/mbedtls/library/bignum.c
                0x00009cab      0x45d /home/dangcaominh/STM32MP1/optee-os/optee-os/../build/optee-stm32mp157d-dk1/export-ta_arm32/lib/libmbedtls.a(bignum.o)
 .rodata.str1.1.lib/libutils/isoc/bget_malloc.c
                0x00009cab      0x2c2 /home/dangcaominh/STM32MP1/optee-os/optee-os/../build/optee-stm32mp157d-dk1/export-ta_arm32/lib/libutils.a(bget_malloc.o)
 .rodata.lib/libutils/isoc/bget_malloc.c
                0x00009cab       0x58 /home/dangcaominh/STM32MP1/optee-os/optee-os/../build/optee-stm32mp157d-dk1/export-ta_arm32/lib/libutils.a(bget_malloc.o)
 .rodata.str1.1.lib/libutils/ext/mempool.c
                0x00009d03       0x89 /home/dangcaominh/STM32MP1/optee-os/optee-os/../build/optee-stm32mp157d-dk1/export-ta_arm32/lib/libutils.a(mempool.o)
 .rodata.lib/libutils/ext/mempool.c
                0x00009d03       0x2c /home/dangcaominh/STM32MP1/optee-os/optee-os/../build/optee-stm32mp157d-dk1/export-ta_arm32/lib/libutils.a(mempool.o)

.gnu.version_d  0x00009d30        0x0
 .gnu.version_d
                0x00009d30        0x0 /home/dangcaominh/STM32MP1/optee-os/optee-os/../build/optee-stm32mp157d-dk1/ta/stm32mp_nvmem/ta_stm32mp_nvmem.o

.gnu.version    0x00009d30        0x0
 .gnu.version   0x00009d30        0x0 /home/dangcaominh/STM32MP1/optee-os/optee-os/../build/optee-stm32mp157d-dk1/ta/stm32mp_nvmem/ta_stm32mp_nvmem.o

.gnu.version_r  0x00009d30        0x0
 .gnu.version_r
                0x00009d30        0x0 /home/dangcaominh/STM32MP1/optee-os/optee-os/../build/optee-stm32mp157d-dk1/ta/stm32mp_nvmem/ta_stm32mp_nvmem.o

.gnu.hash       0x00009d30       0x30
 .gnu.hash      0x00009d30       0x30 /home/dangcaominh/STM32MP1/optee-os/optee-os/../build/optee-stm32mp157d-dk1/ta/stm32mp_nvmem/ta_stm32mp_nvmem.o

.ta_head        0x00009d60       0x20
 .ta_head       0x00009d60       0x20 /home/dangcaominh/STM32MP1/optee-os/optee-os/../build/optee-stm32mp157d-dk1/ta/stm32mp_nvmem/user_ta_header.o
                0x00009d60                ta_head

.ARM.extab
 *(SORT_BY_ALIGNMENT(.ARM.extab*) SORT_BY_ALIGNMENT(.gnu.linkonce.armextab.*))
                [!provide]                        PROVIDE (__exidx_start = .)

.ARM.exidx
 *(SORT_BY_ALIGNMENT(.ARM.exidx*) SORT_BY_ALIGNMENT(.gnu.linkonce.armexidx.*))
                [!provide]                        PROVIDE (__exidx_end = .)

.ctors
 *(SORT_BY_ALIGNMENT(.ctors))

.dtors
 *(SORT_BY_ALIGNMENT(.dtors))

.dynsym         0x00009d80       0x70
 *(SORT_BY_ALIGNMENT(.dynsym))
 .dynsym        0x00009d80       0x70 /home/dangcaominh/STM32MP1/optee-os/optee-os/../build/optee-stm32mp157d-dk1/ta/stm32mp_nvmem/ta_stm32mp_nvmem.o

.dynstr         0x00009df0       0x36
 *(SORT_BY_ALIGNMENT(.dynstr))
 .dynstr        0x00009df0       0x36 /home/dangcaominh/STM32MP1/optee-os/optee-os/../build/optee-stm32mp157d-dk1/ta/stm32mp_nvmem/ta_stm32mp_nvmem.o

.hash           0x00009e28       0x30
 *(SORT_BY_ALIGNMENT(.hash))
 .hash          0x00009e28       0x30 /home/dangcaominh/STM32MP1/optee-os/optee-os/../build/optee-stm32mp157d-dk1/ta/stm32mp_nvmem/ta_stm32mp_nvmem.o
                0x0000a000                        . = ALIGN (0x1000)

.dynamic        0x0000a000       0x88
 *(SORT_BY_ALIGNMENT(.dynamic))
 .dynamic       0x0000a000       0x88 /home/dangcaominh/STM32MP1/optee-os/optee-os/../build/optee-stm32mp157d-dk1/ta/stm32mp_nvmem/ta_stm32mp_nvmem.o
                0x0000a000                _DYNAMIC

.tdata
 *(SORT_BY_ALIGNMENT(.tdata) SORT_BY_ALIGNMENT(.tdata.*) SORT_BY_ALIGNMENT(.gnu.linkonce.td.*))

.tbss
 *(SORT_BY_ALIGNMENT(.tbss) SORT_BY_ALIGNMENT(.tbss.*) SORT_BY_ALIGNMENT(.gnu.linkonce.tb.*))
 *(SORT_BY_ALIGNMENT(.tcommon))

.got            0x0000a088       0x60
 *(SORT_BY_ALIGNMENT(.got.plt))
 .got.plt       0x0000a088        0xc /home/dangcaominh/STM32MP1/optee-os/optee-os/../build/optee-stm32mp157d-dk1/ta/stm32mp_nvmem/ta_stm32mp_nvmem.o
                0x0000a088                _GLOBAL_OFFSET_TABLE_
 *(SORT_BY_ALIGNMENT(.got))
 .got           0x0000a094       0x54 /home/dangcaominh/STM32MP1/optee-os/optee-os/../build/optee-stm32mp157d-dk1/ta/stm32mp_nvmem/ta_stm32mp_nvmem.o

.rel.text
 *(SORT_BY_ALIGNMENT(.rel.text))
 *(SORT_BY_ALIGNMENT(.rel.gnu.linkonce.t*))

.rela.text
 *(SORT_BY_ALIGNMENT(.rela.text))
 *(SORT_BY_ALIGNMENT(.rela.gnu.linkonce.t*))

.rel.data
 *(SORT_BY_ALIGNMENT(.rel.data))
 *(SORT_BY_ALIGNMENT(.rel.gnu.linkonce.d*))

.rela.data
 *(SORT_BY_ALIGNMENT(.rela.data))
 *(SORT_BY_ALIGNMENT(.rela.gnu.linkonce.d*))

.rel.tdata
 *(SORT_BY_ALIGNMENT(.rel.tdata) SORT_BY_ALIGNMENT(.rel.tdata.*) SORT_BY_ALIGNMENT(.rel.gnu.linkonce.td.*))

.rela.tdata
 *(SORT_BY_ALIGNMENT(.rela.tdata) SORT_BY_ALIGNMENT(.rela.tdata.*) SORT_BY_ALIGNMENT(.rela.gnu.linkonce.td.*))

.rel.tbss
 *(SORT_BY_ALIGNMENT(.rel.tbss) SORT_BY_ALIGNMENT(.rel.tbss.*) SORT_BY_ALIGNMENT(.rel.gnu.linkonce.tb.*))

.rela.tbss
 *(SORT_BY_ALIGNMENT(.rela.tbss) SORT_BY_ALIGNMENT(.rela.tbss.*) SORT_BY_ALIGNMENT(.rela.gnu.linkonce.tb.*))

.rel.rodata
 *(SORT_BY_ALIGNMENT(.rel.rodata))
 *(SORT_BY_ALIGNMENT(.rel.gnu.linkonce.r*))

.rela.rodata
 *(SORT_BY_ALIGNMENT(.rela.rodata))
 *(SORT_BY_ALIGNMENT(.rela.gnu.linkonce.r*))

.rel.dyn        0x0000a0e8      0x108
 *(SORT_BY_ALIGNMENT(.rel.dyn))
 .rel.data.rel.ro
                0x0000a0e8        0x8 /home/dangcaominh/STM32MP1/optee-os/optee-os/../build/optee-stm32mp157d-dk1/ta/stm32mp_nvmem/ta_stm32mp_nvmem.o
 .rel.iplt      0x0000a0f0        0x0 /home/dangcaominh/STM32MP1/optee-os/optee-os/../build/optee-stm32mp157d-dk1/ta/stm32mp_nvmem/ta_stm32mp_nvmem.o
 .rel.data.rel.ro.local
                0x0000a0f0       0xe0 /home/dangcaominh/STM32MP1/optee-os/optee-os/../build/optee-stm32mp157d-dk1/ta/stm32mp_nvmem/ta_stm32mp_nvmem.o
 .rel.data.rel.local
                0x0000a1d0       0x20 /home/dangcaominh/STM32MP1/optee-os/optee-os/../build/optee-stm32mp157d-dk1/ta/stm32mp_nvmem/ta_stm32mp_nvmem.o

.rel.got        0x0000a1f0       0xa8
 *(SORT_BY_ALIGNMENT(.rel.got))
 .rel.got       0x0000a1f0       0xa8 /home/dangcaominh/STM32MP1/optee-os/optee-os/../build/optee-stm32mp157d-dk1/ta/stm32mp_nvmem/ta_stm32mp_nvmem.o

.rela.got
 *(SORT_BY_ALIGNMENT(.rela.got))

.rel.ctors
 *(SORT_BY_ALIGNMENT(.rel.ctors))

.rela.ctors
 *(SORT_BY_ALIGNMENT(.rela.ctors))

.rel.dtors
 *(SORT_BY_ALIGNMENT(.rel.dtors))

.rela.dtors
 *(SORT_BY_ALIGNMENT(.rela.dtors))

.rel.init
 *(SORT_BY_ALIGNMENT(.rel.init))

.rela.init
 *(SORT_BY_ALIGNMENT(.rela.init))

.rel.fini
 *(SORT_BY_ALIGNMENT(.rel.fini))

.rela.fini
 *(SORT_BY_ALIGNMENT(.rela.fini))

.rel.bss        0x0000a298        0x0
 *(SORT_BY_ALIGNMENT(.rel.bss))
 .rel.bss       0x0000a298        0x0 /home/dangcaominh/STM32MP1/optee-os/optee-os/../build/optee-stm32mp157d-dk1/ta/stm32mp_nvmem/ta_stm32mp_nvmem.o

.rela.bss
 *(SORT_BY_ALIGNMENT(.rela.bss))

.rel.plt        0x0000a298        0x0
 *(SORT_BY_ALIGNMENT(.rel.plt))
 .rel.plt       0x0000a298        0x0 /home/dangcaominh/STM32MP1/optee-os/optee-os/../build/optee-stm32mp157d-dk1/ta/stm32mp_nvmem/ta_stm32mp_nvmem.o

.rela.plt
 *(SORT_BY_ALIGNMENT(.rela.plt))

.data           0x0000a298      0x120
 *(SORT_BY_ALIGNMENT(.data) SORT_BY_ALIGNMENT(.data.*) SORT_BY_ALIGNMENT(.gnu.linkonce.d.*))
 .data          0x0000a298        0x4 /home/dangcaominh/STM32MP1/optee-os/optee-os/../build/optee-stm32mp157d-dk1/ta/stm32mp_nvmem/user_ta_header.o
                0x0000a298                trace_level
 .data.rel.ro.local
                0x0000a29c       0x6c /home/dangcaominh/STM32MP1/optee-os/optee-os/../build/optee-stm32mp157d-dk1/ta/stm32mp_nvmem/user_ta_header.o
                0x0000a29c                ta_props
 .data          0x0000a308        0x4 /home/dangcaominh/STM32MP1/optee-os/optee-os/../build/optee-stm32mp157d-dk1/export-ta_arm32/lib/libutils.a(stack_check.o)
                0x0000a308                __stack_chk_guard
 .data.rel.ro.local
                0x0000a30c       0x3c /home/dangcaominh/STM32MP1/optee-os/optee-os/../build/optee-stm32mp157d-dk1/export-ta_arm32/lib/libutee.a(tee_api_property.o)
                0x0000a30c                tee_props
 .data.rel.local
                0x0000a348       0x10 /home/dangcaominh/STM32MP1/optee-os/optee-os/../build/optee-stm32mp157d-dk1/export-ta_arm32/lib/libutee.a(user_ta_entry.o)
 .data.rel.ro   0x0000a358        0x4 /home/dangcaominh/STM32MP1/optee-os/optee-os/../build/optee-stm32mp157d-dk1/export-ta_arm32/lib/libmbedtls.a(platform_util.o)
 .data.rel.local
                0x0000a35c       0x5c /home/dangcaominh/STM32MP1/optee-os/optee-os/../build/optee-stm32mp157d-dk1/export-ta_arm32/lib/libutils.a(bget_malloc.o)
 .data          0x0000a3b8        0x0 /home/dangcaominh/STM32MP1/optee-os/optee-os/../build/optee-stm32mp157d-dk1/ta/stm32mp_nvmem/ta_stm32mp_nvmem.o
 .data.rel.ro   0x0000a3b8        0x0 /home/dangcaominh/STM32MP1/optee-os/optee-os/../build/optee-stm32mp157d-dk1/ta/stm32mp_nvmem/ta_stm32mp_nvmem.o
 .data          0x0000a3b8        0x0 /home/dangcaominh/STM32MP1/optee-os/optee-os/../build/optee-stm32mp157d-dk1/ta/stm32mp_nvmem/ta_entry_a32.o
 .data          0x0000a3b8        0x0 /home/dangcaominh/STM32MP1/optee-os/optee-os/../build/optee-stm32mp157d-dk1/export-ta_arm32/lib/libutils.a(memset.o)
 .data          0x0000a3b8        0x0 /home/dangcaominh/STM32MP1/optee-os/optee-os/../build/optee-stm32mp157d-dk1/export-ta_arm32/lib/libutils.a(trace.o)
 .data          0x0000a3b8        0x0 /home/dangcaominh/STM32MP1/optee-os/optee-os/../build/optee-stm32mp157d-dk1/export-ta_arm32/lib/libutils.a(snprintk.o)
 .data          0x0000a3b8        0x0 /home/dangcaominh/STM32MP1/optee-os/optee-os/../build/optee-stm32mp157d-dk1/export-ta_arm32/lib/libutils.a(memchr.o)
 .data          0x0000a3b8        0x0 /home/dangcaominh/STM32MP1/optee-os/optee-os/../build/optee-stm32mp157d-dk1/export-ta_arm32/lib/libutils.a(strlen.o)
 .data          0x0000a3b8        0x0 /home/dangcaominh/STM32MP1/optee-os/optee-os/../build/optee-stm32mp157d-dk1/export-ta_arm32/lib/libutils.a(arm32_aeabi_ldivmod_a32.o)
 .data          0x0000a3b8        0x0 /home/dangcaominh/STM32MP1/optee-os/optee-os/../build/optee-stm32mp157d-dk1/export-ta_arm32/lib/libutils.a(arm32_aeabi_ldivmod.o)
 .data          0x0000a3b8        0x0 /home/dangcaominh/STM32MP1/optee-os/optee-os/../build/optee-stm32mp157d-dk1/export-ta_arm32/lib/libutee.a(trace_ext.o)
 .data          0x0000a3b8        0x0 /home/dangcaominh/STM32MP1/optee-os/optee-os/../build/optee-stm32mp157d-dk1/export-ta_arm32/lib/libutee.a(tee_api.o)
 .data          0x0000a3b8        0x0 /home/dangcaominh/STM32MP1/optee-os/optee-os/../build/optee-stm32mp157d-dk1/export-ta_arm32/lib/libutee.a(tee_api_panic.o)
 .data          0x0000a3b8        0x0 /home/dangcaominh/STM32MP1/optee-os/optee-os/../build/optee-stm32mp157d-dk1/export-ta_arm32/lib/libutee.a(tee_api_property.o)
 .data          0x0000a3b8        0x0 /home/dangcaominh/STM32MP1/optee-os/optee-os/../build/optee-stm32mp157d-dk1/export-ta_arm32/lib/libutee.a(tee_system_pta.o)
 .data          0x0000a3b8        0x0 /home/dangcaominh/STM32MP1/optee-os/optee-os/../build/optee-stm32mp157d-dk1/export-ta_arm32/lib/libutee.a(user_ta_entry.o)
 .data          0x0000a3b8        0x0 /home/dangcaominh/STM32MP1/optee-os/optee-os/../build/optee-stm32mp157d-dk1/export-ta_arm32/lib/libutee.a(utee_syscalls_a32.o)
 .data          0x0000a3b8        0x0 /home/dangcaominh/STM32MP1/optee-os/optee-os/../build/optee-stm32mp157d-dk1/export-ta_arm32/lib/libutee.a(abort.o)
 .data          0x0000a3b8        0x0 /home/dangcaominh/STM32MP1/optee-os/optee-os/../build/optee-stm32mp157d-dk1/export-ta_arm32/lib/libutee.a(base64.o)
 .data          0x0000a3b8        0x0 /home/dangcaominh/STM32MP1/optee-os/optee-os/../build/optee-stm32mp157d-dk1/export-ta_arm32/lib/libutee.a(tee_api_arith_mpi.o)
 .data          0x0000a3b8        0x0 /home/dangcaominh/STM32MP1/optee-os/optee-os/../build/optee-stm32mp157d-dk1/export-ta_arm32/lib/libutee.a(tcb.o)
 .data          0x0000a3b8        0x0 /home/dangcaominh/STM32MP1/optee-os/optee-os/../build/optee-stm32mp157d-dk1/export-ta_arm32/lib/libutee.a(assert.o)
 .data          0x0000a3b8        0x0 /home/dangcaominh/STM32MP1/optee-os/optee-os/../build/optee-stm32mp157d-dk1/export-ta_arm32/lib/libmbedtls.a(bignum.o)
 .data          0x0000a3b8        0x0 /home/dangcaominh/STM32MP1/optee-os/optee-os/../build/optee-stm32mp157d-dk1/export-ta_arm32/lib/libmbedtls.a(bignum_core.o)
 .data          0x0000a3b8        0x0 /home/dangcaominh/STM32MP1/optee-os/optee-os/../build/optee-stm32mp157d-dk1/export-ta_arm32/lib/libmbedtls.a(constant_time.o)
 .data          0x0000a3b8        0x0 /home/dangcaominh/STM32MP1/optee-os/optee-os/../build/optee-stm32mp157d-dk1/export-ta_arm32/lib/libmbedtls.a(platform_util.o)
 .data          0x0000a3b8        0x0 /home/dangcaominh/STM32MP1/optee-os/optee-os/../build/optee-stm32mp157d-dk1/export-ta_arm32/lib/libutils.a(bget_malloc.o)
 .data          0x0000a3b8        0x0 /home/dangcaominh/STM32MP1/optee-os/optee-os/../build/optee-stm32mp157d-dk1/export-ta_arm32/lib/libutils.a(snprintf.o)
 .data          0x0000a3b8        0x0 /home/dangcaominh/STM32MP1/optee-os/optee-os/../build/optee-stm32mp157d-dk1/export-ta_arm32/lib/libutils.a(memcpy.o)
 .data          0x0000a3b8        0x0 /home/dangcaominh/STM32MP1/optee-os/optee-os/../build/optee-stm32mp157d-dk1/export-ta_arm32/lib/libutils.a(memmove.o)
 .data          0x0000a3b8        0x0 /home/dangcaominh/STM32MP1/optee-os/optee-os/../build/optee-stm32mp157d-dk1/export-ta_arm32/lib/libutils.a(strcmp.o)
 .data          0x0000a3b8        0x0 /home/dangcaominh/STM32MP1/optee-os/optee-os/../build/optee-stm32mp157d-dk1/export-ta_arm32/lib/libutils.a(strlcpy.o)
 .data          0x0000a3b8        0x0 /home/dangcaominh/STM32MP1/optee-os/optee-os/../build/optee-stm32mp157d-dk1/export-ta_arm32/lib/libutils.a(mempool.o)
 .data          0x0000a3b8        0x0 /home/dangcaominh/STM32MP1/optee-os/optee-os/../build/optee-stm32mp157d-dk1/export-ta_arm32/lib/libutils.a(consttime_memcmp.o)

.igot.plt       0x0000a3b8        0x0
 .igot.plt      0x0000a3b8        0x0 /home/dangcaominh/STM32MP1/optee-os/optee-os/../build/optee-stm32mp157d-dk1/ta/stm32mp_nvmem/ta_stm32mp_nvmem.o

.bss            0x0000a3b8     0x7868
 *(SORT_BY_ALIGNMENT(.bss) SORT_BY_ALIGNMENT(.bss.*) SORT_BY_ALIGNMENT(.gnu.linkonce.b.*) SORT_BY_ALIGNMENT(COMMON))
 .bss           0x0000a3b8        0x8 /home/dangcaominh/STM32MP1/optee-os/optee-os/../build/optee-stm32mp157d-dk1/ta/stm32mp_nvmem/ta_stm32mp_nvmem.o
 .bss           0x0000a3c0        0x8 /home/dangcaominh/STM32MP1/optee-os/optee-os/../build/optee-stm32mp157d-dk1/export-ta_arm32/lib/libutee.a(tee_api.o)
 .bss           0x0000a3c8        0x4 /home/dangcaominh/STM32MP1/optee-os/optee-os/../build/optee-stm32mp157d-dk1/export-ta_arm32/lib/libutee.a(tee_system_pta.o)
 .bss           0x0000a3cc       0x3c /home/dangcaominh/STM32MP1/optee-os/optee-os/../build/optee-stm32mp157d-dk1/export-ta_arm32/lib/libutee.a(user_ta_entry.o)
                0x0000a3d4                __elf_phdr_info
                0x0000a3e0                __ta_no_share_malloc_ctx
                0x0000a3e4                ta_params
                0x0000a404                ta_param_types
 .bss           0x0000a408     0x3800 /home/dangcaominh/STM32MP1/optee-os/optee-os/../build/optee-stm32mp157d-dk1/export-ta_arm32/lib/libutee.a(tee_api_arith_mpi.o)
 .bss           0x0000dc08        0x8 /home/dangcaominh/STM32MP1/optee-os/optee-os/../build/optee-stm32mp157d-dk1/export-ta_arm32/lib/libutee.a(tcb.o)
 .bss           0x0000dc10        0x4 /home/dangcaominh/STM32MP1/optee-os/optee-os/../build/optee-stm32mp157d-dk1/export-ta_arm32/lib/libmbedtls.a(bignum.o)
                0x0000dc10                mbedtls_mpi_mempool
 .bss           0x0000dc14        0x4 /home/dangcaominh/STM32MP1/optee-os/optee-os/../build/optee-stm32mp157d-dk1/export-ta_arm32/lib/libmbedtls.a(constant_time.o)
                0x0000dc14                mbedtls_ct_zero
 .bss           0x0000dc18     0x4001 /home/dangcaominh/STM32MP1/optee-os/optee-os/../build/optee-stm32mp157d-dk1/ta/stm32mp_nvmem/user_ta_header.o
                0x0000dc19                ta_heap
                0x0000dc19                __ta_no_share_heap
 .bss           0x00011c19        0x0 /home/dangcaominh/STM32MP1/optee-os/optee-os/../build/optee-stm32mp157d-dk1/ta/stm32mp_nvmem/ta_entry_a32.o
 .bss           0x00011c19        0x0 /home/dangcaominh/STM32MP1/optee-os/optee-os/../build/optee-stm32mp157d-dk1/export-ta_arm32/lib/libutils.a(stack_check.o)
 .bss           0x00011c19        0x0 /home/dangcaominh/STM32MP1/optee-os/optee-os/../build/optee-stm32mp157d-dk1/export-ta_arm32/lib/libutils.a(memset.o)
 .bss           0x00011c19        0x0 /home/dangcaominh/STM32MP1/optee-os/optee-os/../build/optee-stm32mp157d-dk1/export-ta_arm32/lib/libutils.a(trace.o)
 .bss           0x00011c19        0x0 /home/dangcaominh/STM32MP1/optee-os/optee-os/../build/optee-stm32mp157d-dk1/export-ta_arm32/lib/libutils.a(snprintk.o)
 .bss           0x00011c19        0x0 /home/dangcaominh/STM32MP1/optee-os/optee-os/../build/optee-stm32mp157d-dk1/export-ta_arm32/lib/libutils.a(memchr.o)
 .bss           0x00011c19        0x0 /home/dangcaominh/STM32MP1/optee-os/optee-os/../build/optee-stm32mp157d-dk1/export-ta_arm32/lib/libutils.a(strlen.o)
 .bss           0x00011c19        0x0 /home/dangcaominh/STM32MP1/optee-os/optee-os/../build/optee-stm32mp157d-dk1/export-ta_arm32/lib/libutils.a(arm32_aeabi_ldivmod_a32.o)
 .bss           0x00011c19        0x0 /home/dangcaominh/STM32MP1/optee-os/optee-os/../build/optee-stm32mp157d-dk1/export-ta_arm32/lib/libutils.a(arm32_aeabi_ldivmod.o)
 .bss           0x00011c19        0x0 /home/dangcaominh/STM32MP1/optee-os/optee-os/../build/optee-stm32mp157d-dk1/export-ta_arm32/lib/libutee.a(trace_ext.o)
 .bss           0x00011c19        0x0 /home/dangcaominh/STM32MP1/optee-os/optee-os/../build/optee-stm32mp157d-dk1/export-ta_arm32/lib/libutee.a(tee_api_panic.o)
 .bss           0x00011c19        0x0 /home/dangcaominh/STM32MP1/optee-os/optee-os/../build/optee-stm32mp157d-dk1/export-ta_arm32/lib/libutee.a(tee_api_property.o)
 .bss           0x00011c19        0x0 /home/dangcaominh/STM32MP1/optee-os/optee-os/../build/optee-stm32mp157d-dk1/export-ta_arm32/lib/libutee.a(utee_syscalls_a32.o)
 .bss           0x00011c19        0x0 /home/dangcaominh/STM32MP1/optee-os/optee-os/../build/optee-stm32mp157d-dk1/export-ta_arm32/lib/libutee.a(abort.o)
 .bss           0x00011c19        0x0 /home/dangcaominh/STM32MP1/optee-os/optee-os/../build/optee-stm32mp157d-dk1/export-ta_arm32/lib/libutee.a(base64.o)
 .bss           0x00011c19        0x0 /home/dangcaominh/STM32MP1/optee-os/optee-os/../build/optee-stm32mp157d-dk1/export-ta_arm32/lib/libutee.a(assert.o)
 .bss           0x00011c19        0x0 /home/dangcaominh/STM32MP1/optee-os/optee-os/../build/optee-stm32mp157d-dk1/export-ta_arm32/lib/libmbedtls.a(bignum_core.o)
 .bss           0x00011c19        0x0 /home/dangcaominh/STM32MP1/optee-os/optee-os/../build/optee-stm32mp157d-dk1/export-ta_arm32/lib/libmbedtls.a(platform_util.o)
 .bss           0x00011c19        0x0 /home/dangcaominh/STM32MP1/optee-os/optee-os/../build/optee-stm32mp157d-dk1/export-ta_arm32/lib/libutils.a(bget_malloc.o)
 .bss           0x00011c19        0x0 /home/dangcaominh/STM32MP1/optee-os/optee-os/../build/optee-stm32mp157d-dk1/export-ta_arm32/lib/libutils.a(snprintf.o)
 .bss           0x00011c19        0x0 /home/dangcaominh/STM32MP1/optee-os/optee-os/../build/optee-stm32mp157d-dk1/export-ta_arm32/lib/libutils.a(memcpy.o)
 .bss           0x00011c19        0x0 /home/dangcaominh/STM32MP1/optee-os/optee-os/../build/optee-stm32mp157d-dk1/export-ta_arm32/lib/libutils.a(memmove.o)
 .bss           0x00011c19        0x0 /home/dangcaominh/STM32MP1/optee-os/optee-os/../build/optee-stm32mp157d-dk1/export-ta_arm32/lib/libutils.a(strcmp.o)
 .bss           0x00011c19        0x0 /home/dangcaominh/STM32MP1/optee-os/optee-os/../build/optee-stm32mp157d-dk1/export-ta_arm32/lib/libutils.a(strlcpy.o)
 .bss           0x00011c19        0x0 /home/dangcaominh/STM32MP1/optee-os/optee-os/../build/optee-stm32mp157d-dk1/export-ta_arm32/lib/libutils.a(mempool.o)
 .bss           0x00011c19        0x0 /home/dangcaominh/STM32MP1/optee-os/optee-os/../build/optee-stm32mp157d-dk1/export-ta_arm32/lib/libutils.a(consttime_memcmp.o)
                0x00011c20                        . = ALIGN (0x8)
 *fill*         0x00011c19        0x7 
                0x00011c20                        __ftrace_buf_start = .
                0x00011c20                        . = (. + DEFINED (__gnu_mcount_nc)?0x800:0x0)
                0x00011c20                        __ftrace_buf_end = .

.dynbss         0x00011c20        0x0
 .dynbss        0x00011c20        0x0 /home/dangcaominh/STM32MP1/optee-os/optee-os/../build/optee-stm32mp157d-dk1/ta/stm32mp_nvmem/ta_stm32mp_nvmem.o

/DISCARD/
 *(SORT_BY_ALIGNMENT(.interp))
LOAD /home/dangcaominh/STM32MP1/optee-os/optee-os/../build/optee-stm32mp157d-dk1/ta/stm32mp_nvmem/ta_stm32mp_nvmem.o
LOAD /home/dangcaominh/STM32MP1/optee-os/optee-os/../build/optee-stm32mp157d-dk1/ta/stm32mp_nvmem/user_ta_header.o
LOAD /home/dangcaominh/STM32MP1/optee-os/optee-os/../build/optee-stm32mp157d-dk1/ta/stm32mp_nvmem/ta_entry_a32.o
START GROUP
LOAD /home/dangcaominh/STM32MP1/optee-os/optee-os/../build/optee-stm32mp157d-dk1/export-ta_arm32/lib/libutils.a
LOAD /home/dangcaominh/STM32MP1/optee-os/optee-os/../build/optee-stm32mp157d-dk1/export-ta_arm32/lib/libutee.a
LOAD /home/dangcaominh/STM32MP1/optee-os/optee-os/../build/optee-stm32mp157d-dk1/export-ta_arm32/lib/libmbedtls.a
END GROUP
LOAD /opt/st/stm32mp1/5.0.8-openstlinux-6.6-yocto-scarthgap-mpu-v25.06.11/sysroots/cortexa7t2hf-neon-vfpv4-ostl-linux-gnueabi/lib/arm-ostl-linux-gnueabi/13.3.0/libgcc.a
OUTPUT(/home/dangcaominh/STM32MP1/optee-os/optee-os/../build/optee-stm32mp157d-dk1/ta/stm32mp_nvmem/1a8342cc-81a5-4512-99fe-9e2b3e37d626.elf elf32-littlearm)
LOAD linker stubs

.debug_info     0x00000000    0x19f06
 .debug_info    0x00000000      0xa2c /home/dangcaominh/STM32MP1/optee-os/optee-os/../build/optee-stm32mp157d-dk1/ta/stm32mp_nvmem/ta_stm32mp_nvmem.o
 .debug_info    0x00000a2c      0x4e2 /home/dangcaominh/STM32MP1/optee-os/optee-os/../build/optee-stm32mp157d-dk1/ta/stm32mp_nvmem/user_ta_header.o
 .debug_info    0x00000f0e       0x31 /home/dangcaominh/STM32MP1/optee-os/optee-os/../build/optee-stm32mp157d-dk1/ta/stm32mp_nvmem/ta_entry_a32.o
 .debug_info    0x00000f3f      0x121 /home/dangcaominh/STM32MP1/optee-os/optee-os/../build/optee-stm32mp157d-dk1/export-ta_arm32/lib/libutils.a(stack_check.o)
 .debug_info    0x00001060       0xbc /home/dangcaominh/STM32MP1/optee-os/optee-os/../build/optee-stm32mp157d-dk1/export-ta_arm32/lib/libutils.a(memset.o)
 .debug_info    0x0000111c      0x5be /home/dangcaominh/STM32MP1/optee-os/optee-os/../build/optee-stm32mp157d-dk1/export-ta_arm32/lib/libutils.a(trace.o)
 .debug_info    0x000016da      0x857 /home/dangcaominh/STM32MP1/optee-os/optee-os/../build/optee-stm32mp157d-dk1/export-ta_arm32/lib/libutils.a(snprintk.o)
 .debug_info    0x00001f31       0xe8 /home/dangcaominh/STM32MP1/optee-os/optee-os/../build/optee-stm32mp157d-dk1/export-ta_arm32/lib/libutils.a(memchr.o)
 .debug_info    0x00002019       0xaf /home/dangcaominh/STM32MP1/optee-os/optee-os/../build/optee-stm32mp157d-dk1/export-ta_arm32/lib/libutils.a(strlen.o)
 .debug_info    0x000020c8       0x3b /home/dangcaominh/STM32MP1/optee-os/optee-os/../build/optee-stm32mp157d-dk1/export-ta_arm32/lib/libutils.a(arm32_aeabi_ldivmod_a32.o)
 .debug_info    0x00002103      0x2f3 /home/dangcaominh/STM32MP1/optee-os/optee-os/../build/optee-stm32mp157d-dk1/export-ta_arm32/lib/libutils.a(arm32_aeabi_ldivmod.o)
 .debug_info    0x000023f6      0x320 /home/dangcaominh/STM32MP1/optee-os/optee-os/../build/optee-stm32mp157d-dk1/export-ta_arm32/lib/libutee.a(trace_ext.o)
 .debug_info    0x00002716     0x24b8 /home/dangcaominh/STM32MP1/optee-os/optee-os/../build/optee-stm32mp157d-dk1/export-ta_arm32/lib/libutee.a(tee_api.o)
 .debug_info    0x00004bce      0x83e /home/dangcaominh/STM32MP1/optee-os/optee-os/../build/optee-stm32mp157d-dk1/export-ta_arm32/lib/libutee.a(tee_api_panic.o)
 .debug_info    0x0000540c     0x174a /home/dangcaominh/STM32MP1/optee-os/optee-os/../build/optee-stm32mp157d-dk1/export-ta_arm32/lib/libutee.a(tee_api_property.o)
 .debug_info    0x00006b56      0x74c /home/dangcaominh/STM32MP1/optee-os/optee-os/../build/optee-stm32mp157d-dk1/export-ta_arm32/lib/libutee.a(tee_system_pta.o)
 .debug_info    0x000072a2     0x14ce /home/dangcaominh/STM32MP1/optee-os/optee-os/../build/optee-stm32mp157d-dk1/export-ta_arm32/lib/libutee.a(user_ta_entry.o)
 .debug_info    0x00008770      0x2d1 /home/dangcaominh/STM32MP1/optee-os/optee-os/../build/optee-stm32mp157d-dk1/export-ta_arm32/lib/libutee.a(utee_syscalls_a32.o)
 .debug_info    0x00008a41       0xd2 /home/dangcaominh/STM32MP1/optee-os/optee-os/../build/optee-stm32mp157d-dk1/export-ta_arm32/lib/libutee.a(abort.o)
 .debug_info    0x00008b13      0x321 /home/dangcaominh/STM32MP1/optee-os/optee-os/../build/optee-stm32mp157d-dk1/export-ta_arm32/lib/libutee.a(base64.o)
 .debug_info    0x00008e34     0x48f7 /home/dangcaominh/STM32MP1/optee-os/optee-os/../build/optee-stm32mp157d-dk1/export-ta_arm32/lib/libutee.a(tee_api_arith_mpi.o)
 .debug_info    0x0000d72b      0x742 /home/dangcaominh/STM32MP1/optee-os/optee-os/../build/optee-stm32mp157d-dk1/export-ta_arm32/lib/libutee.a(tcb.o)
 .debug_info    0x0000de6d      0x1ab /home/dangcaominh/STM32MP1/optee-os/optee-os/../build/optee-stm32mp157d-dk1/export-ta_arm32/lib/libutee.a(assert.o)
 .debug_info    0x0000e018     0x5098 /home/dangcaominh/STM32MP1/optee-os/optee-os/../build/optee-stm32mp157d-dk1/export-ta_arm32/lib/libmbedtls.a(bignum.o)
 .debug_info    0x000130b0     0x2d9a /home/dangcaominh/STM32MP1/optee-os/optee-os/../build/optee-stm32mp157d-dk1/export-ta_arm32/lib/libmbedtls.a(bignum_core.o)
 .debug_info    0x00015e4a      0xba5 /home/dangcaominh/STM32MP1/optee-os/optee-os/../build/optee-stm32mp157d-dk1/export-ta_arm32/lib/libmbedtls.a(constant_time.o)
 .debug_info    0x000169ef      0x23c /home/dangcaominh/STM32MP1/optee-os/optee-os/../build/optee-stm32mp157d-dk1/export-ta_arm32/lib/libmbedtls.a(platform_util.o)
 .debug_info    0x00016c2b     0x2540 /home/dangcaominh/STM32MP1/optee-os/optee-os/../build/optee-stm32mp157d-dk1/export-ta_arm32/lib/libutils.a(bget_malloc.o)
 .debug_info    0x0001916b      0x22b /home/dangcaominh/STM32MP1/optee-os/optee-os/../build/optee-stm32mp157d-dk1/export-ta_arm32/lib/libutils.a(snprintf.o)
 .debug_info    0x00019396      0x127 /home/dangcaominh/STM32MP1/optee-os/optee-os/../build/optee-stm32mp157d-dk1/export-ta_arm32/lib/libutils.a(memcpy.o)
 .debug_info    0x000194bd       0xeb /home/dangcaominh/STM32MP1/optee-os/optee-os/../build/optee-stm32mp157d-dk1/export-ta_arm32/lib/libutils.a(memmove.o)
 .debug_info    0x000195a8       0x9d /home/dangcaominh/STM32MP1/optee-os/optee-os/../build/optee-stm32mp157d-dk1/export-ta_arm32/lib/libutils.a(strcmp.o)
 .debug_info    0x00019645      0x11a /home/dangcaominh/STM32MP1/optee-os/optee-os/../build/optee-stm32mp157d-dk1/export-ta_arm32/lib/libutils.a(strlcpy.o)
 .debug_info    0x0001975f      0x688 /home/dangcaominh/STM32MP1/optee-os/optee-os/../build/optee-stm32mp157d-dk1/export-ta_arm32/lib/libutils.a(mempool.o)
 .debug_info    0x00019de7      0x11f /home/dangcaominh/STM32MP1/optee-os/optee-os/../build/optee-stm32mp157d-dk1/export-ta_arm32/lib/libutils.a(consttime_memcmp.o)

.debug_abbrev   0x00000000     0x49ed
 .debug_abbrev  0x00000000      0x346 /home/dangcaominh/STM32MP1/optee-os/optee-os/../build/optee-stm32mp157d-dk1/ta/stm32mp_nvmem/ta_stm32mp_nvmem.o
 .debug_abbrev  0x00000346      0x1fb /home/dangcaominh/STM32MP1/optee-os/optee-os/../build/optee-stm32mp157d-dk1/ta/stm32mp_nvmem/user_ta_header.o
 .debug_abbrev  0x00000541       0x28 /home/dangcaominh/STM32MP1/optee-os/optee-os/../build/optee-stm32mp157d-dk1/ta/stm32mp_nvmem/ta_entry_a32.o
 .debug_abbrev  0x00000569       0xb1 /home/dangcaominh/STM32MP1/optee-os/optee-os/../build/optee-stm32mp157d-dk1/export-ta_arm32/lib/libutils.a(stack_check.o)
 .debug_abbrev  0x0000061a       0xa3 /home/dangcaominh/STM32MP1/optee-os/optee-os/../build/optee-stm32mp157d-dk1/export-ta_arm32/lib/libutils.a(memset.o)
 .debug_abbrev  0x000006bd      0x2b7 /home/dangcaominh/STM32MP1/optee-os/optee-os/../build/optee-stm32mp157d-dk1/export-ta_arm32/lib/libutils.a(trace.o)
 .debug_abbrev  0x00000974      0x2e5 /home/dangcaominh/STM32MP1/optee-os/optee-os/../build/optee-stm32mp157d-dk1/export-ta_arm32/lib/libutils.a(snprintk.o)
 .debug_abbrev  0x00000c59       0xb4 /home/dangcaominh/STM32MP1/optee-os/optee-os/../build/optee-stm32mp157d-dk1/export-ta_arm32/lib/libutils.a(memchr.o)
 .debug_abbrev  0x00000d0d       0x90 /home/dangcaominh/STM32MP1/optee-os/optee-os/../build/optee-stm32mp157d-dk1/export-ta_arm32/lib/libutils.a(strlen.o)
 .debug_abbrev  0x00000d9d       0x26 /home/dangcaominh/STM32MP1/optee-os/optee-os/../build/optee-stm32mp157d-dk1/export-ta_arm32/lib/libutils.a(arm32_aeabi_ldivmod_a32.o)
 .debug_abbrev  0x00000dc3      0x190 /home/dangcaominh/STM32MP1/optee-os/optee-os/../build/optee-stm32mp157d-dk1/export-ta_arm32/lib/libutils.a(arm32_aeabi_ldivmod.o)
 .debug_abbrev  0x00000f53      0x1bb /home/dangcaominh/STM32MP1/optee-os/optee-os/../build/optee-stm32mp157d-dk1/export-ta_arm32/lib/libutee.a(trace_ext.o)
 .debug_abbrev  0x0000110e      0x517 /home/dangcaominh/STM32MP1/optee-os/optee-os/../build/optee-stm32mp157d-dk1/export-ta_arm32/lib/libutee.a(tee_api.o)
 .debug_abbrev  0x00001625      0x21f /home/dangcaominh/STM32MP1/optee-os/optee-os/../build/optee-stm32mp157d-dk1/export-ta_arm32/lib/libutee.a(tee_api_panic.o)
 .debug_abbrev  0x00001844      0x352 /home/dangcaominh/STM32MP1/optee-os/optee-os/../build/optee-stm32mp157d-dk1/export-ta_arm32/lib/libutee.a(tee_api_property.o)
 .debug_abbrev  0x00001b96      0x28c /home/dangcaominh/STM32MP1/optee-os/optee-os/../build/optee-stm32mp157d-dk1/export-ta_arm32/lib/libutee.a(tee_system_pta.o)
 .debug_abbrev  0x00001e22      0x592 /home/dangcaominh/STM32MP1/optee-os/optee-os/../build/optee-stm32mp157d-dk1/export-ta_arm32/lib/libutee.a(user_ta_entry.o)
 .debug_abbrev  0x000023b4       0x26 /home/dangcaominh/STM32MP1/optee-os/optee-os/../build/optee-stm32mp157d-dk1/export-ta_arm32/lib/libutee.a(utee_syscalls_a32.o)
 .debug_abbrev  0x000023da       0x92 /home/dangcaominh/STM32MP1/optee-os/optee-os/../build/optee-stm32mp157d-dk1/export-ta_arm32/lib/libutee.a(abort.o)
 .debug_abbrev  0x0000246c      0x194 /home/dangcaominh/STM32MP1/optee-os/optee-os/../build/optee-stm32mp157d-dk1/export-ta_arm32/lib/libutee.a(base64.o)
 .debug_abbrev  0x00002600      0x577 /home/dangcaominh/STM32MP1/optee-os/optee-os/../build/optee-stm32mp157d-dk1/export-ta_arm32/lib/libutee.a(tee_api_arith_mpi.o)
 .debug_abbrev  0x00002b77      0x289 /home/dangcaominh/STM32MP1/optee-os/optee-os/../build/optee-stm32mp157d-dk1/export-ta_arm32/lib/libutee.a(tcb.o)
 .debug_abbrev  0x00002e00       0xbc /home/dangcaominh/STM32MP1/optee-os/optee-os/../build/optee-stm32mp157d-dk1/export-ta_arm32/lib/libutee.a(assert.o)
 .debug_abbrev  0x00002ebc      0x595 /home/dangcaominh/STM32MP1/optee-os/optee-os/../build/optee-stm32mp157d-dk1/export-ta_arm32/lib/libmbedtls.a(bignum.o)
 .debug_abbrev  0x00003451      0x55a /home/dangcaominh/STM32MP1/optee-os/optee-os/../build/optee-stm32mp157d-dk1/export-ta_arm32/lib/libmbedtls.a(bignum_core.o)
 .debug_abbrev  0x000039ab      0x344 /home/dangcaominh/STM32MP1/optee-os/optee-os/../build/optee-stm32mp157d-dk1/export-ta_arm32/lib/libmbedtls.a(constant_time.o)
 .debug_abbrev  0x00003cef      0x155 /home/dangcaominh/STM32MP1/optee-os/optee-os/../build/optee-stm32mp157d-dk1/export-ta_arm32/lib/libmbedtls.a(platform_util.o)
 .debug_abbrev  0x00003e44      0x487 /home/dangcaominh/STM32MP1/optee-os/optee-os/../build/optee-stm32mp157d-dk1/export-ta_arm32/lib/libutils.a(bget_malloc.o)
 .debug_abbrev  0x000042cb      0x144 /home/dangcaominh/STM32MP1/optee-os/optee-os/../build/optee-stm32mp157d-dk1/export-ta_arm32/lib/libutils.a(snprintf.o)
 .debug_abbrev  0x0000440f       0xc6 /home/dangcaominh/STM32MP1/optee-os/optee-os/../build/optee-stm32mp157d-dk1/export-ta_arm32/lib/libutils.a(memcpy.o)
 .debug_abbrev  0x000044d5       0xb1 /home/dangcaominh/STM32MP1/optee-os/optee-os/../build/optee-stm32mp157d-dk1/export-ta_arm32/lib/libutils.a(memmove.o)
 .debug_abbrev  0x00004586       0x6f /home/dangcaominh/STM32MP1/optee-os/optee-os/../build/optee-stm32mp157d-dk1/export-ta_arm32/lib/libutils.a(strcmp.o)
 .debug_abbrev  0x000045f5       0xa5 /home/dangcaominh/STM32MP1/optee-os/optee-os/../build/optee-stm32mp157d-dk1/export-ta_arm32/lib/libutils.a(strlcpy.o)
 .debug_abbrev  0x0000469a      0x2a2 /home/dangcaominh/STM32MP1/optee-os/optee-os/../build/optee-stm32mp157d-dk1/export-ta_arm32/lib/libutils.a(mempool.o)
 .debug_abbrev  0x0000493c       0xb1 /home/dangcaominh/STM32MP1/optee-os/optee-os/../build/optee-stm32mp157d-dk1/export-ta_arm32/lib/libutils.a(consttime_memcmp.o)

.debug_loclists
                0x00000000     0xf801
 .debug_loclists
                0x00000000      0x4d1 /home/dangcaominh/STM32MP1/optee-os/optee-os/../build/optee-stm32mp157d-dk1/ta/stm32mp_nvmem/ta_stm32mp_nvmem.o
 .debug_loclists
                0x000004d1       0x62 /home/dangcaominh/STM32MP1/optee-os/optee-os/../build/optee-stm32mp157d-dk1/ta/stm32mp_nvmem/user_ta_header.o
 .debug_loclists
                0x00000533       0x43 /home/dangcaominh/STM32MP1/optee-os/optee-os/../build/optee-stm32mp157d-dk1/export-ta_arm32/lib/libutils.a(memset.o)
 .debug_loclists
                0x00000576      0x2b8 /home/dangcaominh/STM32MP1/optee-os/optee-os/../build/optee-stm32mp157d-dk1/export-ta_arm32/lib/libutils.a(trace.o)
 .debug_loclists
                0x0000082e      0xad3 /home/dangcaominh/STM32MP1/optee-os/optee-os/../build/optee-stm32mp157d-dk1/export-ta_arm32/lib/libutils.a(snprintk.o)
 .debug_loclists
                0x00001301       0xf0 /home/dangcaominh/STM32MP1/optee-os/optee-os/../build/optee-stm32mp157d-dk1/export-ta_arm32/lib/libutils.a(memchr.o)
 .debug_loclists
                0x000013f1       0x33 /home/dangcaominh/STM32MP1/optee-os/optee-os/../build/optee-stm32mp157d-dk1/export-ta_arm32/lib/libutils.a(strlen.o)
 .debug_loclists
                0x00001424      0x28e /home/dangcaominh/STM32MP1/optee-os/optee-os/../build/optee-stm32mp157d-dk1/export-ta_arm32/lib/libutils.a(arm32_aeabi_ldivmod.o)
 .debug_loclists
                0x000016b2       0x8b /home/dangcaominh/STM32MP1/optee-os/optee-os/../build/optee-stm32mp157d-dk1/export-ta_arm32/lib/libutee.a(trace_ext.o)
 .debug_loclists
                0x0000173d     0x11de /home/dangcaominh/STM32MP1/optee-os/optee-os/../build/optee-stm32mp157d-dk1/export-ta_arm32/lib/libutee.a(tee_api.o)
 .debug_loclists
                0x0000291b      0x352 /home/dangcaominh/STM32MP1/optee-os/optee-os/../build/optee-stm32mp157d-dk1/export-ta_arm32/lib/libutee.a(tee_api_panic.o)
 .debug_loclists
                0x00002c6d      0xdcb /home/dangcaominh/STM32MP1/optee-os/optee-os/../build/optee-stm32mp157d-dk1/export-ta_arm32/lib/libutee.a(tee_api_property.o)
 .debug_loclists
                0x00003a38      0x261 /home/dangcaominh/STM32MP1/optee-os/optee-os/../build/optee-stm32mp157d-dk1/export-ta_arm32/lib/libutee.a(tee_system_pta.o)
 .debug_loclists
                0x00003c99      0x72c /home/dangcaominh/STM32MP1/optee-os/optee-os/../build/optee-stm32mp157d-dk1/export-ta_arm32/lib/libutee.a(user_ta_entry.o)
 .debug_loclists
                0x000043c5      0x367 /home/dangcaominh/STM32MP1/optee-os/optee-os/../build/optee-stm32mp157d-dk1/export-ta_arm32/lib/libutee.a(base64.o)
 .debug_loclists
                0x0000472c     0x2782 /home/dangcaominh/STM32MP1/optee-os/optee-os/../build/optee-stm32mp157d-dk1/export-ta_arm32/lib/libutee.a(tee_api_arith_mpi.o)
 .debug_loclists
                0x00006eae      0x229 /home/dangcaominh/STM32MP1/optee-os/optee-os/../build/optee-stm32mp157d-dk1/export-ta_arm32/lib/libutee.a(tcb.o)
 .debug_loclists
                0x000070d7       0x8c /home/dangcaominh/STM32MP1/optee-os/optee-os/../build/optee-stm32mp157d-dk1/export-ta_arm32/lib/libutee.a(assert.o)
 .debug_loclists
                0x00007163     0x342a /home/dangcaominh/STM32MP1/optee-os/optee-os/../build/optee-stm32mp157d-dk1/export-ta_arm32/lib/libmbedtls.a(bignum.o)
 .debug_loclists
                0x0000a58d     0x23fe /home/dangcaominh/STM32MP1/optee-os/optee-os/../build/optee-stm32mp157d-dk1/export-ta_arm32/lib/libmbedtls.a(bignum_core.o)
 .debug_loclists
                0x0000c98b      0x615 /home/dangcaominh/STM32MP1/optee-os/optee-os/../build/optee-stm32mp157d-dk1/export-ta_arm32/lib/libmbedtls.a(constant_time.o)
 .debug_loclists
                0x0000cfa0       0xb6 /home/dangcaominh/STM32MP1/optee-os/optee-os/../build/optee-stm32mp157d-dk1/export-ta_arm32/lib/libmbedtls.a(platform_util.o)
 .debug_loclists
                0x0000d056     0x1f7c /home/dangcaominh/STM32MP1/optee-os/optee-os/../build/optee-stm32mp157d-dk1/export-ta_arm32/lib/libutils.a(bget_malloc.o)
 .debug_loclists
                0x0000efd2       0x9b /home/dangcaominh/STM32MP1/optee-os/optee-os/../build/optee-stm32mp157d-dk1/export-ta_arm32/lib/libutils.a(snprintf.o)
 .debug_loclists
                0x0000f06d      0x14b /home/dangcaominh/STM32MP1/optee-os/optee-os/../build/optee-stm32mp157d-dk1/export-ta_arm32/lib/libutils.a(memcpy.o)
 .debug_loclists
                0x0000f1b8      0x158 /home/dangcaominh/STM32MP1/optee-os/optee-os/../build/optee-stm32mp157d-dk1/export-ta_arm32/lib/libutils.a(memmove.o)
 .debug_loclists
                0x0000f310       0x68 /home/dangcaominh/STM32MP1/optee-os/optee-os/../build/optee-stm32mp157d-dk1/export-ta_arm32/lib/libutils.a(strcmp.o)
 .debug_loclists
                0x0000f378       0xaa /home/dangcaominh/STM32MP1/optee-os/optee-os/../build/optee-stm32mp157d-dk1/export-ta_arm32/lib/libutils.a(strlcpy.o)
 .debug_loclists
                0x0000f422      0x2f7 /home/dangcaominh/STM32MP1/optee-os/optee-os/../build/optee-stm32mp157d-dk1/export-ta_arm32/lib/libutils.a(mempool.o)
 .debug_loclists
                0x0000f719       0xe8 /home/dangcaominh/STM32MP1/optee-os/optee-os/../build/optee-stm32mp157d-dk1/export-ta_arm32/lib/libutils.a(consttime_memcmp.o)

.debug_aranges  0x00000000      0x628
 .debug_aranges
                0x00000000       0x20 /home/dangcaominh/STM32MP1/optee-os/optee-os/../build/optee-stm32mp157d-dk1/ta/stm32mp_nvmem/ta_stm32mp_nvmem.o
 .debug_aranges
                0x00000020       0x20 /home/dangcaominh/STM32MP1/optee-os/optee-os/../build/optee-stm32mp157d-dk1/ta/stm32mp_nvmem/user_ta_header.o
 .debug_aranges
                0x00000040       0x20 /home/dangcaominh/STM32MP1/optee-os/optee-os/../build/optee-stm32mp157d-dk1/ta/stm32mp_nvmem/ta_entry_a32.o
 .debug_aranges
                0x00000060       0x20 /home/dangcaominh/STM32MP1/optee-os/optee-os/../build/optee-stm32mp157d-dk1/export-ta_arm32/lib/libutils.a(stack_check.o)
 .debug_aranges
                0x00000080       0x20 /home/dangcaominh/STM32MP1/optee-os/optee-os/../build/optee-stm32mp157d-dk1/export-ta_arm32/lib/libutils.a(memset.o)
 .debug_aranges
                0x000000a0       0x20 /home/dangcaominh/STM32MP1/optee-os/optee-os/../build/optee-stm32mp157d-dk1/export-ta_arm32/lib/libutils.a(trace.o)
 .debug_aranges
                0x000000c0       0x20 /home/dangcaominh/STM32MP1/optee-os/optee-os/../build/optee-stm32mp157d-dk1/export-ta_arm32/lib/libutils.a(snprintk.o)
 .debug_aranges
                0x000000e0       0x20 /home/dangcaominh/STM32MP1/optee-os/optee-os/../build/optee-stm32mp157d-dk1/export-ta_arm32/lib/libutils.a(memchr.o)
 .debug_aranges
                0x00000100       0x20 /home/dangcaominh/STM32MP1/optee-os/optee-os/../build/optee-stm32mp157d-dk1/export-ta_arm32/lib/libutils.a(strlen.o)
 .debug_aranges
                0x00000120       0x28 /home/dangcaominh/STM32MP1/optee-os/optee-os/../build/optee-stm32mp157d-dk1/export-ta_arm32/lib/libutils.a(arm32_aeabi_ldivmod_a32.o)
 .debug_aranges
                0x00000148       0x20 /home/dangcaominh/STM32MP1/optee-os/optee-os/../build/optee-stm32mp157d-dk1/export-ta_arm32/lib/libutils.a(arm32_aeabi_ldivmod.o)
 .debug_aranges
                0x00000168       0x20 /home/dangcaominh/STM32MP1/optee-os/optee-os/../build/optee-stm32mp157d-dk1/export-ta_arm32/lib/libutee.a(trace_ext.o)
 .debug_aranges
                0x00000188       0x20 /home/dangcaominh/STM32MP1/optee-os/optee-os/../build/optee-stm32mp157d-dk1/export-ta_arm32/lib/libutee.a(tee_api.o)
 .debug_aranges
                0x000001a8       0x20 /home/dangcaominh/STM32MP1/optee-os/optee-os/../build/optee-stm32mp157d-dk1/export-ta_arm32/lib/libutee.a(tee_api_panic.o)
 .debug_aranges
                0x000001c8       0x20 /home/dangcaominh/STM32MP1/optee-os/optee-os/../build/optee-stm32mp157d-dk1/export-ta_arm32/lib/libutee.a(tee_api_property.o)
 .debug_aranges
                0x000001e8       0x20 /home/dangcaominh/STM32MP1/optee-os/optee-os/../build/optee-stm32mp157d-dk1/export-ta_arm32/lib/libutee.a(tee_system_pta.o)
 .debug_aranges
                0x00000208       0x20 /home/dangcaominh/STM32MP1/optee-os/optee-os/../build/optee-stm32mp157d-dk1/export-ta_arm32/lib/libutee.a(user_ta_entry.o)
 .debug_aranges
                0x00000228      0x1e0 /home/dangcaominh/STM32MP1/optee-os/optee-os/../build/optee-stm32mp157d-dk1/export-ta_arm32/lib/libutee.a(utee_syscalls_a32.o)
 .debug_aranges
                0x00000408       0x20 /home/dangcaominh/STM32MP1/optee-os/optee-os/../build/optee-stm32mp157d-dk1/export-ta_arm32/lib/libutee.a(abort.o)
 .debug_aranges
                0x00000428       0x20 /home/dangcaominh/STM32MP1/optee-os/optee-os/../build/optee-stm32mp157d-dk1/export-ta_arm32/lib/libutee.a(base64.o)
 .debug_aranges
                0x00000448       0x20 /home/dangcaominh/STM32MP1/optee-os/optee-os/../build/optee-stm32mp157d-dk1/export-ta_arm32/lib/libutee.a(tee_api_arith_mpi.o)
 .debug_aranges
                0x00000468       0x20 /home/dangcaominh/STM32MP1/optee-os/optee-os/../build/optee-stm32mp157d-dk1/export-ta_arm32/lib/libutee.a(tcb.o)
 .debug_aranges
                0x00000488       0x20 /home/dangcaominh/STM32MP1/optee-os/optee-os/../build/optee-stm32mp157d-dk1/export-ta_arm32/lib/libutee.a(assert.o)
 .debug_aranges
                0x000004a8       0x20 /home/dangcaominh/STM32MP1/optee-os/optee-os/../build/optee-stm32mp157d-dk1/export-ta_arm32/lib/libmbedtls.a(bignum.o)
 .debug_aranges
                0x000004c8       0x20 /home/dangcaominh/STM32MP1/optee-os/optee-os/../build/optee-stm32mp157d-dk1/export-ta_arm32/lib/libmbedtls.a(bignum_core.o)
 .debug_aranges
                0x000004e8       0x20 /home/dangcaominh/STM32MP1/optee-os/optee-os/../build/optee-stm32mp157d-dk1/export-ta_arm32/lib/libmbedtls.a(constant_time.o)
 .debug_aranges
                0x00000508       0x20 /home/dangcaominh/STM32MP1/optee-os/optee-os/../build/optee-stm32mp157d-dk1/export-ta_arm32/lib/libmbedtls.a(platform_util.o)
 .debug_aranges
                0x00000528       0x20 /home/dangcaominh/STM32MP1/optee-os/optee-os/../build/optee-stm32mp157d-dk1/export-ta_arm32/lib/libutils.a(bget_malloc.o)
 .debug_aranges
                0x00000548       0x20 /home/dangcaominh/STM32MP1/optee-os/optee-os/../build/optee-stm32mp157d-dk1/export-ta_arm32/lib/libutils.a(snprintf.o)
 .debug_aranges
                0x00000568       0x20 /home/dangcaominh/STM32MP1/optee-os/optee-os/../build/optee-stm32mp157d-dk1/export-ta_arm32/lib/libutils.a(memcpy.o)
 .debug_aranges
                0x00000588       0x20 /home/dangcaominh/STM32MP1/optee-os/optee-os/../build/optee-stm32mp157d-dk1/export-ta_arm32/lib/libutils.a(memmove.o)
 .debug_aranges
                0x000005a8       0x20 /home/dangcaominh/STM32MP1/optee-os/optee-os/../build/optee-stm32mp157d-dk1/export-ta_arm32/lib/libutils.a(strcmp.o)
 .debug_aranges
                0x000005c8       0x20 /home/dangcaominh/STM32MP1/optee-os/optee-os/../build/optee-stm32mp157d-dk1/export-ta_arm32/lib/libutils.a(strlcpy.o)
 .debug_aranges
                0x000005e8       0x20 /home/dangcaominh/STM32MP1/optee-os/optee-os/../build/optee-stm32mp157d-dk1/export-ta_arm32/lib/libutils.a(mempool.o)
 .debug_aranges
                0x00000608       0x20 /home/dangcaominh/STM32MP1/optee-os/optee-os/../build/optee-stm32mp157d-dk1/export-ta_arm32/lib/libutils.a(consttime_memcmp.o)

.debug_rnglists
                0x00000000      0xaf1
 .debug_rnglists
                0x00000000       0x77 /home/dangcaominh/STM32MP1/optee-os/optee-os/../build/optee-stm32mp157d-dk1/ta/stm32mp_nvmem/ta_stm32mp_nvmem.o
 .debug_rnglists
                0x00000077       0x13 /home/dangcaominh/STM32MP1/optee-os/optee-os/../build/optee-stm32mp157d-dk1/ta/stm32mp_nvmem/user_ta_header.o
 .debug_rnglists
                0x0000008a       0x25 /home/dangcaominh/STM32MP1/optee-os/optee-os/../build/optee-stm32mp157d-dk1/export-ta_arm32/lib/libutils.a(trace.o)
 .debug_rnglists
                0x000000af       0x17 /home/dangcaominh/STM32MP1/optee-os/optee-os/../build/optee-stm32mp157d-dk1/export-ta_arm32/lib/libutils.a(snprintk.o)
 .debug_rnglists
                0x000000c6       0x19 /home/dangcaominh/STM32MP1/optee-os/optee-os/../build/optee-stm32mp157d-dk1/export-ta_arm32/lib/libutils.a(arm32_aeabi_ldivmod_a32.o)
 .debug_rnglists
                0x000000df       0x17 /home/dangcaominh/STM32MP1/optee-os/optee-os/../build/optee-stm32mp157d-dk1/export-ta_arm32/lib/libutils.a(arm32_aeabi_ldivmod.o)
 .debug_rnglists
                0x000000f6       0x68 /home/dangcaominh/STM32MP1/optee-os/optee-os/../build/optee-stm32mp157d-dk1/export-ta_arm32/lib/libutee.a(tee_api.o)
 .debug_rnglists
                0x0000015e       0x53 /home/dangcaominh/STM32MP1/optee-os/optee-os/../build/optee-stm32mp157d-dk1/export-ta_arm32/lib/libutee.a(tee_api_panic.o)
 .debug_rnglists
                0x000001b1       0x40 /home/dangcaominh/STM32MP1/optee-os/optee-os/../build/optee-stm32mp157d-dk1/export-ta_arm32/lib/libutee.a(tee_api_property.o)
 .debug_rnglists
                0x000001f1       0x17 /home/dangcaominh/STM32MP1/optee-os/optee-os/../build/optee-stm32mp157d-dk1/export-ta_arm32/lib/libutee.a(tee_system_pta.o)
 .debug_rnglists
                0x00000208       0x69 /home/dangcaominh/STM32MP1/optee-os/optee-os/../build/optee-stm32mp157d-dk1/export-ta_arm32/lib/libutee.a(user_ta_entry.o)
 .debug_rnglists
                0x00000271      0x163 /home/dangcaominh/STM32MP1/optee-os/optee-os/../build/optee-stm32mp157d-dk1/export-ta_arm32/lib/libutee.a(utee_syscalls_a32.o)
 .debug_rnglists
                0x000003d4       0x13 /home/dangcaominh/STM32MP1/optee-os/optee-os/../build/optee-stm32mp157d-dk1/export-ta_arm32/lib/libutee.a(abort.o)
 .debug_rnglists
                0x000003e7       0x25 /home/dangcaominh/STM32MP1/optee-os/optee-os/../build/optee-stm32mp157d-dk1/export-ta_arm32/lib/libutee.a(base64.o)
 .debug_rnglists
                0x0000040c      0x13d /home/dangcaominh/STM32MP1/optee-os/optee-os/../build/optee-stm32mp157d-dk1/export-ta_arm32/lib/libutee.a(tee_api_arith_mpi.o)
 .debug_rnglists
                0x00000549       0xc6 /home/dangcaominh/STM32MP1/optee-os/optee-os/../build/optee-stm32mp157d-dk1/export-ta_arm32/lib/libmbedtls.a(bignum.o)
 .debug_rnglists
                0x0000060f      0x30b /home/dangcaominh/STM32MP1/optee-os/optee-os/../build/optee-stm32mp157d-dk1/export-ta_arm32/lib/libmbedtls.a(bignum_core.o)
 .debug_rnglists
                0x0000091a      0x126 /home/dangcaominh/STM32MP1/optee-os/optee-os/../build/optee-stm32mp157d-dk1/export-ta_arm32/lib/libmbedtls.a(constant_time.o)
 .debug_rnglists
                0x00000a40       0x97 /home/dangcaominh/STM32MP1/optee-os/optee-os/../build/optee-stm32mp157d-dk1/export-ta_arm32/lib/libutils.a(bget_malloc.o)
 .debug_rnglists
                0x00000ad7       0x1a /home/dangcaominh/STM32MP1/optee-os/optee-os/../build/optee-stm32mp157d-dk1/export-ta_arm32/lib/libutils.a(mempool.o)

.debug_macro    0x00000000    0x3063e
 .debug_macro   0x00000000      0x1cb /home/dangcaominh/STM32MP1/optee-os/optee-os/../build/optee-stm32mp157d-dk1/ta/stm32mp_nvmem/ta_stm32mp_nvmem.o
 .debug_macro   0x000001cb      0xb62 /home/dangcaominh/STM32MP1/optee-os/optee-os/../build/optee-stm32mp157d-dk1/ta/stm32mp_nvmem/ta_stm32mp_nvmem.o
 .debug_macro   0x00000d2d      0x85f /home/dangcaominh/STM32MP1/optee-os/optee-os/../build/optee-stm32mp157d-dk1/ta/stm32mp_nvmem/ta_stm32mp_nvmem.o
 .debug_macro   0x0000158c      0x119 /home/dangcaominh/STM32MP1/optee-os/optee-os/../build/optee-stm32mp157d-dk1/ta/stm32mp_nvmem/ta_stm32mp_nvmem.o
 .debug_macro   0x000016a5       0x58 /home/dangcaominh/STM32MP1/optee-os/optee-os/../build/optee-stm32mp157d-dk1/ta/stm32mp_nvmem/ta_stm32mp_nvmem.o
 .debug_macro   0x000016fd       0x22 /home/dangcaominh/STM32MP1/optee-os/optee-os/../build/optee-stm32mp157d-dk1/ta/stm32mp_nvmem/ta_stm32mp_nvmem.o
 .debug_macro   0x0000171f      0x190 /home/dangcaominh/STM32MP1/optee-os/optee-os/../build/optee-stm32mp157d-dk1/ta/stm32mp_nvmem/ta_stm32mp_nvmem.o
 .debug_macro   0x000018af       0x34 /home/dangcaominh/STM32MP1/optee-os/optee-os/../build/optee-stm32mp157d-dk1/ta/stm32mp_nvmem/ta_stm32mp_nvmem.o