/home/dangcaominh/STM32MP1/u-boot/stm32mp1-u-boot/env/env.c:128:26:arch_env_get_location	0	static
/home/dangcaominh/STM32MP1/u-boot/stm32mp1-u-boot/env/env.c:154:26:env_get_location	0	static
/home/dangcaominh/STM32MP1/u-boot/stm32mp1-u-boot/env/env.c:171:27:env_driver_lookup	8	static
/home/dangcaominh/STM32MP1/u-boot/stm32mp1-u-boot/env/env.c:189:5:env_load	24	static
/home/dangcaominh/STM32MP1/u-boot/stm32mp1-u-boot/env/env.c:249:5:env_reload	8	static
/home/dangcaominh/STM32MP1/u-boot/stm32mp1-u-boot/env/env.c:277:5:env_save	8	static
/home/dangcaominh/STM32MP1/u-boot/stm32mp1-u-boot/env/env.c:309:5:env_erase	8	static
/home/dangcaominh/STM32MP1/u-boot/stm32mp1-u-boot/env/env.c:341:5:env_init	24	static
/home/dangcaominh/STM32MP1/u-boot/stm32mp1-u-boot/env/env.c:373:5:env_select	24	static
