/home/dangcaominh/STM32MP1/u-boot/stm32mp1-u-boot/fs/fat/fat.c:33:13:downcase	8	static
/home/dangcaominh/STM32MP1/u-boot/stm32mp1-u-boot/fs/fat/fat.c:776:13:fat_itr_child	12	static
/home/dangcaominh/STM32MP1/u-boot/stm32mp1-u-boot/fs/fat/fat.c:48:12:disk_read	32	static
/home/dangcaominh/STM32MP1/u-boot/stm32mp1-u-boot/fs/fat/fat_write.c:195:12:disk_write	40	static
/home/dangcaominh/STM32MP1/u-boot/stm32mp1-u-boot/fs/fat/fat_write.c:218:12:flush_dirty_fat_buffer	24	static
/home/dangcaominh/STM32MP1/u-boot/stm32mp1-u-boot/fs/fat/fat.c:166:14:get_fatent	48	static
/home/dangcaominh/STM32MP1/u-boot/stm32mp1-u-boot/fs/fat/fat.c:251:1:get_cluster	40	dynamic
/home/dangcaominh/STM32MP1/u-boot/stm32mp1-u-boot/fs/fat/fat.c:492:1:read_bootsectandvi	24	static
/home/dangcaominh/STM32MP1/u-boot/stm32mp1-u-boot/fs/fat/fat.c:742:12:fat_itr_root	144	static
/home/dangcaominh/STM32MP1/u-boot/stm32mp1-u-boot/fs/fat/fat_write.c:579:1:set_sectors	40	dynamic
/home/dangcaominh/STM32MP1/u-boot/stm32mp1-u-boot/fs/fat/fat_write.c:655:12:flush_dir	24	static
/home/dangcaominh/STM32MP1/u-boot/stm32mp1-u-boot/fs/fat/fat_write.c:1488:12:delete_single_dentry	16	static
/home/dangcaominh/STM32MP1/u-boot/stm32mp1-u-boot/fs/fat/fat.c:1196:28:fat2rtc	8	static
/home/dangcaominh/STM32MP1/u-boot/stm32mp1-u-boot/fs/fat/fat_write.c:1290:12:normalize_longname	40	static
/home/dangcaominh/STM32MP1/u-boot/stm32mp1-u-boot/fs/fat/fat_write.c:50:12:str2fat	32	static
/home/dangcaominh/STM32MP1/u-boot/stm32mp1-u-boot/fs/fat/fat_write.c:1208:12:split_filename.isra	32	static
/home/dangcaominh/STM32MP1/u-boot/stm32mp1-u-boot/fs/fat/fat_write.c:441:12:set_fatent_value.isra	32	static
/home/dangcaominh/STM32MP1/u-boot/stm32mp1-u-boot/fs/fat/fat_write.c:865:12:clear_fatent.isra	24	static
/home/dangcaominh/STM32MP1/u-boot/stm32mp1-u-boot/fs/fat/fat_write.c:548:14:determine_fatent	16	static
/home/dangcaominh/STM32MP1/u-boot/stm32mp1-u-boot/fs/fat/fat_write.c:929:1:set_contents	112	static
/home/dangcaominh/STM32MP1/u-boot/stm32mp1-u-boot/fs/fat/fat.c:63:5:fat_set_blk_dev	24	dynamic
/home/dangcaominh/STM32MP1/u-boot/stm32mp1-u-boot/fs/fat/fat.c:92:5:fat_register_device	200	static
/home/dangcaominh/STM32MP1/u-boot/stm32mp1-u-boot/fs/fat/fat.c:810:7:fat_next_cluster	24	static
/home/dangcaominh/STM32MP1/u-boot/stm32mp1-u-boot/fs/fat/fat.c:877:19:next_dent	16	static
/home/dangcaominh/STM32MP1/u-boot/stm32mp1-u-boot/fs/fat/fat.c:962:12:fat_itr_next	48	static
/home/dangcaominh/STM32MP1/u-boot/stm32mp1-u-boot/fs/fat/fat.c:1059:12:fat_itr_resolve	32	static
/home/dangcaominh/STM32MP1/u-boot/stm32mp1-u-boot/fs/fat/fat_write.c:1184:19:find_directory_entry	16	static
/home/dangcaominh/STM32MP1/u-boot/stm32mp1-u-boot/fs/fat/fat_write.c:396:1:fill_dir_slot	672	static
/home/dangcaominh/STM32MP1/u-boot/stm32mp1-u-boot/fs/fat/fat_write.c:78:12:fat_move_to_cluster	24	static
/home/dangcaominh/STM32MP1/u-boot/stm32mp1-u-boot/fs/fat/fat_write.c:105:12:set_name	72	static
/home/dangcaominh/STM32MP1/u-boot/stm32mp1-u-boot/fs/fat/fat_write.c:263:12:fat_find_empty_dentries	56	static
/home/dangcaominh/STM32MP1/u-boot/stm32mp1-u-boot/fs/fat/fat.c:1137:5:file_fat_detectfs	120	static
/home/dangcaominh/STM32MP1/u-boot/stm32mp1-u-boot/fs/fat/fat.c:1169:5:fat_exists	64	static
/home/dangcaominh/STM32MP1/u-boot/stm32mp1-u-boot/fs/fat/fat.c:1211:5:fat_size	72	static
/home/dangcaominh/STM32MP1/u-boot/stm32mp1-u-boot/fs/fat/fat.c:1248:5:fat_read_file	112	static
/home/dangcaominh/STM32MP1/u-boot/stm32mp1-u-boot/fs/fat/fat.c:1280:5:file_fat_read	32	static
/home/dangcaominh/STM32MP1/u-boot/stm32mp1-u-boot/fs/fat/fat.c:1299:5:fat_opendir	24	static
/home/dangcaominh/STM32MP1/u-boot/stm32mp1-u-boot/fs/fat/fat.c:1327:5:fat_readdir	16	static
/home/dangcaominh/STM32MP1/u-boot/stm32mp1-u-boot/fs/fat/fat.c:1358:6:fat_closedir	8	static
/home/dangcaominh/STM32MP1/u-boot/stm32mp1-u-boot/fs/fat/fat.c:1365:6:fat_close	0	static
/home/dangcaominh/STM32MP1/u-boot/stm32mp1-u-boot/fs/fat/fat.c:1369:5:fat_uuid	120	static
/home/dangcaominh/STM32MP1/u-boot/stm32mp1-u-boot/fs/fat/fat_write.c:1312:5:file_fat_write_at	392	static
/home/dangcaominh/STM32MP1/u-boot/stm32mp1-u-boot/fs/fat/fat_write.c:1439:5:file_fat_write	40	static
/home/dangcaominh/STM32MP1/u-boot/stm32mp1-u-boot/fs/fat/fat_write.c:1566:5:fat_unlink	152	static
/home/dangcaominh/STM32MP1/u-boot/stm32mp1-u-boot/fs/fat/fat_write.c:1631:5:fat_mkdir	392	static
