/home/dangcaominh/STM32MP1/u-boot/u-boot/lib/lmb.c:88:13:lmb_remove_region	16	static
/home/dangcaominh/STM32MP1/u-boot/u-boot/lib/lmb.c:108:13:lmb_overlaps_region	20	static
/home/dangcaominh/STM32MP1/u-boot/u-boot/lib/lmb.c:24:13:lmb_dump_region	56	static
/home/dangcaominh/STM32MP1/u-boot/u-boot/lib/lmb.c:247:13:lmb_add_region_flags	48	static
/home/dangcaominh/STM32MP1/u-boot/u-boot/lib/lmb.c:43:6:lmb_dump_all_force	8	static
/home/dangcaominh/STM32MP1/u-boot/u-boot/lib/lmb.c:50:6:lmb_dump_all	0	static
/home/dangcaominh/STM32MP1/u-boot/u-boot/lib/lmb.c:124:6:lmb_init	0	static
/home/dangcaominh/STM32MP1/u-boot/u-boot/lib/lmb.c:341:6:lmb_add	0	static
/home/dangcaominh/STM32MP1/u-boot/u-boot/lib/lmb.c:348:6:lmb_free	32	static
/home/dangcaominh/STM32MP1/u-boot/u-boot/lib/lmb.c:398:6:lmb_reserve_flags	0	static
/home/dangcaominh/STM32MP1/u-boot/u-boot/lib/lmb.c:406:6:lmb_reserve	0	static
/home/dangcaominh/STM32MP1/u-boot/u-boot/lib/lmb.c:139:6:arch_lmb_reserve_generic	24	static
/home/dangcaominh/STM32MP1/u-boot/u-boot/lib/lmb.c:434:13:__lmb_alloc_base	40	static
/home/dangcaominh/STM32MP1/u-boot/u-boot/lib/lmb.c:416:13:lmb_alloc_base	16	static
/home/dangcaominh/STM32MP1/u-boot/u-boot/lib/lmb.c:411:13:lmb_alloc	0	static
/home/dangcaominh/STM32MP1/u-boot/u-boot/lib/lmb.c:479:13:lmb_alloc_addr	16	static
/home/dangcaominh/STM32MP1/u-boot/u-boot/lib/lmb.c:502:13:lmb_get_free_size	24	static
/home/dangcaominh/STM32MP1/u-boot/u-boot/lib/lmb.c:528:5:lmb_is_reserved_flags	20	static
/home/dangcaominh/STM32MP1/u-boot/u-boot/lib/lmb.c:541:5:lmb_is_reserved	0	static
/home/dangcaominh/STM32MP1/u-boot/u-boot/lib/lmb.c:546:13:board_lmb_reserve	0	static
/home/dangcaominh/STM32MP1/u-boot/u-boot/lib/lmb.c:551:13:arch_lmb_reserve	0	static
/home/dangcaominh/STM32MP1/u-boot/u-boot/lib/lmb.c:208:13:lmb_reserve_common	32	static
/home/dangcaominh/STM32MP1/u-boot/u-boot/lib/lmb.c:221:6:lmb_init_and_reserve	16	static
/home/dangcaominh/STM32MP1/u-boot/u-boot/lib/lmb.c:238:6:lmb_init_and_reserve_range	16	static
