Archive member included to satisfy reference by file (symbol)

./../build/optee-nor-stm32mp157d-ev1/lib/libfdt.a(fdt.o)
                              ./../build/optee-nor-stm32mp157d-ev1/bl2/fconf.o (fdt_check_header)
./../build/optee-nor-stm32mp157d-ev1/lib/libfdt.a(fdt_addresses.o)
                              ./../build/optee-nor-stm32mp157d-ev1/bl2/fdt_wrappers.o (fdt_address_cells)
./../build/optee-nor-stm32mp157d-ev1/lib/libfdt.a(fdt_ro.o)
                              ./../build/optee-nor-stm32mp157d-ev1/bl2/fdt_wrappers.o (fdt_get_name)
./../build/optee-nor-stm32mp157d-ev1/lib/libfdt.a(fdt_rw.o)
                              ./../build/optee-nor-stm32mp157d-ev1/lib/libfdt.a(fdt_addresses.o) (fdt_appendprop)
./../build/optee-nor-stm32mp157d-ev1/lib/libfdt.a(fdt_strerror.o)
                              ./../build/optee-nor-stm32mp157d-ev1/bl2/fdt_wrappers.o (fdt_strerror)
./../build/optee-nor-stm32mp157d-ev1/lib/libfdt.a(fdt_wip.o)
                              ./../build/optee-nor-stm32mp157d-ev1/bl2/fdt_wrappers.o (fdt_setprop_inplace_namelen_partial)
./../build/optee-nor-stm32mp157d-ev1/lib/libc.a(assert.o)
                              ./../build/optee-nor-stm32mp157d-ev1/bl2/bl2_image_load_v2.o (__assert)
./../build/optee-nor-stm32mp157d-ev1/lib/libc.a(memchr.o)
                              ./../build/optee-nor-stm32mp157d-ev1/lib/libfdt.a(fdt_ro.o) (memchr)
./../build/optee-nor-stm32mp157d-ev1/lib/libc.a(memcmp.o)
                              ./../build/optee-nor-stm32mp157d-ev1/bl2/uuid.o (memcmp)
./../build/optee-nor-stm32mp157d-ev1/lib/libc.a(memcpy.o)
                              ./../build/optee-nor-stm32mp157d-ev1/bl2/fdt_wrappers.o (memcpy)
./../build/optee-nor-stm32mp157d-ev1/lib/libc.a(memmove.o)
                              ./../build/optee-nor-stm32mp157d-ev1/bl2/xlat_tables_core.o (memmove)
./../build/optee-nor-stm32mp157d-ev1/lib/libc.a(memset.o)
                              ./../build/optee-nor-stm32mp157d-ev1/bl2/uuid.o (memset)
./../build/optee-nor-stm32mp157d-ev1/lib/libc.a(printf.o)
                              ./../build/optee-nor-stm32mp157d-ev1/bl2/tf_log.o (vprintf)
./../build/optee-nor-stm32mp157d-ev1/lib/libc.a(snprintf.o)
                              ./../build/optee-nor-stm32mp157d-ev1/bl2/stm32mp1_clk.o (snprintf)
./../build/optee-nor-stm32mp157d-ev1/lib/libc.a(strchr.o)
                              ./../build/optee-nor-stm32mp157d-ev1/bl2/fdt_wrappers.o (strchr)
./../build/optee-nor-stm32mp157d-ev1/lib/libc.a(strcmp.o)
                              ./../build/optee-nor-stm32mp157d-ev1/bl2/stm32mp_pmic.o (strcmp)
./../build/optee-nor-stm32mp157d-ev1/lib/libc.a(strlcpy.o)
                              ./../build/optee-nor-stm32mp157d-ev1/bl2/fdt_wrappers.o (strlcpy)
./../build/optee-nor-stm32mp157d-ev1/lib/libc.a(strlen.o)
                              ./../build/optee-nor-stm32mp157d-ev1/bl2/fdt_wrappers.o (strlen)
./../build/optee-nor-stm32mp157d-ev1/lib/libc.a(strncmp.o)
                              ./../build/optee-nor-stm32mp157d-ev1/bl2/fdt_wrappers.o (strncmp)
./../build/optee-nor-stm32mp157d-ev1/lib/libc.a(strnlen.o)
                              ./../build/optee-nor-stm32mp157d-ev1/bl2/uuid.o (strnlen)
./../build/optee-nor-stm32mp157d-ev1/lib/libc.a(strrchr.o)
                              ./../build/optee-nor-stm32mp157d-ev1/lib/libfdt.a(fdt_ro.o) (strrchr)

Discarded input sections

 .text          0x00000000        0x0 ./../build/optee-nor-stm32mp157d-ev1/bl2/build_message.o
 .data          0x00000000        0x0 ./../build/optee-nor-stm32mp157d-ev1/bl2/build_message.o
 .bss           0x00000000        0x0 ./../build/optee-nor-stm32mp157d-ev1/bl2/build_message.o
 .rodata.version
                0x00000000        0x8 ./../build/optee-nor-stm32mp157d-ev1/bl2/build_message.o
 .text          0x00000000        0x0 ./../build/optee-nor-stm32mp157d-ev1/bl2/bl2_arch_setup.o
 .data          0x00000000        0x0 ./../build/optee-nor-stm32mp157d-ev1/bl2/bl2_arch_setup.o
 .bss           0x00000000        0x0 ./../build/optee-nor-stm32mp157d-ev1/bl2/bl2_arch_setup.o
 .text          0x00000000        0x0 ./../build/optee-nor-stm32mp157d-ev1/bl2/bl2_image_load_v2.o
 .data          0x00000000        0x0 ./../build/optee-nor-stm32mp157d-ev1/bl2/bl2_image_load_v2.o
 .bss           0x00000000        0x0 ./../build/optee-nor-stm32mp157d-ev1/bl2/bl2_image_load_v2.o
 .text          0x00000000        0x0 ./../build/optee-nor-stm32mp157d-ev1/bl2/bl2_main.o
 .data          0x00000000        0x0 ./../build/optee-nor-stm32mp157d-ev1/bl2/bl2_main.o
 .bss           0x00000000        0x0 ./../build/optee-nor-stm32mp157d-ev1/bl2/bl2_main.o
 .text          0x00000000        0x0 ./../build/optee-nor-stm32mp157d-ev1/bl2/bl_common.o
 .data          0x00000000        0x0 ./../build/optee-nor-stm32mp157d-ev1/bl2/bl_common.o
 .bss           0x00000000        0x0 ./../build/optee-nor-stm32mp157d-ev1/bl2/bl_common.o
 .text.page_align
[...]
Memory Configuration

Name             Origin             Length             Attributes
RAM              0x2ffe9000         0x00016000         xrw
*default*        0x00000000         0xffffffff

Linker script and memory map

                0x2ffe9000                        RAM_REGION_START = ORIGIN (RAM)
                0x00016000                        RAM_REGION_LENGTH = LENGTH (RAM)
                0x2ffe9000                        . = 0x2ffe9000
                0x00000001                        ASSERT ((. == ALIGN (0x1000)), BL2_BASE address is not aligned on a page boundary.)

.ro             0x2ffe9000    0x11000
                0x2ffe9000                        __RO_START__ = .
                0x2ffe9000                        __TEXT_RESIDENT_START__ = .
 *bl2_el3_entrypoint.o(SORT_BY_ALIGNMENT(.text*))
 .text.asm.bl2_entrypoint
                0x2ffe9000      0x160 ./../build/optee-nor-stm32mp157d-ev1/bl2/bl2_el3_entrypoint.o
                0x2ffe9000                bl2_entrypoint
 *(SORT_BY_ALIGNMENT(.text.asm.*))
 .text.asm.bl2_run_next_image
                0x2ffe9160       0x48 ./../build/optee-nor-stm32mp157d-ev1/bl2/bl2_run_next_image.o
                0x2ffe9160                bl2_run_next_image
 .text.asm.asm_assert
                0x2ffe91a8       0x7c ./../build/optee-nor-stm32mp157d-ev1/bl2/debug.o
                0x2ffe91a8                asm_assert
 .text.asm.asm_print_str
                0x2ffe9224       0x1c ./../build/optee-nor-stm32mp157d-ev1/bl2/debug.o
                0x2ffe9224                asm_print_str
 .text.asm.asm_print_hex
                0x2ffe9240       0x34 ./../build/optee-nor-stm32mp157d-ev1/bl2/debug.o
                0x2ffe9240                asm_print_hex
                0x2ffe9244                asm_print_hex_bits
 .text.asm.el3_panic
                0x2ffe9274       0x3c ./../build/optee-nor-stm32mp157d-ev1/bl2/debug.o
                0x2ffe9274                el3_panic
 .text.asm.report_exception
                0x2ffe92b0       0x14 ./../build/optee-nor-stm32mp157d-ev1/bl2/debug.o
                0x2ffe92b0                report_exception
 .text.asm.report_prefetch_abort
                0x2ffe92c4       0x10 ./../build/optee-nor-stm32mp157d-ev1/bl2/debug.o
                0x2ffe92c4                report_prefetch_abort
 .text.asm.report_data_abort
                0x2ffe92d4       0x10 ./../build/optee-nor-stm32mp157d-ev1/bl2/debug.o
                0x2ffe92d4                report_data_abort
 .text.asm.console_stm32_core_init
                0x2ffe92e4       0xac ./../build/optee-nor-stm32mp157d-ev1/bl2/stm32_console.o
                0x2ffe92e4                console_stm32_core_init
 .text.asm.console_stm32_register
                0x2ffe9390       0x50 ./../build/optee-nor-stm32mp157d-ev1/bl2/stm32_console.o
                0x2ffe9390                console_stm32_register
 .text.asm.console_stm32_core_putc
                0x2ffe93e0       0x24 ./../build/optee-nor-stm32mp157d-ev1/bl2/stm32_console.o
                0x2ffe93e0                console_stm32_core_putc
 .text.asm.console_stm32_putc
                0x2ffe9404       0x20 ./../build/optee-nor-stm32mp157d-ev1/bl2/stm32_console.o
                0x2ffe9404                console_stm32_putc
 .text.asm.console_stm32_core_flush
                0x2ffe9424       0x34 ./../build/optee-nor-stm32mp157d-ev1/bl2/stm32_console.o
                0x2ffe9424                console_stm32_core_flush
 .text.asm.console_stm32_flush
                0x2ffe9458       0x20 ./../build/optee-nor-stm32mp157d-ev1/bl2/stm32_console.o
                0x2ffe9458                console_stm32_flush
 .text.asm.flush_dcache_range
                0x2ffe9478       0x3c ./../build/optee-nor-stm32mp157d-ev1/bl2/cache_helpers.o
                0x2ffe9478                flush_dcache_range
 .text.asm.clean_dcache_range
                0x2ffe94b4       0x3c ./../build/optee-nor-stm32mp157d-ev1/bl2/cache_helpers.o
                0x2ffe94b4                clean_dcache_range
 .text.asm.inv_dcache_range
                0x2ffe94f0       0x3c ./../build/optee-nor-stm32mp157d-ev1/bl2/cache_helpers.o
                0x2ffe94f0                inv_dcache_range
 .text.asm.do_dcsw_op
                0x2ffe952c       0xc8 ./../build/optee-nor-stm32mp157d-ev1/bl2/cache_helpers.o
 .text.asm.dcsw_op_all
                0x2ffe95f4       0x14 ./../build/optee-nor-stm32mp157d-ev1/bl2/cache_helpers.o
                0x2ffe95f4                dcsw_op_all
 .text.asm.zeromem
                0x2ffe9608       0x64 ./../build/optee-nor-stm32mp157d-ev1/bl2/misc_helpers.o
                0x2ffe9608                zeromem
                0x2ffe9608                zero_normalmem
 .text.asm.disable_mmu_secure
                0x2ffe966c       0x1c ./../build/optee-nor-stm32mp157d-ev1/bl2/misc_helpers.o
                0x2ffe966c                disable_mmu_secure
 .text.asm.disable_mmu_icache_secure
                0x2ffe9688        0xc ./../build/optee-nor-stm32mp157d-ev1/bl2/misc_helpers.o
                0x2ffe9688                disable_mmu_icache_secure
 .text.asm.cortex_a7_enable_smp
                0x2ffe9694       0x14 ./../build/optee-nor-stm32mp157d-ev1/bl2/cortex_a7.o
 .text.asm.cortex_a7_reset_func
                0x2ffe96a8        0x4 ./../build/optee-nor-stm32mp157d-ev1/bl2/cortex_a7.o
 .text.asm.reset_handler
                0x2ffe96ac       0x38 ./../build/optee-nor-stm32mp157d-ev1/bl2/cpu_helpers.o
                0x2ffe96ac                reset_handler
 .text.asm.get_cpu_ops_ptr
                0x2ffe96e4       0x5c ./../build/optee-nor-stm32mp157d-ev1/bl2/cpu_helpers.o
                0x2ffe96e4                get_cpu_ops_ptr
 .text.asm.spin_lock
                0x2ffe9740       0x24 ./../build/optee-nor-stm32mp157d-ev1/bl2/spinlock.o
                0x2ffe9740                spin_lock
 .text.asm.spin_unlock
                0x2ffe9764       0x18 ./../build/optee-nor-stm32mp157d-ev1/bl2/spinlock.o
                0x2ffe9764                spin_unlock
 .text.asm.enable_mmu_direct_svc_mon
                0x2ffe977c       0x80 ./../build/optee-nor-stm32mp157d-ev1/bl2/enable_mmu.o
                0x2ffe977c                enable_mmu_direct_svc_mon
 .text.asm.plat_set_my_stack
                0x2ffe97fc       0x10 ./../build/optee-nor-stm32mp157d-ev1/bl2/platform_up_stack.o
                0x2ffe97fc                plat_set_my_stack
 .text.asm.stm32_pwr_down_wfi_wrapper
                0x2ffe980c       0x88 ./../build/optee-nor-stm32mp157d-ev1/bl2/stm32mp1_critic_power_wrapper.o
                0x2ffe980c                stm32_pwr_down_wfi_wrapper
 .text.asm.platform_mem_init
                0x2ffe9894        0x4 ./../build/optee-nor-stm32mp157d-ev1/bl2/stm32mp1_helper.o
                0x2ffe9894                platform_mem_init
 .text.asm.plat_report_exception
                0x2ffe9898       0x64 ./../build/optee-nor-stm32mp157d-ev1/bl2/stm32mp1_helper.o
                0x2ffe9898                plat_report_exception
 .text.asm.plat_report_prefetch_abort
                0x2ffe98fc       0x58 ./../build/optee-nor-stm32mp157d-ev1/bl2/stm32mp1_helper.o
                0x2ffe98fc                plat_report_prefetch_abort
 .text.asm.plat_report_data_abort
                0x2ffe9954       0x58 ./../build/optee-nor-stm32mp157d-ev1/bl2/stm32mp1_helper.o
                0x2ffe9954                plat_report_data_abort
 .text.asm.plat_reset_handler
                0x2ffe99ac        0x4 ./../build/optee-nor-stm32mp157d-ev1/bl2/stm32mp1_helper.o
                0x2ffe99ac                plat_reset_handler
 .text.asm.plat_get_my_entrypoint
                0x2ffe99b0        0x8 ./../build/optee-nor-stm32mp157d-ev1/bl2/stm32mp1_helper.o
                0x2ffe99b0                plat_get_my_entrypoint
 .text.asm.plat_secondary_cold_boot_setup
                0x2ffe99b8        0x4 ./../build/optee-nor-stm32mp157d-ev1/bl2/stm32mp1_helper.o
                0x2ffe99b8                plat_secondary_cold_boot_setup
 .text.asm.plat_is_my_cpu_primary
                0x2ffe99bc       0x20 ./../build/optee-nor-stm32mp157d-ev1/bl2/stm32mp1_helper.o
                0x2ffe99bc                plat_is_my_cpu_primary
 .text.asm.plat_crash_console_init
                0x2ffe99dc       0xc0 ./../build/optee-nor-stm32mp157d-ev1/bl2/stm32mp1_helper.o
                0x2ffe99dc                plat_crash_console_init
 .text.asm.plat_crash_console_flush
                0x2ffe9a9c        0xc ./../build/optee-nor-stm32mp157d-ev1/bl2/stm32mp1_helper.o
                0x2ffe9a9c                plat_crash_console_flush
 .text.asm.plat_crash_console_putc
                0x2ffe9aa8        0xc ./../build/optee-nor-stm32mp157d-ev1/bl2/stm32mp1_helper.o
                0x2ffe9aa8                plat_crash_console_putc
 .text.asm.plat_panic_handler
                0x2ffe9ab4       0x14 ./../build/optee-nor-stm32mp157d-ev1/bl2/stm32mp1_helper.o
                0x2ffe9ab4                plat_panic_handler
                0x2ffe9ac8                        __TEXT_RESIDENT_END__ = .
 *(SORT_BY_ALIGNMENT(.text*))
 .text.bl2_load_images
                0x2ffe9ac8      0x118 ./../build/optee-nor-stm32mp157d-ev1/bl2/bl2_image_load_v2.o
                0x2ffe9ac8                bl2_load_images
 .text.bl2_main
                0x2ffe9be0       0x54 ./../build/optee-nor-stm32mp157d-ev1/bl2/bl2_main.o
                0x2ffe9be0                bl2_main
 .text.load_auth_image
                0x2ffe9c34      0x10c ./../build/optee-nor-stm32mp157d-ev1/bl2/bl_common.o
                0x2ffe9c34                load_auth_image
 .text.print_entry_point_info
                0x2ffe9d40       0x20 ./../build/optee-nor-stm32mp157d-ev1/bl2/bl_common.o
                0x2ffe9d40                print_entry_point_info
 .text.flush_bl_params_desc_args
                0x2ffe9d60       0x34 ./../build/optee-nor-stm32mp157d-ev1/bl2/desc_image_load.o
                0x2ffe9d60                flush_bl_params_desc_args
 .text.flush_bl_params_desc
                0x2ffe9d94       0x1c ./../build/optee-nor-stm32mp157d-ev1/bl2/desc_image_load.o
                0x2ffe9d94                flush_bl_params_desc
 .text.get_bl_params_node_index
                0x2ffe9db0       0x44 ./../build/optee-nor-stm32mp157d-ev1/bl2/desc_image_load.o
                0x2ffe9db0                get_bl_params_node_index
 .text.get_bl_mem_params_node
                0x2ffe9df4       0x30 ./../build/optee-nor-stm32mp157d-ev1/bl2/desc_image_load.o
                0x2ffe9df4                get_bl_mem_params_node
 .text.get_bl_load_info_from_mem_params_desc
                0x2ffe9e24       0x50 ./../build/optee-nor-stm32mp157d-ev1/bl2/desc_image_load.o
                0x2ffe9e24                get_bl_load_info_from_mem_params_desc
 .text.get_next_bl_params_from_mem_params_desc
                0x2ffe9e74       0xc0 ./../build/optee-nor-stm32mp157d-ev1/bl2/desc_image_load.o
                0x2ffe9e74                get_next_bl_params_from_mem_params_desc
 .text.populate_next_bl_params_config
                0x2ffe9f34       0x68 ./../build/optee-nor-stm32mp157d-ev1/bl2/desc_image_load.o
                0x2ffe9f34                populate_next_bl_params_config
 .text.fdt_read_uint32_array
                0x2ffe9f9c       0x70 ./../build/optee-nor-stm32mp157d-ev1/bl2/fdt_wrappers.o
                0x2ffe9f9c                fdt_read_uint32_array
 .text.fdtw_read_string
                0x2ffea00c       0x88 ./../build/optee-nor-stm32mp157d-ev1/bl2/fdt_wrappers.o
                0x2ffea00c                fdtw_read_string
 .text.fdtw_read_uuid
                0x2ffea094       0x54 ./../build/optee-nor-stm32mp157d-ev1/bl2/fdt_wrappers.o
                0x2ffea094                fdtw_read_uuid
 .text.fdt_get_reg_props_by_index
                0x2ffea0e8       0xa0 ./../build/optee-nor-stm32mp157d-ev1/bl2/fdt_wrappers.o
                0x2ffea0e8                fdt_get_reg_props_by_index
 .text.fdt_get_reg_props_by_name
                0x2ffea188       0x30 ./../build/optee-nor-stm32mp157d-ev1/bl2/fdt_wrappers.o
                0x2ffea188                fdt_get_reg_props_by_name
 .text.fdt_get_stdout_node_offset
                0x2ffea1b8       0x74 ./../build/optee-nor-stm32mp157d-ev1/bl2/fdt_wrappers.o
                0x2ffea1b8                fdt_get_stdout_node_offset
 .text.tf_log   0x2ffea22c       0x5c ./../build/optee-nor-stm32mp157d-ev1/bl2/tf_log.o
                0x2ffea22c                tf_log
 .text.read_uuid
                0x2ffea288       0xc8 ./../build/optee-nor-stm32mp157d-ev1/bl2/uuid.o
                0x2ffea288                read_uuid
 .text.tzc400_set_action
                0x2ffea350       0x24 ./../build/optee-nor-stm32mp157d-ev1/bl2/tzc400.o
                0x2ffea350                tzc400_set_action
 .text.tzc400_init
                0x2ffea374       0x5c ./../build/optee-nor-stm32mp157d-ev1/bl2/tzc400.o
                0x2ffea374                tzc400_init
 .text.tzc400_configure_region0
                0x2ffea3d0       0x2c ./../build/optee-nor-stm32mp157d-ev1/bl2/tzc400.o
                0x2ffea3d0                tzc400_configure_region0
 .text.tzc400_configure_region
                0x2ffea3fc       0xc4 ./../build/optee-nor-stm32mp157d-ev1/bl2/tzc400.o
                0x2ffea3fc                tzc400_configure_region
 .text.tzc400_update_filters
                0x2ffea4c0       0x44 ./../build/optee-nor-stm32mp157d-ev1/bl2/tzc400.o
                0x2ffea4c0                tzc400_update_filters
 .text.tzc400_enable_filters
                0x2ffea504       0x68 ./../build/optee-nor-stm32mp157d-ev1/bl2/tzc400.o
                0x2ffea504                tzc400_enable_filters
 .text.tzc400_disable_filters
                0x2ffea56c       0x50 ./../build/optee-nor-stm32mp157d-ev1/bl2/tzc400.o
                0x2ffea56c                tzc400_disable_filters
 .text.clk_enable
                0x2ffea5bc       0x24 ./../build/optee-nor-stm32mp157d-ev1/bl2/clk.o
                0x2ffea5bc                clk_enable
 .text.clk_disable
                0x2ffea5e0       0x24 ./../build/optee-nor-stm32mp157d-ev1/bl2/clk.o
                0x2ffea5e0                clk_disable
 .text.clk_get_rate
                0x2ffea604       0x24 ./../build/optee-nor-stm32mp157d-ev1/bl2/clk.o
                0x2ffea604                clk_get_rate
 .text.clk_is_enabled
                0x2ffea628       0x24 ./../build/optee-nor-stm32mp157d-ev1/bl2/clk.o
                0x2ffea628                clk_is_enabled
 .text.clk_register
                0x2ffea64c       0x30 ./../build/optee-nor-stm32mp157d-ev1/bl2/clk.o
                0x2ffea64c                clk_register
 .text.console_is_registered
                0x2ffea67c       0x28 ./../build/optee-nor-stm32mp157d-ev1/bl2/multi_console.o
                0x2ffea67c                console_is_registered
 .text.console_register
                0x2ffea6a4       0x40 ./../build/optee-nor-stm32mp157d-ev1/bl2/multi_console.o
                0x2ffea6a4                console_register
 .text.console_set_scope
                0x2ffea6e4       0x1c ./../build/optee-nor-stm32mp157d-ev1/bl2/multi_console.o
                0x2ffea6e4                console_set_scope
 .text.console_putc
                0x2ffea700       0x58 ./../build/optee-nor-stm32mp157d-ev1/bl2/multi_console.o
                0x2ffea700                console_putc
 .text.console_flush
                0x2ffea758       0x28 ./../build/optee-nor-stm32mp157d-ev1/bl2/multi_console.o
                0x2ffea758                console_flush
 .text.udelay   0x2ffea780       0x70 ./../build/optee-nor-stm32mp157d-ev1/bl2/delay_timer.o
                0x2ffea780                udelay
 .text.timer_init
                0x2ffea7f0       0x28 ./../build/optee-nor-stm32mp157d-ev1/bl2/delay_timer.o
                0x2ffea7f0                timer_init
 .text.generic_delay_timer_init_args
                0x2ffea818       0x18 ./../build/optee-nor-stm32mp157d-ev1/bl2/generic_delay_timer.o
                0x2ffea818                generic_delay_timer_init_args
 .text.generic_delay_timer_init
                0x2ffea830       0x54 ./../build/optee-nor-stm32mp157d-ev1/bl2/generic_delay_timer.o
                0x2ffea830                generic_delay_timer_init
 .text.fwu_metadata_load
                0x2ffea884      0x178 ./../build/optee-nor-stm32mp157d-ev1/bl2/fwu.o
 .text.fwu_get_alternate_boot_bank
                0x2ffea9fc       0x90 ./../build/optee-nor-stm32mp157d-ev1/bl2/fwu.o
                0x2ffea9fc                fwu_get_alternate_boot_bank
 .text.fwu_get_metadata
                0x2ffeaa8c       0x24 ./../build/optee-nor-stm32mp157d-ev1/bl2/fwu.o
                0x2ffeaa8c                fwu_get_metadata
 .text.fwu_init
                0x2ffeaab0       0x48 ./../build/optee-nor-stm32mp157d-ev1/bl2/fwu.o
                0x2ffeaab0                fwu_init
 .text.fip_file_close
                0x2ffeaaf8       0x20 ./../build/optee-nor-stm32mp157d-ev1/bl2/io_fip.o
 .text.fip_dev_init
                0x2ffeab18       0x9c ./../build/optee-nor-stm32mp157d-ev1/bl2/io_fip.o
 .text.fip_file_read
                0x2ffeabb4       0xb4 ./../build/optee-nor-stm32mp157d-ev1/bl2/io_fip.o
 .text.fip_file_len
                0x2ffeac68       0x24 ./../build/optee-nor-stm32mp157d-ev1/bl2/io_fip.o
 .text.fip_file_open
                0x2ffeac8c       0xf0 ./../build/optee-nor-stm32mp157d-ev1/bl2/io_fip.o
 .text.fip_dev_close
                0x2ffead7c       0x50 ./../build/optee-nor-stm32mp157d-ev1/bl2/io_fip.o
 .text.fip_dev_open
                0x2ffeadcc       0x4c ./../build/optee-nor-stm32mp157d-ev1/bl2/io_fip.o
 .text.register_io_dev_fip
                0x2ffeae18       0x2c ./../build/optee-nor-stm32mp157d-ev1/bl2/io_fip.o
                0x2ffeae18                register_io_dev_fip
 .text.mtd_read
                0x2ffeae44       0x84 ./../build/optee-nor-stm32mp157d-ev1/bl2/io_mtd.o
 .text.mtd_add_extra_offset.constprop.0
                0x2ffeaec8       0x2c ./../build/optee-nor-stm32mp157d-ev1/bl2/io_mtd.o
 .text.mtd_open
                0x2ffeaef4       0x44 ./../build/optee-nor-stm32mp157d-ev1/bl2/io_mtd.o
 .text.mtd_seek
                0x2ffeaf38       0x84 ./../build/optee-nor-stm32mp157d-ev1/bl2/io_mtd.o
 .text.mtd_dev_close
                0x2ffeafbc       0x3c ./../build/optee-nor-stm32mp157d-ev1/bl2/io_mtd.o
 .text.mtd_dev_open
                0x2ffeaff8       0x4c ./../build/optee-nor-stm32mp157d-ev1/bl2/io_mtd.o
 .text.register_io_dev_mtd
                0x2ffeb044       0x1c ./../build/optee-nor-stm32mp157d-ev1/bl2/io_mtd.o
                0x2ffeb044                register_io_dev_mtd
 .text.free_entity.isra.0
                0x2ffeb060       0x40 ./../build/optee-nor-stm32mp157d-ev1/bl2/io_storage.o
 .text.io_register_device
                0x2ffeb0a0       0x28 ./../build/optee-nor-stm32mp157d-ev1/bl2/io_storage.o
                0x2ffeb0a0                io_register_device
 .text.io_dev_open
                0x2ffeb0c8       0x28 ./../build/optee-nor-stm32mp157d-ev1/bl2/io_storage.o
                0x2ffeb0c8                io_dev_open
 .text.io_dev_init
                0x2ffeb0f0       0x34 ./../build/optee-nor-stm32mp157d-ev1/bl2/io_storage.o
                0x2ffeb0f0                io_dev_init
 .text.io_dev_close
                0x2ffeb124       0x30 ./../build/optee-nor-stm32mp157d-ev1/bl2/io_storage.o
                0x2ffeb124                io_dev_close
 .text.io_open  0x2ffeb154       0x94 ./../build/optee-nor-stm32mp157d-ev1/bl2/io_storage.o
                0x2ffeb154                io_open
 .text.io_seek  0x2ffeb1e8       0x4c ./../build/optee-nor-stm32mp157d-ev1/bl2/io_storage.o
                0x2ffeb1e8                io_seek
 .text.io_size  0x2ffeb234       0x34 ./../build/optee-nor-stm32mp157d-ev1/bl2/io_storage.o
                0x2ffeb234                io_size
 .text.io_read  0x2ffeb268       0x48 ./../build/optee-nor-stm32mp157d-ev1/bl2/io_storage.o
                0x2ffeb268                io_read
 .text.io_close
                0x2ffeb2b0       0x30 ./../build/optee-nor-stm32mp157d-ev1/bl2/io_storage.o
                0x2ffeb2b0                io_close
 .text.spi_nor_clean_bar
                0x2ffeb2e0       0x30 ./../build/optee-nor-stm32mp157d-ev1/bl2/spi_nor.o
 .text.spi_nor_wait_ready
                0x2ffeb310       0x80 ./../build/optee-nor-stm32mp157d-ev1/bl2/spi_nor.o
 .text.spi_nor_read
                0x2ffeb390       0xb0 ./../build/optee-nor-stm32mp157d-ev1/bl2/spi_nor.o
                0x2ffeb390                spi_nor_read
 .text.spi_nor_init
                0x2ffeb440      0x274 ./../build/optee-nor-stm32mp157d-ev1/bl2/spi_nor.o
                0x2ffeb440                spi_nor_init
 .text.spi_nor_reset
                0x2ffeb6b4       0x84 ./../build/optee-nor-stm32mp157d-ev1/bl2/spi_nor.o
                0x2ffeb6b4                spi_nor_reset
 .text.spi_mem_check_buswidth_req
                0x2ffeb738       0x54 ./../build/optee-nor-stm32mp157d-ev1/bl2/spi_mem.o
 .text.spi_mem_supports_op
                0x2ffeb78c       0x14 ./../build/optee-nor-stm32mp157d-ev1/bl2/spi_mem.o
 .text.spi_mem_exec_op
                0x2ffeb7a0       0x48 ./../build/optee-nor-stm32mp157d-ev1/bl2/spi_mem.o
                0x2ffeb7a0                spi_mem_exec_op
 .text.spi_mem_dirmap_read
                0x2ffeb7e8       0x64 ./../build/optee-nor-stm32mp157d-ev1/bl2/spi_mem.o
                0x2ffeb7e8                spi_mem_dirmap_read
 .text.spi_mem_init_slave
                0x2ffeb84c      0x1f0 ./../build/optee-nor-stm32mp157d-ev1/bl2/spi_mem.o
                0x2ffeb84c                spi_mem_init_slave
 .text.is_otp_invalid_mode
                0x2ffeba3c       0x28 ./../build/optee-nor-stm32mp157d-ev1/bl2/bsec2.o
 .text.bsec_lock
                0x2ffeba64       0x18 ./../build/optee-nor-stm32mp157d-ev1/bl2/bsec2.o
 .text.bsec_unlock
                0x2ffeba7c       0x18 ./../build/optee-nor-stm32mp157d-ev1/bl2/bsec2.o
 .text.bsec_power_safmem
                0x2ffeba94       0x58 ./../build/optee-nor-stm32mp157d-ev1/bl2/bsec2.o
 .text.otp_bank_offset
                0x2ffebaec       0x18 ./../build/optee-nor-stm32mp157d-ev1/bl2/bsec2.o
 .text.bsec_check_error
                0x2ffebb04       0x34 ./../build/optee-nor-stm32mp157d-ev1/bl2/bsec2.o
 .text.bsec_probe
                0x2ffebb38       0x3c ./../build/optee-nor-stm32mp157d-ev1/bl2/bsec2.o
                0x2ffebb38                bsec_probe
 .text.bsec_read_debug_conf
                0x2ffebb74        0xc ./../build/optee-nor-stm32mp157d-ev1/bl2/bsec2.o
                0x2ffebb74                bsec_read_debug_conf
 .text.bsec_read_sr_lock
                0x2ffebb80       0x34 ./../build/optee-nor-stm32mp157d-ev1/bl2/bsec2.o
                0x2ffebb80                bsec_read_sr_lock
 .text.bsec_read_sw_lock
                0x2ffebbb4       0x34 ./../build/optee-nor-stm32mp157d-ev1/bl2/bsec2.o
                0x2ffebbb4                bsec_read_sw_lock
 .text.bsec_write_otp
                0x2ffebbe8       0x4c ./../build/optee-nor-stm32mp157d-ev1/bl2/bsec2.o
                0x2ffebbe8                bsec_write_otp
 .text.bsec_read_sp_lock
                0x2ffebc34       0x34 ./../build/optee-nor-stm32mp157d-ev1/bl2/bsec2.o
                0x2ffebc34                bsec_read_sp_lock
 .text.bsec_program_otp
                0x2ffebc68       0xf0 ./../build/optee-nor-stm32mp157d-ev1/bl2/bsec2.o
                0x2ffebc68                bsec_program_otp
 .text.bsec_shadow_read_otp
                0x2ffebd58       0xb8 ./../build/optee-nor-stm32mp157d-ev1/bl2/bsec2.o
                0x2ffebd58                bsec_shadow_read_otp
 .text.stm32mp1_check_pll_conf
                0x2ffebe10       0xfc ./../build/optee-nor-stm32mp157d-ev1/bl2/stm32mp1_clk.o
 .text.stm32mp1_pll_config_output
                0x2ffebf0c       0x34 ./../build/optee-nor-stm32mp157d-ev1/bl2/stm32mp1_clk.o
 .text.stm32mp1_clk_get_gated_id
                0x2ffebf40       0x34 ./../build/optee-nor-stm32mp157d-ev1/bl2/stm32mp1_clk.o
 .text.stm32mp1_clk_get_parent
                0x2ffebf74       0x78 ./../build/optee-nor-stm32mp157d-ev1/bl2/stm32mp1_clk.o
 .text.stm32mp_clk_is_enabled
                0x2ffebfec       0x40 ./../build/optee-nor-stm32mp157d-ev1/bl2/stm32mp1_clk.o
 .text.stm32mp_clk_disable
                0x2ffec02c       0x90 ./../build/optee-nor-stm32mp157d-ev1/bl2/stm32mp1_clk.o
 .text.stm32mp_clk_enable
                0x2ffec0bc       0x8c ./../build/optee-nor-stm32mp157d-ev1/bl2/stm32mp1_clk.o
 .text.stm32_clk_configure_mux
                0x2ffec148       0x90 ./../build/optee-nor-stm32mp157d-ev1/bl2/stm32mp1_clk.o
 .text.stm32mp1_read_pll_freq
                0x2ffec1d8       0xac ./../build/optee-nor-stm32mp157d-ev1/bl2/stm32mp1_clk.o
 .text.stm32mp_clk_get_rate
                0x2ffec284      0x204 ./../build/optee-nor-stm32mp157d-ev1/bl2/stm32mp1_clk.o
 .text.stm32mp1_osc_wait.isra.0
                0x2ffec488       0x54 ./../build/optee-nor-stm32mp157d-ev1/bl2/stm32mp1_clk.o
 .text.clk_stm32_set_div
                0x2ffec4dc       0x94 ./../build/optee-nor-stm32mp157d-ev1/bl2/stm32mp1_clk.o
                0x2ffec4dc                clk_stm32_set_div
 .text.stm32mp1_clk_rcc_regs_lock
                0x2ffec570        0xc ./../build/optee-nor-stm32mp157d-ev1/bl2/stm32mp1_clk.o
                0x2ffec570                stm32mp1_clk_rcc_regs_lock
 .text.stm32mp1_clk_rcc_regs_unlock
                0x2ffec57c        0xc ./../build/optee-nor-stm32mp157d-ev1/bl2/stm32mp1_clk.o
                0x2ffec57c                stm32mp1_clk_rcc_regs_unlock
 .text.stm32mp1_clk_init
                0x2ffec588      0x944 ./../build/optee-nor-stm32mp157d-ev1/bl2/stm32mp1_clk.o
                0x2ffec588                stm32mp1_clk_init
 .text.stm32mp1_clk_probe
                0x2ffececc      0x214 ./../build/optee-nor-stm32mp157d-ev1/bl2/stm32mp1_clk.o
                0x2ffececc                stm32mp1_clk_probe
 .text.fdt_osc_read_freq
                0x2ffed0e0       0x8c ./../build/optee-nor-stm32mp157d-ev1/bl2/stm32mp_clkfunc.o
                0x2ffed0e0                fdt_osc_read_freq
 .text.fdt_clk_read_bool
                0x2ffed16c       0x68 ./../build/optee-nor-stm32mp157d-ev1/bl2/stm32mp_clkfunc.o
                0x2ffed16c                fdt_clk_read_bool
 .text.fdt_clk_read_uint32_default
                0x2ffed1d4       0x64 ./../build/optee-nor-stm32mp157d-ev1/bl2/stm32mp_clkfunc.o
                0x2ffed1d4                fdt_clk_read_uint32_default
 .text.fdt_get_clock_id
                0x2ffed238       0x34 ./../build/optee-nor-stm32mp157d-ev1/bl2/stm32mp_clkfunc.o
                0x2ffed238                fdt_get_clock_id
 .text.stm32mp_stgen_config
                0x2ffed26c       0x4c ./../build/optee-nor-stm32mp157d-ev1/bl2/stm32mp_clkfunc.o
                0x2ffed26c                stm32mp_stgen_config
 .text.stm32mp_stgen_restore_rate
                0x2ffed2b8       0x10 ./../build/optee-nor-stm32mp157d-ev1/bl2/stm32mp_clkfunc.o
                0x2ffed2b8                stm32mp_stgen_restore_rate
 .text.stm32mp1_ddr_init
                0x2ffed2c8      0x4b4 ./../build/optee-nor-stm32mp157d-ev1/bl2/stm32mp1_ddr.o
                0x2ffed2c8                stm32mp1_ddr_init
 .text.ddr_sw_self_refresh_exit
                0x2ffed77c      0x1e4 ./../build/optee-nor-stm32mp157d-ev1/bl2/stm32mp1_ddr_helpers.o
                0x2ffed77c                ddr_sw_self_refresh_exit
 .text.ddr_read_sr_mode
                0x2ffed960       0x18 ./../build/optee-nor-stm32mp157d-ev1/bl2/stm32mp1_ddr_helpers.o
                0x2ffed960                ddr_read_sr_mode
 .text.ddr_set_sr_mode
                0x2ffed978      0x1f0 ./../build/optee-nor-stm32mp157d-ev1/bl2/stm32mp1_ddr_helpers.o
                0x2ffed978                ddr_set_sr_mode
 .text.stm32mp1_ddr_setup
                0x2ffedb68      0x154 ./../build/optee-nor-stm32mp157d-ev1/bl2/stm32mp1_ram.o
 .text.stm32mp1_ddr_clk_enable
                0x2ffedcbc       0x48 ./../build/optee-nor-stm32mp157d-ev1/bl2/stm32mp1_ram.o
                0x2ffedcbc                stm32mp1_ddr_clk_enable
 .text.stm32mp1_ddr_is_restored
                0x2ffedd04        0xc ./../build/optee-nor-stm32mp157d-ev1/bl2/stm32mp1_ram.o
                0x2ffedd04                stm32mp1_ddr_is_restored
 .text.stm32mp1_ddr_probe
                0x2ffedd10       0x3c ./../build/optee-nor-stm32mp157d-ev1/bl2/stm32mp1_ram.o
                0x2ffedd10                stm32mp1_ddr_probe
 .text.stm32mp_ddr_set_reg
                0x2ffedd4c       0x48 ./../build/optee-nor-stm32mp157d-ev1/bl2/stm32mp_ddr.o
                0x2ffedd4c                stm32mp_ddr_set_reg
 .text.stm32mp_ddr_sw_selfref_entry
                0x2ffedd94       0x58 ./../build/optee-nor-stm32mp157d-ev1/bl2/stm32mp_ddr.o
                0x2ffedd94                stm32mp_ddr_sw_selfref_entry
 .text.stm32mp_ddr_set_qd3_update_conditions
                0x2ffeddec       0x4c ./../build/optee-nor-stm32mp157d-ev1/bl2/stm32mp_ddr.o
                0x2ffeddec                stm32mp_ddr_set_qd3_update_conditions
 .text.stm32mp_ddr_unset_qd3_update_conditions
                0x2ffede38       0x38 ./../build/optee-nor-stm32mp157d-ev1/bl2/stm32mp_ddr.o
                0x2ffede38                stm32mp_ddr_unset_qd3_update_conditions
 .text.stm32mp_ddr_dt_get_info
                0x2ffede70       0x50 ./../build/optee-nor-stm32mp157d-ev1/bl2/stm32mp_ram.o
                0x2ffede70                stm32mp_ddr_dt_get_info
 .text.stm32mp_ddr_dt_get_param
                0x2ffedec0       0x54 ./../build/optee-nor-stm32mp157d-ev1/bl2/stm32mp_ram.o
                0x2ffedec0                stm32mp_ddr_dt_get_param
 .text.set_gpio.isra.0
                0x2ffedf14       0xf0 ./../build/optee-nor-stm32mp157d-ev1/bl2/stm32_gpio.o
 .text.dt_set_pinctrl_config
                0x2ffee004      0x240 ./../build/optee-nor-stm32mp157d-ev1/bl2/stm32_gpio.o
                0x2ffee004                dt_set_pinctrl_config
 .text.i2c_transfer_config.isra.0
                0x2ffee244       0x2c ./../build/optee-nor-stm32mp157d-ev1/bl2/stm32_i2c.o
 .text.i2c_read.isra.0
                0x2ffee270      0x1f0 ./../build/optee-nor-stm32mp157d-ev1/bl2/stm32_i2c.o
 .text.i2c_write
                0x2ffee460      0x218 ./../build/optee-nor-stm32mp157d-ev1/bl2/stm32_i2c.o
 .text.stm32_i2c_get_setup_from_fdt
                0x2ffee678       0x64 ./../build/optee-nor-stm32mp157d-ev1/bl2/stm32_i2c.o
                0x2ffee678                stm32_i2c_get_setup_from_fdt
 .text.stm32_i2c_init
                0x2ffee6dc      0x434 ./../build/optee-nor-stm32mp157d-ev1/bl2/stm32_i2c.o
                0x2ffee6dc                stm32_i2c_init
 .text.stm32_i2c_is_device_ready
                0x2ffeeb10      0x130 ./../build/optee-nor-stm32mp157d-ev1/bl2/stm32_i2c.o
                0x2ffeeb10                stm32_i2c_is_device_ready
 .text.fdt_get_clk_by_name
                0x2ffeec40       0x4c ./../build/optee-nor-stm32mp157d-ev1/bl2/stm32_iwdg.o
 .text.stm32_iwdg_refresh
                0x2ffeec8c       0x40 ./../build/optee-nor-stm32mp157d-ev1/bl2/stm32_iwdg.o
                0x2ffeec8c                stm32_iwdg_refresh
 .text.stm32_iwdg_init
                0x2ffeeccc      0x184 ./../build/optee-nor-stm32mp157d-ev1/bl2/stm32_iwdg.o
                0x2ffeeccc                stm32_iwdg_init
 .text.nvmem_driver_register
                0x2ffeee50       0x24 ./../build/optee-nor-stm32mp157d-ev1/bl2/nvmem.o
                0x2ffeee50                nvmem_driver_register
 .text.nvmem_get_cell_by_index
                0x2ffeee74       0x90 ./../build/optee-nor-stm32mp157d-ev1/bl2/nvmem.o
                0x2ffeee74                nvmem_get_cell_by_index
 .text.nvmem_get_cell_by_name
                0x2ffeef04       0x2c ./../build/optee-nor-stm32mp157d-ev1/bl2/nvmem.o
                0x2ffeef04                nvmem_get_cell_by_name
 .text.stm32_tamp_nvram_write_bkp
                0x2ffeef30       0x68 ./../build/optee-nor-stm32mp157d-ev1/bl2/stm32mp_tamp_nvram_core.o
 .text.stm32_tamp_nvram_read_bkp.constprop.0.isra.0
                0x2ffeef98       0x68 ./../build/optee-nor-stm32mp157d-ev1/bl2/stm32mp_tamp_nvram_core.o
 .text.stm32_tamp_nvram_read_cell
                0x2ffef000       0xa4 ./../build/optee-nor-stm32mp157d-ev1/bl2/stm32mp_tamp_nvram_core.o
 .text.stm32_tamp_nvram_write_cell
                0x2ffef0a4       0xc4 ./../build/optee-nor-stm32mp157d-ev1/bl2/stm32mp_tamp_nvram_core.o
 .text.stm32_tamp_nvram_update_rights
                0x2ffef168       0xc4 ./../build/optee-nor-stm32mp157d-ev1/bl2/stm32mp_tamp_nvram_core.o
                0x2ffef168                stm32_tamp_nvram_update_rights
 .text.stm32_tamp_nvram_init
                0x2ffef22c       0xc4 ./../build/optee-nor-stm32mp157d-ev1/bl2/stm32mp_tamp_nvram_core.o
                0x2ffef22c                stm32_tamp_nvram_init
 .text.stm32_tamp_nvram_get_cdata
                0x2ffef2f0        0x8 ./../build/optee-nor-stm32mp157d-ev1/bl2/stm32mp_tamp_nvram_mp1.o
                0x2ffef2f0                stm32_tamp_nvram_get_cdata
 .text.stm32_tamp_nvram_get_access_rights
                0x2ffef2f8        0x8 ./../build/optee-nor-stm32mp157d-ev1/bl2/stm32mp_tamp_nvram_mp1.o
                0x2ffef2f8                stm32_tamp_nvram_get_access_rights
 .text.dt_get_pmic_node
                0x2ffef300       0x24 ./../build/optee-nor-stm32mp157d-ev1/bl2/stm32mp_pmic.o
 .text.handle_pmic_property
                0x2ffef324       0x30 ./../build/optee-nor-stm32mp157d-ev1/bl2/stm32mp_pmic.o
 .text.dt_pmic_status
                0x2ffef354       0x34 ./../build/optee-nor-stm32mp157d-ev1/bl2/stm32mp_pmic.o
                0x2ffef354                dt_pmic_status
 .text.initialize_pmic_i2c
                0x2ffef388      0x10c ./../build/optee-nor-stm32mp157d-ev1/bl2/stm32mp_pmic.o
                0x2ffef388                initialize_pmic_i2c
 .text.initialize_pmic
                0x2ffef494      0x114 ./../build/optee-nor-stm32mp157d-ev1/bl2/stm32mp_pmic.o
                0x2ffef494                initialize_pmic
 .text.print_pmic_info_and_debug
                0x2ffef5a8       0x30 ./../build/optee-nor-stm32mp157d-ev1/bl2/stm32mp_pmic.o
                0x2ffef5a8                print_pmic_info_and_debug
 .text.get_regulator_data
                0x2ffef5d8       0x44 ./../build/optee-nor-stm32mp157d-ev1/bl2/stpmic1.o
 .text.stpmic1_regulator_levels_mv
                0x2ffef61c       0x40 ./../build/optee-nor-stm32mp157d-ev1/bl2/stpmic1.o
                0x2ffef61c                stpmic1_regulator_levels_mv
 .text.stpmic1_register_read
                0x2ffef65c       0x28 ./../build/optee-nor-stm32mp157d-ev1/bl2/stpmic1.o
                0x2ffef65c                stpmic1_register_read
 .text.stpmic1_regulator_voltage_get
                0x2ffef684       0x90 ./../build/optee-nor-stm32mp157d-ev1/bl2/stpmic1.o
                0x2ffef684                stpmic1_regulator_voltage_get
 .text.stpmic1_register_write
                0x2ffef714       0x60 ./../build/optee-nor-stm32mp157d-ev1/bl2/stpmic1.o
                0x2ffef714                stpmic1_register_write
 .text.stpmic1_regulator_voltage_set
                0x2ffef774       0x98 ./../build/optee-nor-stm32mp157d-ev1/bl2/stpmic1.o
                0x2ffef774                stpmic1_regulator_voltage_set
 .text.stpmic1_regulator_sink_mode_set
                0x2ffef80c       0x30 ./../build/optee-nor-stm32mp157d-ev1/bl2/stpmic1.o
                0x2ffef80c                stpmic1_regulator_sink_mode_set
 .text.stpmic1_regulator_bypass_mode_set
                0x2ffef83c       0x30 ./../build/optee-nor-stm32mp157d-ev1/bl2/stpmic1.o
                0x2ffef83c                stpmic1_regulator_bypass_mode_set
 .text.stpmic1_active_discharge_mode_set
                0x2ffef86c       0x3c ./../build/optee-nor-stm32mp157d-ev1/bl2/stpmic1.o
                0x2ffef86c                stpmic1_active_discharge_mode_set
 .text.stpmic1_bind_i2c
                0x2ffef8a8       0x14 ./../build/optee-nor-stm32mp157d-ev1/bl2/stpmic1.o
                0x2ffef8a8                stpmic1_bind_i2c
 .text.regulator_get_by_supply_name
                0x2ffef8bc       0x74 ./../build/optee-nor-stm32mp157d-ev1/bl2/regulator_core.o
                0x2ffef8bc                regulator_get_by_supply_name
 .text.regulator_enable
                0x2ffef930       0x30 ./../build/optee-nor-stm32mp157d-ev1/bl2/regulator_core.o
                0x2ffef930                regulator_enable
 .text.regulator_get_voltage
                0x2ffef960       0x4c ./../build/optee-nor-stm32mp157d-ev1/bl2/regulator_core.o
                0x2ffef960                regulator_get_voltage
 .text.regulator_set_voltage
                0x2ffef9ac       0x6c ./../build/optee-nor-stm32mp157d-ev1/bl2/regulator_core.o
                0x2ffef9ac                regulator_set_voltage
 .text.regulator_list_voltages
                0x2ffefa18       0xe0 ./../build/optee-nor-stm32mp157d-ev1/bl2/regulator_core.o
                0x2ffefa18                regulator_list_voltages
 .text.regulator_get_range
                0x2ffefaf8       0x20 ./../build/optee-nor-stm32mp157d-ev1/bl2/regulator_core.o
                0x2ffefaf8                regulator_get_range
 .text.regulator_register
                0x2ffefb18      0x180 ./../build/optee-nor-stm32mp157d-ev1/bl2/regulator_core.o
                0x2ffefb18                regulator_register
 .text.fixed_regulator_register
                0x2ffefc98       0xc8 ./../build/optee-nor-stm32mp157d-ev1/bl2/regulator_fixed.o
                0x2ffefc98                fixed_regulator_register
 .text.stm32mp_reset_assert
                0x2ffefd60       0x60 ./../build/optee-nor-stm32mp157d-ev1/bl2/stm32mp1_reset.o
                0x2ffefd60                stm32mp_reset_assert
 .text.stm32mp_reset_deassert
                0x2ffefdc0       0x60 ./../build/optee-nor-stm32mp157d-ev1/bl2/stm32mp1_reset.o
                0x2ffefdc0                stm32mp_reset_deassert
 .text.stm32_qspi_claim_bus
                0x2ffefe20       0x28 ./../build/optee-nor-stm32mp157d-ev1/bl2/stm32_qspi.o
 .text.stm32_qspi_release_bus
                0x2ffefe48       0x14 ./../build/optee-nor-stm32mp157d-ev1/bl2/stm32_qspi.o
 .text.stm32_qspi_wait_for_not_busy
                0x2ffefe5c       0x58 ./../build/optee-nor-stm32mp157d-ev1/bl2/stm32_qspi.o
 .text.stm32_qspi_set_mode
                0x2ffefeb4       0x3c ./../build/optee-nor-stm32mp157d-ev1/bl2/stm32_qspi.o
 .text.stm32_qspi_set_speed
                0x2ffefef0       0x6c ./../build/optee-nor-stm32mp157d-ev1/bl2/stm32_qspi.o
 .text.stm32_qspi_exec_op
                0x2ffeff5c      0x220 ./../build/optee-nor-stm32mp157d-ev1/bl2/stm32_qspi.o
 .text.stm32_qspi_init
                0x2fff017c       0xd4 ./../build/optee-nor-stm32mp157d-ev1/bl2/stm32_qspi.o
                0x2fff017c                stm32_qspi_init
 .text.fconf_populate
                0x2fff0250       0x88 ./../build/optee-nor-stm32mp157d-ev1/bl2/fconf.o
                0x2fff0250                fconf_populate
 .text.set_config_info
                0x2fff02d8       0x40 ./../build/optee-nor-stm32mp157d-ev1/bl2/fconf_dyn_cfg_getter.o
                0x2fff02d8                set_config_info
 .text.fconf_populate_dtb_registry
                0x2fff0318      0x10c ./../build/optee-nor-stm32mp157d-ev1/bl2/fconf_dyn_cfg_getter.o
                0x2fff0318                fconf_populate_dtb_registry
 .text.dyn_cfg_dtb_info_get_index
                0x2fff0424       0x20 ./../build/optee-nor-stm32mp157d-ev1/bl2/fconf_dyn_cfg_getter.o
                0x2fff0424                dyn_cfg_dtb_info_get_index
 .text.dyn_cfg_dtb_info_getter
                0x2fff0444       0x28 ./../build/optee-nor-stm32mp157d-ev1/bl2/fconf_dyn_cfg_getter.o
                0x2fff0444                dyn_cfg_dtb_info_getter
 .text.parse_optee_image
                0x2fff046c       0x60 ./../build/optee-nor-stm32mp157d-ev1/bl2/optee_utils.o
 .text.optee_header_is_valid
                0x2fff04cc       0x24 ./../build/optee-nor-stm32mp157d-ev1/bl2/optee_utils.o
                0x2fff04cc                optee_header_is_valid
 .text.parse_optee_header
                0x2fff04f0      0x114 ./../build/optee-nor-stm32mp157d-ev1/bl2/optee_utils.o
                0x2fff04f0                parse_optee_header
 .text.xlat_arch_regime_get_xn_desc
                0x2fff0604       0x28 ./../build/optee-nor-stm32mp157d-ev1/bl2/xlat_tables_arch.o
                0x2fff0604                xlat_arch_regime_get_xn_desc
 .text.xlat_arch_tlbi_va
                0x2fff062c       0x2c ./../build/optee-nor-stm32mp157d-ev1/bl2/xlat_tables_arch.o
                0x2fff062c                xlat_arch_tlbi_va
 .text.xlat_arch_current_el
                0x2fff0658       0x3c ./../build/optee-nor-stm32mp157d-ev1/bl2/xlat_tables_arch.o
                0x2fff0658                xlat_arch_current_el
 .text.is_mmu_enabled_ctx
                0x2fff0694       0x40 ./../build/optee-nor-stm32mp157d-ev1/bl2/xlat_tables_arch.o
                0x2fff0694                is_mmu_enabled_ctx
 .text.setup_mmu_cfg
                0x2fff06d4       0xac ./../build/optee-nor-stm32mp157d-ev1/bl2/xlat_tables_arch.o
                0x2fff06d4                setup_mmu_cfg
 .text.mmap_add_region
                0x2fff0780       0x28 ./../build/optee-nor-stm32mp157d-ev1/bl2/xlat_tables_context.o
                0x2fff0780                mmap_add_region
 .text.mmap_add
                0x2fff07a8        0xc ./../build/optee-nor-stm32mp157d-ev1/bl2/xlat_tables_context.o
                0x2fff07a8                mmap_add
 .text.mmap_add_dynamic_region
                0x2fff07b4       0x28 ./../build/optee-nor-stm32mp157d-ev1/bl2/xlat_tables_context.o
                0x2fff07b4                mmap_add_dynamic_region
 .text.mmap_remove_dynamic_region
                0x2fff07dc       0x10 ./../build/optee-nor-stm32mp157d-ev1/bl2/xlat_tables_context.o
                0x2fff07dc                mmap_remove_dynamic_region
 .text.init_xlat_tables
                0x2fff07ec       0x3c ./../build/optee-nor-stm32mp157d-ev1/bl2/xlat_tables_context.o
                0x2fff07ec                init_xlat_tables
 .text.enable_mmu_svc_mon
                0x2fff0828       0x34 ./../build/optee-nor-stm32mp157d-ev1/bl2/xlat_tables_context.o
                0x2fff0828                enable_mmu_svc_mon
 .text.xlat_table_get_index
                0x2fff085c       0x28 ./../build/optee-nor-stm32mp157d-ev1/bl2/xlat_tables_core.o
 .text.xlat_tables_unmap_region
                0x2fff0884      0x138 ./../build/optee-nor-stm32mp157d-ev1/bl2/xlat_tables_core.o
 .text.xlat_desc
                0x2fff09bc       0xc4 ./../build/optee-nor-stm32mp157d-ev1/bl2/xlat_tables_core.o
                0x2fff09bc                xlat_desc
 .text.xlat_tables_map_region
                0x2fff0a80      0x1ac ./../build/optee-nor-stm32mp157d-ev1/bl2/xlat_tables_core.o
 .text.mmap_add_region_ctx
                0x2fff0c2c       0xf0 ./../build/optee-nor-stm32mp157d-ev1/bl2/xlat_tables_core.o
                0x2fff0c2c                mmap_add_region_ctx
 .text.mmap_add_dynamic_region_ctx
                0x2fff0d1c      0x154 ./../build/optee-nor-stm32mp157d-ev1/bl2/xlat_tables_core.o
                0x2fff0d1c                mmap_add_dynamic_region_ctx
 .text.mmap_remove_dynamic_region_ctx
                0x2fff0e70      0x108 ./../build/optee-nor-stm32mp157d-ev1/bl2/xlat_tables_core.o
                0x2fff0e70                mmap_remove_dynamic_region_ctx
 .text.init_xlat_tables_ctx
                0x2fff0f78      0x140 ./../build/optee-nor-stm32mp157d-ev1/bl2/xlat_tables_core.o
                0x2fff0f78                init_xlat_tables_ctx
 .text.crc32_z  0x2fff10b8       0xc8 ./../build/optee-nor-stm32mp157d-ev1/bl2/crc32.o
                0x2fff10b8                crc32_z
 .text.plat_log_get_prefix
                0x2fff1180       0x24 ./../build/optee-nor-stm32mp157d-ev1/bl2/plat_log_common.o
                0x2fff1180                plat_log_get_prefix
 .text.open_fip
                0x2fff11a4       0x10 ./../build/optee-nor-stm32mp157d-ev1/bl2/bl2_io_storage.o
                0x2fff11a4                open_fip
 .text.open_storage
                0x2fff11b4       0x10 ./../build/optee-nor-stm32mp157d-ev1/bl2/bl2_io_storage.o
                0x2fff11b4                open_storage
 .text.stm32mp_io_setup
                0x2fff11c4      0x12c ./../build/optee-nor-stm32mp157d-ev1/bl2/bl2_io_storage.o
                0x2fff11c4                stm32mp_io_setup
 .text.bl2_plat_handle_pre_image_load
                0x2fff12f0       0x28 ./../build/optee-nor-stm32mp157d-ev1/bl2/bl2_io_storage.o
                0x2fff12f0                bl2_plat_handle_pre_image_load
 .text.plat_get_image_source
                0x2fff1318       0x44 ./../build/optee-nor-stm32mp157d-ev1/bl2/bl2_io_storage.o
                0x2fff1318                plat_get_image_source
 .text.plat_fwu_get_boot_idx
                0x2fff135c       0xac ./../build/optee-nor-stm32mp157d-ev1/bl2/bl2_io_storage.o
                0x2fff135c                plat_fwu_get_boot_idx
 .text.plat_fwu_set_images_source
                0x2fff1408       0xd0 ./../build/optee-nor-stm32mp157d-ev1/bl2/bl2_io_storage.o
                0x2fff1408                plat_fwu_set_images_source
 .text.plat_fwu_set_metadata_image_source
                0x2fff14d8       0x5c ./../build/optee-nor-stm32mp157d-ev1/bl2/bl2_io_storage.o
                0x2fff14d8                plat_fwu_set_metadata_image_source
 .text.stm32_get_bootinfo_cell
                0x2fff1534       0x3c ./../build/optee-nor-stm32mp157d-ev1/bl2/stm32mp_common.o
 .text.stm32mp_save_boot_ctx_address
                0x2fff1570       0x40 ./../build/optee-nor-stm32mp157d-ev1/bl2/stm32mp_common.o
                0x2fff1570                stm32mp_save_boot_ctx_address
 .text.stm32mp_get_boot_ctx_address
                0x2fff15b0        0xc ./../build/optee-nor-stm32mp157d-ev1/bl2/stm32mp_common.o
                0x2fff15b0                stm32mp_get_boot_ctx_address
 .text.stm32mp_get_boot_itf_selected
                0x2fff15bc        0xc ./../build/optee-nor-stm32mp157d-ev1/bl2/stm32mp_common.o
                0x2fff15bc                stm32mp_get_boot_itf_selected
 .text.stm32mp_get_boot_action
                0x2fff15c8        0xc ./../build/optee-nor-stm32mp157d-ev1/bl2/stm32mp_common.o
                0x2fff15c8                stm32mp_get_boot_action
 .text.stm32mp_ddrctrl_base
                0x2fff15d4        0x8 ./../build/optee-nor-stm32mp157d-ev1/bl2/stm32mp_common.o
                0x2fff15d4                stm32mp_ddrctrl_base
 .text.stm32mp_ddrphyc_base
                0x2fff15dc        0x8 ./../build/optee-nor-stm32mp157d-ev1/bl2/stm32mp_common.o
                0x2fff15dc                stm32mp_ddrphyc_base
 .text.stm32mp_pwr_base
                0x2fff15e4        0x8 ./../build/optee-nor-stm32mp157d-ev1/bl2/stm32mp_common.o
                0x2fff15e4                stm32mp_pwr_base
 .text.stm32mp_pwr_regs_lock
                0x2fff15ec       0x18 ./../build/optee-nor-stm32mp157d-ev1/bl2/stm32mp_common.o
                0x2fff15ec                stm32mp_pwr_regs_lock
 .text.stm32mp_pwr_regs_unlock
                0x2fff1604       0x18 ./../build/optee-nor-stm32mp157d-ev1/bl2/stm32mp_common.o
                0x2fff1604                stm32mp_pwr_regs_unlock
 .text.stm32_get_otp_index
                0x2fff161c       0x20 ./../build/optee-nor-stm32mp157d-ev1/bl2/stm32mp_common.o
                0x2fff161c                stm32_get_otp_index
 .text.stm32_get_otp_value_from_idx
                0x2fff163c       0x30 ./../build/optee-nor-stm32mp157d-ev1/bl2/stm32mp_common.o
                0x2fff163c                stm32_get_otp_value_from_idx
 .text.stm32_get_otp_value
                0x2fff166c       0x44 ./../build/optee-nor-stm32mp157d-ev1/bl2/stm32mp_common.o
                0x2fff166c                stm32_get_otp_value
 .text.stm32mp_uart_console_setup
                0x2fff16b0       0x94 ./../build/optee-nor-stm32mp157d-ev1/bl2/stm32mp_common.o
                0x2fff16b0                stm32mp_uart_console_setup
 .text.stm32_display_board_info
                0x2fff1744       0x2c ./../build/optee-nor-stm32mp157d-ev1/bl2/stm32mp_common.o
                0x2fff1744                stm32_display_board_info
 .text.stm32_get_magic_number_cell
                0x2fff1770       0x34 ./../build/optee-nor-stm32mp157d-ev1/bl2/stm32mp_common.o
                0x2fff1770                stm32_get_magic_number_cell
 .text.stm32_get_core1_branch_address_cell
                0x2fff17a4       0x34 ./../build/optee-nor-stm32mp157d-ev1/bl2/stm32mp_common.o
                0x2fff17a4                stm32_get_core1_branch_address_cell
 .text.stm32_get_fwu_info_cell
                0x2fff17d8       0x34 ./../build/optee-nor-stm32mp157d-ev1/bl2/stm32mp_common.o
                0x2fff17d8                stm32_get_fwu_info_cell
 .text.stm32_get_boot_mode_cell
                0x2fff180c       0x34 ./../build/optee-nor-stm32mp157d-ev1/bl2/stm32mp_common.o
                0x2fff180c                stm32_get_boot_mode_cell
 .text.stm32_save_boot_info
                0x2fff1840       0xcc ./../build/optee-nor-stm32mp157d-ev1/bl2/stm32mp_common.o
                0x2fff1840                stm32_save_boot_info
 .text.stm32_get_and_dec_fwu_trial_boot_cnt
                0x2fff190c       0x60 ./../build/optee-nor-stm32mp157d-ev1/bl2/stm32mp_common.o
                0x2fff190c                stm32_get_and_dec_fwu_trial_boot_cnt
 .text.fdt_get_node_parent_address_cells
                0x2fff196c       0x24 ./../build/optee-nor-stm32mp157d-ev1/bl2/stm32mp_dt.o
 .text.dt_open_and_check
                0x2fff1990       0x14 ./../build/optee-nor-stm32mp157d-ev1/bl2/stm32mp_dt.o
                0x2fff1990                dt_open_and_check
 .text.fdt_get_address
                0x2fff19a4       0x14 ./../build/optee-nor-stm32mp157d-ev1/bl2/stm32mp_dt.o
                0x2fff19a4                fdt_get_address
 .text.fdt_check_node
                0x2fff19b8       0x20 ./../build/optee-nor-stm32mp157d-ev1/bl2/stm32mp_dt.o
                0x2fff19b8                fdt_check_node
 .text.fdt_get_status
                0x2fff19d8       0x74 ./../build/optee-nor-stm32mp157d-ev1/bl2/stm32mp_dt.o
                0x2fff19d8                fdt_get_status
 .text.dt_set_stdout_pinctrl
                0x2fff1a4c       0x20 ./../build/optee-nor-stm32mp157d-ev1/bl2/stm32mp_dt.o
                0x2fff1a4c                dt_set_stdout_pinctrl
 .text.dt_fill_device_info
                0x2fff1a6c       0x88 ./../build/optee-nor-stm32mp157d-ev1/bl2/stm32mp_dt.o
                0x2fff1a6c                dt_fill_device_info
 .text.dt_get_node
                0x2fff1af4       0x28 ./../build/optee-nor-stm32mp157d-ev1/bl2/stm32mp_dt.o
                0x2fff1af4                dt_get_node
 .text.dt_get_stdout_uart_info
                0x2fff1b1c       0x28 ./../build/optee-nor-stm32mp157d-ev1/bl2/stm32mp_dt.o
                0x2fff1b1c                dt_get_stdout_uart_info
 .text.dt_get_ddr_size
                0x2fff1b44       0x58 ./../build/optee-nor-stm32mp157d-ev1/bl2/stm32mp_dt.o
                0x2fff1b44                dt_get_ddr_size
 .text.dt_get_vdd_regulator
                0x2fff1b9c       0x30 ./../build/optee-nor-stm32mp157d-ev1/bl2/stm32mp_dt.o
                0x2fff1b9c                dt_get_vdd_regulator
 .text.dt_get_board_model
                0x2fff1bcc       0x30 ./../build/optee-nor-stm32mp157d-ev1/bl2/stm32mp_dt.o
                0x2fff1bcc                dt_get_board_model
 .text.dt_find_otp_name
                0x2fff1bfc       0xa8 ./../build/optee-nor-stm32mp157d-ev1/bl2/stm32mp_dt.o
                0x2fff1bfc                dt_find_otp_name
 .text.dt_get_otp_by_phandle
                0x2fff1ca4       0x88 ./../build/optee-nor-stm32mp157d-ev1/bl2/stm32mp_dt.o
                0x2fff1ca4                dt_get_otp_by_phandle
 .text.fconf_populate_stm32mp_fuse_provisioning
                0x2fff1d2c      0x128 ./../build/optee-nor-stm32mp157d-ev1/bl2/stm32mp_fconf_fuse.o
 .text.fconf_populate_stm32mp_io_policies
                0x2fff1e54       0xd8 ./../build/optee-nor-stm32mp157d-ev1/bl2/stm32mp_fconf_io.o
                0x2fff1e54                fconf_populate_stm32mp_io_policies
 .text.bl2_platform_setup
                0x2fff1f2c       0x74 ./../build/optee-nor-stm32mp157d-ev1/bl2/bl2_plat_setup.o
                0x2fff1f2c                bl2_platform_setup
 .text.bl2_el3_plat_arch_setup
                0x2fff1fa0      0x3e0 ./../build/optee-nor-stm32mp157d-ev1/bl2/bl2_plat_setup.o
                0x2fff1fa0                bl2_el3_plat_arch_setup
 .text.bl2_plat_handle_post_image_load
                0x2fff2380      0x1f8 ./../build/optee-nor-stm32mp157d-ev1/bl2/bl2_plat_setup.o
                0x2fff2380                bl2_plat_handle_post_image_load
 .text.stm32mp_board_ddr_power_init
                0x2fff2578      0x124 ./../build/optee-nor-stm32mp157d-ev1/bl2/plat_ddr.o
                0x2fff2578                stm32mp_board_ddr_power_init
 .text.stm32_pm_get_optee_ep
                0x2fff269c       0x58 ./../build/optee-nor-stm32mp157d-ev1/bl2/stm32mp1_context.o
                0x2fff269c                stm32_pm_get_optee_ep
 .text.stm32_context_save_bl2_param
                0x2fff26f4       0x54 ./../build/optee-nor-stm32mp157d-ev1/bl2/stm32mp1_context.o
                0x2fff26f4                stm32_context_save_bl2_param
 .text.stm32_pm_context_is_valid
                0x2fff2748       0x80 ./../build/optee-nor-stm32mp157d-ev1/bl2/stm32mp1_context.o
                0x2fff2748                stm32_pm_context_is_valid
 .text.stm32_restore_ddr_training_area
                0x2fff27c8       0x3c ./../build/optee-nor-stm32mp157d-ev1/bl2/stm32mp1_context.o
                0x2fff27c8                stm32_restore_ddr_training_area
 .text.stm32_pwr_down_wfi_load
                0x2fff2804       0x80 ./../build/optee-nor-stm32mp157d-ev1/bl2/stm32mp1_critic_power.o
                0x2fff2804                stm32_pwr_down_wfi_load
 .text.stm32mp1_dbgmcu_init
                0x2fff2884       0x30 ./../build/optee-nor-stm32mp157d-ev1/bl2/stm32mp1_dbgmcu.o
 .text.stm32mp1_dbgmcu_get_chip_version
                0x2fff28b4       0x2c ./../build/optee-nor-stm32mp157d-ev1/bl2/stm32mp1_dbgmcu.o
                0x2fff28b4                stm32mp1_dbgmcu_get_chip_version
 .text.stm32mp1_dbgmcu_get_chip_dev_id
                0x2fff28e0       0x30 ./../build/optee-nor-stm32mp157d-ev1/bl2/stm32mp1_dbgmcu.o
                0x2fff28e0                stm32mp1_dbgmcu_get_chip_dev_id
 .text.fconf_populate_stm32mp1_firewall
                0x2fff2910       0xcc ./../build/optee-nor-stm32mp157d-ev1/bl2/stm32mp1_fconf_firewall.o
 .text.stm32mp1_arch_security_setup
                0x2fff29dc       0x34 ./../build/optee-nor-stm32mp157d-ev1/bl2/stm32mp1_fconf_firewall.o
                0x2fff29dc                stm32mp1_arch_security_setup
 .text.stm32mp1_security_setup
                0x2fff2a10       0x5c ./../build/optee-nor-stm32mp157d-ev1/bl2/stm32mp1_fconf_firewall.o
                0x2fff2a10                stm32mp1_security_setup
 .text.configure_mmu
                0x2fff2a6c       0x1c ./../build/optee-nor-stm32mp157d-ev1/bl2/stm32mp1_private.o
                0x2fff2a6c                configure_mmu
 .text.stm32_get_gpio_bank_base
                0x2fff2a88       0x28 ./../build/optee-nor-stm32mp157d-ev1/bl2/stm32mp1_private.o
                0x2fff2a88                stm32_get_gpio_bank_base
 .text.stm32_get_gpio_bank_offset
                0x2fff2ab0       0x20 ./../build/optee-nor-stm32mp157d-ev1/bl2/stm32mp1_private.o
                0x2fff2ab0                stm32_get_gpio_bank_offset
 .text.stm32_get_gpio_bank_clock
                0x2fff2ad0       0x20 ./../build/optee-nor-stm32mp157d-ev1/bl2/stm32mp1_private.o
                0x2fff2ad0                stm32_get_gpio_bank_clock
 .text.stm32mp_get_chip_version
                0x2fff2af0       0x24 ./../build/optee-nor-stm32mp157d-ev1/bl2/stm32mp1_private.o
                0x2fff2af0                stm32mp_get_chip_version
 .text.stm32mp_get_chip_dev_id
                0x2fff2b14       0x24 ./../build/optee-nor-stm32mp157d-ev1/bl2/stm32mp1_private.o
                0x2fff2b14                stm32mp_get_chip_dev_id
 .text.stm32mp_get_part_number
                0x2fff2b38       0x34 ./../build/optee-nor-stm32mp157d-ev1/bl2/stm32mp1_private.o
                0x2fff2b38                stm32mp_get_part_number
 .text.stm32mp_get_soc_name
                0x2fff2b6c      0x148 ./../build/optee-nor-stm32mp157d-ev1/bl2/stm32mp1_private.o
                0x2fff2b6c                stm32mp_get_soc_name
 .text.stm32mp_print_cpuinfo
                0x2fff2cb4       0x1c ./../build/optee-nor-stm32mp157d-ev1/bl2/stm32mp1_private.o
                0x2fff2cb4                stm32mp_print_cpuinfo
 .text.stm32mp_print_boardinfo
                0x2fff2cd0       0x24 ./../build/optee-nor-stm32mp157d-ev1/bl2/stm32mp1_private.o
                0x2fff2cd0                stm32mp_print_boardinfo
 .text.stm32mp_check_closed_device
                0x2fff2cf4       0x2c ./../build/optee-nor-stm32mp157d-ev1/bl2/stm32mp1_private.o
                0x2fff2cf4                stm32mp_check_closed_device
 .text.stm32_iwdg_get_instance
                0x2fff2d20       0x28 ./../build/optee-nor-stm32mp157d-ev1/bl2/stm32mp1_private.o
                0x2fff2d20                stm32_iwdg_get_instance
 .text.stm32_iwdg_get_otp_config
                0x2fff2d48       0x30 ./../build/optee-nor-stm32mp157d-ev1/bl2/stm32mp1_private.o
                0x2fff2d48                stm32_iwdg_get_otp_config
 .text.stm32mp_skip_boot_device_after_standby
                0x2fff2d78       0x2c ./../build/optee-nor-stm32mp157d-ev1/bl2/stm32mp1_private.o
                0x2fff2d78                stm32mp_skip_boot_device_after_standby
 .text.stm32mp_bkpram_get_access
                0x2fff2da4       0x20 ./../build/optee-nor-stm32mp157d-ev1/bl2/stm32mp1_private.o
                0x2fff2da4                stm32mp_bkpram_get_access
 .text.stm32mp_syscfg_enable_io_compensation_start
                0x2fff2dc4       0x18 ./../build/optee-nor-stm32mp157d-ev1/bl2/stm32mp1_syscfg.o
                0x2fff2dc4                stm32mp_syscfg_enable_io_compensation_start
 .text.stm32mp_syscfg_init
                0x2fff2ddc       0x8c ./../build/optee-nor-stm32mp157d-ev1/bl2/stm32mp1_syscfg.o
                0x2fff2ddc                stm32mp_syscfg_init
 .text.stm32mp_syscfg_enable_io_compensation_finish
                0x2fff2e68       0x50 ./../build/optee-nor-stm32mp157d-ev1/bl2/stm32mp1_syscfg.o
                0x2fff2e68                stm32mp_syscfg_enable_io_compensation_finish
 .text          0x2fff2eb8       0x24 ./../build/optee-nor-stm32mp157d-ev1/bl2/aeabi_uldivmod.o
                0x2fff2eb8                __aeabi_uldivmod
 .text.fdt_ro_probe_
                0x2fff2edc       0x74 ./../build/optee-nor-stm32mp157d-ev1/lib/libfdt.a(fdt.o)
                0x2fff2edc                fdt_ro_probe_
 .text.fdt_check_header
                0x2fff2f50       0xd0 ./../build/optee-nor-stm32mp157d-ev1/lib/libfdt.a(fdt.o)
                0x2fff2f50                fdt_check_header
 .text.fdt_address_cells
                0x2fff3020       0x1c ./../build/optee-nor-stm32mp157d-ev1/lib/libfdt.a(fdt_addresses.o)
                0x2fff3020                fdt_address_cells
 .text.fdt_size_cells
                0x2fff303c       0x14 ./../build/optee-nor-stm32mp157d-ev1/lib/libfdt.a(fdt_addresses.o)
                0x2fff303c                fdt_size_cells
 .text.fdt_get_string
                0x2fff3050       0xb0 ./../build/optee-nor-stm32mp157d-ev1/lib/libfdt.a(fdt_ro.o)
                0x2fff3050                fdt_get_string
 .text.fdt_get_phandle
                0x2fff3100       0x44 ./../build/optee-nor-stm32mp157d-ev1/lib/libfdt.a(fdt_ro.o)
                0x2fff3100                fdt_get_phandle
 .text.fdt_get_alias_namelen
                0x2fff3144       0x2c ./../build/optee-nor-stm32mp157d-ev1/lib/libfdt.a(fdt_ro.o)
                0x2fff3144                fdt_get_alias_namelen
 .text.fdt_node_check_compatible
                0x2fff3170       0x28 ./../build/optee-nor-stm32mp157d-ev1/lib/libfdt.a(fdt_ro.o)
                0x2fff3170                fdt_node_check_compatible
 .text.__assert
                0x2fff3198       0x18 ./../build/optee-nor-stm32mp157d-ev1/lib/libc.a(assert.o)
                0x2fff3198                __assert
 .text.vprintf  0x2fff31b0      0x1c4 ./../build/optee-nor-stm32mp157d-ev1/lib/libc.a(printf.o)
                0x2fff31b0                vprintf
 .text.vsnprintf
                0x2fff3374      0x2d0 ./../build/optee-nor-stm32mp157d-ev1/lib/libc.a(snprintf.o)
                0x2fff3374                vsnprintf
 .text.bl2_arch_setup
                0x2fff3644        0x2 ./../build/optee-nor-stm32mp157d-ev1/bl2/bl2_arch_setup.o
                0x2fff3644                bl2_arch_setup
 .text.bl2_el3_setup
                0x2fff3646        0xe ./../build/optee-nor-stm32mp157d-ev1/bl2/bl2_main.o
                0x2fff3646                bl2_el3_setup
 .text.fdt32_to_cpu
                0x2fff3654        0x4 ./../build/optee-nor-stm32mp157d-ev1/bl2/fdt_wrappers.o
 .text.fdt_read_prop_cells
                0x2fff3658       0x1e ./../build/optee-nor-stm32mp157d-ev1/bl2/fdt_wrappers.o
 .text.fdt_read_uint32
                0x2fff3676       0x10 ./../build/optee-nor-stm32mp157d-ev1/bl2/fdt_wrappers.o
                0x2fff3676                fdt_read_uint32
 .text.fdt_read_uint32_default
                0x2fff3686       0x18 ./../build/optee-nor-stm32mp157d-ev1/bl2/fdt_wrappers.o
                0x2fff3686                fdt_read_uint32_default
 .text.fdt_read_uint64
                0x2fff369e       0x28 ./../build/optee-nor-stm32mp157d-ev1/bl2/fdt_wrappers.o
                0x2fff369e                fdt_read_uint64
 .text.hex_val  0x2fff36c6       0x2e ./../build/optee-nor-stm32mp157d-ev1/bl2/uuid.o
 .text.read_hex.part.0
                0x2fff36f4       0x3a ./../build/optee-nor-stm32mp157d-ev1/bl2/uuid.o
 .text.putchar  0x2fff372e       0x14 ./../build/optee-nor-stm32mp157d-ev1/bl2/multi_console.o
                0x2fff372e                putchar
 .text.mdelay   0x2fff3742        0xa ./../build/optee-nor-stm32mp157d-ev1/bl2/delay_timer.o
                0x2fff3742                mdelay
 .text.get_timer_value
                0x2fff374c        0x8 ./../build/optee-nor-stm32mp157d-ev1/bl2/generic_delay_timer.o
 .text.device_type_fip
                0x2fff3754        0x4 ./../build/optee-nor-stm32mp157d-ev1/bl2/io_fip.o
 .text.device_type_mtd
                0x2fff3758        0x4 ./../build/optee-nor-stm32mp157d-ev1/bl2/io_mtd.o
                0x2fff3758                device_type_mtd
 .text.mtd_close
                0x2fff375c        0x8 ./../build/optee-nor-stm32mp157d-ev1/bl2/io_mtd.o
 .text.is_valid_dev
                0x2fff3764       0x18 ./../build/optee-nor-stm32mp157d-ev1/bl2/io_storage.o
 .text.is_valid_entity
                0x2fff377c       0x10 ./../build/optee-nor-stm32mp157d-ev1/bl2/io_storage.o
 .text.spi_nor_reg
                0x2fff378c       0x36 ./../build/optee-nor-stm32mp157d-ev1/bl2/spi_nor.o
 .text.spi_nor_write_en
                0x2fff37c2        0xc ./../build/optee-nor-stm32mp157d-ev1/bl2/spi_nor.o
 .text.spi_nor_read_sr
                0x2fff37ce        0xc ./../build/optee-nor-stm32mp157d-ev1/bl2/spi_nor.o
 .text.fdt32_to_cpu
                0x2fff37da        0x4 ./../build/optee-nor-stm32mp157d-ev1/bl2/spi_mem.o
 .text.spi_mem_check_buswidth
                0x2fff37de       0x46 ./../build/optee-nor-stm32mp157d-ev1/bl2/spi_mem.o
 .text.spi_mem_default_supports_op
                0x2fff3824       0x1e ./../build/optee-nor-stm32mp157d-ev1/bl2/spi_mem.o
                0x2fff3824                spi_mem_default_supports_op
 .text.bsec_read_otp
                0x2fff3842       0x2c ./../build/optee-nor-stm32mp157d-ev1/bl2/bsec2.o
                0x2fff3842                bsec_read_otp
 .text.clock_is_always_on
                0x2fff386e       0x20 ./../build/optee-nor-stm32mp157d-ev1/bl2/stm32mp1_clk.o
 .text.stm32mp1_clk_lock
                0x2fff388e       0x16 ./../build/optee-nor-stm32mp157d-ev1/bl2/stm32mp1_clk.o
 .text.stm32mp1_clk_unlock
                0x2fff38a4       0x16 ./../build/optee-nor-stm32mp157d-ev1/bl2/stm32mp1_clk.o
 .text.stm32_clk_parse_fdt_by_name
                0x2fff38ba       0x36 ./../build/optee-nor-stm32mp157d-ev1/bl2/stm32mp1_clk.o
 .text.stm32mp1_pll_configure_src
                0x2fff38f0       0x18 ./../build/optee-nor-stm32mp157d-ev1/bl2/stm32mp1_clk.o
 .text.stm32mp1_mode_register_write.isra.0
                0x2fff3908       0x22 ./../build/optee-nor-stm32mp157d-ev1/bl2/stm32mp1_ddr.o
 .text.stm32mp1_ddrphy_idone_wait
                0x2fff392a       0x4a ./../build/optee-nor-stm32mp157d-ev1/bl2/stm32mp1_ddr.o
 .text.stm32mp1_wait_operating_mode
                0x2fff3974       0x4e ./../build/optee-nor-stm32mp157d-ev1/bl2/stm32mp1_ddr.o
 .text.ddr_enable_clock
                0x2fff39c2       0x2a ./../build/optee-nor-stm32mp157d-ev1/bl2/stm32mp1_ddr_helpers.o
                0x2fff39c2                ddr_enable_clock
 .text.ddr_get_io_calibration_val
                0x2fff39ec       0x10 ./../build/optee-nor-stm32mp157d-ev1/bl2/stm32mp1_ddr_helpers.o
                0x2fff39ec                ddr_get_io_calibration_val
 .text.ddr_standby_sr_entry
                0x2fff39fc      0x17e ./../build/optee-nor-stm32mp157d-ev1/bl2/stm32mp1_ddr_helpers.o
                0x2fff39fc                ddr_standby_sr_entry
 .text.stm32mp_ddr_start_sw_done
                0x2fff3b7a        0xe ./../build/optee-nor-stm32mp157d-ev1/bl2/stm32mp_ddr.o
                0x2fff3b7a                stm32mp_ddr_start_sw_done
 .text.stm32mp_ddr_wait_sw_done_ack
                0x2fff3b88       0x3a ./../build/optee-nor-stm32mp157d-ev1/bl2/stm32mp_ddr.o
                0x2fff3b88                stm32mp_ddr_wait_sw_done_ack
 .text.stm32mp_ddr_enable_axi_port
                0x2fff3bc2       0x1a ./../build/optee-nor-stm32mp157d-ev1/bl2/stm32mp_ddr.o
                0x2fff3bc2                stm32mp_ddr_enable_axi_port
 .text.stm32mp_ddr_disable_axi_port
                0x2fff3bdc       0x46 ./../build/optee-nor-stm32mp157d-ev1/bl2/stm32mp_ddr.o
                0x2fff3bdc                stm32mp_ddr_disable_axi_port
 .text.stm32mp_ddr_enable_host_interface
                0x2fff3c22        0xe ./../build/optee-nor-stm32mp157d-ev1/bl2/stm32mp_ddr.o
                0x2fff3c22                stm32mp_ddr_enable_host_interface
 .text.stm32mp_ddr_disable_host_interface
                0x2fff3c30       0x4a ./../build/optee-nor-stm32mp157d-ev1/bl2/stm32mp_ddr.o
                0x2fff3c30                stm32mp_ddr_disable_host_interface
 .text.stm32mp_ddr_sw_selfref_exit
                0x2fff3c7a        0xa ./../build/optee-nor-stm32mp157d-ev1/bl2/stm32mp_ddr.o
                0x2fff3c7a                stm32mp_ddr_sw_selfref_exit
 .text.stm32mp_ddr_wait_refresh_update_done_ack
                0x2fff3c84       0x4c ./../build/optee-nor-stm32mp157d-ev1/bl2/stm32mp_ddr.o
                0x2fff3c84                stm32mp_ddr_wait_refresh_update_done_ack
 .text.stm32mp_ddr_test_rw_access
                0x2fff3cd0       0x1a ./../build/optee-nor-stm32mp157d-ev1/bl2/stm32mp_ddr_test.o
                0x2fff3cd0                stm32mp_ddr_test_rw_access
 .text.stm32mp_ddr_test_data_bus
                0x2fff3cea       0x1e ./../build/optee-nor-stm32mp157d-ev1/bl2/stm32mp_ddr_test.o
                0x2fff3cea                stm32mp_ddr_test_data_bus
 .text.stm32mp_ddr_test_addr_bus
                0x2fff3d08       0x86 ./../build/optee-nor-stm32mp157d-ev1/bl2/stm32mp_ddr_test.o
                0x2fff3d08                stm32mp_ddr_test_addr_bus
 .text.stm32mp_ddr_check_size
                0x2fff3d8e       0x2e ./../build/optee-nor-stm32mp157d-ev1/bl2/stm32mp_ddr_test.o
                0x2fff3d8e                stm32mp_ddr_check_size
 .text.fdt32_to_cpu
                0x2fff3dbc        0x4 ./../build/optee-nor-stm32mp157d-ev1/bl2/stm32_gpio.o
 .text.i2c_wait_flag
                0x2fff3dc0       0x44 ./../build/optee-nor-stm32mp157d-ev1/bl2/stm32_i2c.o
 .text.i2c_ack_failed
                0x2fff3e04       0x8c ./../build/optee-nor-stm32mp157d-ev1/bl2/stm32_i2c.o
 .text.i2c_wait_txis
                0x2fff3e90       0x42 ./../build/optee-nor-stm32mp157d-ev1/bl2/stm32_i2c.o
 .text.i2c_wait_stop
                0x2fff3ed2       0x42 ./../build/optee-nor-stm32mp157d-ev1/bl2/stm32_i2c.o
 .text.stm32_i2c_mem_write
                0x2fff3f14       0x1c ./../build/optee-nor-stm32mp157d-ev1/bl2/stm32_i2c.o
                0x2fff3f14                stm32_i2c_mem_write
 .text.stm32_i2c_mem_read
                0x2fff3f30       0x12 ./../build/optee-nor-stm32mp157d-ev1/bl2/stm32_i2c.o
                0x2fff3f30                stm32_i2c_mem_read
 .text.nvmem_cell_read
                0x2fff3f42       0x18 ./../build/optee-nor-stm32mp157d-ev1/bl2/nvmem.o
                0x2fff3f42                nvmem_cell_read
 .text.nvmem_cell_write
                0x2fff3f5a       0x10 ./../build/optee-nor-stm32mp157d-ev1/bl2/nvmem.o
                0x2fff3f5a                nvmem_cell_write
 .text.fdt32_to_cpu
                0x2fff3f6a        0x4 ./../build/optee-nor-stm32mp157d-ev1/bl2/stm32mp_tamp_nvram_core.o
 .text.stm32_tamp_nvram_reg_get_zone
                0x2fff3f6e       0x2a ./../build/optee-nor-stm32mp157d-ev1/bl2/stm32mp_tamp_nvram_core.o
                0x2fff3f6e                stm32_tamp_nvram_reg_get_zone
 .text.stm32_tamp_nvram_reg_field_read
                0x2fff3f98       0x30 ./../build/optee-nor-stm32mp157d-ev1/bl2/stm32mp_tamp_nvram_core.o
                0x2fff3f98                stm32_tamp_nvram_reg_field_read
 .text.pmic_set_flag
                0x2fff3fc8       0x44 ./../build/optee-nor-stm32mp157d-ev1/bl2/stm32mp_pmic.o
 .text.pmic_list_voltages
                0x2fff400c        0x6 ./../build/optee-nor-stm32mp157d-ev1/bl2/stm32mp_pmic.o
 .text.pmic_get_voltage
                0x2fff4012        0x6 ./../build/optee-nor-stm32mp157d-ev1/bl2/stm32mp_pmic.o
 .text.pmic_set_voltage
                0x2fff4018        0x6 ./../build/optee-nor-stm32mp157d-ev1/bl2/stm32mp_pmic.o
 .text.pmic_get_state
                0x2fff401e        0xa ./../build/optee-nor-stm32mp157d-ev1/bl2/stm32mp_pmic.o
 .text.pmic_set_state
                0x2fff4028        0xc ./../build/optee-nor-stm32mp157d-ev1/bl2/stm32mp_pmic.o
 .text.pmic_voltages_init
                0x2fff4034        0x4 ./../build/optee-nor-stm32mp157d-ev1/bl2/stm32mp_pmic.o
                0x2fff4034                pmic_voltages_init
 .text.pmic_switch_off
                0x2fff4038       0x16 ./../build/optee-nor-stm32mp157d-ev1/bl2/stm32mp_pmic.o
                0x2fff4038                pmic_switch_off
 .text.stpmic1_is_regulator_enabled
                0x2fff404e       0x2e ./../build/optee-nor-stm32mp157d-ev1/bl2/stpmic1.o
                0x2fff404e                stpmic1_is_regulator_enabled
 .text.stpmic1_register_update
                0x2fff407c       0x2e ./../build/optee-nor-stm32mp157d-ev1/bl2/stpmic1.o
                0x2fff407c                stpmic1_register_update
 .text.stpmic1_powerctrl_on
                0x2fff40aa        0xa ./../build/optee-nor-stm32mp157d-ev1/bl2/stpmic1.o
                0x2fff40aa                stpmic1_powerctrl_on
 .text.stpmic1_switch_off
                0x2fff40b4        0xa ./../build/optee-nor-stm32mp157d-ev1/bl2/stpmic1.o
                0x2fff40b4                stpmic1_switch_off
 .text.stpmic1_regulator_enable
                0x2fff40be       0x14 ./../build/optee-nor-stm32mp157d-ev1/bl2/stpmic1.o
                0x2fff40be                stpmic1_regulator_enable
 .text.stpmic1_regulator_disable
                0x2fff40d2       0x14 ./../build/optee-nor-stm32mp157d-ev1/bl2/stpmic1.o
                0x2fff40d2                stpmic1_regulator_disable
 .text.stpmic1_regulator_pull_down_set
                0x2fff40e6       0x24 ./../build/optee-nor-stm32mp157d-ev1/bl2/stpmic1.o
                0x2fff40e6                stpmic1_regulator_pull_down_set
 .text.stpmic1_regulator_mask_reset_set
                0x2fff410a       0x24 ./../build/optee-nor-stm32mp157d-ev1/bl2/stpmic1.o
                0x2fff410a                stpmic1_regulator_mask_reset_set
 .text.stpmic1_regulator_icc_set
                0x2fff412e       0x24 ./../build/optee-nor-stm32mp157d-ev1/bl2/stpmic1.o
                0x2fff412e                stpmic1_regulator_icc_set
 .text.stpmic1_get_version
                0x2fff4152       0x1e ./../build/optee-nor-stm32mp157d-ev1/bl2/stpmic1.o
                0x2fff4152                stpmic1_get_version
 .text.fdt32_to_cpu
                0x2fff4170        0x4 ./../build/optee-nor-stm32mp157d-ev1/bl2/regulator_core.o
 .text.unlock_driver.isra.0
                0x2fff4174        0xa ./../build/optee-nor-stm32mp157d-ev1/bl2/regulator_core.o
 .text.lock_driver.isra.0
                0x2fff417e        0xa ./../build/optee-nor-stm32mp157d-ev1/bl2/regulator_core.o
 .text.regulator_set_min_voltage
                0x2fff4188        0x6 ./../build/optee-nor-stm32mp157d-ev1/bl2/regulator_core.o
                0x2fff4188                regulator_set_min_voltage
 .text.fixed_set_state
                0x2fff418e        0x4 ./../build/optee-nor-stm32mp157d-ev1/bl2/regulator_fixed.o
 .text.fixed_get_state
                0x2fff4192        0x4 ./../build/optee-nor-stm32mp157d-ev1/bl2/regulator_fixed.o
 .text.stm32mp_system_reset
                0x2fff4196       0x14 ./../build/optee-nor-stm32mp157d-ev1/bl2/stm32mp1_reset.o
                0x2fff4196                stm32mp_system_reset
 .text.stm32_qspi_read_fifo
                0x2fff41aa        0x6 ./../build/optee-nor-stm32mp157d-ev1/bl2/stm32_qspi.o
 .text.stm32_qspi_write_fifo
                0x2fff41b0        0x6 ./../build/optee-nor-stm32mp157d-ev1/bl2/stm32_qspi.o
 .text.__ctzdi2
                0x2fff41b6       0x22 ./../build/optee-nor-stm32mp157d-ev1/bl2/ctzdi2.o
                0x2fff41b6                __ctzdi2
 .text.__udivmoddi4
                0x2fff41d8      0x180 ./../build/optee-nor-stm32mp157d-ev1/bl2/udivmoddi4.o
                0x2fff41d8                __udivmoddi4
 .text.xlat_arch_get_pas
                0x2fff4358       0x10 ./../build/optee-nor-stm32mp157d-ev1/bl2/xlat_tables_arch.o
                0x2fff4358                xlat_arch_get_pas
 .text.xlat_arch_get_max_supported_pa
                0x2fff4368        0x8 ./../build/optee-nor-stm32mp157d-ev1/bl2/xlat_tables_arch.o
                0x2fff4368                xlat_arch_get_max_supported_pa
 .text.xlat_get_min_virt_addr_space_size
                0x2fff4370        0x6 ./../build/optee-nor-stm32mp157d-ev1/bl2/xlat_tables_arch.o
                0x2fff4370                xlat_get_min_virt_addr_space_size
 .text.is_dcache_enabled
                0x2fff4376       0x1c ./../build/optee-nor-stm32mp157d-ev1/bl2/xlat_tables_arch.o
                0x2fff4376                is_dcache_enabled
 .text.xlat_arch_tlbi_va_sync
                0x2fff4392       0x10 ./../build/optee-nor-stm32mp157d-ev1/bl2/xlat_tables_arch.o
                0x2fff4392                xlat_arch_tlbi_va_sync
 .text.mmap_add_region_check
                0x2fff43a2      0x12e ./../build/optee-nor-stm32mp157d-ev1/bl2/xlat_tables_core.o
 .text.xlat_clean_dcache_range
                0x2fff44d0       0x1a ./../build/optee-nor-stm32mp157d-ev1/bl2/xlat_tables_core.o
 .text.mmap_add_ctx
                0x2fff44ea       0x18 ./../build/optee-nor-stm32mp157d-ev1/bl2/xlat_tables_core.o
                0x2fff44ea                mmap_add_ctx
 .text.xlat_mmap_print
                0x2fff4502        0x2 ./../build/optee-nor-stm32mp157d-ev1/bl2/xlat_tables_utils.o
                0x2fff4502                xlat_mmap_print
 .text.xlat_tables_print
                0x2fff4504        0x2 ./../build/optee-nor-stm32mp157d-ev1/bl2/xlat_tables_utils.o
                0x2fff4504                xlat_tables_print
 .text.crc32    0x2fff4506        0x4 ./../build/optee-nor-stm32mp157d-ev1/bl2/crc32.o
                0x2fff4506                crc32
 .text.tf_crc32
                0x2fff450a        0x4 ./../build/optee-nor-stm32mp157d-ev1/bl2/tf_gunzip.o
                0x2fff450a                tf_crc32
 .text.plat_error_handler
                0x2fff450e        0x4 ./../build/optee-nor-stm32mp157d-ev1/bl2/plat_bl_common.o
                0x2fff450e                plat_error_handler
 .text.bl2_plat_preload_setup
                0x2fff4512        0x2 ./../build/optee-nor-stm32mp157d-ev1/bl2/plat_bl_common.o
                0x2fff4512                bl2_plat_preload_setup
 .text.plat_try_backup_partitions
                0x2fff4514        0x4 ./../build/optee-nor-stm32mp157d-ev1/bl2/bl2_io_storage.o
                0x2fff4514                plat_try_backup_partitions
 .text.plat_fwu_is_enabled
                0x2fff4518        0xe ./../build/optee-nor-stm32mp157d-ev1/bl2/bl2_io_storage.o
                0x2fff4518                plat_fwu_is_enabled
 .text.plat_flush_next_bl_params
                0x2fff4526        0x4 ./../build/optee-nor-stm32mp157d-ev1/bl2/plat_image_load.o
                0x2fff4526                plat_flush_next_bl_params
 .text.plat_get_bl_image_load_info
                0x2fff452a        0x4 ./../build/optee-nor-stm32mp157d-ev1/bl2/plat_image_load.o
                0x2fff452a                plat_get_bl_image_load_info
 .text.plat_get_next_bl_params
                0x2fff452e       0x10 ./../build/optee-nor-stm32mp157d-ev1/bl2/plat_image_load.o
                0x2fff452e                plat_get_next_bl_params
 .text.stm32_nvmem_cell_clrset
                0x2fff453e       0x32 ./../build/optee-nor-stm32mp157d-ev1/bl2/stm32mp_common.o
 .text.plat_get_syscnt_freq2
                0x2fff4570        0x6 ./../build/optee-nor-stm32mp157d-ev1/bl2/stm32mp_common.o
                0x2fff4570                plat_get_syscnt_freq2
 .text.stm32mp_rcc_base
                0x2fff4576        0x6 ./../build/optee-nor-stm32mp157d-ev1/bl2/stm32mp_common.o
                0x2fff4576                stm32mp_rcc_base
 .text.stm32mp_lock_available
                0x2fff457c       0x10 ./../build/optee-nor-stm32mp157d-ev1/bl2/stm32mp_common.o
                0x2fff457c                stm32mp_lock_available
 .text.stm32mp_map_ddr_non_cacheable
                0x2fff458c       0x1e ./../build/optee-nor-stm32mp157d-ev1/bl2/stm32mp_common.o
                0x2fff458c                stm32mp_map_ddr_non_cacheable
 .text.stm32mp_unmap_ddr
                0x2fff45aa        0xc ./../build/optee-nor-stm32mp157d-ev1/bl2/stm32mp_common.o
                0x2fff45aa                stm32mp_unmap_ddr
 .text.stm32_fwu_set_boot_idx
                0x2fff45b6       0x28 ./../build/optee-nor-stm32mp157d-ev1/bl2/stm32mp_common.o
                0x2fff45b6                stm32_fwu_set_boot_idx
 .text.stm32_set_max_fwu_trial_boot_cnt
                0x2fff45de       0x22 ./../build/optee-nor-stm32mp157d-ev1/bl2/stm32mp_common.o
                0x2fff45de                stm32_set_max_fwu_trial_boot_cnt
 .text.stm32_clear_fwu_trial_boot_cnt
                0x2fff4600       0x22 ./../build/optee-nor-stm32mp157d-ev1/bl2/stm32mp_common.o
                0x2fff4600                stm32_clear_fwu_trial_boot_cnt
 .text.fdt32_to_cpu
                0x2fff4622        0x4 ./../build/optee-nor-stm32mp157d-ev1/bl2/stm32mp_dt.o
 .text.dt_get_pwr_vdd_voltage
                0x2fff4626       0x22 ./../build/optee-nor-stm32mp157d-ev1/bl2/stm32mp_dt.o
                0x2fff4626                dt_get_pwr_vdd_voltage
 .text.bl2_el3_early_platform_setup
                0x2fff4648        0x4 ./../build/optee-nor-stm32mp157d-ev1/bl2/bl2_plat_setup.o
                0x2fff4648                bl2_el3_early_platform_setup
 .text.bl2_el3_plat_prepare_exit
                0x2fff464c        0x4 ./../build/optee-nor-stm32mp157d-ev1/bl2/bl2_plat_setup.o
                0x2fff464c                bl2_el3_plat_prepare_exit
 .text.plat_get_nor_data
                0x2fff4650       0x34 ./../build/optee-nor-stm32mp157d-ev1/bl2/stm32mp1_boot_device.o
                0x2fff4650                plat_get_nor_data
 .text.stm32_clean_context
                0x2fff4684       0x24 ./../build/optee-nor-stm32mp157d-ev1/bl2/stm32mp1_context.o
                0x2fff4684                stm32_clean_context
 .text.stm32_get_zdata_from_context
                0x2fff46a8       0x1c ./../build/optee-nor-stm32mp157d-ev1/bl2/stm32mp1_context.o
                0x2fff46a8                stm32_get_zdata_from_context
 .text.stm32_pwr_cstop_critic_exit
                0x2fff46c4       0x1a ./../build/optee-nor-stm32mp157d-ev1/bl2/stm32mp1_critic_power.o
                0x2fff46c4                stm32_pwr_cstop_critic_exit
 .text.fdt32_to_cpu
                0x2fff46de        0x4 ./../build/optee-nor-stm32mp157d-ev1/bl2/stm32mp1_fconf_firewall.o
 .text.stm32mp1_addr_inside_backupsram
                0x2fff46e2       0x10 ./../build/optee-nor-stm32mp157d-ev1/bl2/stm32mp1_private.o
                0x2fff46e2                stm32mp1_addr_inside_backupsram
 .text.stm32mp_is_wakeup_from_standby
                0x2fff46f2       0x46 ./../build/optee-nor-stm32mp157d-ev1/bl2/stm32mp1_private.o
                0x2fff46f2                stm32mp_is_wakeup_from_standby
 .text.fdt32_ld
                0x2fff4738       0x18 ./../build/optee-nor-stm32mp157d-ev1/lib/libfdt.a(fdt.o)
 .text.fdt_header_size_
                0x2fff4750       0x1a ./../build/optee-nor-stm32mp157d-ev1/lib/libfdt.a(fdt.o)
                0x2fff4750                fdt_header_size_
 .text.fdt_header_size
                0x2fff476a       0x10 ./../build/optee-nor-stm32mp157d-ev1/lib/libfdt.a(fdt.o)
                0x2fff476a                fdt_header_size
 .text.fdt_offset_ptr
                0x2fff477a       0x54 ./../build/optee-nor-stm32mp157d-ev1/lib/libfdt.a(fdt.o)
                0x2fff477a                fdt_offset_ptr
 .text.fdt_next_tag
                0x2fff47ce       0xbc ./../build/optee-nor-stm32mp157d-ev1/lib/libfdt.a(fdt.o)
                0x2fff47ce                fdt_next_tag
 .text.fdt_check_node_offset_
                0x2fff488a       0x24 ./../build/optee-nor-stm32mp157d-ev1/lib/libfdt.a(fdt.o)
                0x2fff488a                fdt_check_node_offset_
 .text.fdt_check_prop_offset_
                0x2fff48ae       0x24 ./../build/optee-nor-stm32mp157d-ev1/lib/libfdt.a(fdt.o)
                0x2fff48ae                fdt_check_prop_offset_
 .text.fdt_next_node
                0x2fff48d2       0x6e ./../build/optee-nor-stm32mp157d-ev1/lib/libfdt.a(fdt.o)
                0x2fff48d2                fdt_next_node
 .text.fdt_first_subnode
                0x2fff4940       0x26 ./../build/optee-nor-stm32mp157d-ev1/lib/libfdt.a(fdt.o)
                0x2fff4940                fdt_first_subnode
 .text.fdt_next_subnode
                0x2fff4966       0x2a ./../build/optee-nor-stm32mp157d-ev1/lib/libfdt.a(fdt.o)
                0x2fff4966                fdt_next_subnode
 .text.fdt_cells
                0x2fff4990       0x2a ./../build/optee-nor-stm32mp157d-ev1/lib/libfdt.a(fdt_addresses.o)
 .text.fdt32_ld
                0x2fff49ba       0x18 ./../build/optee-nor-stm32mp157d-ev1/lib/libfdt.a(fdt_ro.o)
 .text.nextprop_
                0x2fff49d2       0x32 ./../build/optee-nor-stm32mp157d-ev1/lib/libfdt.a(fdt_ro.o)
 .text.fdt32_ld_.isra.0
                0x2fff4a04        0x4 ./../build/optee-nor-stm32mp157d-ev1/lib/libfdt.a(fdt_ro.o)
 .text.fdt_get_property_by_offset_
                0x2fff4a08       0x34 ./../build/optee-nor-stm32mp157d-ev1/lib/libfdt.a(fdt_ro.o)
 .text.fdt_get_name
                0x2fff4a3c       0x62 ./../build/optee-nor-stm32mp157d-ev1/lib/libfdt.a(fdt_ro.o)
                0x2fff4a3c                fdt_get_name
 .text.fdt_subnode_offset_namelen
                0x2fff4a9e       0x7a ./../build/optee-nor-stm32mp157d-ev1/lib/libfdt.a(fdt_ro.o)
                0x2fff4a9e                fdt_subnode_offset_namelen
 .text.fdt_subnode_offset
                0x2fff4b18       0x1e ./../build/optee-nor-stm32mp157d-ev1/lib/libfdt.a(fdt_ro.o)
                0x2fff4b18                fdt_subnode_offset
 .text.fdt_first_property_offset
                0x2fff4b36       0x18 ./../build/optee-nor-stm32mp157d-ev1/lib/libfdt.a(fdt_ro.o)
                0x2fff4b36                fdt_first_property_offset
 .text.fdt_next_property_offset
                0x2fff4b4e       0x18 ./../build/optee-nor-stm32mp157d-ev1/lib/libfdt.a(fdt_ro.o)
                0x2fff4b4e                fdt_next_property_offset
 .text.fdt_get_property_namelen_
                0x2fff4b66       0x7c ./../build/optee-nor-stm32mp157d-ev1/lib/libfdt.a(fdt_ro.o)
 .text.fdt_getprop_namelen
                0x2fff4be2       0x40 ./../build/optee-nor-stm32mp157d-ev1/lib/libfdt.a(fdt_ro.o)
                0x2fff4be2                fdt_getprop_namelen
 .text.fdt_getprop
                0x2fff4c22       0x22 ./../build/optee-nor-stm32mp157d-ev1/lib/libfdt.a(fdt_ro.o)
                0x2fff4c22                fdt_getprop
 .text.fdt_path_offset_namelen
                0x2fff4c44       0x94 ./../build/optee-nor-stm32mp157d-ev1/lib/libfdt.a(fdt_ro.o)
                0x2fff4c44                fdt_path_offset_namelen
 .text.fdt_path_offset
                0x2fff4cd8       0x1a ./../build/optee-nor-stm32mp157d-ev1/lib/libfdt.a(fdt_ro.o)
                0x2fff4cd8                fdt_path_offset
 .text.fdt_supernode_atdepth_offset
                0x2fff4cf2       0x6c ./../build/optee-nor-stm32mp157d-ev1/lib/libfdt.a(fdt_ro.o)
                0x2fff4cf2                fdt_supernode_atdepth_offset
 .text.fdt_node_depth
                0x2fff4d5e       0x20 ./../build/optee-nor-stm32mp157d-ev1/lib/libfdt.a(fdt_ro.o)
                0x2fff4d5e                fdt_node_depth
 .text.fdt_parent_offset
                0x2fff4d7e       0x20 ./../build/optee-nor-stm32mp157d-ev1/lib/libfdt.a(fdt_ro.o)
                0x2fff4d7e                fdt_parent_offset
 .text.fdt_node_offset_by_phandle
                0x2fff4d9e       0x42 ./../build/optee-nor-stm32mp157d-ev1/lib/libfdt.a(fdt_ro.o)
                0x2fff4d9e                fdt_node_offset_by_phandle
 .text.fdt_stringlist_contains
                0x2fff4de0       0x46 ./../build/optee-nor-stm32mp157d-ev1/lib/libfdt.a(fdt_ro.o)
                0x2fff4de0                fdt_stringlist_contains
 .text.fdt_stringlist_search
                0x2fff4e26       0x66 ./../build/optee-nor-stm32mp157d-ev1/lib/libfdt.a(fdt_ro.o)
                0x2fff4e26                fdt_stringlist_search
 .text.fdt_node_offset_by_compatible
                0x2fff4e8c       0x36 ./../build/optee-nor-stm32mp157d-ev1/lib/libfdt.a(fdt_ro.o)
                0x2fff4e8c                fdt_node_offset_by_compatible
 .text.memchr   0x2fff4ec2       0x1c ./../build/optee-nor-stm32mp157d-ev1/lib/libc.a(memchr.o)
                0x2fff4ec2                memchr
 .text.memcmp   0x2fff4ede       0x1c ./../build/optee-nor-stm32mp157d-ev1/lib/libc.a(memcmp.o)
                0x2fff4ede                memcmp
 .text.memcpy   0x2fff4efa       0x16 ./../build/optee-nor-stm32mp157d-ev1/lib/libc.a(memcpy.o)
                0x2fff4efa                memcpy
 .text.memmove  0x2fff4f10       0x2c ./../build/optee-nor-stm32mp157d-ev1/lib/libc.a(memmove.o)
                0x2fff4f10                memmove
 .text.memset   0x2fff4f3c       0x42 ./../build/optee-nor-stm32mp157d-ev1/lib/libc.a(memset.o)
                0x2fff4f3c                memset
 .text.unsigned_num_print.part.0
                0x2fff4f7e       0x92 ./../build/optee-nor-stm32mp157d-ev1/lib/libc.a(printf.o)
 .text.printf   0x2fff5010       0x1a ./../build/optee-nor-stm32mp157d-ev1/lib/libc.a(printf.o)
                0x2fff5010                printf
 .text.unsigned_num_print
                0x2fff502a       0xca ./../build/optee-nor-stm32mp157d-ev1/lib/libc.a(snprintf.o)
 .text.snprintf
                0x2fff50f4       0x1a ./../build/optee-nor-stm32mp157d-ev1/lib/libc.a(snprintf.o)
                0x2fff50f4                snprintf
 .text.strchr   0x2fff510e       0x16 ./../build/optee-nor-stm32mp157d-ev1/lib/libc.a(strchr.o)
                0x2fff510e                strchr
 .text.strcmp   0x2fff5124       0x18 ./../build/optee-nor-stm32mp157d-ev1/lib/libc.a(strcmp.o)
                0x2fff5124                strcmp
 .text.strlcpy  0x2fff513c       0x28 ./../build/optee-nor-stm32mp157d-ev1/lib/libc.a(strlcpy.o)
                0x2fff513c                strlcpy
 .text.strlen   0x2fff5164       0x10 ./../build/optee-nor-stm32mp157d-ev1/lib/libc.a(strlen.o)
                0x2fff5164                strlen
 .text.strncmp  0x2fff5174       0x28 ./../build/optee-nor-stm32mp157d-ev1/lib/libc.a(strncmp.o)
                0x2fff5174                strncmp
 .text.strnlen  0x2fff519c       0x14 ./../build/optee-nor-stm32mp157d-ev1/lib/libc.a(strnlen.o)
                0x2fff519c                strnlen
 .text.strrchr  0x2fff51b0       0x1a ./../build/optee-nor-stm32mp157d-ev1/lib/libc.a(strrchr.o)
                0x2fff51b0                strrchr
 *(SORT_BY_ALIGNMENT(.rodata*))
 *fill*         0x2fff51ca        0x6 
 .rodata.stm32mp1_mmap
                0x2fff51d0       0x48 ./../build/optee-nor-stm32mp157d-ev1/bl2/stm32mp1_private.o
 .rodata.fip_dev_funcs
                0x2fff5218       0x24 ./../build/optee-nor-stm32mp157d-ev1/bl2/io_fip.o
 .rodata.fip_dev_connector
                0x2fff523c        0x4 ./../build/optee-nor-stm32mp157d-ev1/bl2/io_fip.o
 .rodata.mtd_dev_funcs
                0x2fff5240       0x24 ./../build/optee-nor-stm32mp157d-ev1/bl2/io_mtd.o
 .rodata.mtd_dev_connector
                0x2fff5264        0x4 ./../build/optee-nor-stm32mp157d-ev1/bl2/io_mtd.o
 .rodata.stm32mp_clk_ops
                0x2fff5268       0x14 ./../build/optee-nor-stm32mp157d-ev1/bl2/stm32mp1_clk.o
 .rodata.stm32mp1_clk_pll
                0x2fff527c       0x80 ./../build/optee-nor-stm32mp157d-ev1/bl2/stm32mp1_clk.o
 .rodata.stm32mp1_clk_sel
                0x2fff52fc      0x108 ./../build/optee-nor-stm32mp157d-ev1/bl2/stm32mp1_clk.o
 .rodata        0x2fff5404       0x40 ./../build/optee-nor-stm32mp157d-ev1/bl2/stm32mp1_clk.o
 .rodata.ddr_registers
                0x2fff5444       0x60 ./../build/optee-nor-stm32mp157d-ev1/bl2/stm32mp1_ddr.o
 .rodata        0x2fff54a4       0x48 ./../build/optee-nor-stm32mp157d-ev1/bl2/stm32mp1_ram.o
 .rodata.i2c_specs
                0x2fff54ec       0x60 ./../build/optee-nor-stm32mp157d-ev1/bl2/stm32_i2c.o
 .rodata.stm32_tamp_nvram_nvmem_ops
                0x2fff554c        0x8 ./../build/optee-nor-stm32mp157d-ev1/bl2/stm32mp_tamp_nvram_core.o
 .rodata.stm32mp1_tamp_nvram
                0x2fff5554        0x8 ./../build/optee-nor-stm32mp157d-ev1/bl2/stm32mp_tamp_nvram_mp1.o
 .rodata.mp1_zone_cfg_fields
                0x2fff555c       0x18 ./../build/optee-nor-stm32mp157d-ev1/bl2/stm32mp_tamp_nvram_mp1.o
 .rodata.pmic_regs
                0x2fff5574      0x118 ./../build/optee-nor-stm32mp157d-ev1/bl2/stm32mp_pmic.o
 .rodata.pmic_ops
                0x2fff568c       0x20 ./../build/optee-nor-stm32mp157d-ev1/bl2/stm32mp_pmic.o
 .rodata.regulators_table
                0x2fff56ac      0x118 ./../build/optee-nor-stm32mp157d-ev1/bl2/stpmic1.o
 .rodata.stm32_qspi_bus_ops
                0x2fff57c4       0x1c ./../build/optee-nor-stm32mp157d-ev1/bl2/stm32_qspi.o
 .rodata.crc_table
                0x2fff57e0      0x400 ./../build/optee-nor-stm32mp157d-ev1/bl2/crc32.o
 .rodata.plat_prefix_str
                0x2fff5be0       0x14 ./../build/optee-nor-stm32mp157d-ev1/bl2/plat_log_common.o
 .rodata        0x2fff5bf4       0x20 ./../build/optee-nor-stm32mp157d-ev1/bl2/bl2_io_storage.o
 .rodata.load_info
                0x2fff5c14       0x38 ./../build/optee-nor-stm32mp157d-ev1/bl2/stm32mp_fconf_io.o
 .rodata        0x2fff5c4c       0x10 ./../build/optee-nor-stm32mp157d-ev1/bl2/bl2_plat_setup.o
 .rodata.CSWTCH.28
                0x2fff5c5c       0x10 ./../build/optee-nor-stm32mp157d-ev1/bl2/stm32mp1_private.o
 .rodata.CSWTCH.27
                0x2fff5c6c       0x10 ./../build/optee-nor-stm32mp157d-ev1/bl2/stm32mp1_private.o
 .rodata.stm32mp1_clk_gate
                0x2fff5c7c      0x1d8 ./../build/optee-nor-stm32mp157d-ev1/bl2/stm32mp1_clk.o
 .rodata.parent_mp15
                0x2fff5e54      0x108 ./../build/optee-nor-stm32mp157d-ev1/bl2/stm32mp1_clk.o
 .rodata.dividers_mp15
                0x2fff5f5c       0x96 ./../build/optee-nor-stm32mp157d-ev1/bl2/stm32mp1_clk.o
 .rodata.ddrphy_timing
                0x2fff5ff2       0x28 ./../build/optee-nor-stm32mp157d-ev1/bl2/stm32mp1_ddr.o
 .rodata.ddrphy_reg
                0x2fff601a       0x2c ./../build/optee-nor-stm32mp157d-ev1/bl2/stm32mp1_ddr.o
 .rodata.ddr_perf
                0x2fff6046       0x44 ./../build/optee-nor-stm32mp157d-ev1/bl2/stm32mp1_ddr.o
 .rodata.ddr_map
                0x2fff608a       0x24 ./../build/optee-nor-stm32mp157d-ev1/bl2/stm32mp1_ddr.o
 .rodata.ddr_timing
                0x2fff60ae       0x30 ./../build/optee-nor-stm32mp157d-ev1/bl2/stm32mp1_ddr.o
 .rodata.ddr_reg
                0x2fff60de       0x64 ./../build/optee-nor-stm32mp157d-ev1/bl2/stm32mp1_ddr.o
 .rodata.fixed_5v_voltage_table
                0x2fff6142        0x2 ./../build/optee-nor-stm32mp157d-ev1/bl2/stpmic1.o
 .rodata.vref_ddr_voltage_table
                0x2fff6144        0x2 ./../build/optee-nor-stm32mp157d-ev1/bl2/stpmic1.o
 .rodata.ldo4_voltage_table
                0x2fff6146        0x2 ./../build/optee-nor-stm32mp157d-ev1/bl2/stpmic1.o
 .rodata.ldo6_voltage_table
                0x2fff6148       0x32 ./../build/optee-nor-stm32mp157d-ev1/bl2/stpmic1.o
 .rodata.ldo5_voltage_table
                0x2fff617a       0x3e ./../build/optee-nor-stm32mp157d-ev1/bl2/stpmic1.o
 .rodata.ldo3_special_mode_table
                0x2fff61b8        0x2 ./../build/optee-nor-stm32mp157d-ev1/bl2/stpmic1.o
 .rodata.ldo3_voltage_table
                0x2fff61ba       0x3e ./../build/optee-nor-stm32mp157d-ev1/bl2/stpmic1.o
 .rodata.ldo2_voltage_table
                0x2fff61f8       0x32 ./../build/optee-nor-stm32mp157d-ev1/bl2/stpmic1.o
 .rodata.ldo1_voltage_table
                0x2fff622a       0x32 ./../build/optee-nor-stm32mp157d-ev1/bl2/stpmic1.o
 .rodata.buck4_voltage_table
                0x2fff625c       0x7a ./../build/optee-nor-stm32mp157d-ev1/bl2/stpmic1.o