/home/dangcaominh/STM32MP1/u-boot/u-boot/fs/fs.c:47:19:fs_probe_unsupported	0	static
/home/dangcaominh/STM32MP1/u-boot/u-boot/fs/fs.c:54:19:fs_ls_unsupported	0	static
/home/dangcaominh/STM32MP1/u-boot/u-boot/fs/fs.c:91:19:fs_exists_unsupported	0	static
/home/dangcaominh/STM32MP1/u-boot/u-boot/fs/fs.c:101:19:fs_read_unsupported	0	static
/home/dangcaominh/STM32MP1/u-boot/u-boot/fs/fs.c:120:20:fs_close_unsupported	0	static
/home/dangcaominh/STM32MP1/u-boot/u-boot/fs/fs.c:129:19:fs_opendir_unsupported	0	static
/home/dangcaominh/STM32MP1/u-boot/u-boot/fs/fs.c:381:28:fs_get_info	8	static
/home/dangcaominh/STM32MP1/u-boot/u-boot/fs/fs.c:108:19:fs_write_unsupported	0	static
/home/dangcaominh/STM32MP1/u-boot/u-boot/fs/fs.c:140:19:fs_mkdir_unsupported	0	static
/home/dangcaominh/STM32MP1/u-boot/u-boot/fs/fs.c:96:19:fs_size_unsupported	0	static
/home/dangcaominh/STM32MP1/u-boot/u-boot/fs/fs.c:115:19:fs_ln_unsupported	0	static
/home/dangcaominh/STM32MP1/u-boot/u-boot/fs/fs.c:124:19:fs_uuid_unsupported	0	static
/home/dangcaominh/STM32MP1/u-boot/u-boot/fs/fs.c:135:19:fs_unlink_unsupported	0	static
/home/dangcaominh/STM32MP1/u-boot/u-boot/fs/fs.c:42:6:fs_set_type	0	static
/home/dangcaominh/STM32MP1/u-boot/u-boot/fs/fs.c:403:5:fs_get_type	0	static
/home/dangcaominh/STM32MP1/u-boot/u-boot/fs/fs.c:416:13:fs_get_type_name	8	static
/home/dangcaominh/STM32MP1/u-boot/u-boot/fs/fs.c:421:5:fs_set_blk_dev	40	static
/home/dangcaominh/STM32MP1/u-boot/u-boot/fs/fs.c:466:5:fs_set_blk_dev_with_part	24	static
/home/dangcaominh/STM32MP1/u-boot/u-boot/fs/fs.c:490:6:fs_close	8	static
/home/dangcaominh/STM32MP1/u-boot/u-boot/fs/fs.c:580:12:_fs_read	304	static
/home/dangcaominh/STM32MP1/u-boot/u-boot/fs/fs.c:499:5:fs_uuid	8	static
/home/dangcaominh/STM32MP1/u-boot/u-boot/fs/fs.c:506:5:fs_ls	8	static
/home/dangcaominh/STM32MP1/u-boot/u-boot/fs/fs.c:519:5:fs_exists	8	static
/home/dangcaominh/STM32MP1/u-boot/u-boot/fs/fs.c:532:5:fs_size	8	static
/home/dangcaominh/STM32MP1/u-boot/u-boot/fs/fs.c:611:5:fs_read	32	static
/home/dangcaominh/STM32MP1/u-boot/u-boot/fs/fs.c:617:5:fs_write	48	static
/home/dangcaominh/STM32MP1/u-boot/u-boot/fs/fs.c:637:23:fs_opendir	24	static
/home/dangcaominh/STM32MP1/u-boot/u-boot/fs/fs.c:656:19:fs_readdir	16	static
/home/dangcaominh/STM32MP1/u-boot/u-boot/fs/fs.c:675:6:fs_closedir	8	static
/home/dangcaominh/STM32MP1/u-boot/u-boot/fs/fs.c:61:12:fs_ls_generic	40	static
/home/dangcaominh/STM32MP1/u-boot/u-boot/fs/fs.c:689:5:fs_unlink	8	static
/home/dangcaominh/STM32MP1/u-boot/u-boot/fs/fs.c:702:5:fs_mkdir	8	static
/home/dangcaominh/STM32MP1/u-boot/u-boot/fs/fs.c:715:5:fs_ln	32	static
/home/dangcaominh/STM32MP1/u-boot/u-boot/fs/fs.c:731:5:do_size	24	static
/home/dangcaominh/STM32MP1/u-boot/u-boot/fs/fs.c:750:5:do_load	80	static
/home/dangcaominh/STM32MP1/u-boot/u-boot/fs/fs.c:829:5:do_ls	16	static
/home/dangcaominh/STM32MP1/u-boot/u-boot/fs/fs.c:846:5:file_exists	8	static
/home/dangcaominh/STM32MP1/u-boot/u-boot/fs/fs.c:855:5:do_save	64	static
/home/dangcaominh/STM32MP1/u-boot/u-boot/fs/fs.c:897:5:do_fs_uuid	56	static
/home/dangcaominh/STM32MP1/u-boot/u-boot/fs/fs.c:922:5:do_fs_type	16	static
/home/dangcaominh/STM32MP1/u-boot/u-boot/fs/fs.c:944:5:do_rm	8	static
/home/dangcaominh/STM32MP1/u-boot/u-boot/fs/fs.c:959:5:do_mkdir	24	static
/home/dangcaominh/STM32MP1/u-boot/u-boot/fs/fs.c:979:5:do_ln	8	static
/home/dangcaominh/STM32MP1/u-boot/u-boot/fs/fs.c:994:5:do_fs_types	24	static
/home/dangcaominh/STM32MP1/u-boot/u-boot/fs/fs.c:1014:5:fs_read_alloc	48	static
/home/dangcaominh/STM32MP1/u-boot/u-boot/fs/fs.c:1040:5:fs_load_alloc	40	static
