/home/dangcaominh/STM32MP1/u-boot/stm32mp1-u-boot/drivers/firmware/scmi/optee_agent.c:143:12:open_channel	160	static
/home/dangcaominh/STM32MP1/u-boot/stm32mp1-u-boot/drivers/firmware/scmi/optee_agent.c:277:12:scmi_optee_process_msg	184	static
/home/dangcaominh/STM32MP1/u-boot/stm32mp1-u-boot/drivers/firmware/scmi/optee_agent.c:303:12:setup_channel	40	static
/home/dangcaominh/STM32MP1/u-boot/stm32mp1-u-boot/drivers/firmware/scmi/optee_agent.c:326:12:scmi_optee_get_channel	24	static
/home/dangcaominh/STM32MP1/u-boot/stm32mp1-u-boot/drivers/firmware/scmi/optee_agent.c:357:12:scmi_optee_of_to_plat	8	static
/home/dangcaominh/STM32MP1/u-boot/stm32mp1-u-boot/drivers/firmware/scmi/optee_agent.c:364:12:scmi_optee_probe	24	static
