Archive member included to satisfy reference by file (symbol)

/home/dangcaominh/STM32MP1/optee-os/optee-os/../build/optee-programmer-stm32mp157d-dk1/ldelf-lib/libutee/libutee.a(assert.o)
                              /home/dangcaominh/STM32MP1/optee-os/optee-os/../build/optee-programmer-stm32mp157d-dk1/ldelf/main.o (_assert_log)
/home/dangcaominh/STM32MP1/optee-os/optee-os/../build/optee-programmer-stm32mp157d-dk1/ldelf-lib/libutee/libutee.a(tee_uuid_from_str.o)
                              /home/dangcaominh/STM32MP1/optee-os/optee-os/../build/optee-programmer-stm32mp157d-dk1/ldelf/ta_elf.o (tee_uuid_from_str)
/home/dangcaominh/STM32MP1/optee-os/optee-os/../build/optee-programmer-stm32mp157d-dk1/ldelf-lib/libutee/libutee.a(utee_syscalls_a32.o)
                              /home/dangcaominh/STM32MP1/optee-os/optee-os/../build/optee-programmer-stm32mp157d-dk1/ldelf-lib/libutee/libutee.a(assert.o) (_utee_panic)
/home/dangcaominh/STM32MP1/optee-os/optee-os/../build/optee-programmer-stm32mp157d-dk1/ldelf-lib/libutils/libutils.a(bget_malloc.o)
                              /home/dangcaominh/STM32MP1/optee-os/optee-os/../build/optee-programmer-stm32mp157d-dk1/ldelf/ta_elf.o (malloc)
/home/dangcaominh/STM32MP1/optee-os/optee-os/../build/optee-programmer-stm32mp157d-dk1/ldelf-lib/libutils/libutils.a(isxdigit.o)
                              /home/dangcaominh/STM32MP1/optee-os/optee-os/../build/optee-programmer-stm32mp157d-dk1/ldelf-lib/libutee/libutee.a(tee_uuid_from_str.o) (isxdigit)
/home/dangcaominh/STM32MP1/optee-os/optee-os/../build/optee-programmer-stm32mp157d-dk1/ldelf-lib/libutils/libutils.a(snprintf.o)
                              /home/dangcaominh/STM32MP1/optee-os/optee-os/../build/optee-programmer-stm32mp157d-dk1/ldelf/ta_elf.o (snprintf)
/home/dangcaominh/STM32MP1/optee-os/optee-os/../build/optee-programmer-stm32mp157d-dk1/ldelf-lib/libutils/libutils.a(tolower.o)
                              /home/dangcaominh/STM32MP1/optee-os/optee-os/../build/optee-programmer-stm32mp157d-dk1/ldelf-lib/libutee/libutee.a(tee_uuid_from_str.o) (tolower)
/home/dangcaominh/STM32MP1/optee-os/optee-os/../build/optee-programmer-stm32mp157d-dk1/ldelf-lib/libutils/libutils.a(memcmp.o)
                              /home/dangcaominh/STM32MP1/optee-os/optee-os/../build/optee-programmer-stm32mp157d-dk1/ldelf/dl.o (memcmp)
/home/dangcaominh/STM32MP1/optee-os/optee-os/../build/optee-programmer-stm32mp157d-dk1/ldelf-lib/libutils/libutils.a(memcpy.o)
                              /home/dangcaominh/STM32MP1/optee-os/optee-os/../build/optee-programmer-stm32mp157d-dk1/ldelf/ta_elf.o (memcpy)
/home/dangcaominh/STM32MP1/optee-os/optee-os/../build/optee-programmer-stm32mp157d-dk1/ldelf-lib/libutils/libutils.a(memset.o)
                              /home/dangcaominh/STM32MP1/optee-os/optee-os/../build/optee-programmer-stm32mp157d-dk1/ldelf/dl.o (memset)
/home/dangcaominh/STM32MP1/optee-os/optee-os/../build/optee-programmer-stm32mp157d-dk1/ldelf-lib/libutils/libutils.a(strcmp.o)
                              /home/dangcaominh/STM32MP1/optee-os/optee-os/../build/optee-programmer-stm32mp157d-dk1/ldelf/ta_elf_rel.o (strcmp)
/home/dangcaominh/STM32MP1/optee-os/optee-os/../build/optee-programmer-stm32mp157d-dk1/ldelf-lib/libutils/libutils.a(strcpy.o)
                              /home/dangcaominh/STM32MP1/optee-os/optee-os/../build/optee-programmer-stm32mp157d-dk1/ldelf/ta_elf.o (strcpy)
/home/dangcaominh/STM32MP1/optee-os/optee-os/../build/optee-programmer-stm32mp157d-dk1/ldelf-lib/libutils/libutils.a(strnlen.o)
                              /home/dangcaominh/STM32MP1/optee-os/optee-os/../build/optee-programmer-stm32mp157d-dk1/ldelf-lib/libutee/libutee.a(tee_uuid_from_str.o) (strnlen)
/home/dangcaominh/STM32MP1/optee-os/optee-os/../build/optee-programmer-stm32mp157d-dk1/ldelf-lib/libutils/libutils.a(arm32_aeabi_ldivmod_a32.o)
                              /home/dangcaominh/STM32MP1/optee-os/optee-os/../build/optee-programmer-stm32mp157d-dk1/ldelf/ta_elf.o (__aeabi_uldivmod)
/home/dangcaominh/STM32MP1/optee-os/optee-os/../build/optee-programmer-stm32mp157d-dk1/ldelf-lib/libutils/libutils.a(arm32_aeabi_ldivmod.o)
                              /home/dangcaominh/STM32MP1/optee-os/optee-os/../build/optee-programmer-stm32mp157d-dk1/ldelf-lib/libutils/libutils.a(arm32_aeabi_ldivmod_a32.o) (__ul_divmod)
/home/dangcaominh/STM32MP1/optee-os/optee-os/../build/optee-programmer-stm32mp157d-dk1/ldelf-lib/libutils/libutils.a(snprintk.o)
                              /home/dangcaominh/STM32MP1/optee-os/optee-os/../build/optee-programmer-stm32mp157d-dk1/ldelf-lib/libutils/libutils.a(snprintf.o) (__vsnprintf)
/home/dangcaominh/STM32MP1/optee-os/optee-os/../build/optee-programmer-stm32mp157d-dk1/ldelf-lib/libutils/libutils.a(trace.o)
                              /home/dangcaominh/STM32MP1/optee-os/optee-os/../build/optee-programmer-stm32mp157d-dk1/ldelf/main.o (trace_vprintf)
[...]
Memory Configuration

Name             Origin             Length             Attributes
*default*        0x00000000         0xffffffff

Linker script and memory map


.text           0x00000000     0x4130
                0x00000000                        __text_start = .
 *(SORT_BY_ALIGNMENT(.text._ldelf_start))
 .text._ldelf_start
                0x00000000       0x64 /home/dangcaominh/STM32MP1/optee-os/optee-os/../build/optee-programmer-stm32mp157d-dk1/ldelf/start_a32.o
                0x00000000                _ldelf_start
 *(SORT_BY_ALIGNMENT(.text) SORT_BY_ALIGNMENT(.text.*))
 .text._ldelf_panic
                0x00000064       0x14 /home/dangcaominh/STM32MP1/optee-os/optee-os/../build/optee-programmer-stm32mp157d-dk1/ldelf/syscalls_a32.o
                0x00000064                _ldelf_panic
 .text._ldelf_return
                0x00000078       0x14 /home/dangcaominh/STM32MP1/optee-os/optee-os/../build/optee-programmer-stm32mp157d-dk1/ldelf/syscalls_a32.o
                0x00000078                _ldelf_return
 .text._ldelf_log
                0x0000008c       0x14 /home/dangcaominh/STM32MP1/optee-os/optee-os/../build/optee-programmer-stm32mp157d-dk1/ldelf/syscalls_a32.o
                0x0000008c                _ldelf_log
 .text.__ldelf_panic
                0x000000a0       0x14 /home/dangcaominh/STM32MP1/optee-os/optee-os/../build/optee-programmer-stm32mp157d-dk1/ldelf/syscalls_a32.o
                0x000000a0                __ldelf_panic
 .text._ldelf_map_zi
                0x000000b4       0x18 /home/dangcaominh/STM32MP1/optee-os/optee-os/../build/optee-programmer-stm32mp157d-dk1/ldelf/syscalls_a32.o
                0x000000b4                _ldelf_map_zi
 .text._ldelf_unmap
                0x000000cc       0x14 /home/dangcaominh/STM32MP1/optee-os/optee-os/../build/optee-programmer-stm32mp157d-dk1/ldelf/syscalls_a32.o
                0x000000cc                _ldelf_unmap
 .text._ldelf_open_bin
                0x000000e0       0x14 /home/dangcaominh/STM32MP1/optee-os/optee-os/../build/optee-programmer-stm32mp157d-dk1/ldelf/syscalls_a32.o
                0x000000e0                _ldelf_open_bin
 .text._ldelf_close_bin
                0x000000f4       0x14 /home/dangcaominh/STM32MP1/optee-os/optee-os/../build/optee-programmer-stm32mp157d-dk1/ldelf/syscalls_a32.o
                0x000000f4                _ldelf_close_bin
 .text._ldelf_map_bin
                0x00000108       0x18 /home/dangcaominh/STM32MP1/optee-os/optee-os/../build/optee-programmer-stm32mp157d-dk1/ldelf/syscalls_a32.o
                0x00000108                _ldelf_map_bin
 .text._ldelf_cp_from_bin
                0x00000120       0x14 /home/dangcaominh/STM32MP1/optee-os/optee-os/../build/optee-programmer-stm32mp157d-dk1/ldelf/syscalls_a32.o
                0x00000120                _ldelf_cp_from_bin
 .text._ldelf_set_prot
                0x00000134       0x14 /home/dangcaominh/STM32MP1/optee-os/optee-os/../build/optee-programmer-stm32mp157d-dk1/ldelf/syscalls_a32.o
                0x00000134                _ldelf_set_prot
 .text._ldelf_remap
                0x00000148       0x18 /home/dangcaominh/STM32MP1/optee-os/optee-os/../build/optee-programmer-stm32mp157d-dk1/ldelf/syscalls_a32.o
                0x00000148                _ldelf_remap
 .text._ldelf_gen_rnd_num
                0x00000160       0x14 /home/dangcaominh/STM32MP1/optee-os/optee-os/../build/optee-programmer-stm32mp157d-dk1/ldelf/syscalls_a32.o
                0x00000160                _ldelf_gen_rnd_num
 .text.dlopen_entry
                0x00000174       0x40 /home/dangcaominh/STM32MP1/optee-os/optee-os/../build/optee-programmer-stm32mp157d-dk1/ldelf/dl.o
                0x00000174                dlopen_entry
 .text.dlsym_entry
                0x000001b4       0x4c /home/dangcaominh/STM32MP1/optee-os/optee-os/../build/optee-programmer-stm32mp157d-dk1/ldelf/dl.o
                0x000001b4                dlsym_entry
 .text.dl_entry
                0x00000200       0x24 /home/dangcaominh/STM32MP1/optee-os/optee-os/../build/optee-programmer-stm32mp157d-dk1/ldelf/main.o
 .text.dump_ta_state
                0x00000224       0xb0 /home/dangcaominh/STM32MP1/optee-os/optee-os/../build/optee-programmer-stm32mp157d-dk1/ldelf/main.o
 .text.ldelf    0x000002d4       0xe4 /home/dangcaominh/STM32MP1/optee-os/optee-os/../build/optee-programmer-stm32mp157d-dk1/ldelf/main.o
                0x000002d4                ldelf
 .text.__panic  0x000003b8       0x84 /home/dangcaominh/STM32MP1/optee-os/optee-os/../build/optee-programmer-stm32mp157d-dk1/ldelf/sys.o
                0x000003b8                __panic
 .text.check_range
                0x0000043c       0x84 /home/dangcaominh/STM32MP1/optee-os/optee-os/../build/optee-programmer-stm32mp157d-dk1/ldelf/ta_elf.o
 .text.check_hashtab
                0x000004c0       0x74 /home/dangcaominh/STM32MP1/optee-os/optee-os/../build/optee-programmer-stm32mp157d-dk1/ldelf/ta_elf.o
 .text.queue_elf_helper
                0x00000534       0x44 /home/dangcaominh/STM32MP1/optee-os/optee-os/../build/optee-programmer-stm32mp157d-dk1/ldelf/ta_elf.o
 .text.add_segment
                0x00000578       0x90 /home/dangcaominh/STM32MP1/optee-os/optee-os/../build/optee-programmer-stm32mp157d-dk1/ldelf/ta_elf.o
 .text.ta_elf_add_bti
                0x00000608       0x4c /home/dangcaominh/STM32MP1/optee-os/optee-os/../build/optee-programmer-stm32mp157d-dk1/ldelf/ta_elf.o
 .text.init_elf
                0x00000654      0x188 /home/dangcaominh/STM32MP1/optee-os/optee-os/../build/optee-programmer-stm32mp157d-dk1/ldelf/ta_elf.o
 .text.close_handle
                0x000007dc       0x40 /home/dangcaominh/STM32MP1/optee-os/optee-os/../build/optee-programmer-stm32mp157d-dk1/ldelf/ta_elf.o
 .text.check_phdr_in_range.constprop.0
                0x0000081c       0x60 /home/dangcaominh/STM32MP1/optee-os/optee-os/../build/optee-programmer-stm32mp157d-dk1/ldelf/ta_elf.o
 .text._assert_trap.constprop.0
                0x0000087c       0x18 /home/dangcaominh/STM32MP1/optee-os/optee-os/../build/optee-programmer-stm32mp157d-dk1/ldelf/ta_elf.o
 .text.print_seg
                0x00000894       0xdc /home/dangcaominh/STM32MP1/optee-os/optee-os/../build/optee-programmer-stm32mp157d-dk1/ldelf/ta_elf.o
 .text.copy_section_headers
                0x00000970       0xec /home/dangcaominh/STM32MP1/optee-os/optee-os/../build/optee-programmer-stm32mp157d-dk1/ldelf/ta_elf.o
 .text.populate_segments
                0x00000a5c      0x390 /home/dangcaominh/STM32MP1/optee-os/optee-os/../build/optee-programmer-stm32mp157d-dk1/ldelf/ta_elf.o
 .text.map_segments
                0x00000dec      0x380 /home/dangcaominh/STM32MP1/optee-os/optee-os/../build/optee-programmer-stm32mp157d-dk1/ldelf/ta_elf.o
 .text.save_soname_from_segment
                0x0000116c       0xa4 /home/dangcaominh/STM32MP1/optee-os/optee-os/../build/optee-programmer-stm32mp157d-dk1/ldelf/ta_elf.o
 .text.save_symtab
                0x00001210      0x2e8 /home/dangcaominh/STM32MP1/optee-os/optee-os/../build/optee-programmer-stm32mp157d-dk1/ldelf/ta_elf.o
 .text.get_init_fini_array.constprop.0
                0x000014f8       0xa4 /home/dangcaominh/STM32MP1/optee-os/optee-os/../build/optee-programmer-stm32mp157d-dk1/ldelf/ta_elf.o
 .text.ta_elf_find_elf
                0x0000159c       0x2c /home/dangcaominh/STM32MP1/optee-os/optee-os/../build/optee-programmer-stm32mp157d-dk1/ldelf/ta_elf.o
                0x0000159c                ta_elf_find_elf
 .text.queue_elf
                0x000015c8       0x40 /home/dangcaominh/STM32MP1/optee-os/optee-os/../build/optee-programmer-stm32mp157d-dk1/ldelf/ta_elf.o
 .text.add_deps_from_segment
                0x00001608      0x114 /home/dangcaominh/STM32MP1/optee-os/optee-os/../build/optee-programmer-stm32mp157d-dk1/ldelf/ta_elf.o
 .text.ta_elf_load_main
                0x0000171c      0x334 /home/dangcaominh/STM32MP1/optee-os/optee-os/../build/optee-programmer-stm32mp157d-dk1/ldelf/ta_elf.o
                0x0000171c                ta_elf_load_main
 .text.ta_elf_load_dependency
                0x00001a50       0xa8 /home/dangcaominh/STM32MP1/optee-os/optee-os/../build/optee-programmer-stm32mp157d-dk1/ldelf/ta_elf.o
                0x00001a50                ta_elf_load_dependency
 .text.ta_elf_finalize_mappings
                0x00001af8       0x58 /home/dangcaominh/STM32MP1/optee-os/optee-os/../build/optee-programmer-stm32mp157d-dk1/ldelf/ta_elf.o
                0x00001af8                ta_elf_finalize_mappings
 .text.ta_elf_print_mappings
                0x00001b50      0x20c /home/dangcaominh/STM32MP1/optee-os/optee-os/../build/optee-programmer-stm32mp157d-dk1/ldelf/ta_elf.o
                0x00001b50                ta_elf_print_mappings
 .text.ta_elf_set_init_fini_info_compat
                0x00001d5c      0x188 /home/dangcaominh/STM32MP1/optee-os/optee-os/../build/optee-programmer-stm32mp157d-dk1/ldelf/ta_elf.o
                0x00001d5c                ta_elf_set_init_fini_info_compat
 .text.ta_elf_set_elf_phdr_info
                0x00001ee4      0x16c /home/dangcaominh/STM32MP1/optee-os/optee-os/../build/optee-programmer-stm32mp157d-dk1/ldelf/ta_elf.o
                0x00001ee4                ta_elf_set_elf_phdr_info
 .text.ta_elf_finalize_load_main
                0x00002050       0xa4 /home/dangcaominh/STM32MP1/optee-os/optee-os/../build/optee-programmer-stm32mp157d-dk1/ldelf/ta_elf.o
                0x00002050                ta_elf_finalize_load_main
 .text.ta_elf_add_library
                0x000020f4       0x6c /home/dangcaominh/STM32MP1/optee-os/optee-os/../build/optee-programmer-stm32mp157d-dk1/ldelf/ta_elf.o
                0x000020f4                ta_elf_add_library
 .text.check_found_sym
                0x00002160      0x150 /home/dangcaominh/STM32MP1/optee-os/optee-os/../build/optee-programmer-stm32mp157d-dk1/ldelf/ta_elf_rel.o
 .text.resolve_sym_helper
                0x000022b0      0x1c0 /home/dangcaominh/STM32MP1/optee-os/optee-os/../build/optee-programmer-stm32mp157d-dk1/ldelf/ta_elf_rel.o
 .text.e32_get_sym_name.isra.0
                0x00002470       0x88 /home/dangcaominh/STM32MP1/optee-os/optee-os/../build/optee-programmer-stm32mp157d-dk1/ldelf/ta_elf_rel.o
 .text.ta_elf_resolve_sym
                0x000024f8       0x7c /home/dangcaominh/STM32MP1/optee-os/optee-os/../build/optee-programmer-stm32mp157d-dk1/ldelf/ta_elf_rel.o
                0x000024f8                ta_elf_resolve_sym
 .text.e32_process_dyn_rel
                0x00002574       0x6c /home/dangcaominh/STM32MP1/optee-os/optee-os/../build/optee-programmer-stm32mp157d-dk1/ldelf/ta_elf_rel.o
 .text.ta_elf_relocate
                0x000025e0      0x498 /home/dangcaominh/STM32MP1/optee-os/optee-os/../build/optee-programmer-stm32mp157d-dk1/ldelf/ta_elf_rel.o
                0x000025e0                ta_elf_relocate
 .text._assert_log
                0x00002a78       0x28 /home/dangcaominh/STM32MP1/optee-os/optee-os/../build/optee-programmer-stm32mp157d-dk1/ldelf-lib/libutee/libutee.a(assert.o)
                0x00002a78                _assert_log
 .text._assert_break
                0x00002aa0       0x10 /home/dangcaominh/STM32MP1/optee-os/optee-os/../build/optee-programmer-stm32mp157d-dk1/ldelf-lib/libutee/libutee.a(assert.o)
                0x00002aa0                _assert_break
 .text.parse_hex
                0x00002ab0       0x44 /home/dangcaominh/STM32MP1/optee-os/optee-os/../build/optee-programmer-stm32mp157d-dk1/ldelf-lib/libutee/libutee.a(tee_uuid_from_str.o)
 .text.tee_uuid_from_str
                0x00002af4       0xc4 /home/dangcaominh/STM32MP1/optee-os/optee-os/../build/optee-programmer-stm32mp157d-dk1/ldelf-lib/libutee/libutee.a(tee_uuid_from_str.o)
                0x00002af4                tee_uuid_from_str
 .text._utee_panic
                0x00002bb8       0x14 /home/dangcaominh/STM32MP1/optee-os/optee-os/../build/optee-programmer-stm32mp157d-dk1/ldelf-lib/libutee/libutee.a(utee_syscalls_a32.o)
                0x00002bb8                _utee_panic
 .text.__utee_panic
                0x00002bcc       0x14 /home/dangcaominh/STM32MP1/optee-os/optee-os/../build/optee-programmer-stm32mp157d-dk1/ldelf-lib/libutee/libutee.a(utee_syscalls_a32.o)
                0x00002bcc                __utee_panic
 .text.bget_buf_size.part.0
                0x00002be0       0x20 /home/dangcaominh/STM32MP1/optee-os/optee-os/../build/optee-programmer-stm32mp157d-dk1/ldelf-lib/libutils/libutils.a(bget_malloc.o)
 .text.bget     0x00002c00      0x20c /home/dangcaominh/STM32MP1/optee-os/optee-os/../build/optee-programmer-stm32mp157d-dk1/ldelf-lib/libutils/libutils.a(bget_malloc.o)
                0x00002c00                bget
 .text.bgetz    0x00002e0c       0x5c /home/dangcaominh/STM32MP1/optee-os/optee-os/../build/optee-programmer-stm32mp157d-dk1/ldelf-lib/libutils/libutils.a(bget_malloc.o)
                0x00002e0c                bgetz
 .text.brel     0x00002e68      0x1fc /home/dangcaominh/STM32MP1/optee-os/optee-os/../build/optee-programmer-stm32mp157d-dk1/ldelf-lib/libutils/libutils.a(bget_malloc.o)
                0x00002e68                brel
 .text.bpool    0x00003064       0x94 /home/dangcaominh/STM32MP1/optee-os/optee-os/../build/optee-programmer-stm32mp157d-dk1/ldelf-lib/libutils/libutils.a(bget_malloc.o)
                0x00003064                bpool
 .text.malloc   0x000030f8       0x14 /home/dangcaominh/STM32MP1/optee-os/optee-os/../build/optee-programmer-stm32mp157d-dk1/ldelf-lib/libutils/libutils.a(bget_malloc.o)
                0x000030f8                malloc
 .text.calloc   0x0000310c       0x20 /home/dangcaominh/STM32MP1/optee-os/optee-os/../build/optee-programmer-stm32mp157d-dk1/ldelf-lib/libutils/libutils.a(bget_malloc.o)
                0x0000310c                calloc
 .text.realloc  0x0000312c       0x1c /home/dangcaominh/STM32MP1/optee-os/optee-os/../build/optee-programmer-stm32mp157d-dk1/ldelf-lib/libutils/libutils.a(bget_malloc.o)
                0x0000312c                realloc
 .text.free     0x00003148       0x10 /home/dangcaominh/STM32MP1/optee-os/optee-os/../build/optee-programmer-stm32mp157d-dk1/ldelf-lib/libutils/libutils.a(bget_malloc.o)
                0x00003148                free
 .text.raw_malloc_add_pool
                0x00003158       0x7c /home/dangcaominh/STM32MP1/optee-os/optee-os/../build/optee-programmer-stm32mp157d-dk1/ldelf-lib/libutils/libutils.a(bget_malloc.o)
                0x00003158                raw_malloc_add_pool
 .text.malloc_add_pool
                0x000031d4       0x10 /home/dangcaominh/STM32MP1/optee-os/optee-os/../build/optee-programmer-stm32mp157d-dk1/ldelf-lib/libutils/libutils.a(bget_malloc.o)
                0x000031d4                malloc_add_pool
 .text.memcpy   0x000031e4       0xd8 /home/dangcaominh/STM32MP1/optee-os/optee-os/../build/optee-programmer-stm32mp157d-dk1/ldelf-lib/libutils/libutils.a(memcpy.o)
                0x000031e4                memcpy
 .text.__aeabi_uldivmod
                0x000032bc       0x18 /home/dangcaominh/STM32MP1/optee-os/optee-os/../build/optee-programmer-stm32mp157d-dk1/ldelf-lib/libutils/libutils.a(arm32_aeabi_ldivmod_a32.o)
                0x000032bc                __aeabi_uldivmod
 .text.kprintf.constprop.0
                0x000032d4      0x75c /home/dangcaominh/STM32MP1/optee-os/optee-os/../build/optee-programmer-stm32mp157d-dk1/ldelf-lib/libutils/libutils.a(snprintk.o)
 .text.trace_vprintf
                0x00003a30      0x138 /home/dangcaominh/STM32MP1/optee-os/optee-os/../build/optee-programmer-stm32mp157d-dk1/ldelf-lib/libutils/libutils.a(trace.o)
                0x00003a30                trace_vprintf
 .text.print_to_console
                0x00003b68       0x18 /home/dangcaominh/STM32MP1/optee-os/optee-os/../build/optee-programmer-stm32mp157d-dk1/ldelf/main.o
 .text.sys_return_cleanup
                0x00003b80        0x8 /home/dangcaominh/STM32MP1/optee-os/optee-os/../build/optee-programmer-stm32mp157d-dk1/ldelf/sys.o
                0x00003b80                sys_return_cleanup
 .text.sys_map_zi
                0x00003b88       0x14 /home/dangcaominh/STM32MP1/optee-os/optee-os/../build/optee-programmer-stm32mp157d-dk1/ldelf/sys.o
                0x00003b88                sys_map_zi
 .text.sys_unmap
                0x00003b9c        0x4 /home/dangcaominh/STM32MP1/optee-os/optee-os/../build/optee-programmer-stm32mp157d-dk1/ldelf/sys.o
                0x00003b9c                sys_unmap
 .text.sys_open_ta_bin
                0x00003ba0        0x8 /home/dangcaominh/STM32MP1/optee-os/optee-os/../build/optee-programmer-stm32mp157d-dk1/ldelf/sys.o
                0x00003ba0                sys_open_ta_bin
 .text.sys_close_ta_bin
                0x00003ba8        0x4 /home/dangcaominh/STM32MP1/optee-os/optee-os/../build/optee-programmer-stm32mp157d-dk1/ldelf/sys.o
                0x00003ba8                sys_close_ta_bin
 .text.sys_map_ta_bin
                0x00003bac       0x16 /home/dangcaominh/STM32MP1/optee-os/optee-os/../build/optee-programmer-stm32mp157d-dk1/ldelf/sys.o
                0x00003bac                sys_map_ta_bin
 .text.sys_copy_from_ta_bin
                0x00003bc2       0x10 /home/dangcaominh/STM32MP1/optee-os/optee-os/../build/optee-programmer-stm32mp157d-dk1/ldelf/sys.o
                0x00003bc2                sys_copy_from_ta_bin
 .text.sys_set_prot
                0x00003bd2        0x4 /home/dangcaominh/STM32MP1/optee-os/optee-os/../build/optee-programmer-stm32mp157d-dk1/ldelf/sys.o
                0x00003bd2                sys_set_prot
 .text.sys_remap
                0x00003bd6        0x4 /home/dangcaominh/STM32MP1/optee-os/optee-os/../build/optee-programmer-stm32mp157d-dk1/ldelf/sys.o
                0x00003bd6                sys_remap
 .text.sys_gen_random_num
                0x00003bda        0x4 /home/dangcaominh/STM32MP1/optee-os/optee-os/../build/optee-programmer-stm32mp157d-dk1/ldelf/sys.o
                0x00003bda                sys_gen_random_num
 .text.get_pad_begin
                0x00003bde       0x22 /home/dangcaominh/STM32MP1/optee-os/optee-os/../build/optee-programmer-stm32mp157d-dk1/ldelf/ta_elf.o
 .text.print_wrapper
                0x00003c00       0x1a /home/dangcaominh/STM32MP1/optee-os/optee-os/../build/optee-programmer-stm32mp157d-dk1/ldelf/ta_elf.o
 .text.read_dyn
                0x00003c1a       0x2a /home/dangcaominh/STM32MP1/optee-os/optee-os/../build/optee-programmer-stm32mp157d-dk1/ldelf/ta_elf.o
 .text.elf_get_init_fini_array.constprop.0
                0x00003c44       0x5c /home/dangcaominh/STM32MP1/optee-os/optee-os/../build/optee-programmer-stm32mp157d-dk1/ldelf/ta_elf.o
 .text.add_dependencies
                0x00003ca0       0x4a /home/dangcaominh/STM32MP1/optee-os/optee-os/../build/optee-programmer-stm32mp157d-dk1/ldelf/ta_elf.o
 .text.confine_array_index
                0x00003cea        0xc /home/dangcaominh/STM32MP1/optee-os/optee-os/../build/optee-programmer-stm32mp157d-dk1/ldelf/ta_elf_rel.o
 .text._assert_trap
                0x00003cf6        0xa /home/dangcaominh/STM32MP1/optee-os/optee-os/../build/optee-programmer-stm32mp157d-dk1/ldelf-lib/libutils/libutils.a(bget_malloc.o)
 .text.raw_memalign.part.0
                0x00003d00       0x42 /home/dangcaominh/STM32MP1/optee-os/optee-os/../build/optee-programmer-stm32mp157d-dk1/ldelf-lib/libutils/libutils.a(bget_malloc.o)
 .text.raw_malloc
                0x00003d42       0x12 /home/dangcaominh/STM32MP1/optee-os/optee-os/../build/optee-programmer-stm32mp157d-dk1/ldelf-lib/libutils/libutils.a(bget_malloc.o)
                0x00003d42                raw_malloc
 .text.raw_free
                0x00003d54        0x8 /home/dangcaominh/STM32MP1/optee-os/optee-os/../build/optee-programmer-stm32mp157d-dk1/ldelf-lib/libutils/libutils.a(bget_malloc.o)
                0x00003d54                raw_free
 .text.raw_calloc
                0x00003d5c       0x50 /home/dangcaominh/STM32MP1/optee-os/optee-os/../build/optee-programmer-stm32mp157d-dk1/ldelf-lib/libutils/libutils.a(bget_malloc.o)
                0x00003d5c                raw_calloc
 .text.raw_realloc
                0x00003dac       0xa6 /home/dangcaominh/STM32MP1/optee-os/optee-os/../build/optee-programmer-stm32mp157d-dk1/ldelf-lib/libutils/libutils.a(bget_malloc.o)
                0x00003dac                raw_realloc
 .text.isxdigit
                0x00003e52       0x1c /home/dangcaominh/STM32MP1/optee-os/optee-os/../build/optee-programmer-stm32mp157d-dk1/ldelf-lib/libutils/libutils.a(isxdigit.o)
                0x00003e52                isxdigit
 .text.snprintf
                0x00003e6e       0x1e /home/dangcaominh/STM32MP1/optee-os/optee-os/../build/optee-programmer-stm32mp157d-dk1/ldelf-lib/libutils/libutils.a(snprintf.o)
                0x00003e6e                snprintf
 .text.tolower  0x00003e8c        0xc /home/dangcaominh/STM32MP1/optee-os/optee-os/../build/optee-programmer-stm32mp157d-dk1/ldelf-lib/libutils/libutils.a(tolower.o)
                0x00003e8c                tolower
 .text.memcmp   0x00003e98       0x20 /home/dangcaominh/STM32MP1/optee-os/optee-os/../build/optee-programmer-stm32mp157d-dk1/ldelf-lib/libutils/libutils.a(memcmp.o)
                0x00003e98                memcmp
 .text.memset   0x00003eb8       0x10 /home/dangcaominh/STM32MP1/optee-os/optee-os/../build/optee-programmer-stm32mp157d-dk1/ldelf-lib/libutils/libutils.a(memset.o)
                0x00003eb8                memset
 .text.strcmp   0x00003ec8       0x16 /home/dangcaominh/STM32MP1/optee-os/optee-os/../build/optee-programmer-stm32mp157d-dk1/ldelf-lib/libutils/libutils.a(strcmp.o)
                0x00003ec8                strcmp
 .text.strcpy   0x00003ede       0x10 /home/dangcaominh/STM32MP1/optee-os/optee-os/../build/optee-programmer-stm32mp157d-dk1/ldelf-lib/libutils/libutils.a(strcpy.o)
                0x00003ede                strcpy
 .text.strnlen  0x00003eee       0x18 /home/dangcaominh/STM32MP1/optee-os/optee-os/../build/optee-programmer-stm32mp157d-dk1/ldelf-lib/libutils/libutils.a(strnlen.o)
                0x00003eee                strnlen
 .text.ul_div_qr
                0x00003f06       0x8e /home/dangcaominh/STM32MP1/optee-os/optee-os/../build/optee-programmer-stm32mp157d-dk1/ldelf-lib/libutils/libutils.a(arm32_aeabi_ldivmod.o)
 .text.__ul_divmod
                0x00003f94       0x40 /home/dangcaominh/STM32MP1/optee-os/optee-os/../build/optee-programmer-stm32mp157d-dk1/ldelf-lib/libutils/libutils.a(arm32_aeabi_ldivmod.o)
                0x00003f94                __ul_divmod
 .text.__vsnprintf
                0x00003fd4       0x30 /home/dangcaominh/STM32MP1/optee-os/optee-os/../build/optee-programmer-stm32mp157d-dk1/ldelf-lib/libutils/libutils.a(snprintk.o)
                0x00003fd4                __vsnprintf
 .text.vsnprintk
                0x00004004        0xe /home/dangcaominh/STM32MP1/optee-os/optee-os/../build/optee-programmer-stm32mp157d-dk1/ldelf-lib/libutils/libutils.a(snprintk.o)
                0x00004004                vsnprintk
 .text.snprintk
                0x00004012       0x1a /home/dangcaominh/STM32MP1/optee-os/optee-os/../build/optee-programmer-stm32mp157d-dk1/ldelf-lib/libutils/libutils.a(snprintk.o)
                0x00004012                snprintk
 .text.trace_printf
                0x0000402c       0x18 /home/dangcaominh/STM32MP1/optee-os/optee-os/../build/optee-programmer-stm32mp157d-dk1/ldelf-lib/libutils/libutils.a(trace.o)
                0x0000402c                trace_printf
 .text.memchr   0x00004044       0x1c /home/dangcaominh/STM32MP1/optee-os/optee-os/../build/optee-programmer-stm32mp157d-dk1/ldelf-lib/libutils/libutils.a(memchr.o)
                0x00004044                memchr
 .text.strlen   0x00004060       0x10 /home/dangcaominh/STM32MP1/optee-os/optee-os/../build/optee-programmer-stm32mp157d-dk1/ldelf-lib/libutils/libutils.a(strlen.o)
                0x00004060                strlen
 .text.trace_ext_puts
                0x00004070       0x14 /home/dangcaominh/STM32MP1/optee-os/optee-os/../build/optee-programmer-stm32mp157d-dk1/ldelf-lib/libutee/libutee.a(trace_ext.o)
                0x00004070                trace_ext_puts
 .text.trace_ext_get_thread_id
                0x00004084        0x6 /home/dangcaominh/STM32MP1/optee-os/optee-os/../build/optee-programmer-stm32mp157d-dk1/ldelf-lib/libutee/libutee.a(trace_ext.o)
                0x00004084                trace_ext_get_thread_id
 *fill*         0x0000408a        0x6 
 .text.trace_ext_get_thread_id.__stub
                0x00004090       0xa0 linker stubs
 *(SORT_BY_ALIGNMENT(.stub))
 *(SORT_BY_ALIGNMENT(.glue_7))
 .glue_7        0x00004130        0x0 linker stubs
 *(SORT_BY_ALIGNMENT(.glue_7t))
 .glue_7t       0x00004130        0x0 linker stubs
 *(SORT_BY_ALIGNMENT(.gnu.linkonce.t.*))
 *(SORT_BY_ALIGNMENT(.vfp11_veneer))
 .vfp11_veneer  0x00004130        0x0 linker stubs
                0x00004130                        __text_end = .

.v4_bx          0x00004130        0x0
 .v4_bx         0x00004130        0x0 linker stubs

.iplt           0x00004130        0x0
 .iplt          0x00004130        0x0 /home/dangcaominh/STM32MP1/optee-os/optee-os/../build/optee-programmer-stm32mp157d-dk1/ldelf/start_a32.o

.note.gnu.property
 *(SORT_BY_ALIGNMENT(.note.gnu.property))

.plt            0x00004130        0x0
 *(SORT_BY_ALIGNMENT(.plt))
 .plt           0x00004130        0x0 /home/dangcaominh/STM32MP1/optee-os/optee-os/../build/optee-programmer-stm32mp157d-dk1/ldelf/start_a32.o

.eh_frame
 *(SORT_BY_ALIGNMENT(.eh_frame))

.rodata         0x00004130     0x109b
 *(SORT_BY_ALIGNMENT(.gnu.linkonce.r.*))
 *(SORT_BY_ALIGNMENT(.rodata) SORT_BY_ALIGNMENT(.rodata.*))
 .rodata.dump_ta_state.str1.1
                0x00004130      0xd57 /home/dangcaominh/STM32MP1/optee-os/optee-os/../build/optee-programmer-stm32mp157d-dk1/ldelf/main.o
                                 0x49 (size before relaxing)
 .rodata.ldelf.str1.1
                0x00004e87       0x1b /home/dangcaominh/STM32MP1/optee-os/optee-os/../build/optee-programmer-stm32mp157d-dk1/ldelf/main.o
 .rodata.__func__.0
                0x00004e87        0xe /home/dangcaominh/STM32MP1/optee-os/optee-os/../build/optee-programmer-stm32mp157d-dk1/ldelf/main.o
 .rodata.__func__.1
                0x00004e95        0x6 /home/dangcaominh/STM32MP1/optee-os/optee-os/../build/optee-programmer-stm32mp157d-dk1/ldelf/main.o
 .rodata.__panic.str1.1
                0x00004e9b       0x23 /home/dangcaominh/STM32MP1/optee-os/optee-os/../build/optee-programmer-stm32mp157d-dk1/ldelf/sys.o
 .rodata.trace_ext_prefix
                0x00004e9b        0x3 /home/dangcaominh/STM32MP1/optee-os/optee-os/../build/optee-programmer-stm32mp157d-dk1/ldelf/sys.o
                0x00004e9b                trace_ext_prefix
 .rodata.check_range.str1.1
                0x00004e9e       0x3e /home/dangcaominh/STM32MP1/optee-os/optee-os/../build/optee-programmer-stm32mp157d-dk1/ldelf/ta_elf.o
 .rodata.check_hashtab.str1.1
                0x00004e9e       0x35 /home/dangcaominh/STM32MP1/optee-os/optee-os/../build/optee-programmer-stm32mp157d-dk1/ldelf/ta_elf.o
 .rodata.add_segment.str1.1
                0x00004e9e       0x21 /home/dangcaominh/STM32MP1/optee-os/optee-os/../build/optee-programmer-stm32mp157d-dk1/ldelf/ta_elf.o
 .rodata.ta_elf_add_bti.str1.1
                0x00004e9e        0xd /home/dangcaominh/STM32MP1/optee-os/optee-os/../build/optee-programmer-stm32mp157d-dk1/ldelf/ta_elf.o
 .rodata.init_elf.str1.1
                0x00004e9e       0x81 /home/dangcaominh/STM32MP1/optee-os/optee-os/../build/optee-programmer-stm32mp157d-dk1/ldelf/ta_elf.o
 .rodata.close_handle.str1.1
                0x00004e9e       0x11 /home/dangcaominh/STM32MP1/optee-os/optee-os/../build/optee-programmer-stm32mp157d-dk1/ldelf/ta_elf.o
 .rodata.check_phdr_in_range.constprop.0.str1.1
                0x00004e9e       0x3d /home/dangcaominh/STM32MP1/optee-os/optee-os/../build/optee-programmer-stm32mp157d-dk1/ldelf/ta_elf.o
 .rodata._assert_trap.constprop.0.str1.1
                0x00004e9e        0xf /home/dangcaominh/STM32MP1/optee-os/optee-os/../build/optee-programmer-stm32mp157d-dk1/ldelf/ta_elf.o
 .rodata.print_seg.str1.1
                0x00004e9e       0x5d /home/dangcaominh/STM32MP1/optee-os/optee-os/../build/optee-programmer-stm32mp157d-dk1/ldelf/ta_elf.o
 .rodata.copy_section_headers.str1.1
                0x00004e9e       0x48 /home/dangcaominh/STM32MP1/optee-os/optee-os/../build/optee-programmer-stm32mp157d-dk1/ldelf/ta_elf.o
 .rodata.populate_segments.str1.1
                0x00004e9e       0x7b /home/dangcaominh/STM32MP1/optee-os/optee-os/../build/optee-programmer-stm32mp157d-dk1/ldelf/ta_elf.o
 .rodata.map_segments.str1.1
                0x00004e9e      0x1a0 /home/dangcaominh/STM32MP1/optee-os/optee-os/../build/optee-programmer-stm32mp157d-dk1/ldelf/ta_elf.o
 .rodata.save_soname_from_segment.str1.1
                0x00004e9e       0x17 /home/dangcaominh/STM32MP1/optee-os/optee-os/../build/optee-programmer-stm32mp157d-dk1/ldelf/ta_elf.o
 .rodata.save_symtab.str1.1
                0x00004e9e      0x174 /home/dangcaominh/STM32MP1/optee-os/optee-os/../build/optee-programmer-stm32mp157d-dk1/ldelf/ta_elf.o
 .rodata.queue_elf.str1.1
                0x00004e9e       0x11 /home/dangcaominh/STM32MP1/optee-os/optee-os/../build/optee-programmer-stm32mp157d-dk1/ldelf/ta_elf.o
 .rodata.add_deps_from_segment.str1.1
                0x00004e9e       0x28 /home/dangcaominh/STM32MP1/optee-os/optee-os/../build/optee-programmer-stm32mp157d-dk1/ldelf/ta_elf.o
 .rodata.ta_elf_load_main.str1.1
                0x00004e9e       0x78 /home/dangcaominh/STM32MP1/optee-os/optee-os/../build/optee-programmer-stm32mp157d-dk1/ldelf/ta_elf.o
 .rodata.ta_elf_load_dependency.str1.1
                0x00004e9e       0x29 /home/dangcaominh/STM32MP1/optee-os/optee-os/../build/optee-programmer-stm32mp157d-dk1/ldelf/ta_elf.o
 .rodata.ta_elf_print_mappings.str1.1
                0x00004e9e       0x63 /home/dangcaominh/STM32MP1/optee-os/optee-os/../build/optee-programmer-stm32mp157d-dk1/ldelf/ta_elf.o
 .rodata.ta_elf_set_init_fini_info_compat.str1.1
                0x00004e9e       0x41 /home/dangcaominh/STM32MP1/optee-os/optee-os/../build/optee-programmer-stm32mp157d-dk1/ldelf/ta_elf.o
 .rodata.ta_elf_set_elf_phdr_info.str1.1
                0x00004e9e       0x36 /home/dangcaominh/STM32MP1/optee-os/optee-os/../build/optee-programmer-stm32mp157d-dk1/ldelf/ta_elf.o
 .rodata.ta_elf_finalize_load_main.str1.1
                0x00004e9e       0x47 /home/dangcaominh/STM32MP1/optee-os/optee-os/../build/optee-programmer-stm32mp157d-dk1/ldelf/ta_elf.o
 .rodata.__func__.0
                0x00004e9e       0x13 /home/dangcaominh/STM32MP1/optee-os/optee-os/../build/optee-programmer-stm32mp157d-dk1/ldelf/ta_elf.o
 .rodata.__func__.1
                0x00004eb1       0x19 /home/dangcaominh/STM32MP1/optee-os/optee-os/../build/optee-programmer-stm32mp157d-dk1/ldelf/ta_elf.o
 .rodata.__func__.2
                0x00004eca       0x14 /home/dangcaominh/STM32MP1/optee-os/optee-os/../build/optee-programmer-stm32mp157d-dk1/ldelf/ta_elf.o
 .rodata.__func__.3
                0x00004ede        0x9 /home/dangcaominh/STM32MP1/optee-os/optee-os/../build/optee-programmer-stm32mp157d-dk1/ldelf/ta_elf.o
 .rodata.__func__.4
                0x00004ee7       0x21 /home/dangcaominh/STM32MP1/optee-os/optee-os/../build/optee-programmer-stm32mp157d-dk1/ldelf/ta_elf.o
 .rodata.__func__.5
                0x00004f08       0x12 /home/dangcaominh/STM32MP1/optee-os/optee-os/../build/optee-programmer-stm32mp157d-dk1/ldelf/ta_elf.o
 .rodata.__func__.7
                0x00004f1a       0x16 /home/dangcaominh/STM32MP1/optee-os/optee-os/../build/optee-programmer-stm32mp157d-dk1/ldelf/ta_elf.o
 .rodata.__func__.8
                0x00004f30       0x19 /home/dangcaominh/STM32MP1/optee-os/optee-os/../build/optee-programmer-stm32mp157d-dk1/ldelf/ta_elf.o
 .rodata.__func__.9
                0x00004f49       0x17 /home/dangcaominh/STM32MP1/optee-os/optee-os/../build/optee-programmer-stm32mp157d-dk1/ldelf/ta_elf.o
 .rodata.__func__.10
                0x00004f60       0x1a /home/dangcaominh/STM32MP1/optee-os/optee-os/../build/optee-programmer-stm32mp157d-dk1/ldelf/ta_elf.o
 .rodata.__func__.11
                0x00004f7a        0xd /home/dangcaominh/STM32MP1/optee-os/optee-os/../build/optee-programmer-stm32mp157d-dk1/ldelf/ta_elf.o
 .rodata.__func__.12
                0x00004f87       0x19 /home/dangcaominh/STM32MP1/optee-os/optee-os/../build/optee-programmer-stm32mp157d-dk1/ldelf/ta_elf.o
 .rodata.__func__.13
                0x00004fa0       0x12 /home/dangcaominh/STM32MP1/optee-os/optee-os/../build/optee-programmer-stm32mp157d-dk1/ldelf/ta_elf.o
 .rodata.__func__.14
                0x00004fb2        0xe /home/dangcaominh/STM32MP1/optee-os/optee-os/../build/optee-programmer-stm32mp157d-dk1/ldelf/ta_elf.o
 .rodata.__func__.15
                0x00004fc0       0x10 /home/dangcaominh/STM32MP1/optee-os/optee-os/../build/optee-programmer-stm32mp157d-dk1/ldelf/ta_elf.o
 .rodata.__func__.16
                0x00004fd0       0x10 /home/dangcaominh/STM32MP1/optee-os/optee-os/../build/optee-programmer-stm32mp157d-dk1/ldelf/ta_elf.o
 .rodata.__func__.17
                0x00004fe0       0x15 /home/dangcaominh/STM32MP1/optee-os/optee-os/../build/optee-programmer-stm32mp157d-dk1/ldelf/ta_elf.o
 .rodata.__func__.18
                0x00004ff5        0xc /home/dangcaominh/STM32MP1/optee-os/optee-os/../build/optee-programmer-stm32mp157d-dk1/ldelf/ta_elf.o
 .rodata.__func__.19
                0x00005001       0x14 /home/dangcaominh/STM32MP1/optee-os/optee-os/../build/optee-programmer-stm32mp157d-dk1/ldelf/ta_elf.o
 .rodata.__func__.20
                0x00005015       0x16 /home/dangcaominh/STM32MP1/optee-os/optee-os/../build/optee-programmer-stm32mp157d-dk1/ldelf/ta_elf.o
 .rodata.__func__.21
                0x0000502b       0x19 /home/dangcaominh/STM32MP1/optee-os/optee-os/../build/optee-programmer-stm32mp157d-dk1/ldelf/ta_elf.o
 .rodata.__func__.22
                0x00005044       0x10 /home/dangcaominh/STM32MP1/optee-os/optee-os/../build/optee-programmer-stm32mp157d-dk1/ldelf/ta_elf.o
 .rodata.__func__.23
                0x00005054        0xc /home/dangcaominh/STM32MP1/optee-os/optee-os/../build/optee-programmer-stm32mp157d-dk1/ldelf/ta_elf.o
 .rodata.__func__.24
                0x00005060       0x12 /home/dangcaominh/STM32MP1/optee-os/optee-os/../build/optee-programmer-stm32mp157d-dk1/ldelf/ta_elf.o
 .rodata.__func__.26
                0x00005072        0xd /home/dangcaominh/STM32MP1/optee-os/optee-os/../build/optee-programmer-stm32mp157d-dk1/ldelf/ta_elf.o
 .rodata.__func__.27
                0x0000507f        0x9 /home/dangcaominh/STM32MP1/optee-os/optee-os/../build/optee-programmer-stm32mp157d-dk1/ldelf/ta_elf.o
 .rodata.__func__.28
                0x00005088       0x14 /home/dangcaominh/STM32MP1/optee-os/optee-os/../build/optee-programmer-stm32mp157d-dk1/ldelf/ta_elf.o
 .rodata.__func__.29
                0x0000509c        0xf /home/dangcaominh/STM32MP1/optee-os/optee-os/../build/optee-programmer-stm32mp157d-dk1/ldelf/ta_elf.o
 .rodata.__func__.30
                0x000050ab       0x11 /home/dangcaominh/STM32MP1/optee-os/optee-os/../build/optee-programmer-stm32mp157d-dk1/ldelf/ta_elf.o
 .rodata.__func__.31
                0x000050bc       0x12 /home/dangcaominh/STM32MP1/optee-os/optee-os/../build/optee-programmer-stm32mp157d-dk1/ldelf/ta_elf.o
 .rodata.__func__.32
                0x000050ce        0xa /home/dangcaominh/STM32MP1/optee-os/optee-os/../build/optee-programmer-stm32mp157d-dk1/ldelf/ta_elf.o
 .rodata.__func__.33
                0x000050d8        0xa /home/dangcaominh/STM32MP1/optee-os/optee-os/../build/optee-programmer-stm32mp157d-dk1/ldelf/ta_elf.o
 .rodata.__func__.34
                0x000050e2       0x11 /home/dangcaominh/STM32MP1/optee-os/optee-os/../build/optee-programmer-stm32mp157d-dk1/ldelf/ta_elf.o
 .rodata.check_found_sym.str1.1
                0x000050f3       0x63 /home/dangcaominh/STM32MP1/optee-os/optee-os/../build/optee-programmer-stm32mp157d-dk1/ldelf/ta_elf_rel.o
 .rodata.e32_get_sym_name.isra.0.str1.1
                0x000050f3       0x32 /home/dangcaominh/STM32MP1/optee-os/optee-os/../build/optee-programmer-stm32mp157d-dk1/ldelf/ta_elf_rel.o
 .rodata.e32_process_dyn_rel.str1.1
                0x000050f3       0x14 /home/dangcaominh/STM32MP1/optee-os/optee-os/../build/optee-programmer-stm32mp157d-dk1/ldelf/ta_elf_rel.o
 .rodata.ta_elf_relocate.str1.1
                0x000050f3      0x176 /home/dangcaominh/STM32MP1/optee-os/optee-os/../build/optee-programmer-stm32mp157d-dk1/ldelf/ta_elf_rel.o
 .rodata.__func__.0
                0x000050f3        0xd /home/dangcaominh/STM32MP1/optee-os/optee-os/../build/optee-programmer-stm32mp157d-dk1/ldelf/ta_elf_rel.o
 .rodata.__func__.1
                0x00005100       0x13 /home/dangcaominh/STM32MP1/optee-os/optee-os/../build/optee-programmer-stm32mp157d-dk1/ldelf/ta_elf_rel.o
 .rodata.__func__.2
                0x00005113        0xc /home/dangcaominh/STM32MP1/optee-os/optee-os/../build/optee-programmer-stm32mp157d-dk1/ldelf/ta_elf_rel.o
 .rodata.__func__.3
                0x0000511f       0x11 /home/dangcaominh/STM32MP1/optee-os/optee-os/../build/optee-programmer-stm32mp157d-dk1/ldelf/ta_elf_rel.o
 .rodata.__func__.4
                0x00005130        0xd /home/dangcaominh/STM32MP1/optee-os/optee-os/../build/optee-programmer-stm32mp157d-dk1/ldelf/ta_elf_rel.o
 .rodata.__func__.5
                0x0000513d        0xc /home/dangcaominh/STM32MP1/optee-os/optee-os/../build/optee-programmer-stm32mp157d-dk1/ldelf/ta_elf_rel.o
 .rodata.__func__.6
                0x00005149       0x10 /home/dangcaominh/STM32MP1/optee-os/optee-os/../build/optee-programmer-stm32mp157d-dk1/ldelf/ta_elf_rel.o
 .rodata.__func__.7
                0x00005159       0x13 /home/dangcaominh/STM32MP1/optee-os/optee-os/../build/optee-programmer-stm32mp157d-dk1/ldelf/ta_elf_rel.o
 .rodata._assert_log.str1.1
                0x0000516c       0x27 /home/dangcaominh/STM32MP1/optee-os/optee-os/../build/optee-programmer-stm32mp157d-dk1/ldelf-lib/libutee/libutee.a(assert.o)
 .rodata.bget_buf_size.part.0.str1.1
                0x0000516c       0x2a /home/dangcaominh/STM32MP1/optee-os/optee-os/../build/optee-programmer-stm32mp157d-dk1/ldelf-lib/libutils/libutils.a(bget_malloc.o)
 .rodata.bget.str1.1
                0x0000516c      0x127 /home/dangcaominh/STM32MP1/optee-os/optee-os/../build/optee-programmer-stm32mp157d-dk1/ldelf-lib/libutils/libutils.a(bget_malloc.o)
 .rodata.bgetz.str1.1
                0x0000516c        0xe /home/dangcaominh/STM32MP1/optee-os/optee-os/../build/optee-programmer-stm32mp157d-dk1/ldelf-lib/libutils/libutils.a(bget_malloc.o)
 .rodata.brel.str1.1
                0x0000516c      0x11c /home/dangcaominh/STM32MP1/optee-os/optee-os/../build/optee-programmer-stm32mp157d-dk1/ldelf-lib/libutils/libutils.a(bget_malloc.o)
 .rodata.bpool.str1.1
                0x0000516c       0x35 /home/dangcaominh/STM32MP1/optee-os/optee-os/../build/optee-programmer-stm32mp157d-dk1/ldelf-lib/libutils/libutils.a(bget_malloc.o)
 .rodata.raw_malloc_add_pool.str1.1
                0x0000516c        0x2 /home/dangcaominh/STM32MP1/optee-os/optee-os/../build/optee-programmer-stm32mp157d-dk1/ldelf-lib/libutils/libutils.a(bget_malloc.o)
 .rodata.__func__.1
                0x0000516c       0x14 /home/dangcaominh/STM32MP1/optee-os/optee-os/../build/optee-programmer-stm32mp157d-dk1/ldelf-lib/libutils/libutils.a(bget_malloc.o)
 .rodata.__func__.2
                0x00005180        0xe /home/dangcaominh/STM32MP1/optee-os/optee-os/../build/optee-programmer-stm32mp157d-dk1/ldelf-lib/libutils/libutils.a(bget_malloc.o)
 .rodata.__func__.4
                0x0000518e        0x6 /home/dangcaominh/STM32MP1/optee-os/optee-os/../build/optee-programmer-stm32mp157d-dk1/ldelf-lib/libutils/libutils.a(bget_malloc.o)
 .rodata.__func__.5
                0x00005194        0x5 /home/dangcaominh/STM32MP1/optee-os/optee-os/../build/optee-programmer-stm32mp157d-dk1/ldelf-lib/libutils/libutils.a(bget_malloc.o)
 .rodata.__func__.7
                0x00005199        0x6 /home/dangcaominh/STM32MP1/optee-os/optee-os/../build/optee-programmer-stm32mp157d-dk1/ldelf-lib/libutils/libutils.a(bget_malloc.o)
 .rodata.__func__.8
                0x0000519f        0x5 /home/dangcaominh/STM32MP1/optee-os/optee-os/../build/optee-programmer-stm32mp157d-dk1/ldelf-lib/libutils/libutils.a(bget_malloc.o)
 .rodata.kprintf.constprop.0.str1.1
                0x000051a4       0x38 /home/dangcaominh/STM32MP1/optee-os/optee-os/../build/optee-programmer-stm32mp157d-dk1/ldelf-lib/libutils/libutils.a(snprintk.o)
 .rodata.HEXDIGITS
                0x000051a4       0x11 /home/dangcaominh/STM32MP1/optee-os/optee-os/../build/optee-programmer-stm32mp157d-dk1/ldelf-lib/libutils/libutils.a(snprintk.o)
 .rodata.hexdigits
                0x000051b5       0x11 /home/dangcaominh/STM32MP1/optee-os/optee-os/../build/optee-programmer-stm32mp157d-dk1/ldelf-lib/libutils/libutils.a(snprintk.o)
 .rodata.trace_vprintf.str1.1
                0x000051c6       0x1b /home/dangcaominh/STM32MP1/optee-os/optee-os/../build/optee-programmer-stm32mp157d-dk1/ldelf-lib/libutils/libutils.a(trace.o)
 .rodata.lvl_strs.0
                0x000051c6        0x5 /home/dangcaominh/STM32MP1/optee-os/optee-os/../build/optee-programmer-stm32mp157d-dk1/ldelf-lib/libutils/libutils.a(trace.o)

.gnu.version_d  0x000051cc        0x0
 .gnu.version_d
                0x000051cc        0x0 /home/dangcaominh/STM32MP1/optee-os/optee-os/../build/optee-programmer-stm32mp157d-dk1/ldelf/start_a32.o

.gnu.version    0x000051cc        0x0
 .gnu.version   0x000051cc        0x0 /home/dangcaominh/STM32MP1/optee-os/optee-os/../build/optee-programmer-stm32mp157d-dk1/ldelf/start_a32.o

.gnu.version_r  0x000051cc        0x0
 .gnu.version_r
                0x000051cc        0x0 /home/dangcaominh/STM32MP1/optee-os/optee-os/../build/optee-programmer-stm32mp157d-dk1/ldelf/start_a32.o

.gnu.hash       0x000051cc       0x18
 .gnu.hash      0x000051cc       0x18 /home/dangcaominh/STM32MP1/optee-os/optee-os/../build/optee-programmer-stm32mp157d-dk1/ldelf/start_a32.o

.ARM.exidx
 *(SORT_BY_ALIGNMENT(.ARM.exidx*) SORT_BY_ALIGNMENT(.gnu.linkonce.armexidx.*))

.ARM.extab
 *(SORT_BY_ALIGNMENT(.ARM.extab*))

.ctors
 *(SORT_BY_ALIGNMENT(.ctors))

.dtors
 *(SORT_BY_ALIGNMENT(.dtors))

.dynsym         0x000051e4       0x30
 *(SORT_BY_ALIGNMENT(.dynsym))
 .dynsym        0x000051e4       0x30 /home/dangcaominh/STM32MP1/optee-os/optee-os/../build/optee-programmer-stm32mp157d-dk1/ldelf/start_a32.o

.dynstr         0x00005214        0x1
 *(SORT_BY_ALIGNMENT(.dynstr))
 .dynstr        0x00005214        0x1 /home/dangcaominh/STM32MP1/optee-os/optee-os/../build/optee-programmer-stm32mp157d-dk1/ldelf/start_a32.o

.hash           0x00005218       0x18
 *(SORT_BY_ALIGNMENT(.hash))
 .hash          0x00005218       0x18 /home/dangcaominh/STM32MP1/optee-os/optee-os/../build/optee-programmer-stm32mp157d-dk1/ldelf/start_a32.o
                0x00005230                        . = ALIGN (0x8)
                0x00005230                        __reloc_begin = .

.rel.got        0x00005230       0x18
 *(SORT_BY_ALIGNMENT(.rel.got))
 .rel.got       0x00005230       0x18 /home/dangcaominh/STM32MP1/optee-os/optee-os/../build/optee-programmer-stm32mp157d-dk1/ldelf/start_a32.o

.rela.got
 *(SORT_BY_ALIGNMENT(.rela.got))

.rel.text
 *(SORT_BY_ALIGNMENT(.rel.text))
 *(SORT_BY_ALIGNMENT(.rel.gnu.linkonce.t*))

.rela.text
 *(SORT_BY_ALIGNMENT(.rela.text))
 *(SORT_BY_ALIGNMENT(.rela.gnu.linkonce.t*))

.rel.data
 *(SORT_BY_ALIGNMENT(.rel.data))
 *(SORT_BY_ALIGNMENT(.rel.gnu.linkonce.d*))

.rela.data
 *(SORT_BY_ALIGNMENT(.rela.data))
 *(SORT_BY_ALIGNMENT(.rela.gnu.linkonce.d*))

.rel.rodata
 *(SORT_BY_ALIGNMENT(.rel.rodata))
 *(SORT_BY_ALIGNMENT(.rel.gnu.linkonce.r*))

.rela.rodata
 *(SORT_BY_ALIGNMENT(.rela.rodata))
 *(SORT_BY_ALIGNMENT(.rela.gnu.linkonce.r*))

.rel.dyn        0x00005248       0x18
 *(SORT_BY_ALIGNMENT(.rel.dyn))
 .rel.data.rel.ro
                0x00005248        0x0 /home/dangcaominh/STM32MP1/optee-os/optee-os/../build/optee-programmer-stm32mp157d-dk1/ldelf/start_a32.o
 .rel.iplt      0x00005248        0x0 /home/dangcaominh/STM32MP1/optee-os/optee-os/../build/optee-programmer-stm32mp157d-dk1/ldelf/start_a32.o
 .rel.text._ldelf_start
                0x00005248        0x0 /home/dangcaominh/STM32MP1/optee-os/optee-os/../build/optee-programmer-stm32mp157d-dk1/ldelf/start_a32.o
 .rel.text.queue_elf_helper
                0x00005248        0x0 /home/dangcaominh/STM32MP1/optee-os/optee-os/../build/optee-programmer-stm32mp157d-dk1/ldelf/start_a32.o
 .rel.text.ta_elf_find_elf
                0x00005248        0x0 /home/dangcaominh/STM32MP1/optee-os/optee-os/../build/optee-programmer-stm32mp157d-dk1/ldelf/start_a32.o
 .rel.text.ta_elf_set_init_fini_info_compat
                0x00005248        0x0 /home/dangcaominh/STM32MP1/optee-os/optee-os/../build/optee-programmer-stm32mp157d-dk1/ldelf/start_a32.o
 .rel.text.ta_elf_set_elf_phdr_info
                0x00005248        0x0 /home/dangcaominh/STM32MP1/optee-os/optee-os/../build/optee-programmer-stm32mp157d-dk1/ldelf/start_a32.o
 .rel.text.ta_elf_finalize_load_main
                0x00005248        0x0 /home/dangcaominh/STM32MP1/optee-os/optee-os/../build/optee-programmer-stm32mp157d-dk1/ldelf/start_a32.o
 .rel.text.ta_elf_add_library
                0x00005248        0x0 /home/dangcaominh/STM32MP1/optee-os/optee-os/../build/optee-programmer-stm32mp157d-dk1/ldelf/start_a32.o
 .rel.data.rel.local.main_elf_queue
                0x00005248        0x8 /home/dangcaominh/STM32MP1/optee-os/optee-os/../build/optee-programmer-stm32mp157d-dk1/ldelf/start_a32.o
 .rel.data.rel.local.malloc_ctx
                0x00005250       0x10 /home/dangcaominh/STM32MP1/optee-os/optee-os/../build/optee-programmer-stm32mp157d-dk1/ldelf/start_a32.o

.rela.dyn
 *(SORT_BY_ALIGNMENT(.rela.dyn))

.rel.ctors
 *(SORT_BY_ALIGNMENT(.rel.ctors))

.rela.ctors
 *(SORT_BY_ALIGNMENT(.rela.ctors))

.rel.dtors
 *(SORT_BY_ALIGNMENT(.rel.dtors))

.rela.dtors
 *(SORT_BY_ALIGNMENT(.rela.dtors))

.rel.init
 *(SORT_BY_ALIGNMENT(.rel.init))

.rela.init
 *(SORT_BY_ALIGNMENT(.rela.init))

.rel.fini
 *(SORT_BY_ALIGNMENT(.rel.fini))

.rela.fini
 *(SORT_BY_ALIGNMENT(.rela.fini))

.rel.bss        0x00005260        0x0
 *(SORT_BY_ALIGNMENT(.rel.bss))
 .rel.bss       0x00005260        0x0 /home/dangcaominh/STM32MP1/optee-os/optee-os/../build/optee-programmer-stm32mp157d-dk1/ldelf/start_a32.o

.rela.bss
 *(SORT_BY_ALIGNMENT(.rela.bss))

.rel.plt        0x00005260        0x0
 *(SORT_BY_ALIGNMENT(.rel.plt))
 .rel.plt       0x00005260        0x0 /home/dangcaominh/STM32MP1/optee-os/optee-os/../build/optee-programmer-stm32mp157d-dk1/ldelf/start_a32.o

.rela.plt
 *(SORT_BY_ALIGNMENT(.rela.plt))
                0x00005260                        __reloc_end = .
                0x00006000                        . = ALIGN (0x1000)

.dynamic        0x00006000       0x88
 *(SORT_BY_ALIGNMENT(.dynamic))
 .dynamic       0x00006000       0x88 /home/dangcaominh/STM32MP1/optee-os/optee-os/../build/optee-programmer-stm32mp157d-dk1/ldelf/start_a32.o
                0x00006000                _DYNAMIC

.got            0x00006088       0x18
 *(SORT_BY_ALIGNMENT(.got.plt))
 .got.plt       0x00006088        0xc /home/dangcaominh/STM32MP1/optee-os/optee-os/../build/optee-programmer-stm32mp157d-dk1/ldelf/start_a32.o
                0x00006088                _GLOBAL_OFFSET_TABLE_
 *(SORT_BY_ALIGNMENT(.got))
 .got           0x00006094        0xc /home/dangcaominh/STM32MP1/optee-os/optee-os/../build/optee-programmer-stm32mp157d-dk1/ldelf/start_a32.o

.data           0x000060a0       0x6c
 *(SORT_BY_ALIGNMENT(.data) SORT_BY_ALIGNMENT(.data.*) SORT_BY_ALIGNMENT(.gnu.linkonce.d.*))
 .data.trace_level
                0x000060a0        0x4 /home/dangcaominh/STM32MP1/optee-os/optee-os/../build/optee-programmer-stm32mp157d-dk1/ldelf/sys.o
                0x000060a0                trace_level
 .data.last_tls_mod_id.25
                0x000060a4        0x4 /home/dangcaominh/STM32MP1/optee-os/optee-os/../build/optee-programmer-stm32mp157d-dk1/ldelf/ta_elf.o
 .data.rel.local.main_elf_queue
                0x000060a8        0x8 /home/dangcaominh/STM32MP1/optee-os/optee-os/../build/optee-programmer-stm32mp157d-dk1/ldelf/ta_elf.o
                0x000060a8                main_elf_queue
 .data.rel.local.malloc_ctx
                0x000060b0       0x5c /home/dangcaominh/STM32MP1/optee-os/optee-os/../build/optee-programmer-stm32mp157d-dk1/ldelf-lib/libutils/libutils.a(bget_malloc.o)
 .data.rel.ro   0x0000610c        0x0 /home/dangcaominh/STM32MP1/optee-os/optee-os/../build/optee-programmer-stm32mp157d-dk1/ldelf/start_a32.o

.igot.plt       0x0000610c        0x0
 .igot.plt      0x0000610c        0x0 /home/dangcaominh/STM32MP1/optee-os/optee-os/../build/optee-programmer-stm32mp157d-dk1/ldelf/start_a32.o

.bss            0x0000610c        0x8
 *(SORT_BY_ALIGNMENT(.bss) SORT_BY_ALIGNMENT(.bss.*) SORT_BY_ALIGNMENT(.gnu.linkonce.b.*) SORT_BY_ALIGNMENT(COMMON))
 .bss.mpool_base
                0x0000610c        0x4 /home/dangcaominh/STM32MP1/optee-os/optee-os/../build/optee-programmer-stm32mp157d-dk1/ldelf/main.o
 .bss.ta_stack  0x00006110        0x4 /home/dangcaominh/STM32MP1/optee-os/optee-os/../build/optee-programmer-stm32mp157d-dk1/ldelf/ta_elf.o

.dynbss         0x00006114        0x0
 .dynbss        0x00006114        0x0 /home/dangcaominh/STM32MP1/optee-os/optee-os/../build/optee-programmer-stm32mp157d-dk1/ldelf/start_a32.o

/DISCARD/
 *(SORT_BY_ALIGNMENT(.interp))
LOAD /home/dangcaominh/STM32MP1/optee-os/optee-os/../build/optee-programmer-stm32mp157d-dk1/ldelf/start_a32.o
LOAD /home/dangcaominh/STM32MP1/optee-os/optee-os/../build/optee-programmer-stm32mp157d-dk1/ldelf/syscalls_a32.o
LOAD /home/dangcaominh/STM32MP1/optee-os/optee-os/../build/optee-programmer-stm32mp157d-dk1/ldelf/dl.o
LOAD /home/dangcaominh/STM32MP1/optee-os/optee-os/../build/optee-programmer-stm32mp157d-dk1/ldelf/main.o
LOAD /home/dangcaominh/STM32MP1/optee-os/optee-os/../build/optee-programmer-stm32mp157d-dk1/ldelf/sys.o
LOAD /home/dangcaominh/STM32MP1/optee-os/optee-os/../build/optee-programmer-stm32mp157d-dk1/ldelf/ta_elf.o
LOAD /home/dangcaominh/STM32MP1/optee-os/optee-os/../build/optee-programmer-stm32mp157d-dk1/ldelf/ta_elf_rel.o
START GROUP
LOAD /home/dangcaominh/STM32MP1/optee-os/optee-os/../build/optee-programmer-stm32mp157d-dk1/ldelf-lib/libunw/libunw.a
LOAD /home/dangcaominh/STM32MP1/optee-os/optee-os/../build/optee-programmer-stm32mp157d-dk1/ldelf-lib/libutee/libutee.a
LOAD /home/dangcaominh/STM32MP1/optee-os/optee-os/../build/optee-programmer-stm32mp157d-dk1/ldelf-lib/libutils/libutils.a
END GROUP
LOAD /opt/st/stm32mp1/5.0.8-openstlinux-6.6-yocto-scarthgap-mpu-v25.06.11/sysroots/cortexa7t2hf-neon-vfpv4-ostl-linux-gnueabi/lib/arm-ostl-linux-gnueabi/13.3.0/libgcc.a
OUTPUT(/home/dangcaominh/STM32MP1/optee-os/optee-os/../build/optee-programmer-stm32mp157d-dk1/ldelf/ldelf.elf elf32-littlearm)
LOAD linker stubs

.ARM.attributes
                0x00000000       0x2f
 .ARM.attributes
                0x00000000       0x23 /home/dangcaominh/STM32MP1/optee-os/optee-os/../build/optee-programmer-stm32mp157d-dk1/ldelf/start_a32.o
 .ARM.attributes
                0x00000023       0x23 /home/dangcaominh/STM32MP1/optee-os/optee-os/../build/optee-programmer-stm32mp157d-dk1/ldelf/syscalls_a32.o
 .ARM.attributes
                0x00000046       0x33 /home/dangcaominh/STM32MP1/optee-os/optee-os/../build/optee-programmer-stm32mp157d-dk1/ldelf/dl.o
 .ARM.attributes
                0x00000079       0x33 /home/dangcaominh/STM32MP1/optee-os/optee-os/../build/optee-programmer-stm32mp157d-dk1/ldelf/main.o
 .ARM.attributes
                0x000000ac       0x33 /home/dangcaominh/STM32MP1/optee-os/optee-os/../build/optee-programmer-stm32mp157d-dk1/ldelf/sys.o
 .ARM.attributes
                0x000000df       0x33 /home/dangcaominh/STM32MP1/optee-os/optee-os/../build/optee-programmer-stm32mp157d-dk1/ldelf/ta_elf.o
 .ARM.attributes
                0x00000112       0x33 /home/dangcaominh/STM32MP1/optee-os/optee-os/../build/optee-programmer-stm32mp157d-dk1/ldelf/ta_elf_rel.o
 .ARM.attributes
                0x00000145       0x33 /home/dangcaominh/STM32MP1/optee-os/optee-os/../build/optee-programmer-stm32mp157d-dk1/ldelf-lib/libutee/libutee.a(assert.o)
 .ARM.attributes
                0x00000178       0x33 /home/dangcaominh/STM32MP1/optee-os/optee-os/../build/optee-programmer-stm32mp157d-dk1/ldelf-lib/libutee/libutee.a(tee_uuid_from_str.o)
 .ARM.attributes
                0x000001ab       0x23 /home/dangcaominh/STM32MP1/optee-os/optee-os/../build/optee-programmer-stm32mp157d-dk1/ldelf-lib/libutee/libutee.a(utee_syscalls_a32.o)
 .ARM.attributes
                0x000001ce       0x33 /home/dangcaominh/STM32MP1/optee-os/optee-os/../build/optee-programmer-stm32mp157d-dk1/ldelf-lib/libutils/libutils.a(bget_malloc.o)
 .ARM.attributes
                0x00000201       0x33 /home/dangcaominh/STM32MP1/optee-os/optee-os/../build/optee-programmer-stm32mp157d-dk1/ldelf-lib/libutils/libutils.a(isxdigit.o)
 .ARM.attributes
                0x00000234       0x33 /home/dangcaominh/STM32MP1/optee-os/optee-os/../build/optee-programmer-stm32mp157d-dk1/ldelf-lib/libutils/libutils.a(snprintf.o)
 .ARM.attributes
                0x00000267       0x33 /home/dangcaominh/STM32MP1/optee-os/optee-os/../build/optee-programmer-stm32mp157d-dk1/ldelf-lib/libutils/libutils.a(tolower.o)
 .ARM.attributes
                0x0000029a       0x33 /home/dangcaominh/STM32MP1/optee-os/optee-os/../build/optee-programmer-stm32mp157d-dk1/ldelf-lib/libutils/libutils.a(memcmp.o)
 .ARM.attributes
                0x000002cd       0x33 /home/dangcaominh/STM32MP1/optee-os/optee-os/../build/optee-programmer-stm32mp157d-dk1/ldelf-lib/libutils/libutils.a(memcpy.o)
 .ARM.attributes
                0x00000300       0x33 /home/dangcaominh/STM32MP1/optee-os/optee-os/../build/optee-programmer-stm32mp157d-dk1/ldelf-lib/libutils/libutils.a(memset.o)
 .ARM.attributes
                0x00000333       0x33 /home/dangcaominh/STM32MP1/optee-os/optee-os/../build/optee-programmer-stm32mp157d-dk1/ldelf-lib/libutils/libutils.a(strcmp.o)
 .ARM.attributes
                0x00000366       0x33 /home/dangcaominh/STM32MP1/optee-os/optee-os/../build/optee-programmer-stm32mp157d-dk1/ldelf-lib/libutils/libutils.a(strcpy.o)
 .ARM.attributes
                0x00000399       0x33 /home/dangcaominh/STM32MP1/optee-os/optee-os/../build/optee-programmer-stm32mp157d-dk1/ldelf-lib/libutils/libutils.a(strnlen.o)
 .ARM.attributes
                0x000003cc       0x23 /home/dangcaominh/STM32MP1/optee-os/optee-os/../build/optee-programmer-stm32mp157d-dk1/ldelf-lib/libutils/libutils.a(arm32_aeabi_ldivmod_a32.o)
 .ARM.attributes
                0x000003ef       0x33 /home/dangcaominh/STM32MP1/optee-os/optee-os/../build/optee-programmer-stm32mp157d-dk1/ldelf-lib/libutils/libutils.a(arm32_aeabi_ldivmod.o)
 .ARM.attributes
                0x00000422       0x33 /home/dangcaominh/STM32MP1/optee-os/optee-os/../build/optee-programmer-stm32mp157d-dk1/ldelf-lib/libutils/libutils.a(snprintk.o)
 .ARM.attributes
                0x00000455       0x33 /home/dangcaominh/STM32MP1/optee-os/optee-os/../build/optee-programmer-stm32mp157d-dk1/ldelf-lib/libutils/libutils.a(trace.o)
 .ARM.attributes
                0x00000488       0x33 /home/dangcaominh/STM32MP1/optee-os/optee-os/../build/optee-programmer-stm32mp157d-dk1/ldelf-lib/libutils/libutils.a(memchr.o)
 .ARM.attributes
                0x000004bb       0x33 /home/dangcaominh/STM32MP1/optee-os/optee-os/../build/optee-programmer-stm32mp157d-dk1/ldelf-lib/libutils/libutils.a(strlen.o)
 .ARM.attributes
                0x000004ee       0x33 /home/dangcaominh/STM32MP1/optee-os/optee-os/../build/optee-programmer-stm32mp157d-dk1/ldelf-lib/libutee/libutee.a(trace_ext.o)

.comment        0x00000000       0x12
 .comment       0x00000000       0x12 /home/dangcaominh/STM32MP1/optee-os/optee-os/../build/optee-programmer-stm32mp157d-dk1/ldelf/dl.o
                                 0x13 (size before relaxing)
 .comment       0x00000012       0x13 /home/dangcaominh/STM32MP1/optee-os/optee-os/../build/optee-programmer-stm32mp157d-dk1/ldelf/main.o
 .comment       0x00000012       0x13 /home/dangcaominh/STM32MP1/optee-os/optee-os/../build/optee-programmer-stm32mp157d-dk1/ldelf/sys.o
 .comment       0x00000012       0x13 /home/dangcaominh/STM32MP1/optee-os/optee-os/../build/optee-programmer-stm32mp157d-dk1/ldelf/ta_elf.o
 .comment       0x00000012       0x13 /home/dangcaominh/STM32MP1/optee-os/optee-os/../build/optee-programmer-stm32mp157d-dk1/ldelf/ta_elf_rel.o
 .comment       0x00000012       0x13 /home/dangcaominh/STM32MP1/optee-os/optee-os/../build/optee-programmer-stm32mp157d-dk1/ldelf-lib/libutee/libutee.a(assert.o)
 .comment       0x00000012       0x13 /home/dangcaominh/STM32MP1/optee-os/optee-os/../build/optee-programmer-stm32mp157d-dk1/ldelf-lib/libutee/libutee.a(tee_uuid_from_str.o)
 .comment       0x00000012       0x13 /home/dangcaominh/STM32MP1/optee-os/optee-os/../build/optee-programmer-stm32mp157d-dk1/ldelf-lib/libutils/libutils.a(bget_malloc.o)
 .comment       0x00000012       0x13 /home/dangcaominh/STM32MP1/optee-os/optee-os/../build/optee-programmer-stm32mp157d-dk1/ldelf-lib/libutils/libutils.a(isxdigit.o)
 .comment       0x00000012       0x13 /home/dangcaominh/STM32MP1/optee-os/optee-os/../build/optee-programmer-stm32mp157d-dk1/ldelf-lib/libutils/libutils.a(snprintf.o)
 .comment       0x00000012       0x13 /home/dangcaominh/STM32MP1/optee-os/optee-os/../build/optee-programmer-stm32mp157d-dk1/ldelf-lib/libutils/libutils.a(tolower.o)
 .comment       0x00000012       0x13 /home/dangcaominh/STM32MP1/optee-os/optee-os/../build/optee-programmer-stm32mp157d-dk1/ldelf-lib/libutils/libutils.a(memcmp.o)
 .comment       0x00000012       0x13 /home/dangcaominh/STM32MP1/optee-os/optee-os/../build/optee-programmer-stm32mp157d-dk1/ldelf-lib/libutils/libutils.a(memcpy.o)
 .comment       0x00000012       0x13 /home/dangcaominh/STM32MP1/optee-os/optee-os/../build/optee-programmer-stm32mp157d-dk1/ldelf-lib/libutils/libutils.a(memset.o)
 .comment       0x00000012       0x13 /home/dangcaominh/STM32MP1/optee-os/optee-os/../build/optee-programmer-stm32mp157d-dk1/ldelf-lib/libutils/libutils.a(strcmp.o)
 .comment       0x00000012       0x13 /home/dangcaominh/STM32MP1/optee-os/optee-os/../build/optee-programmer-stm32mp157d-dk1/ldelf-lib/libutils/libutils.a(strcpy.o)
 .comment       0x00000012       0x13 /home/dangcaominh/STM32MP1/optee-os/optee-os/../build/optee-programmer-stm32mp157d-dk1/ldelf-lib/libutils/libutils.a(strnlen.o)
 .comment       0x00000012       0x13 /home/dangcaominh/STM32MP1/optee-os/optee-os/../build/optee-programmer-stm32mp157d-dk1/ldelf-lib/libutils/libutils.a(arm32_aeabi_ldivmod.o)
 .comment       0x00000012       0x13 /home/dangcaominh/STM32MP1/optee-os/optee-os/../build/optee-programmer-stm32mp157d-dk1/ldelf-lib/libutils/libutils.a(snprintk.o)
 .comment       0x00000012       0x13 /home/dangcaominh/STM32MP1/optee-os/optee-os/../build/optee-programmer-stm32mp157d-dk1/ldelf-lib/libutils/libutils.a(trace.o)
 .comment       0x00000012       0x13 /home/dangcaominh/STM32MP1/optee-os/optee-os/../build/optee-programmer-stm32mp157d-dk1/ldelf-lib/libutils/libutils.a(memchr.o)
 .comment       0x00000012       0x13 /home/dangcaominh/STM32MP1/optee-os/optee-os/../build/optee-programmer-stm32mp157d-dk1/ldelf-lib/libutils/libutils.a(strlen.o)
 .comment       0x00000012       0x13 /home/dangcaominh/STM32MP1/optee-os/optee-os/../build/optee-programmer-stm32mp157d-dk1/ldelf-lib/libutee/libutee.a(trace_ext.o)

.note.GNU-stack
                0x00000000        0x0
 .note.GNU-stack
                0x00000000        0x0 /home/dangcaominh/STM32MP1/optee-os/optee-os/../build/optee-programmer-stm32mp157d-dk1/ldelf/dl.o
 .note.GNU-stack
                0x00000000        0x0 /home/dangcaominh/STM32MP1/optee-os/optee-os/../build/optee-programmer-stm32mp157d-dk1/ldelf/main.o
 .note.GNU-stack
                0x00000000        0x0 /home/dangcaominh/STM32MP1/optee-os/optee-os/../build/optee-programmer-stm32mp157d-dk1/ldelf/sys.o
 .note.GNU-stack
                0x00000000        0x0 /home/dangcaominh/STM32MP1/optee-os/optee-os/../build/optee-programmer-stm32mp157d-dk1/ldelf/ta_elf.o
 .note.GNU-stack
                0x00000000        0x0 /home/dangcaominh/STM32MP1/optee-os/optee-os/../build/optee-programmer-stm32mp157d-dk1/ldelf/ta_elf_rel.o
 .note.GNU-stack
                0x00000000        0x0 /home/dangcaominh/STM32MP1/optee-os/optee-os/../build/optee-programmer-stm32mp157d-dk1/ldelf-lib/libutee/libutee.a(assert.o)
 .note.GNU-stack
                0x00000000        0x0 /home/dangcaominh/STM32MP1/optee-os/optee-os/../build/optee-programmer-stm32mp157d-dk1/ldelf-lib/libutee/libutee.a(tee_uuid_from_str.o)
 .note.GNU-stack
                0x00000000        0x0 /home/dangcaominh/STM32MP1/optee-os/optee-os/../build/optee-programmer-stm32mp157d-dk1/ldelf-lib/libutee/libutee.a(utee_syscalls_a32.o)
 .note.GNU-stack
                0x00000000        0x0 /home/dangcaominh/STM32MP1/optee-os/optee-os/../build/optee-programmer-stm32mp157d-dk1/ldelf-lib/libutils/libutils.a(bget_malloc.o)
 .note.GNU-stack
                0x00000000        0x0 /home/dangcaominh/STM32MP1/optee-os/optee-os/../build/optee-programmer-stm32mp157d-dk1/ldelf-lib/libutils/libutils.a(isxdigit.o)
 .note.GNU-stack
                0x00000000        0x0 /home/dangcaominh/STM32MP1/optee-os/optee-os/../build/optee-programmer-stm32mp157d-dk1/ldelf-lib/libutils/libutils.a(snprintf.o)
 .note.GNU-stack
                0x00000000        0x0 /home/dangcaominh/STM32MP1/optee-os/optee-os/../build/optee-programmer-stm32mp157d-dk1/ldelf-lib/libutils/libutils.a(tolower.o)
 .note.GNU-stack
                0x00000000        0x0 /home/dangcaominh/STM32MP1/optee-os/optee-os/../build/optee-programmer-stm32mp157d-dk1/ldelf-lib/libutils/libutils.a(memcmp.o)
 .note.GNU-stack
                0x00000000        0x0 /home/dangcaominh/STM32MP1/optee-os/optee-os/../build/optee-programmer-stm32mp157d-dk1/ldelf-lib/libutils/libutils.a(memcpy.o)
 .note.GNU-stack
                0x00000000        0x0 /home/dangcaominh/STM32MP1/optee-os/optee-os/../build/optee-programmer-stm32mp157d-dk1/ldelf-lib/libutils/libutils.a(memset.o)
 .note.GNU-stack
                0x00000000        0x0 /home/dangcaominh/STM32MP1/optee-os/optee-os/../build/optee-programmer-stm32mp157d-dk1/ldelf-lib/libutils/libutils.a(strcmp.o)
 .note.GNU-stack
                0x00000000        0x0 /home/dangcaominh/STM32MP1/optee-os/optee-os/../build/optee-programmer-stm32mp157d-dk1/ldelf-lib/libutils/libutils.a(strcpy.o)
 .note.GNU-stack
                0x00000000        0x0 /home/dangcaominh/STM32MP1/optee-os/optee-os/../build/optee-programmer-stm32mp157d-dk1/ldelf-lib/libutils/libutils.a(strnlen.o)
 .note.GNU-stack
                0x00000000        0x0 /home/dangcaominh/STM32MP1/optee-os/optee-os/../build/optee-programmer-stm32mp157d-dk1/ldelf-lib/libutils/libutils.a(arm32_aeabi_ldivmod_a32.o)
 .note.GNU-stack
                0x00000000        0x0 /home/dangcaominh/STM32MP1/optee-os/optee-os/../build/optee-programmer-stm32mp157d-dk1/ldelf-lib/libutils/libutils.a(arm32_aeabi_ldivmod.o)
 .note.GNU-stack
                0x00000000        0x0 /home/dangcaominh/STM32MP1/optee-os/optee-os/../build/optee-programmer-stm32mp157d-dk1/ldelf-lib/libutils/libutils.a(snprintk.o)
 .note.GNU-stack
                0x00000000        0x0 /home/dangcaominh/STM32MP1/optee-os/optee-os/../build/optee-programmer-stm32mp157d-dk1/ldelf-lib/libutils/libutils.a(trace.o)
 .note.GNU-stack
                0x00000000        0x0 /home/dangcaominh/STM32MP1/optee-os/optee-os/../build/optee-programmer-stm32mp157d-dk1/ldelf-lib/libutils/libutils.a(memchr.o)
 .note.GNU-stack
                0x00000000        0x0 /home/dangcaominh/STM32MP1/optee-os/optee-os/../build/optee-programmer-stm32mp157d-dk1/ldelf-lib/libutils/libutils.a(strlen.o)
 .note.GNU-stack
                0x00000000        0x0 /home/dangcaominh/STM32MP1/optee-os/optee-os/../build/optee-programmer-stm32mp157d-dk1/ldelf-lib/libutee/libutee.a(trace_ext.o)

.debug_line     0x00000000     0x8fc0
 .debug_line    0x00000000       0x5f /home/dangcaominh/STM32MP1/optee-os/optee-os/../build/optee-programmer-stm32mp157d-dk1/ldelf/start_a32.o
 .debug_line    0x0000005f      0x11c /home/dangcaominh/STM32MP1/optee-os/optee-os/../build/optee-programmer-stm32mp157d-dk1/ldelf/syscalls_a32.o
 .debug_line    0x0000017b      0x36d /home/dangcaominh/STM32MP1/optee-os/optee-os/../build/optee-programmer-stm32mp157d-dk1/ldelf/dl.o
 .debug_line    0x000004e8      0x4b1 /home/dangcaominh/STM32MP1/optee-os/optee-os/../build/optee-programmer-stm32mp157d-dk1/ldelf/main.o
 .debug_line    0x00000999      0x43f /home/dangcaominh/STM32MP1/optee-os/optee-os/../build/optee-programmer-stm32mp157d-dk1/ldelf/sys.o
 .debug_line    0x00000dd8     0x28f6 /home/dangcaominh/STM32MP1/optee-os/optee-os/../build/optee-programmer-stm32mp157d-dk1/ldelf/ta_elf.o
 .debug_line    0x000036ce      0xcf5 /home/dangcaominh/STM32MP1/optee-os/optee-os/../build/optee-programmer-stm32mp157d-dk1/ldelf/ta_elf_rel.o
 .debug_line    0x000043c3      0x321 /home/dangcaominh/STM32MP1/optee-os/optee-os/../build/optee-programmer-stm32mp157d-dk1/ldelf-lib/libutee/libutee.a(assert.o)
 .debug_line    0x000046e4      0x4a0 /home/dangcaominh/STM32MP1/optee-os/optee-os/../build/optee-programmer-stm32mp157d-dk1/ldelf-lib/libutee/libutee.a(tee_uuid_from_str.o)
 .debug_line    0x00004b84      0x429 /home/dangcaominh/STM32MP1/optee-os/optee-os/../build/optee-programmer-stm32mp157d-dk1/ldelf-lib/libutee/libutee.a(utee_syscalls_a32.o)
 .debug_line    0x00004fad     0x12aa /home/dangcaominh/STM32MP1/optee-os/optee-os/../build/optee-programmer-stm32mp157d-dk1/ldelf-lib/libutils/libutils.a(bget_malloc.o)
 .debug_line    0x00006257       0xfd /home/dangcaominh/STM32MP1/optee-os/optee-os/../build/optee-programmer-stm32mp157d-dk1/ldelf-lib/libutils/libutils.a(isxdigit.o)
 .debug_line    0x00006354      0x22e /home/dangcaominh/STM32MP1/optee-os/optee-os/../build/optee-programmer-stm32mp157d-dk1/ldelf-lib/libutils/libutils.a(snprintf.o)
 .debug_line    0x00006582       0xf8 /home/dangcaominh/STM32MP1/optee-os/optee-os/../build/optee-programmer-stm32mp157d-dk1/ldelf-lib/libutils/libutils.a(tolower.o)
 .debug_line    0x0000667a      0x217 /home/dangcaominh/STM32MP1/optee-os/optee-os/../build/optee-programmer-stm32mp157d-dk1/ldelf-lib/libutils/libutils.a(memcmp.o)
 .debug_line    0x00006891      0x2bf /home/dangcaominh/STM32MP1/optee-os/optee-os/../build/optee-programmer-stm32mp157d-dk1/ldelf-lib/libutils/libutils.a(memcpy.o)
 .debug_line    0x00006b50      0x1fc /home/dangcaominh/STM32MP1/optee-os/optee-os/../build/optee-programmer-stm32mp157d-dk1/ldelf-lib/libutils/libutils.a(memset.o)
 .debug_line    0x00006d4c      0x209 /home/dangcaominh/STM32MP1/optee-os/optee-os/../build/optee-programmer-stm32mp157d-dk1/ldelf-lib/libutils/libutils.a(strcmp.o)
 .debug_line    0x00006f55      0x211 /home/dangcaominh/STM32MP1/optee-os/optee-os/../build/optee-programmer-stm32mp157d-dk1/ldelf-lib/libutils/libutils.a(strcpy.o)
 .debug_line    0x00007166      0x1ff /home/dangcaominh/STM32MP1/optee-os/optee-os/../build/optee-programmer-stm32mp157d-dk1/ldelf-lib/libutils/libutils.a(strnlen.o)
 .debug_line    0x00007365       0x62 /home/dangcaominh/STM32MP1/optee-os/optee-os/../build/optee-programmer-stm32mp157d-dk1/ldelf-lib/libutils/libutils.a(arm32_aeabi_ldivmod_a32.o)
 .debug_line    0x000073c7      0x298 /home/dangcaominh/STM32MP1/optee-os/optee-os/../build/optee-programmer-stm32mp157d-dk1/ldelf-lib/libutils/libutils.a(arm32_aeabi_ldivmod.o)
 .debug_line    0x0000765f      0xccd /home/dangcaominh/STM32MP1/optee-os/optee-os/../build/optee-programmer-stm32mp157d-dk1/ldelf-lib/libutils/libutils.a(snprintk.o)
 .debug_line    0x0000832c      0x47a /home/dangcaominh/STM32MP1/optee-os/optee-os/../build/optee-programmer-stm32mp157d-dk1/ldelf-lib/libutils/libutils.a(trace.o)
 .debug_line    0x000087a6      0x210 /home/dangcaominh/STM32MP1/optee-os/optee-os/../build/optee-programmer-stm32mp157d-dk1/ldelf-lib/libutils/libutils.a(memchr.o)
 .debug_line    0x000089b6      0x1fa /home/dangcaominh/STM32MP1/optee-os/optee-os/../build/optee-programmer-stm32mp157d-dk1/ldelf-lib/libutils/libutils.a(strlen.o)
 .debug_line    0x00008bb0      0x410 /home/dangcaominh/STM32MP1/optee-os/optee-os/../build/optee-programmer-stm32mp157d-dk1/ldelf-lib/libutee/libutee.a(trace_ext.o)

.debug_line_str
                0x00000000       0xc5
 .debug_line_str
                0x00000000       0xc5 /home/dangcaominh/STM32MP1/optee-os/optee-os/../build/optee-programmer-stm32mp157d-dk1/ldelf/start_a32.o
                                 0x3f (size before relaxing)
 .debug_line_str
                0x000000c5       0x51 /home/dangcaominh/STM32MP1/optee-os/optee-os/../build/optee-programmer-stm32mp157d-dk1/ldelf/syscalls_a32.o
 .debug_line_str
                0x000000c5       0x7e /home/dangcaominh/STM32MP1/optee-os/optee-os/../build/optee-programmer-stm32mp157d-dk1/ldelf-lib/libutee/libutee.a(utee_syscalls_a32.o)
 .debug_line_str
                0x000000c5       0x62 /home/dangcaominh/STM32MP1/optee-os/optee-os/../build/optee-programmer-stm32mp157d-dk1/ldelf-lib/libutils/libutils.a(arm32_aeabi_ldivmod_a32.o)

.debug_info     0x00000000     0xd4fc
 .debug_info    0x00000000       0x31 /home/dangcaominh/STM32MP1/optee-os/optee-os/../build/optee-programmer-stm32mp157d-dk1/ldelf/start_a32.o
 .debug_info    0x00000031       0xc1 /home/dangcaominh/STM32MP1/optee-os/optee-os/../build/optee-programmer-stm32mp157d-dk1/ldelf/syscalls_a32.o
 .debug_info    0x000000f2      0x72c /home/dangcaominh/STM32MP1/optee-os/optee-os/../build/optee-programmer-stm32mp157d-dk1/ldelf/dl.o
 .debug_info    0x0000081e      0xd88 /home/dangcaominh/STM32MP1/optee-os/optee-os/../build/optee-programmer-stm32mp157d-dk1/ldelf/main.o
 .debug_info    0x000015a6      0x8dd /home/dangcaominh/STM32MP1/optee-os/optee-os/../build/optee-programmer-stm32mp157d-dk1/ldelf/sys.o
 .debug_info    0x00001e83     0x4fee /home/dangcaominh/STM32MP1/optee-os/optee-os/../build/optee-programmer-stm32mp157d-dk1/ldelf/ta_elf.o
 .debug_info    0x00006e71     0x1b47 /home/dangcaominh/STM32MP1/optee-os/optee-os/../build/optee-programmer-stm32mp157d-dk1/ldelf/ta_elf_rel.o
 .debug_info    0x000089b8      0x1ab /home/dangcaominh/STM32MP1/optee-os/optee-os/../build/optee-programmer-stm32mp157d-dk1/ldelf-lib/libutee/libutee.a(assert.o)
 .debug_info    0x00008b63      0x3ba /home/dangcaominh/STM32MP1/optee-os/optee-os/../build/optee-programmer-stm32mp157d-dk1/ldelf-lib/libutee/libutee.a(tee_uuid_from_str.o)
 .debug_info    0x00008f1d      0x2d1 /home/dangcaominh/STM32MP1/optee-os/optee-os/../build/optee-programmer-stm32mp157d-dk1/ldelf-lib/libutee/libutee.a(utee_syscalls_a32.o)
 .debug_info    0x000091ee     0x25de /home/dangcaominh/STM32MP1/optee-os/optee-os/../build/optee-programmer-stm32mp157d-dk1/ldelf-lib/libutils/libutils.a(bget_malloc.o)
 .debug_info    0x0000b7cc       0x5f /home/dangcaominh/STM32MP1/optee-os/optee-os/../build/optee-programmer-stm32mp157d-dk1/ldelf-lib/libutils/libutils.a(isxdigit.o)
 .debug_info    0x0000b82b      0x215 /home/dangcaominh/STM32MP1/optee-os/optee-os/../build/optee-programmer-stm32mp157d-dk1/ldelf-lib/libutils/libutils.a(snprintf.o)
 .debug_info    0x0000ba40       0x5f /home/dangcaominh/STM32MP1/optee-os/optee-os/../build/optee-programmer-stm32mp157d-dk1/ldelf-lib/libutils/libutils.a(tolower.o)
 .debug_info    0x0000ba9f       0xd8 /home/dangcaominh/STM32MP1/optee-os/optee-os/../build/optee-programmer-stm32mp157d-dk1/ldelf-lib/libutils/libutils.a(memcmp.o)
 .debug_info    0x0000bb77      0x127 /home/dangcaominh/STM32MP1/optee-os/optee-os/../build/optee-programmer-stm32mp157d-dk1/ldelf-lib/libutils/libutils.a(memcpy.o)
 .debug_info    0x0000bc9e       0xbc /home/dangcaominh/STM32MP1/optee-os/optee-os/../build/optee-programmer-stm32mp157d-dk1/ldelf-lib/libutils/libutils.a(memset.o)
 .debug_info    0x0000bd5a       0x9d /home/dangcaominh/STM32MP1/optee-os/optee-os/../build/optee-programmer-stm32mp157d-dk1/ldelf-lib/libutils/libutils.a(strcmp.o)
 .debug_info    0x0000bdf7       0xae /home/dangcaominh/STM32MP1/optee-os/optee-os/../build/optee-programmer-stm32mp157d-dk1/ldelf-lib/libutils/libutils.a(strcpy.o)
 .debug_info    0x0000bea5       0xbd /home/dangcaominh/STM32MP1/optee-os/optee-os/../build/optee-programmer-stm32mp157d-dk1/ldelf-lib/libutils/libutils.a(strnlen.o)
 .debug_info    0x0000bf62       0x3b /home/dangcaominh/STM32MP1/optee-os/optee-os/../build/optee-programmer-stm32mp157d-dk1/ldelf-lib/libutils/libutils.a(arm32_aeabi_ldivmod_a32.o)
 .debug_info    0x0000bf9d      0x30f /home/dangcaominh/STM32MP1/optee-os/optee-os/../build/optee-programmer-stm32mp157d-dk1/ldelf-lib/libutils/libutils.a(arm32_aeabi_ldivmod.o)
 .debug_info    0x0000c2ac      0x825 /home/dangcaominh/STM32MP1/optee-os/optee-os/../build/optee-programmer-stm32mp157d-dk1/ldelf-lib/libutils/libutils.a(snprintk.o)
 .debug_info    0x0000cad1      0x59a /home/dangcaominh/STM32MP1/optee-os/optee-os/../build/optee-programmer-stm32mp157d-dk1/ldelf-lib/libutils/libutils.a(trace.o)
 .debug_info    0x0000d06b       0xe8 /home/dangcaominh/STM32MP1/optee-os/optee-os/../build/optee-programmer-stm32mp157d-dk1/ldelf-lib/libutils/libutils.a(memchr.o)
 .debug_info    0x0000d153       0xaf /home/dangcaominh/STM32MP1/optee-os/optee-os/../build/optee-programmer-stm32mp157d-dk1/ldelf-lib/libutils/libutils.a(strlen.o)
 .debug_info    0x0000d202      0x2fa /home/dangcaominh/STM32MP1/optee-os/optee-os/../build/optee-programmer-stm32mp157d-dk1/ldelf-lib/libutee/libutee.a(trace_ext.o)

.debug_abbrev   0x00000000     0x28a3
 .debug_abbrev  0x00000000       0x28 /home/dangcaominh/STM32MP1/optee-os/optee-os/../build/optee-programmer-stm32mp157d-dk1/ldelf/start_a32.o
 .debug_abbrev  0x00000028       0x26 /home/dangcaominh/STM32MP1/optee-os/optee-os/../build/optee-programmer-stm32mp157d-dk1/ldelf/syscalls_a32.o
 .debug_abbrev  0x0000004e      0x187 /home/dangcaominh/STM32MP1/optee-os/optee-os/../build/optee-programmer-stm32mp157d-dk1/ldelf/dl.o
 .debug_abbrev  0x000001d5      0x2e5 /home/dangcaominh/STM32MP1/optee-os/optee-os/../build/optee-programmer-stm32mp157d-dk1/ldelf/main.o
 .debug_abbrev  0x000004ba      0x1cf /home/dangcaominh/STM32MP1/optee-os/optee-os/../build/optee-programmer-stm32mp157d-dk1/ldelf/sys.o
 .debug_abbrev  0x00000689      0x6a7 /home/dangcaominh/STM32MP1/optee-os/optee-os/../build/optee-programmer-stm32mp157d-dk1/ldelf/ta_elf.o
 .debug_abbrev  0x00000d30      0x469 /home/dangcaominh/STM32MP1/optee-os/optee-os/../build/optee-programmer-stm32mp157d-dk1/ldelf/ta_elf_rel.o
 .debug_abbrev  0x00001199       0xbc /home/dangcaominh/STM32MP1/optee-os/optee-os/../build/optee-programmer-stm32mp157d-dk1/ldelf-lib/libutee/libutee.a(assert.o)
 .debug_abbrev  0x00001255      0x1d3 /home/dangcaominh/STM32MP1/optee-os/optee-os/../build/optee-programmer-stm32mp157d-dk1/ldelf-lib/libutee/libutee.a(tee_uuid_from_str.o)
 .debug_abbrev  0x00001428       0x26 /home/dangcaominh/STM32MP1/optee-os/optee-os/../build/optee-programmer-stm32mp157d-dk1/ldelf-lib/libutee/libutee.a(utee_syscalls_a32.o)
 .debug_abbrev  0x0000144e      0x48d /home/dangcaominh/STM32MP1/optee-os/optee-os/../build/optee-programmer-stm32mp157d-dk1/ldelf-lib/libutils/libutils.a(bget_malloc.o)
 .debug_abbrev  0x000018db       0x52 /home/dangcaominh/STM32MP1/optee-os/optee-os/../build/optee-programmer-stm32mp157d-dk1/ldelf-lib/libutils/libutils.a(isxdigit.o)
 .debug_abbrev  0x0000192d      0x13c /home/dangcaominh/STM32MP1/optee-os/optee-os/../build/optee-programmer-stm32mp157d-dk1/ldelf-lib/libutils/libutils.a(snprintf.o)
 .debug_abbrev  0x00001a69       0x52 /home/dangcaominh/STM32MP1/optee-os/optee-os/../build/optee-programmer-stm32mp157d-dk1/ldelf-lib/libutils/libutils.a(tolower.o)
 .debug_abbrev  0x00001abb       0x95 /home/dangcaominh/STM32MP1/optee-os/optee-os/../build/optee-programmer-stm32mp157d-dk1/ldelf-lib/libutils/libutils.a(memcmp.o)
 .debug_abbrev  0x00001b50       0xc6 /home/dangcaominh/STM32MP1/optee-os/optee-os/../build/optee-programmer-stm32mp157d-dk1/ldelf-lib/libutils/libutils.a(memcpy.o)
 .debug_abbrev  0x00001c16       0xa3 /home/dangcaominh/STM32MP1/optee-os/optee-os/../build/optee-programmer-stm32mp157d-dk1/ldelf-lib/libutils/libutils.a(memset.o)
 .debug_abbrev  0x00001cb9       0x6f /home/dangcaominh/STM32MP1/optee-os/optee-os/../build/optee-programmer-stm32mp157d-dk1/ldelf-lib/libutils/libutils.a(strcmp.o)
 .debug_abbrev  0x00001d28       0x84 /home/dangcaominh/STM32MP1/optee-os/optee-os/../build/optee-programmer-stm32mp157d-dk1/ldelf-lib/libutils/libutils.a(strcpy.o)
 .debug_abbrev  0x00001dac       0x92 /home/dangcaominh/STM32MP1/optee-os/optee-os/../build/optee-programmer-stm32mp157d-dk1/ldelf-lib/libutils/libutils.a(strnlen.o)
 .debug_abbrev  0x00001e3e       0x26 /home/dangcaominh/STM32MP1/optee-os/optee-os/../build/optee-programmer-stm32mp157d-dk1/ldelf-lib/libutils/libutils.a(arm32_aeabi_ldivmod_a32.o)
 .debug_abbrev  0x00001e64      0x19d /home/dangcaominh/STM32MP1/optee-os/optee-os/../build/optee-programmer-stm32mp157d-dk1/ldelf-lib/libutils/libutils.a(arm32_aeabi_ldivmod.o)
 .debug_abbrev  0x00002001      0x2e6 /home/dangcaominh/STM32MP1/optee-os/optee-os/../build/optee-programmer-stm32mp157d-dk1/ldelf-lib/libutils/libutils.a(snprintk.o)
 .debug_abbrev  0x000022e7      0x2c3 /home/dangcaominh/STM32MP1/optee-os/optee-os/../build/optee-programmer-stm32mp157d-dk1/ldelf-lib/libutils/libutils.a(trace.o)
 .debug_abbrev  0x000025aa       0xb4 /home/dangcaominh/STM32MP1/optee-os/optee-os/../build/optee-programmer-stm32mp157d-dk1/ldelf-lib/libutils/libutils.a(memchr.o)
 .debug_abbrev  0x0000265e       0x90 /home/dangcaominh/STM32MP1/optee-os/optee-os/../build/optee-programmer-stm32mp157d-dk1/ldelf-lib/libutils/libutils.a(strlen.o)
 .debug_abbrev  0x000026ee      0x1b5 /home/dangcaominh/STM32MP1/optee-os/optee-os/../build/optee-programmer-stm32mp157d-dk1/ldelf-lib/libutee/libutee.a(trace_ext.o)

.debug_aranges  0x00000000      0x8a0
 .debug_aranges
                0x00000000       0x20 /home/dangcaominh/STM32MP1/optee-os/optee-os/../build/optee-programmer-stm32mp157d-dk1/ldelf/start_a32.o
 .debug_aranges
                0x00000020       0x80 /home/dangcaominh/STM32MP1/optee-os/optee-os/../build/optee-programmer-stm32mp157d-dk1/ldelf/syscalls_a32.o
 .debug_aranges
                0x000000a0       0x28 /home/dangcaominh/STM32MP1/optee-os/optee-os/../build/optee-programmer-stm32mp157d-dk1/ldelf/dl.o
 .debug_aranges
                0x000000c8       0x38 /home/dangcaominh/STM32MP1/optee-os/optee-os/../build/optee-programmer-stm32mp157d-dk1/ldelf/main.o
 .debug_aranges
                0x00000100       0x70 /home/dangcaominh/STM32MP1/optee-os/optee-os/../build/optee-programmer-stm32mp157d-dk1/ldelf/sys.o
 .debug_aranges
                0x00000170      0x118 /home/dangcaominh/STM32MP1/optee-os/optee-os/../build/optee-programmer-stm32mp157d-dk1/ldelf/ta_elf.o
 .debug_aranges
                0x00000288       0x50 /home/dangcaominh/STM32MP1/optee-os/optee-os/../build/optee-programmer-stm32mp157d-dk1/ldelf/ta_elf_rel.o
 .debug_aranges
                0x000002d8       0x28 /home/dangcaominh/STM32MP1/optee-os/optee-os/../build/optee-programmer-stm32mp157d-dk1/ldelf-lib/libutee/libutee.a(assert.o)
 .debug_aranges
                0x00000300       0x28 /home/dangcaominh/STM32MP1/optee-os/optee-os/../build/optee-programmer-stm32mp157d-dk1/ldelf-lib/libutee/libutee.a(tee_uuid_from_str.o)
 .debug_aranges
                0x00000328      0x1e0 /home/dangcaominh/STM32MP1/optee-os/optee-os/../build/optee-programmer-stm32mp157d-dk1/ldelf-lib/libutee/libutee.a(utee_syscalls_a32.o)
 .debug_aranges
                0x00000508      0x118 /home/dangcaominh/STM32MP1/optee-os/optee-os/../build/optee-programmer-stm32mp157d-dk1/ldelf-lib/libutils/libutils.a(bget_malloc.o)
 .debug_aranges
                0x00000620       0x20 /home/dangcaominh/STM32MP1/optee-os/optee-os/../build/optee-programmer-stm32mp157d-dk1/ldelf-lib/libutils/libutils.a(isxdigit.o)
 .debug_aranges
                0x00000640       0x28 /home/dangcaominh/STM32MP1/optee-os/optee-os/../build/optee-programmer-stm32mp157d-dk1/ldelf-lib/libutils/libutils.a(snprintf.o)
 .debug_aranges
                0x00000668       0x20 /home/dangcaominh/STM32MP1/optee-os/optee-os/../build/optee-programmer-stm32mp157d-dk1/ldelf-lib/libutils/libutils.a(tolower.o)
 .debug_aranges
                0x00000688       0x20 /home/dangcaominh/STM32MP1/optee-os/optee-os/../build/optee-programmer-stm32mp157d-dk1/ldelf-lib/libutils/libutils.a(memcmp.o)
 .debug_aranges
                0x000006a8       0x20 /home/dangcaominh/STM32MP1/optee-os/optee-os/../build/optee-programmer-stm32mp157d-dk1/ldelf-lib/libutils/libutils.a(memcpy.o)
 .debug_aranges
                0x000006c8       0x20 /home/dangcaominh/STM32MP1/optee-os/optee-os/../build/optee-programmer-stm32mp157d-dk1/ldelf-lib/libutils/libutils.a(memset.o)
 .debug_aranges
                0x000006e8       0x20 /home/dangcaominh/STM32MP1/optee-os/optee-os/../build/optee-programmer-stm32mp157d-dk1/ldelf-lib/libutils/libutils.a(strcmp.o)
 .debug_aranges
                0x00000708       0x20 /home/dangcaominh/STM32MP1/optee-os/optee-os/../build/optee-programmer-stm32mp157d-dk1/ldelf-lib/libutils/libutils.a(strcpy.o)
 .debug_aranges
                0x00000728       0x20 /home/dangcaominh/STM32MP1/optee-os/optee-os/../build/optee-programmer-stm32mp157d-dk1/ldelf-lib/libutils/libutils.a(strnlen.o)
 .debug_aranges
                0x00000748       0x28 /home/dangcaominh/STM32MP1/optee-os/optee-os/../build/optee-programmer-stm32mp157d-dk1/ldelf-lib/libutils/libutils.a(arm32_aeabi_ldivmod_a32.o)
 .debug_aranges
                0x00000770       0x30 /home/dangcaominh/STM32MP1/optee-os/optee-os/../build/optee-programmer-stm32mp157d-dk1/ldelf-lib/libutils/libutils.a(arm32_aeabi_ldivmod.o)
 .debug_aranges
                0x000007a0       0x40 /home/dangcaominh/STM32MP1/optee-os/optee-os/../build/optee-programmer-stm32mp157d-dk1/ldelf-lib/libutils/libutils.a(snprintk.o)
 .debug_aranges
                0x000007e0       0x40 /home/dangcaominh/STM32MP1/optee-os/optee-os/../build/optee-programmer-stm32mp157d-dk1/ldelf-lib/libutils/libutils.a(trace.o)
 .debug_aranges
                0x00000820       0x20 /home/dangcaominh/STM32MP1/optee-os/optee-os/../build/optee-programmer-stm32mp157d-dk1/ldelf-lib/libutils/libutils.a(memchr.o)
 .debug_aranges
                0x00000840       0x20 /home/dangcaominh/STM32MP1/optee-os/optee-os/../build/optee-programmer-stm32mp157d-dk1/ldelf-lib/libutils/libutils.a(strlen.o)
 .debug_aranges
                0x00000860       0x40 /home/dangcaominh/STM32MP1/optee-os/optee-os/../build/optee-programmer-stm32mp157d-dk1/ldelf-lib/libutee/libutee.a(trace_ext.o)

.debug_str      0x00000000    0x1703d
 .debug_str     0x00000000    0x1703d /home/dangcaominh/STM32MP1/optee-os/optee-os/../build/optee-programmer-stm32mp157d-dk1/ldelf/start_a32.o
                                 0x5a (size before relaxing)
 .debug_str     0x0001703d      0x112 /home/dangcaominh/STM32MP1/optee-os/optee-os/../build/optee-programmer-stm32mp157d-dk1/ldelf/syscalls_a32.o
 .debug_str     0x0001703d     0xf35a /home/dangcaominh/STM32MP1/optee-os/optee-os/../build/optee-programmer-stm32mp157d-dk1/ldelf/dl.o
 .debug_str     0x0001703d     0xfeae /home/dangcaominh/STM32MP1/optee-os/optee-os/../build/optee-programmer-stm32mp157d-dk1/ldelf/main.o
 .debug_str     0x0001703d     0xc272 /home/dangcaominh/STM32MP1/optee-os/optee-os/../build/optee-programmer-stm32mp157d-dk1/ldelf/sys.o
 .debug_str     0x0001703d    0x14f03 /home/dangcaominh/STM32MP1/optee-os/optee-os/../build/optee-programmer-stm32mp157d-dk1/ldelf/ta_elf.o
 .debug_str     0x0001703d    0x13ca9 /home/dangcaominh/STM32MP1/optee-os/optee-os/../build/optee-programmer-stm32mp157d-dk1/ldelf/ta_elf_rel.o
 .debug_str     0x0001703d     0xb79d /home/dangcaominh/STM32MP1/optee-os/optee-os/../build/optee-programmer-stm32mp157d-dk1/ldelf-lib/libutee/libutee.a(assert.o)
 .debug_str     0x0001703d     0xb703 /home/dangcaominh/STM32MP1/optee-os/optee-os/../build/optee-programmer-stm32mp157d-dk1/ldelf-lib/libutee/libutee.a(tee_uuid_from_str.o)
 .debug_str     0x0001703d      0x54b /home/dangcaominh/STM32MP1/optee-os/optee-os/../build/optee-programmer-stm32mp157d-dk1/ldelf-lib/libutee/libutee.a(utee_syscalls_a32.o)
 .debug_str     0x0001703d     0xc8d1 /home/dangcaominh/STM32MP1/optee-os/optee-os/../build/optee-programmer-stm32mp157d-dk1/ldelf-lib/libutils/libutils.a(bget_malloc.o)
 .debug_str     0x0001703d     0x4d54 /home/dangcaominh/STM32MP1/optee-os/optee-os/../build/optee-programmer-stm32mp157d-dk1/ldelf-lib/libutils/libutils.a(isxdigit.o)
 .debug_str     0x0001703d     0x52ba /home/dangcaominh/STM32MP1/optee-os/optee-os/../build/optee-programmer-stm32mp157d-dk1/ldelf-lib/libutils/libutils.a(snprintf.o)
 .debug_str     0x0001703d     0x4d51 /home/dangcaominh/STM32MP1/optee-os/optee-os/../build/optee-programmer-stm32mp157d-dk1/ldelf-lib/libutils/libutils.a(tolower.o)
 .debug_str     0x0001703d     0x5375 /home/dangcaominh/STM32MP1/optee-os/optee-os/../build/optee-programmer-stm32mp157d-dk1/ldelf-lib/libutils/libutils.a(memcmp.o)
 .debug_str     0x0001703d     0x53d7 /home/dangcaominh/STM32MP1/optee-os/optee-os/../build/optee-programmer-stm32mp157d-dk1/ldelf-lib/libutils/libutils.a(memcpy.o)
 .debug_str     0x0001703d     0x5368 /home/dangcaominh/STM32MP1/optee-os/optee-os/../build/optee-programmer-stm32mp157d-dk1/ldelf-lib/libutils/libutils.a(memset.o)
 .debug_str     0x0001703d     0x5542 /home/dangcaominh/STM32MP1/optee-os/optee-os/../build/optee-programmer-stm32mp157d-dk1/ldelf-lib/libutils/libutils.a(strcmp.o)
 .debug_str     0x0001703d     0x5534 /home/dangcaominh/STM32MP1/optee-os/optee-os/../build/optee-programmer-stm32mp157d-dk1/ldelf-lib/libutils/libutils.a(strcpy.o)
 .debug_str     0x0001703d     0x52f6 /home/dangcaominh/STM32MP1/optee-os/optee-os/../build/optee-programmer-stm32mp157d-dk1/ldelf-lib/libutils/libutils.a(strnlen.o)
 .debug_str     0x0001703d       0x91 /home/dangcaominh/STM32MP1/optee-os/optee-os/../build/optee-programmer-stm32mp157d-dk1/ldelf-lib/libutils/libutils.a(arm32_aeabi_ldivmod_a32.o)
 .debug_str     0x0001703d     0x4e07 /home/dangcaominh/STM32MP1/optee-os/optee-os/../build/optee-programmer-stm32mp157d-dk1/ldelf-lib/libutils/libutils.a(arm32_aeabi_ldivmod.o)
 .debug_str     0x0001703d     0x68b0 /home/dangcaominh/STM32MP1/optee-os/optee-os/../build/optee-programmer-stm32mp157d-dk1/ldelf-lib/libutils/libutils.a(snprintk.o)
 .debug_str     0x0001703d     0x7453 /home/dangcaominh/STM32MP1/optee-os/optee-os/../build/optee-programmer-stm32mp157d-dk1/ldelf-lib/libutils/libutils.a(trace.o)
 .debug_str     0x0001703d     0x55a5 /home/dangcaominh/STM32MP1/optee-os/optee-os/../build/optee-programmer-stm32mp157d-dk1/ldelf-lib/libutils/libutils.a(memchr.o)
 .debug_str     0x0001703d     0x5542 /home/dangcaominh/STM32MP1/optee-os/optee-os/../build/optee-programmer-stm32mp157d-dk1/ldelf-lib/libutils/libutils.a(strlen.o)
 .debug_str     0x0001703d     0xbae5 /home/dangcaominh/STM32MP1/optee-os/optee-os/../build/optee-programmer-stm32mp157d-dk1/ldelf-lib/libutee/libutee.a(trace_ext.o)

.debug_rnglists
                0x00000000      0xc35
 .debug_rnglists
                0x00000000       0x5b /home/dangcaominh/STM32MP1/optee-os/optee-os/../build/optee-programmer-stm32mp157d-dk1/ldelf/syscalls_a32.o
 .debug_rnglists
                0x0000005b       0x19 /home/dangcaominh/STM32MP1/optee-os/optee-os/../build/optee-programmer-stm32mp157d-dk1/ldelf/dl.o
 .debug_rnglists
                0x00000074       0x27 /home/dangcaominh/STM32MP1/optee-os/optee-os/../build/optee-programmer-stm32mp157d-dk1/ldelf/main.o
 .debug_rnglists
                0x0000009b       0x50 /home/dangcaominh/STM32MP1/optee-os/optee-os/../build/optee-programmer-stm32mp157d-dk1/ldelf/sys.o
 .debug_rnglists
                0x000000eb      0x52c /home/dangcaominh/STM32MP1/optee-os/optee-os/../build/optee-programmer-stm32mp157d-dk1/ldelf/ta_elf.o
 .debug_rnglists
                0x00000617      0x156 /home/dangcaominh/STM32MP1/optee-os/optee-os/../build/optee-programmer-stm32mp157d-dk1/ldelf/ta_elf_rel.o
 .debug_rnglists
                0x0000076d       0x19 /home/dangcaominh/STM32MP1/optee-os/optee-os/../build/optee-programmer-stm32mp157d-dk1/ldelf-lib/libutee/libutee.a(assert.o)
 .debug_rnglists
                0x00000786       0x26 /home/dangcaominh/STM32MP1/optee-os/optee-os/../build/optee-programmer-stm32mp157d-dk1/ldelf-lib/libutee/libutee.a(tee_uuid_from_str.o)
 .debug_rnglists
                0x000007ac      0x163 /home/dangcaominh/STM32MP1/optee-os/optee-os/../build/optee-programmer-stm32mp157d-dk1/ldelf-lib/libutee/libutee.a(utee_syscalls_a32.o)
 .debug_rnglists
                0x0000090f      0x158 /home/dangcaominh/STM32MP1/optee-os/optee-os/../build/optee-programmer-stm32mp157d-dk1/ldelf-lib/libutils/libutils.a(bget_malloc.o)
 .debug_rnglists
                0x00000a67       0x13 /home/dangcaominh/STM32MP1/optee-os/optee-os/../build/optee-programmer-stm32mp157d-dk1/ldelf-lib/libutils/libutils.a(isxdigit.o)
 .debug_rnglists
                0x00000a7a       0x19 /home/dangcaominh/STM32MP1/optee-os/optee-os/../build/optee-programmer-stm32mp157d-dk1/ldelf-lib/libutils/libutils.a(snprintf.o)
 .debug_rnglists
                0x00000a93       0x13 /home/dangcaominh/STM32MP1/optee-os/optee-os/../build/optee-programmer-stm32mp157d-dk1/ldelf-lib/libutils/libutils.a(tolower.o)
 .debug_rnglists
                0x00000aa6       0x13 /home/dangcaominh/STM32MP1/optee-os/optee-os/../build/optee-programmer-stm32mp157d-dk1/ldelf-lib/libutils/libutils.a(memcmp.o)
 .debug_rnglists
                0x00000ab9       0x14 /home/dangcaominh/STM32MP1/optee-os/optee-os/../build/optee-programmer-stm32mp157d-dk1/ldelf-lib/libutils/libutils.a(memcpy.o)
 .debug_rnglists
                0x00000acd       0x13 /home/dangcaominh/STM32MP1/optee-os/optee-os/../build/optee-programmer-stm32mp157d-dk1/ldelf-lib/libutils/libutils.a(memset.o)
 .debug_rnglists
                0x00000ae0       0x13 /home/dangcaominh/STM32MP1/optee-os/optee-os/../build/optee-programmer-stm32mp157d-dk1/ldelf-lib/libutils/libutils.a(strcmp.o)
 .debug_rnglists
                0x00000af3       0x13 /home/dangcaominh/STM32MP1/optee-os/optee-os/../build/optee-programmer-stm32mp157d-dk1/ldelf-lib/libutils/libutils.a(strcpy.o)
 .debug_rnglists
                0x00000b06       0x13 /home/dangcaominh/STM32MP1/optee-os/optee-os/../build/optee-programmer-stm32mp157d-dk1/ldelf-lib/libutils/libutils.a(strnlen.o)
 .debug_rnglists
                0x00000b19       0x19 /home/dangcaominh/STM32MP1/optee-os/optee-os/../build/optee-programmer-stm32mp157d-dk1/ldelf-lib/libutils/libutils.a(arm32_aeabi_ldivmod_a32.o)
 .debug_rnglists
                0x00000b32       0x30 /home/dangcaominh/STM32MP1/optee-os/optee-os/../build/optee-programmer-stm32mp157d-dk1/ldelf-lib/libutils/libutils.a(arm32_aeabi_ldivmod.o)
 .debug_rnglists
                0x00000b62       0x38 /home/dangcaominh/STM32MP1/optee-os/optee-os/../build/optee-programmer-stm32mp157d-dk1/ldelf-lib/libutils/libutils.a(snprintk.o)
 .debug_rnglists
                0x00000b9a       0x4a /home/dangcaominh/STM32MP1/optee-os/optee-os/../build/optee-programmer-stm32mp157d-dk1/ldelf-lib/libutils/libutils.a(trace.o)
 .debug_rnglists
                0x00000be4       0x13 /home/dangcaominh/STM32MP1/optee-os/optee-os/../build/optee-programmer-stm32mp157d-dk1/ldelf-lib/libutils/libutils.a(memchr.o)
 .debug_rnglists
                0x00000bf7       0x13 /home/dangcaominh/STM32MP1/optee-os/optee-os/../build/optee-programmer-stm32mp157d-dk1/ldelf-lib/libutils/libutils.a(strlen.o)
 .debug_rnglists
                0x00000c0a       0x2b /home/dangcaominh/STM32MP1/optee-os/optee-os/../build/optee-programmer-stm32mp157d-dk1/ldelf-lib/libutee/libutee.a(trace_ext.o)

.debug_loclists
                0x00000000     0x7e3d
 .debug_loclists
                0x00000000       0xc7 /home/dangcaominh/STM32MP1/optee-os/optee-os/../build/optee-programmer-stm32mp157d-dk1/ldelf/dl.o
 .debug_loclists
                0x000000c7      0x15f /home/dangcaominh/STM32MP1/optee-os/optee-os/../build/optee-programmer-stm32mp157d-dk1/ldelf/main.o
 .debug_loclists
                0x00000226      0x4ce /home/dangcaominh/STM32MP1/optee-os/optee-os/../build/optee-programmer-stm32mp157d-dk1/ldelf/sys.o
 .debug_loclists
                0x000006f4     0x2cfa /home/dangcaominh/STM32MP1/optee-os/optee-os/../build/optee-programmer-stm32mp157d-dk1/ldelf/ta_elf.o
 .debug_loclists
                0x000033ee     0x1163 /home/dangcaominh/STM32MP1/optee-os/optee-os/../build/optee-programmer-stm32mp157d-dk1/ldelf/ta_elf_rel.o
 .debug_loclists
                0x00004551       0xa0 /home/dangcaominh/STM32MP1/optee-os/optee-os/../build/optee-programmer-stm32mp157d-dk1/ldelf-lib/libutee/libutee.a(assert.o)
 .debug_loclists
                0x000045f1      0x259 /home/dangcaominh/STM32MP1/optee-os/optee-os/../build/optee-programmer-stm32mp157d-dk1/ldelf-lib/libutee/libutee.a(tee_uuid_from_str.o)
 .debug_loclists
                0x0000484a     0x1fb4 /home/dangcaominh/STM32MP1/optee-os/optee-os/../build/optee-programmer-stm32mp157d-dk1/ldelf-lib/libutils/libutils.a(bget_malloc.o)
 .debug_loclists
                0x000067fe       0x32 /home/dangcaominh/STM32MP1/optee-os/optee-os/../build/optee-programmer-stm32mp157d-dk1/ldelf-lib/libutils/libutils.a(isxdigit.o)
 .debug_loclists
                0x00006830       0xb3 /home/dangcaominh/STM32MP1/optee-os/optee-os/../build/optee-programmer-stm32mp157d-dk1/ldelf-lib/libutils/libutils.a(snprintf.o)
 .debug_loclists
                0x000068e3       0x23 /home/dangcaominh/STM32MP1/optee-os/optee-os/../build/optee-programmer-stm32mp157d-dk1/ldelf-lib/libutils/libutils.a(tolower.o)
 .debug_loclists
                0x00006906       0xbf /home/dangcaominh/STM32MP1/optee-os/optee-os/../build/optee-programmer-stm32mp157d-dk1/ldelf-lib/libutils/libutils.a(memcmp.o)
 .debug_loclists
                0x000069c5      0x15d /home/dangcaominh/STM32MP1/optee-os/optee-os/../build/optee-programmer-stm32mp157d-dk1/ldelf-lib/libutils/libutils.a(memcpy.o)
 .debug_loclists
                0x00006b22       0x4d /home/dangcaominh/STM32MP1/optee-os/optee-os/../build/optee-programmer-stm32mp157d-dk1/ldelf-lib/libutils/libutils.a(memset.o)
 .debug_loclists
                0x00006b6f       0x72 /home/dangcaominh/STM32MP1/optee-os/optee-os/../build/optee-programmer-stm32mp157d-dk1/ldelf-lib/libutils/libutils.a(strcmp.o)
 .debug_loclists
                0x00006be1       0x3f /home/dangcaominh/STM32MP1/optee-os/optee-os/../build/optee-programmer-stm32mp157d-dk1/ldelf-lib/libutils/libutils.a(strcpy.o)
 .debug_loclists