/home/dangcaominh/STM32MP1/u-boot/stm32mp1-u-boot/drivers/fastboot/fb_command.c:424:28:oem_format	48	static
/home/dangcaominh/STM32MP1/u-boot/stm32mp1-u-boot/drivers/fastboot/fb_command.c:164:13:okay	0	static
/home/dangcaominh/STM32MP1/u-boot/stm32mp1-u-boot/drivers/fastboot/fb_command.c:316:28:erase	0	static
/home/dangcaominh/STM32MP1/u-boot/stm32mp1-u-boot/drivers/fastboot/fb_command.c:296:28:flash	0	static
/home/dangcaominh/STM32MP1/u-boot/stm32mp1-u-boot/drivers/fastboot/fb_command.c:186:13:download	24	static
/home/dangcaominh/STM32MP1/u-boot/stm32mp1-u-boot/drivers/fastboot/fb_command.c:175:13:getvar	0	static
/home/dangcaominh/STM32MP1/u-boot/stm32mp1-u-boot/drivers/fastboot/fb_command.c:410:13:reboot_recovery	8	static
/home/dangcaominh/STM32MP1/u-boot/stm32mp1-u-boot/drivers/fastboot/fb_command.c:396:13:reboot_fastbootd	8	static
/home/dangcaominh/STM32MP1/u-boot/stm32mp1-u-boot/drivers/fastboot/fb_command.c:382:13:reboot_bootloader	8	static
/home/dangcaominh/STM32MP1/u-boot/stm32mp1-u-boot/drivers/fastboot/fb_command.c:127:5:fastboot_handle_command	48	static
/home/dangcaominh/STM32MP1/u-boot/stm32mp1-u-boot/drivers/fastboot/fb_command.c:220:5:fastboot_data_remaining	0	static
/home/dangcaominh/STM32MP1/u-boot/stm32mp1-u-boot/drivers/fastboot/fb_command.c:239:6:fastboot_data_download	24	static
/home/dangcaominh/STM32MP1/u-boot/stm32mp1-u-boot/drivers/fastboot/fb_command.c:276:6:fastboot_data_complete	8	static
/home/dangcaominh/STM32MP1/u-boot/stm32mp1-u-boot/drivers/fastboot/fb_command.c:347:6:fastboot_acmd_complete	0	static
