/home/dangcaominh/STM32MP1/u-boot/stm32mp1-u-boot/drivers/fastboot/fb_getvar.c:129:13:getvar_downloadsize	0	static
/home/dangcaominh/STM32MP1/u-boot/stm32mp1-u-boot/drivers/fastboot/fb_getvar.c:234:13:getvar_is_userspace	0	static
/home/dangcaominh/STM32MP1/u-boot/stm32mp1-u-boot/drivers/fastboot/fb_getvar.c:169:13:getvar_current_slot	0	static
/home/dangcaominh/STM32MP1/u-boot/stm32mp1-u-boot/drivers/fastboot/fb_getvar.c:144:13:getvar_version_baseband	0	static
/home/dangcaominh/STM32MP1/u-boot/stm32mp1-u-boot/drivers/fastboot/fb_getvar.c:124:13:getvar_version_bootloader	0	static
/home/dangcaominh/STM32MP1/u-boot/stm32mp1-u-boot/drivers/fastboot/fb_getvar.c:119:13:getvar_version	0	static
/home/dangcaominh/STM32MP1/u-boot/stm32mp1-u-boot/drivers/fastboot/fb_getvar.c:224:28:getvar_partition_size	184	static
/home/dangcaominh/STM32MP1/u-boot/stm32mp1-u-boot/drivers/fastboot/fb_getvar.c:159:13:getvar_platform	8	static
/home/dangcaominh/STM32MP1/u-boot/stm32mp1-u-boot/drivers/fastboot/fb_getvar.c:149:13:getvar_product	8	static
/home/dangcaominh/STM32MP1/u-boot/stm32mp1-u-boot/drivers/fastboot/fb_getvar.c:134:13:getvar_serialno	8	static
/home/dangcaominh/STM32MP1/u-boot/stm32mp1-u-boot/drivers/fastboot/fb_getvar.c:207:28:getvar_partition_type	184	static
/home/dangcaominh/STM32MP1/u-boot/stm32mp1-u-boot/drivers/fastboot/fb_getvar.c:175:28:getvar_has_slot	224	static
/home/dangcaominh/STM32MP1/u-boot/stm32mp1-u-boot/drivers/fastboot/fb_getvar.c:252:6:fastboot_getvar	96	static
