/home/dangcaominh/STM32MP1/u-boot/stm32mp1-u-boot/cmd/efidebug.c:1460:12:do_efidebug	24	static
/home/dangcaominh/STM32MP1/u-boot/stm32mp1-u-boot/cmd/efidebug.c:1356:12:do_efi_test	24	static
/home/dangcaominh/STM32MP1/u-boot/stm32mp1-u-boot/cmd/efidebug.c:328:12:do_efi_capsule	24	static
/home/dangcaominh/STM32MP1/u-boot/stm32mp1-u-boot/cmd/efidebug.c:1280:12:do_efi_boot_opt	24	static
/home/dangcaominh/STM32MP1/u-boot/stm32mp1-u-boot/cmd/efidebug.c:1387:12:do_efi_query_info	56	static
/home/dangcaominh/STM32MP1/u-boot/stm32mp1-u-boot/cmd/efidebug.c:1313:27:do_efi_test_bootmgr	24	static
/home/dangcaominh/STM32MP1/u-boot/stm32mp1-u-boot/cmd/efidebug.c:650:12:do_efi_show_tables	8	static
/home/dangcaominh/STM32MP1/u-boot/stm32mp1-u-boot/cmd/efidebug.c:592:12:do_efi_show_memmap	64	static
/home/dangcaominh/STM32MP1/u-boot/stm32mp1-u-boot/cmd/efidebug.c:509:12:do_efi_show_images	8	static
/home/dangcaominh/STM32MP1/u-boot/stm32mp1-u-boot/cmd/efidebug.c:454:12:do_efi_show_handles	64	static
/home/dangcaominh/STM32MP1/u-boot/stm32mp1-u-boot/cmd/efidebug.c:401:12:do_efi_show_drivers	56	static
/home/dangcaominh/STM32MP1/u-boot/stm32mp1-u-boot/cmd/efidebug.c:228:12:do_efi_capsule_res	88	static
/home/dangcaominh/STM32MP1/u-boot/stm32mp1-u-boot/cmd/efidebug.c:88:12:do_efi_capsule_on_disk_update	8	static
/home/dangcaominh/STM32MP1/u-boot/stm32mp1-u-boot/cmd/efidebug.c:44:12:do_efi_capsule_update	24	static
/home/dangcaominh/STM32MP1/u-boot/stm32mp1-u-boot/cmd/efidebug.c:894:12:do_efi_boot_rm	80	static
/home/dangcaominh/STM32MP1/u-boot/stm32mp1-u-boot/cmd/efidebug.c:1210:12:do_efi_boot_order	96	static
/home/dangcaominh/STM32MP1/u-boot/stm32mp1-u-boot/cmd/efidebug.c:726:12:do_efi_boot_add	152	static
/home/dangcaominh/STM32MP1/u-boot/stm32mp1-u-boot/cmd/efidebug.c:113:12:do_efi_capsule_show	24	static
/home/dangcaominh/STM32MP1/u-boot/stm32mp1-u-boot/cmd/efidebug.c:172:12:do_efi_capsule_esrt	40	static
/home/dangcaominh/STM32MP1/u-boot/stm32mp1-u-boot/cmd/efidebug.c:1161:12:do_efi_boot_next	48	static
/home/dangcaominh/STM32MP1/u-boot/stm32mp1-u-boot/cmd/efidebug.c:1014:12:do_efi_boot_dump	96	static
