/home/dangcaominh/STM32MP1/u-boot/u-boot/cmd/nvedit.c:662:12:do_env_delete	24	static
/home/dangcaominh/STM32MP1/u-boot/u-boot/cmd/nvedit.c:204:12:_do_env_set	72	static
/home/dangcaominh/STM32MP1/u-boot/u-boot/cmd/nvedit.c:299:12:do_env_set	0	static
/home/dangcaominh/STM32MP1/u-boot/u-boot/cmd/nvedit.c:578:12:do_env_save	8	static
/home/dangcaominh/STM32MP1/u-boot/u-boot/cmd/nvedit.c:591:12:do_env_erase	8	static
/home/dangcaominh/STM32MP1/u-boot/u-boot/cmd/nvedit.c:1232:12:do_env	24	static
/home/dangcaominh/STM32MP1/u-boot/u-boot/cmd/nvedit.c:71:12:env_print	56	static
/home/dangcaominh/STM32MP1/u-boot/u-boot/cmd/nvedit.c:102:12:do_env_print	24	static
/home/dangcaominh/STM32MP1/u-boot/u-boot/cmd/nvedit.c:876:12:do_env_import	72	static
/home/dangcaominh/STM32MP1/u-boot/u-boot/cmd/nvedit.c:541:12:do_env_edit	1056	static
/home/dangcaominh/STM32MP1/u-boot/u-boot/cmd/nvedit.c:624:12:do_env_default	16	static
/home/dangcaominh/STM32MP1/u-boot/u-boot/cmd/nvedit.c:1154:12:do_env_exists	48	static
/home/dangcaominh/STM32MP1/u-boot/u-boot/cmd/nvedit.c:1080:12:do_env_info	16	static
/home/dangcaominh/STM32MP1/u-boot/u-boot/cmd/nvedit.c:60:5:env_get_id	0	static
/home/dangcaominh/STM32MP1/u-boot/u-boot/cmd/nvedit.c:284:5:env_set	24	static
/home/dangcaominh/STM32MP1/u-boot/u-boot/cmd/nvedit.c:743:12:do_env_export	96	static
