/home/dangcaominh/STM32MP1/u-boot/stm32mp1-u-boot/cmd/regulator.c:442:12:do_regulator	24	static
/home/dangcaominh/STM32MP1/u-boot/stm32mp1-u-boot/cmd/regulator.c:59:12:curr_dev_and_plat	40	static
/home/dangcaominh/STM32MP1/u-boot/stm32mp1-u-boot/cmd/regulator.c:19:12:failure	8	static
/home/dangcaominh/STM32MP1/u-boot/stm32mp1-u-boot/cmd/regulator.c:410:12:do_disable	16	static
/home/dangcaominh/STM32MP1/u-boot/stm32mp1-u-boot/cmd/regulator.c:390:12:do_enable	16	static
/home/dangcaominh/STM32MP1/u-boot/stm32mp1-u-boot/cmd/regulator.c:354:12:do_mode	32	static
/home/dangcaominh/STM32MP1/u-boot/stm32mp1-u-boot/cmd/regulator.c:314:12:do_current	24	static
/home/dangcaominh/STM32MP1/u-boot/stm32mp1-u-boot/cmd/regulator.c:264:12:do_value	24	static
/home/dangcaominh/STM32MP1/u-boot/stm32mp1-u-boot/cmd/regulator.c:87:12:do_list	40	static
/home/dangcaominh/STM32MP1/u-boot/stm32mp1-u-boot/cmd/regulator.c:26:12:do_dev	16	static
/home/dangcaominh/STM32MP1/u-boot/stm32mp1-u-boot/cmd/regulator.c:114:12:constraint.isra	16	static
/home/dangcaominh/STM32MP1/u-boot/stm32mp1-u-boot/cmd/regulator.c:143:12:do_info	88	static
/home/dangcaominh/STM32MP1/u-boot/stm32mp1-u-boot/cmd/regulator.c:239:12:do_status	56	static
