/home/dangcaominh/STM32MP1/u-boot/u-boot/arch/arm/mach-stm32mp/cmd_stm32key.c:200:13:compare_mask_exact	0	static
/home/dangcaominh/STM32MP1/u-boot/u-boot/arch/arm/mach-stm32mp/cmd_stm32key.c:205:13:compare_any_bits	0	static
/home/dangcaominh/STM32MP1/u-boot/u-boot/arch/arm/mach-stm32mp/cmd_stm32key.c:322:12:format2	0	static
/home/dangcaominh/STM32MP1/u-boot/u-boot/arch/arm/mach-stm32mp/cmd_stm32key.c:489:12:post_process_edmk_128b	56	static
/home/dangcaominh/STM32MP1/u-boot/u-boot/arch/arm/mach-stm32mp/cmd_stm32key.c:468:12:post_process_oem_key2	32	static
/home/dangcaominh/STM32MP1/u-boot/u-boot/arch/arm/mach-stm32mp/cmd_stm32key.c:763:1:complete_stm32key	24	static
/home/dangcaominh/STM32MP1/u-boot/u-boot/arch/arm/mach-stm32mp/cmd_stm32key.c:354:12:read_key_otp	64	static
/home/dangcaominh/STM32MP1/u-boot/u-boot/arch/arm/mach-stm32mp/cmd_stm32key.c:338:13:read_key_value	40	static
/home/dangcaominh/STM32MP1/u-boot/u-boot/arch/arm/mach-stm32mp/cmd_stm32key.c:561:13:display_key_info	8	static
/home/dangcaominh/STM32MP1/u-boot/u-boot/arch/arm/mach-stm32mp/cmd_stm32key.c:567:12:do_stm32key_list	8	static
/home/dangcaominh/STM32MP1/u-boot/u-boot/arch/arm/mach-stm32mp/cmd_stm32key.c:547:12:confirm_prog	8	static
/home/dangcaominh/STM32MP1/u-boot/u-boot/arch/arm/mach-stm32mp/cmd_stm32key.c:763:1:do_stm32key	24	static
/home/dangcaominh/STM32MP1/u-boot/u-boot/arch/arm/mach-stm32mp/cmd_stm32key.c:577:12:do_stm32key_select	16	static
/home/dangcaominh/STM32MP1/u-boot/u-boot/arch/arm/mach-stm32mp/cmd_stm32key.c:327:12:get_misc_dev	16	static
/home/dangcaominh/STM32MP1/u-boot/u-boot/arch/arm/mach-stm32mp/cmd_stm32key.c:651:12:do_stm32key_fuse	88	static
/home/dangcaominh/STM32MP1/u-boot/u-boot/arch/arm/mach-stm32mp/cmd_stm32key.c:317:12:format1	0	static
/home/dangcaominh/STM32MP1/u-boot/u-boot/arch/arm/mach-stm32mp/cmd_stm32key.c:402:12:read_close_status	32	static
/home/dangcaominh/STM32MP1/u-boot/u-boot/arch/arm/mach-stm32mp/cmd_stm32key.c:708:12:do_stm32key_close	48	static
/home/dangcaominh/STM32MP1/u-boot/u-boot/arch/arm/mach-stm32mp/cmd_stm32key.c:603:12:do_stm32key_read	24	static
/home/dangcaominh/STM32MP1/u-boot/u-boot/arch/arm/mach-stm32mp/cmd_stm32key.c:775:6:stm32mp_is_closed	16	static
