/home/dangcaominh/STM32MP1/u-boot/u-boot/drivers/gpio/gpio-uclass.c:539:12:_gpio_get_value	8	static
/home/dangcaominh/STM32MP1/u-boot/u-boot/drivers/gpio/gpio-uclass.c:817:12:get_function	24	static
/home/dangcaominh/STM32MP1/u-boot/u-boot/drivers/gpio/gpio-uclass.c:58:12:gpio_to_device	24	static
/home/dangcaominh/STM32MP1/u-boot/u-boot/drivers/gpio/gpio-uclass.c:475:12:check_reserved	24	static
/home/dangcaominh/STM32MP1/u-boot/u-boot/drivers/gpio/gpio-uclass.c:256:12:gpio_hog_of_to_plat	16	static
/home/dangcaominh/STM32MP1/u-boot/u-boot/drivers/gpio/gpio-uclass.c:1300:12:gpio_renumber	32	static
/home/dangcaominh/STM32MP1/u-boot/u-boot/drivers/gpio/gpio-uclass.c:1348:12:gpio_pre_remove	16	static
/home/dangcaominh/STM32MP1/u-boot/u-boot/drivers/gpio/gpio-uclass.c:1337:12:gpio_post_probe	8	static
/home/dangcaominh/STM32MP1/u-boot/u-boot/drivers/gpio/gpio-uclass.c:1446:12:gpio_post_bind	40	static
/home/dangcaominh/STM32MP1/u-boot/u-boot/drivers/gpio/gpio-uclass.c:115:5:dm_gpio_lookup_name	32	static
/home/dangcaominh/STM32MP1/u-boot/u-boot/drivers/gpio/gpio-uclass.c:160:5:gpio_lookup_name	40	static
/home/dangcaominh/STM32MP1/u-boot/u-boot/drivers/gpio/gpio-uclass.c:185:15:gpio_flags_xlate	0	static
/home/dangcaominh/STM32MP1/u-boot/u-boot/drivers/gpio/gpio-uclass.c:213:5:gpio_xlate_offs_flags	16	static
/home/dangcaominh/STM32MP1/u-boot/u-boot/drivers/gpio/gpio-uclass.c:314:5:gpio_hog_lookup_name	24	static
/home/dangcaominh/STM32MP1/u-boot/u-boot/drivers/gpio/gpio-uclass.c:344:5:dm_gpio_request	32	static
/home/dangcaominh/STM32MP1/u-boot/u-boot/drivers/gpio/gpio-uclass.c:370:12:dm_gpio_requestf	60	static
/home/dangcaominh/STM32MP1/u-boot/u-boot/drivers/gpio/gpio-uclass.c:397:5:gpio_request	24	static
/home/dangcaominh/STM32MP1/u-boot/u-boot/drivers/gpio/gpio-uclass.c:419:5:gpio_requestf	60	static
/home/dangcaominh/STM32MP1/u-boot/u-boot/drivers/gpio/gpio-uclass.c:434:5:_dm_gpio_free	24	static
/home/dangcaominh/STM32MP1/u-boot/u-boot/drivers/gpio/gpio-uclass.c:463:5:gpio_free	24	static
/home/dangcaominh/STM32MP1/u-boot/u-boot/drivers/gpio/gpio-uclass.c:549:5:dm_gpio_get_value	8	static
/home/dangcaominh/STM32MP1/u-boot/u-boot/drivers/gpio/gpio-uclass.c:560:5:dm_gpio_set_value	16	static
/home/dangcaominh/STM32MP1/u-boot/u-boot/drivers/gpio/gpio-uclass.c:676:5:dm_gpio_clrset_flags	24	static
/home/dangcaominh/STM32MP1/u-boot/u-boot/drivers/gpio/gpio-uclass.c:502:5:gpio_direction_input	24	static
/home/dangcaominh/STM32MP1/u-boot/u-boot/drivers/gpio/gpio-uclass.c:523:5:gpio_direction_output	24	static
/home/dangcaominh/STM32MP1/u-boot/u-boot/drivers/gpio/gpio-uclass.c:697:5:dm_gpio_set_dir_flags	0	static
/home/dangcaominh/STM32MP1/u-boot/u-boot/drivers/gpio/gpio-uclass.c:1088:12:gpio_request_tail	40	static
/home/dangcaominh/STM32MP1/u-boot/u-boot/drivers/gpio/gpio-uclass.c:1135:12:_gpio_request_by_name_nodev	128	static
/home/dangcaominh/STM32MP1/u-boot/u-boot/drivers/gpio/gpio-uclass.c:703:5:dm_gpios_clrset_flags	32	static
/home/dangcaominh/STM32MP1/u-boot/u-boot/drivers/gpio/gpio-uclass.c:718:5:dm_gpio_get_flags	32	static
/home/dangcaominh/STM32MP1/u-boot/u-boot/drivers/gpio/gpio-uclass.c:764:5:gpio_get_value	24	static
/home/dangcaominh/STM32MP1/u-boot/u-boot/drivers/gpio/gpio-uclass.c:785:5:gpio_set_value	24	static
/home/dangcaominh/STM32MP1/u-boot/u-boot/drivers/gpio/gpio-uclass.c:796:13:gpio_get_bank_info	8	static
/home/dangcaominh/STM32MP1/u-boot/u-boot/drivers/gpio/gpio-uclass.c:846:5:gpio_get_function	0	static
/home/dangcaominh/STM32MP1/u-boot/u-boot/drivers/gpio/gpio-uclass.c:851:5:gpio_get_raw_function	0	static
/home/dangcaominh/STM32MP1/u-boot/u-boot/drivers/gpio/gpio-uclass.c:856:5:gpio_get_status	64	static
/home/dangcaominh/STM32MP1/u-boot/u-boot/drivers/gpio/gpio-uclass.c:922:5:gpio_claim_vector	24	static
/home/dangcaominh/STM32MP1/u-boot/u-boot/drivers/gpio/gpio-uclass.c:953:5:gpio_get_values_as_int	24	static
/home/dangcaominh/STM32MP1/u-boot/u-boot/drivers/gpio/gpio-uclass.c:973:5:dm_gpio_get_values_as_int	32	static
/home/dangcaominh/STM32MP1/u-boot/u-boot/drivers/gpio/gpio-uclass.c:991:5:dm_gpio_get_values_as_int_base3	16	static
/home/dangcaominh/STM32MP1/u-boot/u-boot/drivers/gpio/gpio-uclass.c:1149:5:gpio_request_by_name_nodev	16	static
/home/dangcaominh/STM32MP1/u-boot/u-boot/drivers/gpio/gpio-uclass.c:1156:5:gpio_request_by_name	128	static
/home/dangcaominh/STM32MP1/u-boot/u-boot/drivers/gpio/gpio-uclass.c:1170:5:gpio_request_by_line_name	24	static
/home/dangcaominh/STM32MP1/u-boot/u-boot/drivers/gpio/gpio-uclass.c:1241:5:gpio_get_list_count	0	static
/home/dangcaominh/STM32MP1/u-boot/u-boot/drivers/gpio/gpio-uclass.c:1277:5:dm_gpio_free	0	static
/home/dangcaominh/STM32MP1/u-boot/u-boot/drivers/gpio/gpio-uclass.c:1283:5:gpio_free_list	24	static
/home/dangcaominh/STM32MP1/u-boot/u-boot/drivers/gpio/gpio-uclass.c:1294:5:gpio_free_list_nodev	0	static
/home/dangcaominh/STM32MP1/u-boot/u-boot/drivers/gpio/gpio-uclass.c:1203:5:gpio_request_list_by_name_nodev	48	static
/home/dangcaominh/STM32MP1/u-boot/u-boot/drivers/gpio/gpio-uclass.c:1228:5:gpio_request_list_by_name	0	static
/home/dangcaominh/STM32MP1/u-boot/u-boot/drivers/gpio/gpio-uclass.c:1325:5:gpio_get_number	8	static
/home/dangcaominh/STM32MP1/u-boot/u-boot/drivers/gpio/gpio-uclass.c:1362:5:gpio_dev_request_index	104	static
/home/dangcaominh/STM32MP1/u-boot/u-boot/drivers/gpio/gpio-uclass.c:287:12:gpio_hog_probe	32	static
/home/dangcaominh/STM32MP1/u-boot/u-boot/drivers/gpio/gpio-uclass.c:1387:19:devm_gpiod_get_index	32	static
/home/dangcaominh/STM32MP1/u-boot/u-boot/drivers/gpio/gpio-uclass.c:1425:19:devm_gpiod_get_index_optional	8	static
/home/dangcaominh/STM32MP1/u-boot/u-boot/drivers/gpio/gpio-uclass.c:1438:6:devm_gpiod_put	0	static
