/home/dangcaominh/STM32MP1/u-boot/u-boot/drivers/gpio/stm32_gpio.c:50:13:stm32_gpio_set_moder	8	static
/home/dangcaominh/STM32MP1/u-boot/u-boot/drivers/gpio/stm32_gpio.c:144:13:stm32_gpio_rif_release	0	static
/home/dangcaominh/STM32MP1/u-boot/u-boot/drivers/gpio/stm32_gpio.c:100:13:stm32_gpio_is_mapped	8	static
/home/dangcaominh/STM32MP1/u-boot/u-boot/drivers/gpio/stm32_gpio.c:318:12:stm32_gpio_get_flags	24	static
/home/dangcaominh/STM32MP1/u-boot/u-boot/drivers/gpio/stm32_gpio.c:238:12:stm32_gpio_set_value	24	static
/home/dangcaominh/STM32MP1/u-boot/u-boot/drivers/gpio/stm32_gpio.c:227:12:stm32_gpio_get_value	16	static
/home/dangcaominh/STM32MP1/u-boot/u-boot/drivers/gpio/stm32_gpio.c:211:12:stm32_gpio_direction_output	24	static
/home/dangcaominh/STM32MP1/u-boot/u-boot/drivers/gpio/stm32_gpio.c:198:12:stm32_gpio_direction_input	16	static
/home/dangcaominh/STM32MP1/u-boot/u-boot/drivers/gpio/stm32_gpio.c:186:12:stm32_gpio_rfree	16	static
/home/dangcaominh/STM32MP1/u-boot/u-boot/drivers/gpio/stm32_gpio.c:430:12:gpio_stm32_remove	24	static
/home/dangcaominh/STM32MP1/u-boot/u-boot/drivers/gpio/stm32_gpio.c:369:12:gpio_stm32_probe	152	static
/home/dangcaominh/STM32MP1/u-boot/u-boot/drivers/gpio/stm32_gpio.c:287:12:stm32_gpio_set_flags	24	static
/home/dangcaominh/STM32MP1/u-boot/u-boot/drivers/gpio/stm32_gpio.c:107:6:stm32_gpio_rif_valid	0	static
/home/dangcaominh/STM32MP1/u-boot/u-boot/drivers/gpio/stm32_gpio.c:251:12:stm32_gpio_get_function	24	static
/home/dangcaominh/STM32MP1/u-boot/u-boot/drivers/gpio/stm32_gpio.c:157:12:stm32_gpio_request	56	static
