/home/dangcaominh/STM32MP1/u-boot/u-boot/drivers/phy/phy-stm32-usbphyc.c:641:14:stm32_usbphyc_clk48_get_rate	0	static
/home/dangcaominh/STM32MP1/u-boot/u-boot/drivers/phy/phy-stm32-usbphyc.c:415:12:stm32_usbphyc_of_xlate	32	static
/home/dangcaominh/STM32MP1/u-boot/u-boot/drivers/phy/phy-stm32-usbphyc.c:367:12:stm32_usbphyc_phy_power_off	16	static
/home/dangcaominh/STM32MP1/u-boot/u-boot/drivers/phy/phy-stm32-usbphyc.c:344:12:stm32_usbphyc_phy_power_on	8	static
/home/dangcaominh/STM32MP1/u-boot/u-boot/drivers/phy/phy-stm32-usbphyc.c:272:12:stm32_usbphyc_pll_disable	8	static
/home/dangcaominh/STM32MP1/u-boot/u-boot/drivers/phy/phy-stm32-usbphyc.c:327:12:stm32_usbphyc_phy_exit	16	static
/home/dangcaominh/STM32MP1/u-boot/u-boot/drivers/phy/phy-stm32-usbphyc.c:667:12:stm32_usbphyc_clk48_disable	16	static
/home/dangcaominh/STM32MP1/u-boot/u-boot/drivers/phy/phy-stm32-usbphyc.c:226:12:stm32_usbphyc_pll_enable	24	static
/home/dangcaominh/STM32MP1/u-boot/u-boot/drivers/phy/phy-stm32-usbphyc.c:308:12:stm32_usbphyc_phy_init	16	static
/home/dangcaominh/STM32MP1/u-boot/u-boot/drivers/phy/phy-stm32-usbphyc.c:646:12:stm32_usbphyc_clk48_enable	16	static
/home/dangcaominh/STM32MP1/u-boot/u-boot/drivers/phy/phy-stm32-usbphyc.c:393:12:stm32_usbphyc_get_regulator	88	static
/home/dangcaominh/STM32MP1/u-boot/u-boot/drivers/phy/phy-stm32-usbphyc.c:538:12:stm32_usbphyc_probe	104	static
/home/dangcaominh/STM32MP1/u-boot/u-boot/drivers/phy/phy-stm32-usbphyc.c:528:12:stm32_usbphyc_bind	16	static
/home/dangcaominh/STM32MP1/u-boot/u-boot/drivers/phy/phy-stm32-usbphyc.c:693:5:usbphyc_clk48_probe	16	static
