/home/dangcaominh/STM32MP1/u-boot/stm32mp1-u-boot/drivers/phy/phy-uclass.c:48:27:phy_get_counts	8	static
/home/dangcaominh/STM32MP1/u-boot/stm32mp1-u-boot/drivers/phy/phy-uclass.c:88:12:phy_uclass_pre_probe	8	static
/home/dangcaominh/STM32MP1/u-boot/stm32mp1-u-boot/drivers/phy/phy-uclass.c:97:12:phy_uclass_pre_remove	16	static
/home/dangcaominh/STM32MP1/u-boot/stm32mp1-u-boot/drivers/phy/phy-uclass.c:126:5:generic_phy_get_by_index_nodev	112	static
/home/dangcaominh/STM32MP1/u-boot/stm32mp1-u-boot/drivers/phy/phy-uclass.c:201:5:generic_phy_get_by_index	0	static
/home/dangcaominh/STM32MP1/u-boot/stm32mp1-u-boot/drivers/phy/phy-uclass.c:207:5:generic_phy_get_by_name	16	static
/home/dangcaominh/STM32MP1/u-boot/stm32mp1-u-boot/drivers/phy/phy-uclass.c:223:5:generic_phy_init	40	static
/home/dangcaominh/STM32MP1/u-boot/stm32mp1-u-boot/drivers/phy/phy-uclass.c:251:5:generic_phy_reset	40	static
/home/dangcaominh/STM32MP1/u-boot/stm32mp1-u-boot/drivers/phy/phy-uclass.c:269:5:generic_phy_exit	40	static
/home/dangcaominh/STM32MP1/u-boot/stm32mp1-u-boot/drivers/phy/phy-uclass.c:299:5:generic_phy_power_on	40	static
/home/dangcaominh/STM32MP1/u-boot/stm32mp1-u-boot/drivers/phy/phy-uclass.c:335:5:generic_phy_power_off	40	static
/home/dangcaominh/STM32MP1/u-boot/stm32mp1-u-boot/drivers/phy/phy-uclass.c:370:5:generic_phy_configure	0	static
/home/dangcaominh/STM32MP1/u-boot/stm32mp1-u-boot/drivers/phy/phy-uclass.c:381:5:generic_phy_set_mode	0	static
/home/dangcaominh/STM32MP1/u-boot/stm32mp1-u-boot/drivers/phy/phy-uclass.c:392:5:generic_phy_set_speed	0	static
/home/dangcaominh/STM32MP1/u-boot/stm32mp1-u-boot/drivers/phy/phy-uclass.c:403:5:generic_phy_get_bulk	48	static
/home/dangcaominh/STM32MP1/u-boot/stm32mp1-u-boot/drivers/phy/phy-uclass.c:441:5:generic_phy_init_bulk	40	static
/home/dangcaominh/STM32MP1/u-boot/stm32mp1-u-boot/drivers/phy/phy-uclass.c:463:5:generic_phy_exit_bulk	24	static
/home/dangcaominh/STM32MP1/u-boot/stm32mp1-u-boot/drivers/phy/phy-uclass.c:474:5:generic_phy_power_on_bulk	40	static
/home/dangcaominh/STM32MP1/u-boot/stm32mp1-u-boot/drivers/phy/phy-uclass.c:496:5:generic_phy_power_off_bulk	24	static
/home/dangcaominh/STM32MP1/u-boot/stm32mp1-u-boot/drivers/phy/phy-uclass.c:507:5:generic_setup_phy	8	static
/home/dangcaominh/STM32MP1/u-boot/stm32mp1-u-boot/drivers/phy/phy-uclass.c:531:5:generic_shutdown_phy	8	static
/home/dangcaominh/STM32MP1/u-boot/stm32mp1-u-boot/drivers/phy/phy-uclass.c:549:5:generic_phy_set_mode_bulk	48	static
