/home/dangcaominh/STM32MP1/u-boot/u-boot/boot/bootmeth_pxe.c:141:12:extlinux_pxe_boot	80	static
/home/dangcaominh/STM32MP1/u-boot/u-boot/boot/bootmeth_pxe.c:26:12:extlinux_pxe_getfile	24	static
/home/dangcaominh/STM32MP1/u-boot/u-boot/boot/bootmeth_pxe.c:115:12:extlinux_pxe_read_file	72	static
/home/dangcaominh/STM32MP1/u-boot/u-boot/boot/bootmeth_pxe.c:60:12:extlinux_pxe_read_bootflow	240	static
/home/dangcaominh/STM32MP1/u-boot/u-boot/boot/bootmeth_pxe.c:165:12:extlinux_bootmeth_pxe_bind	8	static
/home/dangcaominh/STM32MP1/u-boot/u-boot/boot/bootmeth_pxe.c:45:12:extlinux_pxe_check	8	static
