/home/dangcaominh/STM32MP1/u-boot/u-boot/boot/bootmeth_efi.c:455:12:distro_bootmeth_efi_bind	8	static
/home/dangcaominh/STM32MP1/u-boot/u-boot/boot/bootmeth_efi.c:169:12:distro_efi_check	8	static
/home/dangcaominh/STM32MP1/u-boot/u-boot/boot/bootmeth_efi.c:192:12:distro_efi_get_fdt_name.constprop	40	static
/home/dangcaominh/STM32MP1/u-boot/u-boot/boot/bootmeth_efi.c:249:12:distro_efi_try_bootflow_files	312	static
/home/dangcaominh/STM32MP1/u-boot/u-boot/boot/bootmeth_efi.c:320:12:distro_efi_read_bootflow_net	392	static
/home/dangcaominh/STM32MP1/u-boot/u-boot/boot/bootmeth_efi.c:394:12:distro_efi_read_bootflow	16	static
/home/dangcaominh/STM32MP1/u-boot/u-boot/boot/bootmeth_efi.c:412:12:distro_efi_boot	264	static
