/home/dangcaominh/STM32MP1/u-boot/stm32mp1-u-boot/boot/bootflow.c:301:12:bootflow_check	16	static
/home/dangcaominh/STM32MP1/u-boot/stm32mp1-u-boot/boot/bootflow.c:627:12:copy_in	32	static
/home/dangcaominh/STM32MP1/u-boot/stm32mp1-u-boot/boot/bootflow.c:41:13:bootflow_state_get_name	0	static
/home/dangcaominh/STM32MP1/u-boot/stm32mp1-u-boot/boot/bootflow.c:50:5:bootflow_first_glob	16	static
/home/dangcaominh/STM32MP1/u-boot/stm32mp1-u-boot/boot/bootflow.c:68:5:bootflow_next_glob	24	static
/home/dangcaominh/STM32MP1/u-boot/stm32mp1-u-boot/boot/bootflow.c:88:6:bootflow_iter_init	16	static
/home/dangcaominh/STM32MP1/u-boot/stm32mp1-u-boot/boot/bootflow.c:98:6:bootflow_iter_uninit	0	static
/home/dangcaominh/STM32MP1/u-boot/stm32mp1-u-boot/boot/bootflow.c:103:5:bootflow_iter_drop_bootmeth	24	static
/home/dangcaominh/STM32MP1/u-boot/stm32mp1-u-boot/boot/bootflow.c:390:5:bootflow_scan_next	32	static
/home/dangcaominh/STM32MP1/u-boot/stm32mp1-u-boot/boot/bootflow.c:342:5:bootflow_scan_first	32	static
/home/dangcaominh/STM32MP1/u-boot/stm32mp1-u-boot/boot/bootflow.c:418:6:bootflow_init	16	static
/home/dangcaominh/STM32MP1/u-boot/stm32mp1-u-boot/boot/bootflow.c:427:6:bootflow_free	8	static
/home/dangcaominh/STM32MP1/u-boot/stm32mp1-u-boot/boot/bootflow.c:437:6:bootflow_remove	8	static
/home/dangcaominh/STM32MP1/u-boot/stm32mp1-u-boot/boot/bootflow.c:447:5:bootflow_boot	8	static
/home/dangcaominh/STM32MP1/u-boot/stm32mp1-u-boot/boot/bootflow.c:466:5:bootflow_run_boot	8	static
/home/dangcaominh/STM32MP1/u-boot/stm32mp1-u-boot/boot/bootflow.c:510:5:bootflow_iter_check_blk	8	static
/home/dangcaominh/STM32MP1/u-boot/stm32mp1-u-boot/boot/bootflow.c:522:5:bootflow_iter_check_sf	8	static
/home/dangcaominh/STM32MP1/u-boot/stm32mp1-u-boot/boot/bootflow.c:534:5:bootflow_iter_check_net	8	static
/home/dangcaominh/STM32MP1/u-boot/stm32mp1-u-boot/boot/bootflow.c:546:5:bootflow_iter_check_system	8	static
/home/dangcaominh/STM32MP1/u-boot/stm32mp1-u-boot/boot/bootflow.c:564:5:bootflow_cmdline_set	16	static
/home/dangcaominh/STM32MP1/u-boot/stm32mp1-u-boot/boot/bootflow.c:659:5:cmdline_set_arg	72	static
/home/dangcaominh/STM32MP1/u-boot/stm32mp1-u-boot/boot/bootflow.c:806:5:bootflow_cmdline_set_arg	2072	static
/home/dangcaominh/STM32MP1/u-boot/stm32mp1-u-boot/boot/bootflow.c:836:5:cmdline_get_arg	16	static
/home/dangcaominh/STM32MP1/u-boot/stm32mp1-u-boot/boot/bootflow.c:845:5:bootflow_cmdline_get_arg	24	static
/home/dangcaominh/STM32MP1/u-boot/stm32mp1-u-boot/boot/bootflow.c:859:5:bootflow_cmdline_auto	104	static
