/home/dangcaominh/STM32MP1/u-boot/u-boot/boot/bootdev-uclass.c:881:12:bootdev_post_bind	8	static
/home/dangcaominh/STM32MP1/u-boot/u-boot/boot/bootdev-uclass.c:253:12:bootdev_get_suffix_start	24	static
/home/dangcaominh/STM32MP1/u-boot/u-boot/boot/bootdev-uclass.c:758:12:bootdev_hunt_drv	32	static
/home/dangcaominh/STM32MP1/u-boot/u-boot/boot/bootdev-uclass.c:36:5:bootdev_add_bootflow	24	static
/home/dangcaominh/STM32MP1/u-boot/u-boot/boot/bootdev-uclass.c:62:5:bootdev_first_bootflow	8	static
/home/dangcaominh/STM32MP1/u-boot/u-boot/boot/bootdev-uclass.c:75:5:bootdev_next_bootflow	16	static
/home/dangcaominh/STM32MP1/u-boot/u-boot/boot/bootdev-uclass.c:90:5:bootdev_bind	64	static
/home/dangcaominh/STM32MP1/u-boot/u-boot/boot/bootdev-uclass.c:111:5:bootdev_find_in_blk	288	static
/home/dangcaominh/STM32MP1/u-boot/u-boot/boot/bootdev-uclass.c:204:6:bootdev_list	48	static
/home/dangcaominh/STM32MP1/u-boot/u-boot/boot/bootdev-uclass.c:230:5:bootdev_setup_for_dev	24	static
/home/dangcaominh/STM32MP1/u-boot/u-boot/boot/bootdev-uclass.c:265:5:bootdev_setup_for_sibling_blk	80	static
/home/dangcaominh/STM32MP1/u-boot/u-boot/boot/bootdev-uclass.c:299:5:bootdev_get_sibling_blk	88	static
/home/dangcaominh/STM32MP1/u-boot/u-boot/boot/bootdev-uclass.c:352:5:bootdev_unbind_dev	16	static
/home/dangcaominh/STM32MP1/u-boot/u-boot/boot/bootdev-uclass.c:420:5:bootdev_find_by_label	120	static
/home/dangcaominh/STM32MP1/u-boot/u-boot/boot/bootdev-uclass.c:475:5:bootdev_find_by_any	40	static
/home/dangcaominh/STM32MP1/u-boot/u-boot/boot/bootdev-uclass.c:558:5:bootdev_get_bootflow	32	static
/home/dangcaominh/STM32MP1/u-boot/u-boot/boot/bootdev-uclass.c:571:6:bootdev_clear_bootflows	8	static
/home/dangcaominh/STM32MP1/u-boot/u-boot/boot/bootdev-uclass.c:890:12:bootdev_pre_unbind	8	static
/home/dangcaominh/STM32MP1/u-boot/u-boot/boot/bootdev-uclass.c:785:5:bootdev_hunt	48	static
/home/dangcaominh/STM32MP1/u-boot/u-boot/boot/bootdev-uclass.c:518:5:bootdev_hunt_and_find_by_label	16	static
/home/dangcaominh/STM32MP1/u-boot/u-boot/boot/bootdev-uclass.c:584:5:bootdev_next_label	48	static
/home/dangcaominh/STM32MP1/u-boot/u-boot/boot/bootdev-uclass.c:823:5:bootdev_hunt_prio	32	static
/home/dangcaominh/STM32MP1/u-boot/u-boot/boot/bootdev-uclass.c:622:5:bootdev_next_prio	24	static
/home/dangcaominh/STM32MP1/u-boot/u-boot/boot/bootdev-uclass.c:687:5:bootdev_setup_iter	48	static
/home/dangcaominh/STM32MP1/u-boot/u-boot/boot/bootdev-uclass.c:850:6:bootdev_list_hunters	56	static
