/home/dangcaominh/STM32MP1/u-boot/stm32mp1-u-boot/boot/image-fdt.c:32:13:fdt_error	8	static
/home/dangcaominh/STM32MP1/u-boot/stm32mp1-u-boot/boot/image-fdt.c:102:6:boot_fdt_add_mem_rsv_regions	80	static
/home/dangcaominh/STM32MP1/u-boot/stm32mp1-u-boot/boot/image-fdt.c:161:5:boot_relocate_fdt	48	static
/home/dangcaominh/STM32MP1/u-boot/stm32mp1-u-boot/boot/image-fdt.c:472:5:boot_get_fdt	72	static
/home/dangcaominh/STM32MP1/u-boot/stm32mp1-u-boot/boot/image-fdt.c:596:12:ft_verify_fdt	0	static
/home/dangcaominh/STM32MP1/u-boot/stm32mp1-u-boot/boot/image-fdt.c:601:12:arch_fixup_fdt	0	static
/home/dangcaominh/STM32MP1/u-boot/stm32mp1-u-boot/boot/image-fdt.c:606:5:image_setup_libfdt	40	static
