/home/dangcaominh/STM32MP1/u-boot/u-boot/boot/scene.c:320:12:scene_obj_render	56	static
/home/dangcaominh/STM32MP1/u-boot/u-boot/boot/scene.c:22:5:scene_new	24	static
/home/dangcaominh/STM32MP1/u-boot/u-boot/boot/scene.c:45:6:scene_obj_destroy	8	static
/home/dangcaominh/STM32MP1/u-boot/u-boot/boot/scene.c:53:6:scene_destroy	16	static
/home/dangcaominh/STM32MP1/u-boot/u-boot/boot/scene.c:64:5:scene_title_set	0	static
/home/dangcaominh/STM32MP1/u-boot/u-boot/boot/scene.c:71:5:scene_obj_count	0	static
/home/dangcaominh/STM32MP1/u-boot/u-boot/boot/scene.c:82:7:scene_obj_find	8	static
/home/dangcaominh/STM32MP1/u-boot/u-boot/boot/scene.c:95:7:scene_obj_find_by_name	16	static
/home/dangcaominh/STM32MP1/u-boot/u-boot/boot/scene.c:107:5:scene_obj_add	24	static
/home/dangcaominh/STM32MP1/u-boot/u-boot/boot/scene.c:130:5:scene_img	32	static
/home/dangcaominh/STM32MP1/u-boot/u-boot/boot/scene.c:150:5:scene_txt	32	static
/home/dangcaominh/STM32MP1/u-boot/u-boot/boot/scene.c:170:5:scene_txt_str	48	static
/home/dangcaominh/STM32MP1/u-boot/u-boot/boot/scene.c:196:5:scene_txt_set_font	16	static
/home/dangcaominh/STM32MP1/u-boot/u-boot/boot/scene.c:210:5:scene_obj_set_pos	16	static
/home/dangcaominh/STM32MP1/u-boot/u-boot/boot/scene.c:223:5:scene_obj_set_size	16	static
/home/dangcaominh/STM32MP1/u-boot/u-boot/boot/scene.c:248:5:scene_obj_flag_clrset	16	static
/home/dangcaominh/STM32MP1/u-boot/u-boot/boot/scene.c:236:5:scene_obj_set_hide	0	static
/home/dangcaominh/STM32MP1/u-boot/u-boot/boot/scene.c:261:5:scene_obj_get_hw	64	static
/home/dangcaominh/STM32MP1/u-boot/u-boot/boot/scene.c:420:5:scene_arrange	16	static
/home/dangcaominh/STM32MP1/u-boot/u-boot/boot/scene.c:439:5:scene_render_deps	16	static
/home/dangcaominh/STM32MP1/u-boot/u-boot/boot/scene.c:463:5:scene_render	24	static
/home/dangcaominh/STM32MP1/u-boot/u-boot/boot/scene.c:538:5:scene_send_key	16	static
/home/dangcaominh/STM32MP1/u-boot/u-boot/boot/scene.c:586:5:scene_calc_dims	32	static
/home/dangcaominh/STM32MP1/u-boot/u-boot/boot/scene.c:625:5:scene_apply_theme	24	static
/home/dangcaominh/STM32MP1/u-boot/u-boot/boot/scene.c:653:6:scene_set_highlight_id	0	static
/home/dangcaominh/STM32MP1/u-boot/u-boot/boot/scene.c:658:6:scene_highlight_first	0	static
/home/dangcaominh/STM32MP1/u-boot/u-boot/boot/scene.c:673:5:scene_set_open	0	static
