/home/dangcaominh/STM32MP1/u-boot/stm32mp1-u-boot/boot/vbe_simple.c:147:12:vbe_simple_read_bootflow	0	static
/home/dangcaominh/STM32MP1/u-boot/stm32mp1-u-boot/boot/vbe_simple.c:163:12:vbe_simple_read_file	16	static
/home/dangcaominh/STM32MP1/u-boot/stm32mp1-u-boot/boot/vbe_simple.c:185:12:bootmeth_vbe_simple_probe	16	static
/home/dangcaominh/STM32MP1/u-boot/stm32mp1-u-boot/boot/vbe_simple.c:205:12:bootmeth_vbe_simple_bind	8	static
/home/dangcaominh/STM32MP1/u-boot/stm32mp1-u-boot/boot/vbe_simple.c:93:5:vbe_simple_read_state	640	static
/home/dangcaominh/STM32MP1/u-boot/stm32mp1-u-boot/boot/vbe_simple.c:128:12:vbe_simple_get_state_desc	288	static
