/home/dangcaominh/STM32MP1/u-boot/u-boot/drivers/mmc/mmc.c:223:12:mmc_send_cmd_retry	24	static
/home/dangcaominh/STM32MP1/u-boot/u-boot/drivers/mmc/mmc.c:691:12:mmc_send_op_cond_iter	40	static
/home/dangcaominh/STM32MP1/u-boot/u-boot/drivers/mmc/mmc.c:528:12:mmc_go_idle	40	static
/home/dangcaominh/STM32MP1/u-boot/u-boot/drivers/mmc/mmc.c:1039:12:mmc_set_capacity	32	static
/home/dangcaominh/STM32MP1/u-boot/u-boot/drivers/mmc/mmc.c:247:12:mmc_send_cmd_quirks.constprop	0	static
/home/dangcaominh/STM32MP1/u-boot/u-boot/drivers/mmc/mmc.c:2774:12:mmc_power_on.isra	8	static
/home/dangcaominh/STM32MP1/u-boot/u-boot/drivers/mmc/mmc.c:139:13:mmc_mode_name	0	static
/home/dangcaominh/STM32MP1/u-boot/u-boot/drivers/mmc/mmc.c:256:5:mmc_send_status	40	static
/home/dangcaominh/STM32MP1/u-boot/u-boot/drivers/mmc/mmc.c:808:12:__mmc_switch.constprop	48	static
/home/dangcaominh/STM32MP1/u-boot/u-boot/drivers/mmc/mmc.c:274:5:mmc_poll_for_busy	48	static
/home/dangcaominh/STM32MP1/u-boot/u-boot/drivers/mmc/mmc.c:316:5:mmc_set_blocklen	40	static
/home/dangcaominh/STM32MP1/u-boot/u-boot/drivers/mmc/mmc.c:401:5:mmc_send_stop_transmission	40	static
/home/dangcaominh/STM32MP1/u-boot/u-boot/drivers/mmc/mmc.c:470:7:mmc_bread	112	static
/home/dangcaominh/STM32MP1/u-boot/u-boot/drivers/mmc/mmc.c:787:5:mmc_send_ext_csd	56	static
/home/dangcaominh/STM32MP1/u-boot/u-boot/drivers/mmc/mmc.c:1879:12:mmc_read_and_compare_ext_csd	592	static
/home/dangcaominh/STM32MP1/u-boot/u-boot/drivers/mmc/mmc.c:914:12:mmc_set_card_speed.constprop	592	static
/home/dangcaominh/STM32MP1/u-boot/u-boot/drivers/mmc/mmc.c:876:5:mmc_switch	0	static
/home/dangcaominh/STM32MP1/u-boot/u-boot/drivers/mmc/mmc.c:2258:12:mmc_startup_v4.constprop	600	static
/home/dangcaominh/STM32MP1/u-boot/u-boot/drivers/mmc/mmc.c:881:5:mmc_boot_wp	0	static
/home/dangcaominh/STM32MP1/u-boot/u-boot/drivers/mmc/mmc.c:886:5:mmc_boot_wp_single_partition	0	static
/home/dangcaominh/STM32MP1/u-boot/u-boot/drivers/mmc/mmc.c:1067:5:mmc_switch_part	32	static
/home/dangcaominh/STM32MP1/u-boot/u-boot/drivers/mmc/mmc.c:1092:5:mmc_hwpart_config	672	static
/home/dangcaominh/STM32MP1/u-boot/u-boot/drivers/mmc/mmc.c:1644:5:mmc_set_clock	4	static
/home/dangcaominh/STM32MP1/u-boot/u-boot/drivers/mmc/mmc.c:1675:6:mmc_dump_capabilities	0	static
/home/dangcaominh/STM32MP1/u-boot/u-boot/drivers/mmc/mmc.c:2825:5:mmc_get_op_cond	80	static
/home/dangcaominh/STM32MP1/u-boot/u-boot/drivers/mmc/mmc.c:2911:5:mmc_start_init	16	static
/home/dangcaominh/STM32MP1/u-boot/u-boot/drivers/mmc/mmc.c:2985:5:mmc_init	424	static
/home/dangcaominh/STM32MP1/u-boot/u-boot/drivers/mmc/mmc.c:3036:5:mmc_set_dsr	0	static
/home/dangcaominh/STM32MP1/u-boot/u-boot/drivers/mmc/mmc.c:3043:12:cpu_mmc_init	0	static
/home/dangcaominh/STM32MP1/u-boot/u-boot/drivers/mmc/mmc.c:3049:12:board_mmc_init	0	static
/home/dangcaominh/STM32MP1/u-boot/u-boot/drivers/mmc/mmc.c:3054:6:mmc_set_preinit	0	static
/home/dangcaominh/STM32MP1/u-boot/u-boot/drivers/mmc/mmc.c:3098:5:mmc_initialize	40	static
/home/dangcaominh/STM32MP1/u-boot/u-boot/drivers/mmc/mmc.c:3124:5:mmc_init_device	16	static
/home/dangcaominh/STM32MP1/u-boot/u-boot/drivers/mmc/mmc.c:3188:12:mmc_get_env_dev	0	static
