/home/dangcaominh/STM32MP1/u-boot/stm32mp1-u-boot/drivers/mmc/stm32_sdmmc2.c:661:12:stm32_sdmmc2_host_power_cycle	8	static
/home/dangcaominh/STM32MP1/u-boot/stm32mp1-u-boot/drivers/mmc/stm32_sdmmc2.c:250:13:stm32_sdmmc2_start_cmd	16	static
/home/dangcaominh/STM32MP1/u-boot/stm32mp1-u-boot/drivers/mmc/stm32_sdmmc2.c:649:12:stm32_sdmmc2_getcd	8	static
/home/dangcaominh/STM32MP1/u-boot/stm32mp1-u-boot/drivers/mmc/stm32_sdmmc2.c:530:13:stm32_sdmmc2_reset	16	static
/home/dangcaominh/STM32MP1/u-boot/stm32mp1-u-boot/drivers/mmc/stm32_sdmmc2.c:605:12:stm32_sdmmc2_set_ios	32	static
/home/dangcaominh/STM32MP1/u-boot/stm32mp1-u-boot/drivers/mmc/stm32_sdmmc2.c:300:12:stm32_sdmmc2_end_cmd	24	static
/home/dangcaominh/STM32MP1/u-boot/stm32mp1-u-boot/drivers/mmc/stm32_sdmmc2.c:678:12:stm32_sdmmc2_of_to_plat	24	static
/home/dangcaominh/STM32MP1/u-boot/stm32mp1-u-boot/drivers/mmc/stm32_sdmmc2.c:798:12:stm32_sdmmc2_bind	8	static
/home/dangcaominh/STM32MP1/u-boot/stm32mp1-u-boot/drivers/mmc/stm32_sdmmc2.c:775:12:stm32_sdmmc2_probe	80	static
/home/dangcaominh/STM32MP1/u-boot/stm32mp1-u-boot/drivers/mmc/stm32_sdmmc2.c:458:12:stm32_sdmmc2_send_cmd	120	static
