Archive member included to satisfy reference by file (symbol)

./../build/opteemin-sdcard-stm32mp135f-dk/lib/libfdt.a(fdt.o)
                              ./../build/opteemin-sdcard-stm32mp135f-dk/bl2/fconf.o (fdt_check_header)
./../build/opteemin-sdcard-stm32mp135f-dk/lib/libfdt.a(fdt_addresses.o)
                              ./../build/opteemin-sdcard-stm32mp135f-dk/bl2/fdt_wrappers.o (fdt_address_cells)
./../build/opteemin-sdcard-stm32mp135f-dk/lib/libfdt.a(fdt_ro.o)
                              ./../build/opteemin-sdcard-stm32mp135f-dk/bl2/fdt_wrappers.o (fdt_get_name)
./../build/opteemin-sdcard-stm32mp135f-dk/lib/libfdt.a(fdt_rw.o)
                              ./../build/opteemin-sdcard-stm32mp135f-dk/lib/libfdt.a(fdt_addresses.o) (fdt_appendprop)
./../build/opteemin-sdcard-stm32mp135f-dk/lib/libfdt.a(fdt_strerror.o)
                              ./../build/opteemin-sdcard-stm32mp135f-dk/bl2/fdt_wrappers.o (fdt_strerror)
./../build/opteemin-sdcard-stm32mp135f-dk/lib/libfdt.a(fdt_wip.o)
                              ./../build/opteemin-sdcard-stm32mp135f-dk/bl2/fdt_wrappers.o (fdt_setprop_inplace_namelen_partial)
./../build/opteemin-sdcard-stm32mp135f-dk/lib/libc.a(assert.o)
                              ./../build/opteemin-sdcard-stm32mp135f-dk/bl2/bl2_image_load_v2.o (__assert)
./../build/opteemin-sdcard-stm32mp135f-dk/lib/libc.a(memchr.o)
                              ./../build/opteemin-sdcard-stm32mp135f-dk/lib/libfdt.a(fdt_ro.o) (memchr)
./../build/opteemin-sdcard-stm32mp135f-dk/lib/libc.a(memcmp.o)
                              ./../build/opteemin-sdcard-stm32mp135f-dk/bl2/uuid.o (memcmp)
./../build/opteemin-sdcard-stm32mp135f-dk/lib/libc.a(memcpy.o)
                              ./../build/opteemin-sdcard-stm32mp135f-dk/bl2/fdt_wrappers.o (memcpy)
./../build/opteemin-sdcard-stm32mp135f-dk/lib/libc.a(memmove.o)
                              ./../build/opteemin-sdcard-stm32mp135f-dk/bl2/xlat_tables_core.o (memmove)
./../build/opteemin-sdcard-stm32mp135f-dk/lib/libc.a(memset.o)
                              ./../build/opteemin-sdcard-stm32mp135f-dk/bl2/uuid.o (memset)
./../build/opteemin-sdcard-stm32mp135f-dk/lib/libc.a(printf.o)
                              ./../build/opteemin-sdcard-stm32mp135f-dk/bl2/tf_log.o (vprintf)
./../build/opteemin-sdcard-stm32mp135f-dk/lib/libc.a(snprintf.o)
                              ./../build/opteemin-sdcard-stm32mp135f-dk/bl2/clk-stm32mp13.o (snprintf)
./../build/opteemin-sdcard-stm32mp135f-dk/lib/libc.a(strchr.o)
                              ./../build/opteemin-sdcard-stm32mp135f-dk/bl2/fdt_wrappers.o (strchr)
./../build/opteemin-sdcard-stm32mp135f-dk/lib/libc.a(strcmp.o)
                              ./../build/opteemin-sdcard-stm32mp135f-dk/bl2/partition.o (strcmp)
./../build/opteemin-sdcard-stm32mp135f-dk/lib/libc.a(strlcpy.o)
                              ./../build/opteemin-sdcard-stm32mp135f-dk/bl2/fdt_wrappers.o (strlcpy)
./../build/opteemin-sdcard-stm32mp135f-dk/lib/libc.a(strlen.o)
                              ./../build/opteemin-sdcard-stm32mp135f-dk/bl2/fdt_wrappers.o (strlen)
./../build/opteemin-sdcard-stm32mp135f-dk/lib/libc.a(strncmp.o)
                              ./../build/opteemin-sdcard-stm32mp135f-dk/bl2/fdt_wrappers.o (strncmp)
./../build/opteemin-sdcard-stm32mp135f-dk/lib/libc.a(strnlen.o)
                              ./../build/opteemin-sdcard-stm32mp135f-dk/bl2/uuid.o (strnlen)
./../build/opteemin-sdcard-stm32mp135f-dk/lib/libc.a(strrchr.o)
                              ./../build/opteemin-sdcard-stm32mp135f-dk/lib/libfdt.a(fdt_ro.o) (strrchr)

Discarded input sections

 .text          0x00000000        0x0 ./../build/opteemin-sdcard-stm32mp135f-dk/bl2/build_message.o
 .data          0x00000000        0x0 ./../build/opteemin-sdcard-stm32mp135f-dk/bl2/build_message.o
 .bss           0x00000000        0x0 ./../build/opteemin-sdcard-stm32mp135f-dk/bl2/build_message.o
 .rodata.version
                0x00000000        0x8 ./../build/opteemin-sdcard-stm32mp135f-dk/bl2/build_message.o
 .text          0x00000000        0x0 ./../build/opteemin-sdcard-stm32mp135f-dk/bl2/bl2_arch_setup.o
 .data          0x00000000        0x0 ./../build/opteemin-sdcard-stm32mp135f-dk/bl2/bl2_arch_setup.o
 .bss           0x00000000        0x0 ./../build/opteemin-sdcard-stm32mp135f-dk/bl2/bl2_arch_setup.o
 .text          0x00000000        0x0 ./../build/opteemin-sdcard-stm32mp135f-dk/bl2/bl2_image_load_v2.o
 .data          0x00000000        0x0 ./../build/opteemin-sdcard-stm32mp135f-dk/bl2/bl2_image_load_v2.o
 .bss           0x00000000        0x0 ./../build/opteemin-sdcard-stm32mp135f-dk/bl2/bl2_image_load_v2.o
 .text          0x00000000        0x0 ./../build/opteemin-sdcard-stm32mp135f-dk/bl2/bl2_main.o
 .data          0x00000000        0x0 ./../build/opteemin-sdcard-stm32mp135f-dk/bl2/bl2_main.o
 .bss           0x00000000        0x0 ./../build/opteemin-sdcard-stm32mp135f-dk/bl2/bl2_main.o
[...]
Memory Configuration

Name             Origin             Length             Attributes
RAM              0x2ffe4000         0x0001b000         xrw
*default*        0x00000000         0xffffffff

Linker script and memory map

                0x2ffe4000                        RAM_REGION_START = ORIGIN (RAM)
                0x0001b000                        RAM_REGION_LENGTH = LENGTH (RAM)
                0x2ffe4000                        . = 0x2ffe4000
                0x00000001                        ASSERT ((. == ALIGN (0x1000)), BL2_BASE address is not aligned on a page boundary.)

.ro             0x2ffe4000    0x12000
                0x2ffe4000                        __RO_START__ = .
                0x2ffe4000                        __TEXT_RESIDENT_START__ = .
 *bl2_el3_entrypoint.o(SORT_BY_ALIGNMENT(.text*))
 .text.asm.bl2_entrypoint
                0x2ffe4000      0x160 ./../build/opteemin-sdcard-stm32mp135f-dk/bl2/bl2_el3_entrypoint.o
                0x2ffe4000                bl2_entrypoint
 *(SORT_BY_ALIGNMENT(.text.asm.*))
 .text.asm.bl2_run_next_image
                0x2ffe4160       0x48 ./../build/opteemin-sdcard-stm32mp135f-dk/bl2/bl2_run_next_image.o
                0x2ffe4160                bl2_run_next_image
 .text.asm.asm_assert
                0x2ffe41a8       0x7c ./../build/opteemin-sdcard-stm32mp135f-dk/bl2/debug.o
                0x2ffe41a8                asm_assert
 .text.asm.asm_print_str
                0x2ffe4224       0x1c ./../build/opteemin-sdcard-stm32mp135f-dk/bl2/debug.o
                0x2ffe4224                asm_print_str
 .text.asm.asm_print_hex
                0x2ffe4240       0x34 ./../build/opteemin-sdcard-stm32mp135f-dk/bl2/debug.o
                0x2ffe4240                asm_print_hex
                0x2ffe4244                asm_print_hex_bits
 .text.asm.el3_panic
                0x2ffe4274       0x3c ./../build/opteemin-sdcard-stm32mp135f-dk/bl2/debug.o
                0x2ffe4274                el3_panic
 .text.asm.report_exception
                0x2ffe42b0       0x14 ./../build/opteemin-sdcard-stm32mp135f-dk/bl2/debug.o
                0x2ffe42b0                report_exception
 .text.asm.report_prefetch_abort
                0x2ffe42c4       0x10 ./../build/opteemin-sdcard-stm32mp135f-dk/bl2/debug.o
                0x2ffe42c4                report_prefetch_abort
 .text.asm.report_data_abort
                0x2ffe42d4       0x10 ./../build/opteemin-sdcard-stm32mp135f-dk/bl2/debug.o
                0x2ffe42d4                report_data_abort
 .text.asm.console_stm32_core_init
                0x2ffe42e4       0xac ./../build/opteemin-sdcard-stm32mp135f-dk/bl2/stm32_console.o
                0x2ffe42e4                console_stm32_core_init
 .text.asm.console_stm32_register
                0x2ffe4390       0x50 ./../build/opteemin-sdcard-stm32mp135f-dk/bl2/stm32_console.o
                0x2ffe4390                console_stm32_register
 .text.asm.console_stm32_core_putc
                0x2ffe43e0       0x24 ./../build/opteemin-sdcard-stm32mp135f-dk/bl2/stm32_console.o
                0x2ffe43e0                console_stm32_core_putc
 .text.asm.console_stm32_putc
                0x2ffe4404       0x20 ./../build/opteemin-sdcard-stm32mp135f-dk/bl2/stm32_console.o
                0x2ffe4404                console_stm32_putc
 .text.asm.console_stm32_core_flush
                0x2ffe4424       0x34 ./../build/opteemin-sdcard-stm32mp135f-dk/bl2/stm32_console.o
                0x2ffe4424                console_stm32_core_flush
 .text.asm.console_stm32_flush
                0x2ffe4458       0x20 ./../build/opteemin-sdcard-stm32mp135f-dk/bl2/stm32_console.o
                0x2ffe4458                console_stm32_flush
 .text.asm.flush_dcache_range
                0x2ffe4478       0x3c ./../build/opteemin-sdcard-stm32mp135f-dk/bl2/cache_helpers.o
                0x2ffe4478                flush_dcache_range
 .text.asm.clean_dcache_range
                0x2ffe44b4       0x3c ./../build/opteemin-sdcard-stm32mp135f-dk/bl2/cache_helpers.o
                0x2ffe44b4                clean_dcache_range
 .text.asm.inv_dcache_range
                0x2ffe44f0       0x3c ./../build/opteemin-sdcard-stm32mp135f-dk/bl2/cache_helpers.o
                0x2ffe44f0                inv_dcache_range
 .text.asm.do_dcsw_op
                0x2ffe452c       0xc8 ./../build/opteemin-sdcard-stm32mp135f-dk/bl2/cache_helpers.o
 .text.asm.dcsw_op_all
                0x2ffe45f4       0x14 ./../build/opteemin-sdcard-stm32mp135f-dk/bl2/cache_helpers.o
                0x2ffe45f4                dcsw_op_all
 .text.asm.zeromem
                0x2ffe4608       0x64 ./../build/opteemin-sdcard-stm32mp135f-dk/bl2/misc_helpers.o
                0x2ffe4608                zeromem
                0x2ffe4608                zero_normalmem
 .text.asm.disable_mmu_secure
                0x2ffe466c       0x1c ./../build/opteemin-sdcard-stm32mp135f-dk/bl2/misc_helpers.o
                0x2ffe466c                disable_mmu_secure
 .text.asm.disable_mmu_icache_secure
                0x2ffe4688        0xc ./../build/opteemin-sdcard-stm32mp135f-dk/bl2/misc_helpers.o
                0x2ffe4688                disable_mmu_icache_secure
 .text.asm.cortex_a7_enable_smp
                0x2ffe4694       0x14 ./../build/opteemin-sdcard-stm32mp135f-dk/bl2/cortex_a7.o
 .text.asm.cortex_a7_reset_func
                0x2ffe46a8        0x4 ./../build/opteemin-sdcard-stm32mp135f-dk/bl2/cortex_a7.o
 .text.asm.reset_handler
                0x2ffe46ac       0x38 ./../build/opteemin-sdcard-stm32mp135f-dk/bl2/cpu_helpers.o
                0x2ffe46ac                reset_handler
 .text.asm.get_cpu_ops_ptr
                0x2ffe46e4       0x5c ./../build/opteemin-sdcard-stm32mp135f-dk/bl2/cpu_helpers.o
                0x2ffe46e4                get_cpu_ops_ptr
 .text.asm.spin_lock
                0x2ffe4740       0x24 ./../build/opteemin-sdcard-stm32mp135f-dk/bl2/spinlock.o
                0x2ffe4740                spin_lock
 .text.asm.spin_unlock
                0x2ffe4764       0x18 ./../build/opteemin-sdcard-stm32mp135f-dk/bl2/spinlock.o
                0x2ffe4764                spin_unlock
 .text.asm.enable_mmu_direct_svc_mon
                0x2ffe477c       0x80 ./../build/opteemin-sdcard-stm32mp135f-dk/bl2/enable_mmu.o
                0x2ffe477c                enable_mmu_direct_svc_mon
 .text.asm.plat_set_my_stack
                0x2ffe47fc       0x10 ./../build/opteemin-sdcard-stm32mp135f-dk/bl2/platform_up_stack.o
                0x2ffe47fc                plat_set_my_stack
 .text.asm.stm32_pwr_down_wfi_wrapper
                0x2ffe480c       0x88 ./../build/opteemin-sdcard-stm32mp135f-dk/bl2/stm32mp1_critic_power_wrapper.o
                0x2ffe480c                stm32_pwr_down_wfi_wrapper
 .text.asm.stm32_pwr_back_from_stop2
                0x2ffe4894       0x58 ./../build/opteemin-sdcard-stm32mp135f-dk/bl2/stm32mp1_critic_power_wrapper.o
                0x2ffe4894                stm32_pwr_back_from_stop2
 .text.asm.platform_mem_init
                0x2ffe48ec        0x4 ./../build/opteemin-sdcard-stm32mp135f-dk/bl2/stm32mp1_helper.o
                0x2ffe48ec                platform_mem_init
 .text.asm.plat_report_exception
                0x2ffe48f0       0x64 ./../build/opteemin-sdcard-stm32mp135f-dk/bl2/stm32mp1_helper.o
                0x2ffe48f0                plat_report_exception
 .text.asm.plat_report_prefetch_abort
                0x2ffe4954       0x58 ./../build/opteemin-sdcard-stm32mp135f-dk/bl2/stm32mp1_helper.o
                0x2ffe4954                plat_report_prefetch_abort
 .text.asm.plat_report_data_abort
                0x2ffe49ac       0x58 ./../build/opteemin-sdcard-stm32mp135f-dk/bl2/stm32mp1_helper.o
                0x2ffe49ac                plat_report_data_abort
 .text.asm.plat_reset_handler
                0x2ffe4a04        0x4 ./../build/opteemin-sdcard-stm32mp135f-dk/bl2/stm32mp1_helper.o
                0x2ffe4a04                plat_reset_handler
 .text.asm.plat_get_my_entrypoint
                0x2ffe4a08        0x8 ./../build/opteemin-sdcard-stm32mp135f-dk/bl2/stm32mp1_helper.o
                0x2ffe4a08                plat_get_my_entrypoint
 .text.asm.plat_secondary_cold_boot_setup
                0x2ffe4a10        0x4 ./../build/opteemin-sdcard-stm32mp135f-dk/bl2/stm32mp1_helper.o
                0x2ffe4a10                plat_secondary_cold_boot_setup
 .text.asm.plat_is_my_cpu_primary
                0x2ffe4a14       0x20 ./../build/opteemin-sdcard-stm32mp135f-dk/bl2/stm32mp1_helper.o
                0x2ffe4a14                plat_is_my_cpu_primary
 .text.asm.plat_crash_console_init
                0x2ffe4a34       0xc0 ./../build/opteemin-sdcard-stm32mp135f-dk/bl2/stm32mp1_helper.o
                0x2ffe4a34                plat_crash_console_init
 .text.asm.plat_crash_console_flush
                0x2ffe4af4        0xc ./../build/opteemin-sdcard-stm32mp135f-dk/bl2/stm32mp1_helper.o
                0x2ffe4af4                plat_crash_console_flush
 .text.asm.plat_crash_console_putc
                0x2ffe4b00        0xc ./../build/opteemin-sdcard-stm32mp135f-dk/bl2/stm32mp1_helper.o
                0x2ffe4b00                plat_crash_console_putc
 .text.asm.plat_panic_handler
                0x2ffe4b0c       0x14 ./../build/opteemin-sdcard-stm32mp135f-dk/bl2/stm32mp1_helper.o
                0x2ffe4b0c                plat_panic_handler
                0x2ffe4b20                        __TEXT_RESIDENT_END__ = .
 *(SORT_BY_ALIGNMENT(.text*))
 .text.bl2_load_images
                0x2ffe4b20      0x118 ./../build/opteemin-sdcard-stm32mp135f-dk/bl2/bl2_image_load_v2.o
                0x2ffe4b20                bl2_load_images
 .text.bl2_main
                0x2ffe4c38       0x54 ./../build/opteemin-sdcard-stm32mp135f-dk/bl2/bl2_main.o
                0x2ffe4c38                bl2_main
 .text.load_auth_image
                0x2ffe4c8c      0x10c ./../build/opteemin-sdcard-stm32mp135f-dk/bl2/bl_common.o
                0x2ffe4c8c                load_auth_image
 .text.print_entry_point_info
                0x2ffe4d98       0x20 ./../build/opteemin-sdcard-stm32mp135f-dk/bl2/bl_common.o
                0x2ffe4d98                print_entry_point_info
 .text.flush_bl_params_desc_args
                0x2ffe4db8       0x34 ./../build/opteemin-sdcard-stm32mp135f-dk/bl2/desc_image_load.o
                0x2ffe4db8                flush_bl_params_desc_args
 .text.flush_bl_params_desc
                0x2ffe4dec       0x1c ./../build/opteemin-sdcard-stm32mp135f-dk/bl2/desc_image_load.o
                0x2ffe4dec                flush_bl_params_desc
 .text.get_bl_params_node_index
                0x2ffe4e08       0x44 ./../build/opteemin-sdcard-stm32mp135f-dk/bl2/desc_image_load.o
                0x2ffe4e08                get_bl_params_node_index
 .text.get_bl_mem_params_node
                0x2ffe4e4c       0x30 ./../build/opteemin-sdcard-stm32mp135f-dk/bl2/desc_image_load.o
                0x2ffe4e4c                get_bl_mem_params_node
 .text.get_bl_load_info_from_mem_params_desc
                0x2ffe4e7c       0x50 ./../build/opteemin-sdcard-stm32mp135f-dk/bl2/desc_image_load.o
                0x2ffe4e7c                get_bl_load_info_from_mem_params_desc
 .text.get_next_bl_params_from_mem_params_desc
                0x2ffe4ecc       0xc0 ./../build/opteemin-sdcard-stm32mp135f-dk/bl2/desc_image_load.o
                0x2ffe4ecc                get_next_bl_params_from_mem_params_desc
 .text.populate_next_bl_params_config
                0x2ffe4f8c       0x68 ./../build/opteemin-sdcard-stm32mp135f-dk/bl2/desc_image_load.o
                0x2ffe4f8c                populate_next_bl_params_config
 .text.fdt_read_uint32_array
                0x2ffe4ff4       0x70 ./../build/opteemin-sdcard-stm32mp135f-dk/bl2/fdt_wrappers.o
                0x2ffe4ff4                fdt_read_uint32_array
 .text.fdtw_read_string
                0x2ffe5064       0x88 ./../build/opteemin-sdcard-stm32mp135f-dk/bl2/fdt_wrappers.o
                0x2ffe5064                fdtw_read_string
 .text.fdtw_read_uuid
                0x2ffe50ec       0x54 ./../build/opteemin-sdcard-stm32mp135f-dk/bl2/fdt_wrappers.o
                0x2ffe50ec                fdtw_read_uuid
 .text.fdt_get_stdout_node_offset
                0x2ffe5140       0x74 ./../build/opteemin-sdcard-stm32mp135f-dk/bl2/fdt_wrappers.o
                0x2ffe5140                fdt_get_stdout_node_offset
 .text.tf_log   0x2ffe51b4       0x5c ./../build/opteemin-sdcard-stm32mp135f-dk/bl2/tf_log.o
                0x2ffe51b4                tf_log
 .text.read_uuid
                0x2ffe5210       0xc8 ./../build/opteemin-sdcard-stm32mp135f-dk/bl2/uuid.o
                0x2ffe5210                read_uuid
 .text.tzc400_set_action
                0x2ffe52d8       0x24 ./../build/opteemin-sdcard-stm32mp135f-dk/bl2/tzc400.o
                0x2ffe52d8                tzc400_set_action
 .text.tzc400_init
                0x2ffe52fc       0x5c ./../build/opteemin-sdcard-stm32mp135f-dk/bl2/tzc400.o
                0x2ffe52fc                tzc400_init
 .text.tzc400_configure_region0
                0x2ffe5358       0x2c ./../build/opteemin-sdcard-stm32mp135f-dk/bl2/tzc400.o
                0x2ffe5358                tzc400_configure_region0
 .text.tzc400_configure_region
                0x2ffe5384       0xc4 ./../build/opteemin-sdcard-stm32mp135f-dk/bl2/tzc400.o
                0x2ffe5384                tzc400_configure_region
 .text.tzc400_update_filters
                0x2ffe5448       0x44 ./../build/opteemin-sdcard-stm32mp135f-dk/bl2/tzc400.o
                0x2ffe5448                tzc400_update_filters
 .text.tzc400_enable_filters
                0x2ffe548c       0x68 ./../build/opteemin-sdcard-stm32mp135f-dk/bl2/tzc400.o
                0x2ffe548c                tzc400_enable_filters
 .text.tzc400_disable_filters
                0x2ffe54f4       0x50 ./../build/opteemin-sdcard-stm32mp135f-dk/bl2/tzc400.o
                0x2ffe54f4                tzc400_disable_filters
 .text.clk_enable
                0x2ffe5544       0x24 ./../build/opteemin-sdcard-stm32mp135f-dk/bl2/clk.o
                0x2ffe5544                clk_enable
 .text.clk_disable
                0x2ffe5568       0x24 ./../build/opteemin-sdcard-stm32mp135f-dk/bl2/clk.o
                0x2ffe5568                clk_disable
 .text.clk_get_rate
                0x2ffe558c       0x24 ./../build/opteemin-sdcard-stm32mp135f-dk/bl2/clk.o
                0x2ffe558c                clk_get_rate
 .text.clk_is_enabled
                0x2ffe55b0       0x24 ./../build/opteemin-sdcard-stm32mp135f-dk/bl2/clk.o
                0x2ffe55b0                clk_is_enabled
 .text.clk_register
                0x2ffe55d4       0x30 ./../build/opteemin-sdcard-stm32mp135f-dk/bl2/clk.o
                0x2ffe55d4                clk_register
 .text.console_is_registered
                0x2ffe5604       0x28 ./../build/opteemin-sdcard-stm32mp135f-dk/bl2/multi_console.o
                0x2ffe5604                console_is_registered
 .text.console_register
                0x2ffe562c       0x40 ./../build/opteemin-sdcard-stm32mp135f-dk/bl2/multi_console.o
                0x2ffe562c                console_register
 .text.console_set_scope
                0x2ffe566c       0x1c ./../build/opteemin-sdcard-stm32mp135f-dk/bl2/multi_console.o
                0x2ffe566c                console_set_scope
 .text.console_putc
                0x2ffe5688       0x58 ./../build/opteemin-sdcard-stm32mp135f-dk/bl2/multi_console.o
                0x2ffe5688                console_putc
 .text.console_flush
                0x2ffe56e0       0x28 ./../build/opteemin-sdcard-stm32mp135f-dk/bl2/multi_console.o
                0x2ffe56e0                console_flush
 .text.udelay   0x2ffe5708       0x70 ./../build/opteemin-sdcard-stm32mp135f-dk/bl2/delay_timer.o
                0x2ffe5708                udelay
 .text.timer_init
                0x2ffe5778       0x28 ./../build/opteemin-sdcard-stm32mp135f-dk/bl2/delay_timer.o
                0x2ffe5778                timer_init
 .text.generic_delay_timer_init_args
                0x2ffe57a0       0x18 ./../build/opteemin-sdcard-stm32mp135f-dk/bl2/generic_delay_timer.o
                0x2ffe57a0                generic_delay_timer_init_args
 .text.generic_delay_timer_init
                0x2ffe57b8       0x54 ./../build/opteemin-sdcard-stm32mp135f-dk/bl2/generic_delay_timer.o
                0x2ffe57b8                generic_delay_timer_init
 .text.fwu_metadata_load
                0x2ffe580c      0x178 ./../build/opteemin-sdcard-stm32mp135f-dk/bl2/fwu.o
 .text.fwu_get_alternate_boot_bank
                0x2ffe5984       0x90 ./../build/opteemin-sdcard-stm32mp135f-dk/bl2/fwu.o
                0x2ffe5984                fwu_get_alternate_boot_bank
 .text.fwu_get_metadata
                0x2ffe5a14       0x24 ./../build/opteemin-sdcard-stm32mp135f-dk/bl2/fwu.o
                0x2ffe5a14                fwu_get_metadata
 .text.fwu_init
                0x2ffe5a38       0x48 ./../build/opteemin-sdcard-stm32mp135f-dk/bl2/fwu.o
                0x2ffe5a38                fwu_init
 .text.block_seek
                0x2ffe5a80       0x54 ./../build/opteemin-sdcard-stm32mp135f-dk/bl2/io_block.o
 .text.block_open
                0x2ffe5ad4       0x4c ./../build/opteemin-sdcard-stm32mp135f-dk/bl2/io_block.o
 .text.block_write
                0x2ffe5b20      0x11c ./../build/opteemin-sdcard-stm32mp135f-dk/bl2/io_block.o
 .text.block_read
                0x2ffe5c3c       0xe4 ./../build/opteemin-sdcard-stm32mp135f-dk/bl2/io_block.o
 .text.block_dev_close
                0x2ffe5d20       0x48 ./../build/opteemin-sdcard-stm32mp135f-dk/bl2/io_block.o
 .text.block_dev_open
                0x2ffe5d68       0x78 ./../build/opteemin-sdcard-stm32mp135f-dk/bl2/io_block.o
 .text.register_io_dev_block
                0x2ffe5de0       0x2c ./../build/opteemin-sdcard-stm32mp135f-dk/bl2/io_block.o
                0x2ffe5de0                register_io_dev_block
 .text.fip_file_close
                0x2ffe5e0c       0x20 ./../build/opteemin-sdcard-stm32mp135f-dk/bl2/io_fip.o
 .text.fip_dev_init
                0x2ffe5e2c       0x9c ./../build/opteemin-sdcard-stm32mp135f-dk/bl2/io_fip.o
 .text.fip_file_read
                0x2ffe5ec8       0xb4 ./../build/opteemin-sdcard-stm32mp135f-dk/bl2/io_fip.o
 .text.fip_file_len
                0x2ffe5f7c       0x24 ./../build/opteemin-sdcard-stm32mp135f-dk/bl2/io_fip.o
 .text.fip_file_open
                0x2ffe5fa0       0xf0 ./../build/opteemin-sdcard-stm32mp135f-dk/bl2/io_fip.o
 .text.fip_dev_close
                0x2ffe6090       0x50 ./../build/opteemin-sdcard-stm32mp135f-dk/bl2/io_fip.o
 .text.fip_dev_open
                0x2ffe60e0       0x4c ./../build/opteemin-sdcard-stm32mp135f-dk/bl2/io_fip.o
 .text.register_io_dev_fip
                0x2ffe612c       0x2c ./../build/opteemin-sdcard-stm32mp135f-dk/bl2/io_fip.o
                0x2ffe612c                register_io_dev_fip
 .text.free_entity.isra.0
                0x2ffe6158       0x40 ./../build/opteemin-sdcard-stm32mp135f-dk/bl2/io_storage.o
 .text.io_register_device
                0x2ffe6198       0x28 ./../build/opteemin-sdcard-stm32mp135f-dk/bl2/io_storage.o
                0x2ffe6198                io_register_device
 .text.io_dev_open
                0x2ffe61c0       0x28 ./../build/opteemin-sdcard-stm32mp135f-dk/bl2/io_storage.o
                0x2ffe61c0                io_dev_open
 .text.io_dev_init
                0x2ffe61e8       0x34 ./../build/opteemin-sdcard-stm32mp135f-dk/bl2/io_storage.o
                0x2ffe61e8                io_dev_init
 .text.io_dev_close
                0x2ffe621c       0x30 ./../build/opteemin-sdcard-stm32mp135f-dk/bl2/io_storage.o
                0x2ffe621c                io_dev_close
 .text.io_open  0x2ffe624c       0x94 ./../build/opteemin-sdcard-stm32mp135f-dk/bl2/io_storage.o
                0x2ffe624c                io_open
 .text.io_seek  0x2ffe62e0       0x4c ./../build/opteemin-sdcard-stm32mp135f-dk/bl2/io_storage.o
                0x2ffe62e0                io_seek
 .text.io_size  0x2ffe632c       0x34 ./../build/opteemin-sdcard-stm32mp135f-dk/bl2/io_storage.o
                0x2ffe632c                io_size
 .text.io_read  0x2ffe6360       0x48 ./../build/opteemin-sdcard-stm32mp135f-dk/bl2/io_storage.o
                0x2ffe6360                io_read
 .text.io_close
                0x2ffe63a8       0x30 ./../build/opteemin-sdcard-stm32mp135f-dk/bl2/io_storage.o
                0x2ffe63a8                io_close
 .text.mmc_send_cmd
                0x2ffe63d8       0x40 ./../build/opteemin-sdcard-stm32mp135f-dk/bl2/mmc.o
 .text.mmc_device_state
                0x2ffe6418       0x54 ./../build/opteemin-sdcard-stm32mp135f-dk/bl2/mmc.o
 .text.sd_switch.constprop.0
                0x2ffe646c       0x44 ./../build/opteemin-sdcard-stm32mp135f-dk/bl2/mmc.o
 .text.mmc_read_blocks
                0x2ffe64b0       0xd8 ./../build/opteemin-sdcard-stm32mp135f-dk/bl2/mmc.o
                0x2ffe64b0                mmc_read_blocks
 .text.mmc_init
                0x2ffe6588      0x4d4 ./../build/opteemin-sdcard-stm32mp135f-dk/bl2/mmc.o
                0x2ffe6588                mmc_init
 .text.parse_gpt_entry
                0x2ffe6a5c       0xb0 ./../build/opteemin-sdcard-stm32mp135f-dk/bl2/gpt.o
                0x2ffe6a5c                parse_gpt_entry
 .text.load_gpt_header
                0x2ffe6b0c       0x80 ./../build/opteemin-sdcard-stm32mp135f-dk/bl2/partition.o
 .text.load_partition_gpt
                0x2ffe6b8c       0x6c ./../build/opteemin-sdcard-stm32mp135f-dk/bl2/partition.o
 .text.load_partition_table
                0x2ffe6bf8      0x204 ./../build/opteemin-sdcard-stm32mp135f-dk/bl2/partition.o
                0x2ffe6bf8                load_partition_table
 .text.get_partition_entry
                0x2ffe6dfc       0x34 ./../build/opteemin-sdcard-stm32mp135f-dk/bl2/partition.o
                0x2ffe6dfc                get_partition_entry
 .text.get_partition_entry_by_type
                0x2ffe6e30       0x38 ./../build/opteemin-sdcard-stm32mp135f-dk/bl2/partition.o
                0x2ffe6e30                get_partition_entry_by_type
 .text.get_partition_entry_by_guid
                0x2ffe6e68       0x38 ./../build/opteemin-sdcard-stm32mp135f-dk/bl2/partition.o
                0x2ffe6e68                get_partition_entry_by_guid
 .text.partition_init
                0x2ffe6ea0       0x1c ./../build/opteemin-sdcard-stm32mp135f-dk/bl2/partition.o
                0x2ffe6ea0                partition_init
 .text.is_otp_invalid_mode
                0x2ffe6ebc       0x28 ./../build/opteemin-sdcard-stm32mp135f-dk/bl2/bsec2.o
 .text.bsec_lock
                0x2ffe6ee4       0x18 ./../build/opteemin-sdcard-stm32mp135f-dk/bl2/bsec2.o
 .text.bsec_unlock
                0x2ffe6efc       0x18 ./../build/opteemin-sdcard-stm32mp135f-dk/bl2/bsec2.o
 .text.bsec_power_safmem
                0x2ffe6f14       0x58 ./../build/opteemin-sdcard-stm32mp135f-dk/bl2/bsec2.o
 .text.otp_bank_offset
                0x2ffe6f6c       0x18 ./../build/opteemin-sdcard-stm32mp135f-dk/bl2/bsec2.o
 .text.bsec_check_error
                0x2ffe6f84       0x34 ./../build/opteemin-sdcard-stm32mp135f-dk/bl2/bsec2.o
 .text.bsec_probe
                0x2ffe6fb8       0x3c ./../build/opteemin-sdcard-stm32mp135f-dk/bl2/bsec2.o
                0x2ffe6fb8                bsec_probe
 .text.bsec_read_debug_conf
                0x2ffe6ff4        0xc ./../build/opteemin-sdcard-stm32mp135f-dk/bl2/bsec2.o
                0x2ffe6ff4                bsec_read_debug_conf
 .text.bsec_write_scratch
                0x2ffe7000        0xc ./../build/opteemin-sdcard-stm32mp135f-dk/bl2/bsec2.o
                0x2ffe7000                bsec_write_scratch
 .text.bsec_read_sr_lock
                0x2ffe700c       0x34 ./../build/opteemin-sdcard-stm32mp135f-dk/bl2/bsec2.o
                0x2ffe700c                bsec_read_sr_lock
 .text.bsec_read_sw_lock
                0x2ffe7040       0x34 ./../build/opteemin-sdcard-stm32mp135f-dk/bl2/bsec2.o
                0x2ffe7040                bsec_read_sw_lock
 .text.bsec_write_otp
                0x2ffe7074       0x4c ./../build/opteemin-sdcard-stm32mp135f-dk/bl2/bsec2.o
                0x2ffe7074                bsec_write_otp
 .text.bsec_shadow_read_otp
                0x2ffe70c0       0xb8 ./../build/opteemin-sdcard-stm32mp135f-dk/bl2/bsec2.o
                0x2ffe70c0                bsec_shadow_read_otp
 .text.clk_stm32_get_priv
                0x2ffe7178        0xc ./../build/opteemin-sdcard-stm32mp135f-dk/bl2/clk-stm32-core.o
                0x2ffe7178                clk_stm32_get_priv
 .text.clk_stm32_rcc_regs_lock
                0x2ffe7184        0xc ./../build/opteemin-sdcard-stm32mp135f-dk/bl2/clk-stm32-core.o
                0x2ffe7184                clk_stm32_rcc_regs_lock
 .text.clk_stm32_rcc_regs_unlock
                0x2ffe7190        0xc ./../build/opteemin-sdcard-stm32mp135f-dk/bl2/clk-stm32-core.o
                0x2ffe7190                clk_stm32_rcc_regs_unlock
 .text._clk_get_ops
                0x2ffe719c       0x20 ./../build/opteemin-sdcard-stm32mp135f-dk/bl2/clk-stm32-core.o
 .text.fixed_factor_recalc_rate
                0x2ffe71bc       0x2c ./../build/opteemin-sdcard-stm32mp135f-dk/bl2/clk-stm32-core.o
                0x2ffe71bc                fixed_factor_recalc_rate
 .text.clk_mux_set_parent
                0x2ffe71e8       0x8c ./../build/opteemin-sdcard-stm32mp135f-dk/bl2/clk-stm32-core.o
                0x2ffe71e8                clk_mux_set_parent
 .text.clk_stm32_get_parent
                0x2ffe7274       0x3c ./../build/opteemin-sdcard-stm32mp135f-dk/bl2/clk-stm32-core.o
 .text.clk_stm32_get_rate
                0x2ffe72b0       0x3c ./../build/opteemin-sdcard-stm32mp135f-dk/bl2/clk-stm32-core.o
 .text.clk_stm32_enable_call_ops
                0x2ffe72ec       0x4c ./../build/opteemin-sdcard-stm32mp135f-dk/bl2/clk-stm32-core.o
                0x2ffe72ec                clk_stm32_enable_call_ops
 .text._clk_stm32_enable_core
                0x2ffe7338       0x60 ./../build/opteemin-sdcard-stm32mp135f-dk/bl2/clk-stm32-core.o
 .text._clk_stm32_enable
                0x2ffe7398       0x28 ./../build/opteemin-sdcard-stm32mp135f-dk/bl2/clk-stm32-core.o
                0x2ffe7398                _clk_stm32_enable
 .text.clk_stm32_enable
                0x2ffe73c0       0x3c ./../build/opteemin-sdcard-stm32mp135f-dk/bl2/clk-stm32-core.o
 .text._clk_stm32_disable
                0x2ffe73fc       0x70 ./../build/opteemin-sdcard-stm32mp135f-dk/bl2/clk-stm32-core.o
                0x2ffe73fc                _clk_stm32_disable
 .text.clk_stm32_disable
                0x2ffe746c       0x3c ./../build/opteemin-sdcard-stm32mp135f-dk/bl2/clk-stm32-core.o
 .text.clk_stm32_is_enabled
                0x2ffe74a8       0x3c ./../build/opteemin-sdcard-stm32mp135f-dk/bl2/clk-stm32-core.o
 .text.clk_stm32_enable_critical_clocks
                0x2ffe74e4       0x2c ./../build/opteemin-sdcard-stm32mp135f-dk/bl2/clk-stm32-core.o
                0x2ffe74e4                clk_stm32_enable_critical_clocks
 .text.clk_stm32_set_div
                0x2ffe7510       0x94 ./../build/opteemin-sdcard-stm32mp135f-dk/bl2/clk-stm32-core.o
                0x2ffe7510                clk_stm32_set_div
 .text.clk_stm32_init
                0x2ffe75a4       0x3c ./../build/opteemin-sdcard-stm32mp135f-dk/bl2/clk-stm32-core.o
                0x2ffe75a4                clk_stm32_init
 .text.clk_stm32_osc_gate_enable
                0x2ffe75e0       0x44 ./../build/opteemin-sdcard-stm32mp135f-dk/bl2/clk-stm32mp13.o
 .text.clk_stm32_osc_init
                0x2ffe7624       0x88 ./../build/opteemin-sdcard-stm32mp135f-dk/bl2/clk-stm32mp13.o
 .text.clk_stm32_osc_gate_disable
                0x2ffe76ac       0x44 ./../build/opteemin-sdcard-stm32mp135f-dk/bl2/clk-stm32mp13.o
 .text.clk_stm32_pll_is_enabled
                0x2ffe76f0       0x24 ./../build/opteemin-sdcard-stm32mp135f-dk/bl2/clk-stm32mp13.o
 .text.clk_stm32_pll_recalc_rate
                0x2ffe7714       0x64 ./../build/opteemin-sdcard-stm32mp135f-dk/bl2/clk-stm32mp13.o
 .text._clk_stm32_pll_enable
                0x2ffe7778       0x7c ./../build/opteemin-sdcard-stm32mp135f-dk/bl2/clk-stm32mp13.o
 .text.clk_stm32_pll_enable
                0x2ffe77f4       0x20 ./../build/opteemin-sdcard-stm32mp135f-dk/bl2/clk-stm32mp13.o
 .text._clk_stm32_pll_disable
                0x2ffe7814       0x80 ./../build/opteemin-sdcard-stm32mp135f-dk/bl2/clk-stm32mp13.o
 .text.clk_stm32_pll_disable
                0x2ffe7894       0x20 ./../build/opteemin-sdcard-stm32mp135f-dk/bl2/clk-stm32mp13.o
 .text.clk_stm32_pll_init
                0x2ffe78b4      0x158 ./../build/opteemin-sdcard-stm32mp135f-dk/bl2/clk-stm32mp13.o
 .text.stm32mp1_clk_init
                0x2ffe7a0c      0x570 ./../build/opteemin-sdcard-stm32mp135f-dk/bl2/clk-stm32mp13.o
                0x2ffe7a0c                stm32mp1_clk_init
 .text.stm32mp1_clk_probe
                0x2ffe7f7c      0x2c4 ./../build/opteemin-sdcard-stm32mp135f-dk/bl2/clk-stm32mp13.o
                0x2ffe7f7c                stm32mp1_clk_probe
 .text.fdt_get_clock_id
                0x2ffe8240       0x34 ./../build/opteemin-sdcard-stm32mp135f-dk/bl2/stm32mp_clkfunc.o
                0x2ffe8240                fdt_get_clock_id
 .text.stm32mp_stgen_config
                0x2ffe8274       0x4c ./../build/opteemin-sdcard-stm32mp135f-dk/bl2/stm32mp_clkfunc.o
                0x2ffe8274                stm32mp_stgen_config
 .text.stm32mp_stgen_restore_rate
                0x2ffe82c0       0x10 ./../build/opteemin-sdcard-stm32mp135f-dk/bl2/stm32mp_clkfunc.o
                0x2ffe82c0                stm32mp_stgen_restore_rate
 .text.seed_error_recovery
                0x2ffe82d0       0x34 ./../build/opteemin-sdcard-stm32mp135f-dk/bl2/stm32_rng.o
 .text.check_data_validity
                0x2ffe8304       0x40 ./../build/opteemin-sdcard-stm32mp135f-dk/bl2/stm32_rng.o
 .text.stm32_rng_read
                0x2ffe8344       0x80 ./../build/opteemin-sdcard-stm32mp135f-dk/bl2/stm32_rng.o
                0x2ffe8344                stm32_rng_read
 .text.stm32_rng_init
                0x2ffe83c4      0x27c ./../build/opteemin-sdcard-stm32mp135f-dk/bl2/stm32_rng.o
                0x2ffe83c4                stm32_rng_init
 .text.stm32mp1_ddr_init
                0x2ffe8640      0x498 ./../build/opteemin-sdcard-stm32mp135f-dk/bl2/stm32mp1_ddr.o
                0x2ffe8640                stm32mp1_ddr_init
 .text.ddr_sw_self_refresh_exit
                0x2ffe8ad8      0x1cc ./../build/opteemin-sdcard-stm32mp135f-dk/bl2/stm32mp1_ddr_helpers.o
                0x2ffe8ad8                ddr_sw_self_refresh_exit
 .text.ddr_read_sr_mode
                0x2ffe8ca4       0x18 ./../build/opteemin-sdcard-stm32mp135f-dk/bl2/stm32mp1_ddr_helpers.o
                0x2ffe8ca4                ddr_read_sr_mode
 .text.ddr_set_sr_mode
                0x2ffe8cbc      0x1c0 ./../build/opteemin-sdcard-stm32mp135f-dk/bl2/stm32mp1_ddr_helpers.o
                0x2ffe8cbc                ddr_set_sr_mode
 .text.stm32mp1_ddr_setup
                0x2ffe8e7c      0x154 ./../build/opteemin-sdcard-stm32mp135f-dk/bl2/stm32mp1_ram.o
 .text.stm32mp1_ddr_clk_enable
                0x2ffe8fd0       0x48 ./../build/opteemin-sdcard-stm32mp135f-dk/bl2/stm32mp1_ram.o
                0x2ffe8fd0                stm32mp1_ddr_clk_enable
 .text.stm32mp1_ddr_is_restored
                0x2ffe9018        0xc ./../build/opteemin-sdcard-stm32mp135f-dk/bl2/stm32mp1_ram.o
                0x2ffe9018                stm32mp1_ddr_is_restored
 .text.stm32mp1_ddr_probe
                0x2ffe9024       0x3c ./../build/opteemin-sdcard-stm32mp135f-dk/bl2/stm32mp1_ram.o
                0x2ffe9024                stm32mp1_ddr_probe
 .text.stm32mp_ddr_set_reg
                0x2ffe9060       0x48 ./../build/opteemin-sdcard-stm32mp135f-dk/bl2/stm32mp_ddr.o
                0x2ffe9060                stm32mp_ddr_set_reg
 .text.stm32mp_ddr_sw_selfref_entry
                0x2ffe90a8       0x58 ./../build/opteemin-sdcard-stm32mp135f-dk/bl2/stm32mp_ddr.o
                0x2ffe90a8                stm32mp_ddr_sw_selfref_entry
 .text.stm32mp_ddr_set_qd3_update_conditions
                0x2ffe9100       0x4c ./../build/opteemin-sdcard-stm32mp135f-dk/bl2/stm32mp_ddr.o
                0x2ffe9100                stm32mp_ddr_set_qd3_update_conditions
 .text.stm32mp_ddr_unset_qd3_update_conditions
                0x2ffe914c       0x40 ./../build/opteemin-sdcard-stm32mp135f-dk/bl2/stm32mp_ddr.o
                0x2ffe914c                stm32mp_ddr_unset_qd3_update_conditions
 .text.stm32mp_ddr_dt_get_info
                0x2ffe918c       0x50 ./../build/opteemin-sdcard-stm32mp135f-dk/bl2/stm32mp_ram.o
                0x2ffe918c                stm32mp_ddr_dt_get_info
 .text.stm32mp_ddr_dt_get_param
                0x2ffe91dc       0x54 ./../build/opteemin-sdcard-stm32mp135f-dk/bl2/stm32mp_ram.o
                0x2ffe91dc                stm32mp_ddr_dt_get_param
 .text.set_gpio.isra.0
                0x2ffe9230       0xf0 ./../build/opteemin-sdcard-stm32mp135f-dk/bl2/stm32_gpio.o
 .text.dt_set_pinctrl_config
                0x2ffe9320      0x240 ./../build/opteemin-sdcard-stm32mp135f-dk/bl2/stm32_gpio.o
                0x2ffe9320                dt_set_pinctrl_config
 .text.i2c_transfer_config.isra.0
                0x2ffe9560       0x2c ./../build/opteemin-sdcard-stm32mp135f-dk/bl2/stm32_i2c.o
 .text.i2c_read.isra.0
                0x2ffe958c      0x1f0 ./../build/opteemin-sdcard-stm32mp135f-dk/bl2/stm32_i2c.o
 .text.i2c_write
                0x2ffe977c      0x218 ./../build/opteemin-sdcard-stm32mp135f-dk/bl2/stm32_i2c.o
 .text.stm32_i2c_get_setup_from_fdt
                0x2ffe9994       0x64 ./../build/opteemin-sdcard-stm32mp135f-dk/bl2/stm32_i2c.o
                0x2ffe9994                stm32_i2c_get_setup_from_fdt
 .text.stm32_i2c_init
                0x2ffe99f8      0x434 ./../build/opteemin-sdcard-stm32mp135f-dk/bl2/stm32_i2c.o
                0x2ffe99f8                stm32_i2c_init
 .text.stm32_i2c_is_device_ready
                0x2ffe9e2c      0x130 ./../build/opteemin-sdcard-stm32mp135f-dk/bl2/stm32_i2c.o
                0x2ffe9e2c                stm32_i2c_is_device_ready
 .text.fdt_get_clk_by_name
                0x2ffe9f5c       0x4c ./../build/opteemin-sdcard-stm32mp135f-dk/bl2/stm32_iwdg.o
 .text.stm32_iwdg_refresh
                0x2ffe9fa8       0x40 ./../build/opteemin-sdcard-stm32mp135f-dk/bl2/stm32_iwdg.o
                0x2ffe9fa8                stm32_iwdg_refresh
 .text.stm32_iwdg_init
                0x2ffe9fe8      0x184 ./../build/opteemin-sdcard-stm32mp135f-dk/bl2/stm32_iwdg.o
                0x2ffe9fe8                stm32_iwdg_init
 .text.check_region_settings
                0x2ffea16c       0x70 ./../build/opteemin-sdcard-stm32mp135f-dk/bl2/stm32_mce.o
 .text.stm32_mce_init
                0x2ffea1dc       0x68 ./../build/opteemin-sdcard-stm32mp135f-dk/bl2/stm32_mce.o
                0x2ffea1dc                stm32_mce_init
 .text.stm32_mce_write_master_key
                0x2ffea244       0x90 ./../build/opteemin-sdcard-stm32mp135f-dk/bl2/stm32_mce.o
                0x2ffea244                stm32_mce_write_master_key
 .text.stm32_mce_lock_master_key
                0x2ffea2d4       0x10 ./../build/opteemin-sdcard-stm32mp135f-dk/bl2/stm32_mce.o
                0x2ffea2d4                stm32_mce_lock_master_key
 .text.stm32_mce_is_hw_encryption_functional
                0x2ffea2e4       0x14 ./../build/opteemin-sdcard-stm32mp135f-dk/bl2/stm32_mce.o
                0x2ffea2e4                stm32_mce_is_hw_encryption_functional
 .text.stm32_mce_configure_region.part.0
                0x2ffea2f8       0x60 ./../build/opteemin-sdcard-stm32mp135f-dk/bl2/stm32_mce.o
 .text.fconf_populate_mce
                0x2ffea358       0xd0 ./../build/opteemin-sdcard-stm32mp135f-dk/bl2/stm32_mce.o
 .text.stm32_sdmmc2_set_ios
                0x2ffea428       0x78 ./../build/opteemin-sdcard-stm32mp135f-dk/bl2/stm32_sdmmc2.o
 .text.stm32_sdmmc2_init
                0x2ffea4a0       0x8c ./../build/opteemin-sdcard-stm32mp135f-dk/bl2/stm32_sdmmc2.o
 .text.stm32_sdmmc2_send_cmd
                0x2ffea52c      0x318 ./../build/opteemin-sdcard-stm32mp135f-dk/bl2/stm32_sdmmc2.o
 .text.stm32_sdmmc2_read
                0x2ffea844      0x138 ./../build/opteemin-sdcard-stm32mp135f-dk/bl2/stm32_sdmmc2.o
 .text.stm32_sdmmc2_prepare
                0x2ffea97c       0xb4 ./../build/opteemin-sdcard-stm32mp135f-dk/bl2/stm32_sdmmc2.o
 .text.stm32_sdmmc2_mmc_init
                0x2ffeaa30      0x184 ./../build/opteemin-sdcard-stm32mp135f-dk/bl2/stm32_sdmmc2.o
                0x2ffeaa30                stm32_sdmmc2_mmc_init
 .text.nvmem_driver_register
                0x2ffeabb4       0x24 ./../build/opteemin-sdcard-stm32mp135f-dk/bl2/nvmem.o
                0x2ffeabb4                nvmem_driver_register
 .text.nvmem_get_cell_by_index
                0x2ffeabd8       0x90 ./../build/opteemin-sdcard-stm32mp135f-dk/bl2/nvmem.o
                0x2ffeabd8                nvmem_get_cell_by_index
 .text.nvmem_get_cell_by_name
                0x2ffeac68       0x2c ./../build/opteemin-sdcard-stm32mp135f-dk/bl2/nvmem.o
                0x2ffeac68                nvmem_get_cell_by_name
 .text.stm32_tamp_nvram_write_bkp
                0x2ffeac94       0x68 ./../build/opteemin-sdcard-stm32mp135f-dk/bl2/stm32mp_tamp_nvram_core.o
 .text.stm32_tamp_nvram_read_bkp.constprop.0.isra.0
                0x2ffeacfc       0x68 ./../build/opteemin-sdcard-stm32mp135f-dk/bl2/stm32mp_tamp_nvram_core.o
 .text.stm32_tamp_nvram_read_cell
                0x2ffead64       0xa4 ./../build/opteemin-sdcard-stm32mp135f-dk/bl2/stm32mp_tamp_nvram_core.o
 .text.stm32_tamp_nvram_write_cell
                0x2ffeae08       0xc4 ./../build/opteemin-sdcard-stm32mp135f-dk/bl2/stm32mp_tamp_nvram_core.o
 .text.stm32_tamp_nvram_update_rights
                0x2ffeaecc       0xc4 ./../build/opteemin-sdcard-stm32mp135f-dk/bl2/stm32mp_tamp_nvram_core.o
                0x2ffeaecc                stm32_tamp_nvram_update_rights
 .text.stm32_tamp_nvram_init
                0x2ffeaf90       0xc4 ./../build/opteemin-sdcard-stm32mp135f-dk/bl2/stm32mp_tamp_nvram_core.o
                0x2ffeaf90                stm32_tamp_nvram_init
 .text.stm32_tamp_nvram_get_cdata
                0x2ffeb054        0x8 ./../build/opteemin-sdcard-stm32mp135f-dk/bl2/stm32mp_tamp_nvram_mp1.o
                0x2ffeb054                stm32_tamp_nvram_get_cdata
 .text.stm32_tamp_nvram_get_access_rights
                0x2ffeb05c        0x8 ./../build/opteemin-sdcard-stm32mp135f-dk/bl2/stm32mp_tamp_nvram_mp1.o
                0x2ffeb05c                stm32_tamp_nvram_get_access_rights
 .text.dt_get_pmic_node
                0x2ffeb064       0x24 ./../build/opteemin-sdcard-stm32mp135f-dk/bl2/stm32mp_pmic.o
 .text.handle_pmic_property
                0x2ffeb088       0x30 ./../build/opteemin-sdcard-stm32mp135f-dk/bl2/stm32mp_pmic.o
 .text.dt_pmic_status
                0x2ffeb0b8       0x34 ./../build/opteemin-sdcard-stm32mp135f-dk/bl2/stm32mp_pmic.o
                0x2ffeb0b8                dt_pmic_status
 .text.initialize_pmic_i2c
                0x2ffeb0ec      0x10c ./../build/opteemin-sdcard-stm32mp135f-dk/bl2/stm32mp_pmic.o
                0x2ffeb0ec                initialize_pmic_i2c
 .text.initialize_pmic
                0x2ffeb1f8      0x114 ./../build/opteemin-sdcard-stm32mp135f-dk/bl2/stm32mp_pmic.o
                0x2ffeb1f8                initialize_pmic
 .text.print_pmic_info_and_debug
                0x2ffeb30c       0x30 ./../build/opteemin-sdcard-stm32mp135f-dk/bl2/stm32mp_pmic.o
                0x2ffeb30c                print_pmic_info_and_debug
 .text.pmic_voltages_init
                0x2ffeb33c       0x3c ./../build/opteemin-sdcard-stm32mp135f-dk/bl2/stm32mp_pmic.o
                0x2ffeb33c                pmic_voltages_init
 .text.get_regulator_data
                0x2ffeb378       0x44 ./../build/opteemin-sdcard-stm32mp135f-dk/bl2/stpmic1.o
 .text.stpmic1_regulator_levels_mv
                0x2ffeb3bc       0x40 ./../build/opteemin-sdcard-stm32mp135f-dk/bl2/stpmic1.o
                0x2ffeb3bc                stpmic1_regulator_levels_mv
 .text.stpmic1_register_read
                0x2ffeb3fc       0x28 ./../build/opteemin-sdcard-stm32mp135f-dk/bl2/stpmic1.o
                0x2ffeb3fc                stpmic1_register_read
 .text.stpmic1_regulator_voltage_get
                0x2ffeb424       0x90 ./../build/opteemin-sdcard-stm32mp135f-dk/bl2/stpmic1.o
                0x2ffeb424                stpmic1_regulator_voltage_get
 .text.stpmic1_register_write
                0x2ffeb4b4       0x60 ./../build/opteemin-sdcard-stm32mp135f-dk/bl2/stpmic1.o
                0x2ffeb4b4                stpmic1_register_write
 .text.stpmic1_regulator_voltage_set
                0x2ffeb514       0x98 ./../build/opteemin-sdcard-stm32mp135f-dk/bl2/stpmic1.o
                0x2ffeb514                stpmic1_regulator_voltage_set
 .text.stpmic1_regulator_sink_mode_set
                0x2ffeb5ac       0x30 ./../build/opteemin-sdcard-stm32mp135f-dk/bl2/stpmic1.o
                0x2ffeb5ac                stpmic1_regulator_sink_mode_set
 .text.stpmic1_regulator_bypass_mode_set
                0x2ffeb5dc       0x30 ./../build/opteemin-sdcard-stm32mp135f-dk/bl2/stpmic1.o
                0x2ffeb5dc                stpmic1_regulator_bypass_mode_set
 .text.stpmic1_active_discharge_mode_set
                0x2ffeb60c       0x3c ./../build/opteemin-sdcard-stm32mp135f-dk/bl2/stpmic1.o
                0x2ffeb60c                stpmic1_active_discharge_mode_set
 .text.stpmic1_bind_i2c
                0x2ffeb648       0x14 ./../build/opteemin-sdcard-stm32mp135f-dk/bl2/stpmic1.o
                0x2ffeb648                stpmic1_bind_i2c
 .text.regulator_get_by_name
                0x2ffeb65c       0x48 ./../build/opteemin-sdcard-stm32mp135f-dk/bl2/regulator_core.o
                0x2ffeb65c                regulator_get_by_name
 .text.regulator_get_by_supply_name
                0x2ffeb6a4       0x74 ./../build/opteemin-sdcard-stm32mp135f-dk/bl2/regulator_core.o
                0x2ffeb6a4                regulator_get_by_supply_name
 .text.regulator_enable
                0x2ffeb718       0x30 ./../build/opteemin-sdcard-stm32mp135f-dk/bl2/regulator_core.o
                0x2ffeb718                regulator_enable
 .text.regulator_disable
                0x2ffeb748       0x3c ./../build/opteemin-sdcard-stm32mp135f-dk/bl2/regulator_core.o
                0x2ffeb748                regulator_disable
 .text.regulator_get_voltage
                0x2ffeb784       0x4c ./../build/opteemin-sdcard-stm32mp135f-dk/bl2/regulator_core.o
                0x2ffeb784                regulator_get_voltage
 .text.regulator_set_voltage
                0x2ffeb7d0       0x6c ./../build/opteemin-sdcard-stm32mp135f-dk/bl2/regulator_core.o
                0x2ffeb7d0                regulator_set_voltage
 .text.regulator_list_voltages
                0x2ffeb83c       0xe0 ./../build/opteemin-sdcard-stm32mp135f-dk/bl2/regulator_core.o
                0x2ffeb83c                regulator_list_voltages
 .text.regulator_get_range
                0x2ffeb91c       0x20 ./../build/opteemin-sdcard-stm32mp135f-dk/bl2/regulator_core.o
                0x2ffeb91c                regulator_get_range
 .text.regulator_register
                0x2ffeb93c      0x180 ./../build/opteemin-sdcard-stm32mp135f-dk/bl2/regulator_core.o
                0x2ffeb93c                regulator_register
 .text.fixed_regulator_register
                0x2ffebabc       0xc8 ./../build/opteemin-sdcard-stm32mp135f-dk/bl2/regulator_fixed.o
                0x2ffebabc                fixed_regulator_register
 .text.stm32mp_reset_assert
                0x2ffebb84       0x60 ./../build/opteemin-sdcard-stm32mp135f-dk/bl2/stm32mp1_reset.o
                0x2ffebb84                stm32mp_reset_assert
 .text.stm32mp_reset_deassert
                0x2ffebbe4       0x60 ./../build/opteemin-sdcard-stm32mp135f-dk/bl2/stm32mp1_reset.o
                0x2ffebbe4                stm32mp_reset_deassert
 .text.fconf_populate
                0x2ffebc44       0x88 ./../build/opteemin-sdcard-stm32mp135f-dk/bl2/fconf.o
                0x2ffebc44                fconf_populate
 .text.set_config_info
                0x2ffebccc       0x40 ./../build/opteemin-sdcard-stm32mp135f-dk/bl2/fconf_dyn_cfg_getter.o
                0x2ffebccc                set_config_info
 .text.fconf_populate_dtb_registry
                0x2ffebd0c      0x10c ./../build/opteemin-sdcard-stm32mp135f-dk/bl2/fconf_dyn_cfg_getter.o
                0x2ffebd0c                fconf_populate_dtb_registry
 .text.dyn_cfg_dtb_info_get_index
                0x2ffebe18       0x20 ./../build/opteemin-sdcard-stm32mp135f-dk/bl2/fconf_dyn_cfg_getter.o
                0x2ffebe18                dyn_cfg_dtb_info_get_index
 .text.dyn_cfg_dtb_info_getter
                0x2ffebe38       0x28 ./../build/opteemin-sdcard-stm32mp135f-dk/bl2/fconf_dyn_cfg_getter.o
                0x2ffebe38                dyn_cfg_dtb_info_getter
 .text.parse_optee_image
                0x2ffebe60       0x60 ./../build/opteemin-sdcard-stm32mp135f-dk/bl2/optee_utils.o
 .text.optee_header_is_valid
                0x2ffebec0       0x24 ./../build/opteemin-sdcard-stm32mp135f-dk/bl2/optee_utils.o
                0x2ffebec0                optee_header_is_valid
 .text.parse_optee_header
                0x2ffebee4      0x114 ./../build/opteemin-sdcard-stm32mp135f-dk/bl2/optee_utils.o
                0x2ffebee4                parse_optee_header
 .text.xlat_arch_regime_get_xn_desc
                0x2ffebff8       0x28 ./../build/opteemin-sdcard-stm32mp135f-dk/bl2/xlat_tables_arch.o
                0x2ffebff8                xlat_arch_regime_get_xn_desc
 .text.xlat_arch_tlbi_va
                0x2ffec020       0x2c ./../build/opteemin-sdcard-stm32mp135f-dk/bl2/xlat_tables_arch.o
                0x2ffec020                xlat_arch_tlbi_va
 .text.xlat_arch_current_el
                0x2ffec04c       0x3c ./../build/opteemin-sdcard-stm32mp135f-dk/bl2/xlat_tables_arch.o
                0x2ffec04c                xlat_arch_current_el
 .text.is_mmu_enabled_ctx
                0x2ffec088       0x40 ./../build/opteemin-sdcard-stm32mp135f-dk/bl2/xlat_tables_arch.o
                0x2ffec088                is_mmu_enabled_ctx
 .text.setup_mmu_cfg
                0x2ffec0c8       0xac ./../build/opteemin-sdcard-stm32mp135f-dk/bl2/xlat_tables_arch.o
                0x2ffec0c8                setup_mmu_cfg
 .text.mmap_add_region
                0x2ffec174       0x28 ./../build/opteemin-sdcard-stm32mp135f-dk/bl2/xlat_tables_context.o
                0x2ffec174                mmap_add_region
 .text.mmap_add
                0x2ffec19c        0xc ./../build/opteemin-sdcard-stm32mp135f-dk/bl2/xlat_tables_context.o
                0x2ffec19c                mmap_add
 .text.mmap_add_dynamic_region
                0x2ffec1a8       0x28 ./../build/opteemin-sdcard-stm32mp135f-dk/bl2/xlat_tables_context.o
                0x2ffec1a8                mmap_add_dynamic_region
 .text.mmap_remove_dynamic_region
                0x2ffec1d0       0x10 ./../build/opteemin-sdcard-stm32mp135f-dk/bl2/xlat_tables_context.o
                0x2ffec1d0                mmap_remove_dynamic_region
 .text.init_xlat_tables
                0x2ffec1e0       0x3c ./../build/opteemin-sdcard-stm32mp135f-dk/bl2/xlat_tables_context.o
                0x2ffec1e0                init_xlat_tables
 .text.enable_mmu_svc_mon
                0x2ffec21c       0x34 ./../build/opteemin-sdcard-stm32mp135f-dk/bl2/xlat_tables_context.o
                0x2ffec21c                enable_mmu_svc_mon
 .text.xlat_table_get_index
                0x2ffec250       0x28 ./../build/opteemin-sdcard-stm32mp135f-dk/bl2/xlat_tables_core.o
 .text.xlat_tables_unmap_region
                0x2ffec278      0x138 ./../build/opteemin-sdcard-stm32mp135f-dk/bl2/xlat_tables_core.o
 .text.xlat_desc
                0x2ffec3b0       0xc4 ./../build/opteemin-sdcard-stm32mp135f-dk/bl2/xlat_tables_core.o
                0x2ffec3b0                xlat_desc
 .text.xlat_tables_map_region
                0x2ffec474      0x1ac ./../build/opteemin-sdcard-stm32mp135f-dk/bl2/xlat_tables_core.o
 .text.mmap_add_region_ctx
                0x2ffec620       0xf0 ./../build/opteemin-sdcard-stm32mp135f-dk/bl2/xlat_tables_core.o
                0x2ffec620                mmap_add_region_ctx
 .text.mmap_add_dynamic_region_ctx
                0x2ffec710      0x154 ./../build/opteemin-sdcard-stm32mp135f-dk/bl2/xlat_tables_core.o
                0x2ffec710                mmap_add_dynamic_region_ctx
 .text.mmap_remove_dynamic_region_ctx
                0x2ffec864      0x108 ./../build/opteemin-sdcard-stm32mp135f-dk/bl2/xlat_tables_core.o
                0x2ffec864                mmap_remove_dynamic_region_ctx
 .text.init_xlat_tables_ctx
                0x2ffec96c      0x140 ./../build/opteemin-sdcard-stm32mp135f-dk/bl2/xlat_tables_core.o
                0x2ffec96c                init_xlat_tables_ctx
 .text.crc32_z  0x2ffecaac       0xc8 ./../build/opteemin-sdcard-stm32mp135f-dk/bl2/crc32.o
                0x2ffecaac                crc32_z
 .text.plat_log_get_prefix
                0x2ffecb74       0x24 ./../build/opteemin-sdcard-stm32mp135f-dk/bl2/plat_log_common.o
                0x2ffecb74                plat_log_get_prefix
 .text.open_fip
                0x2ffecb98       0x10 ./../build/opteemin-sdcard-stm32mp135f-dk/bl2/bl2_io_storage.o
                0x2ffecb98                open_fip
 .text.open_storage
                0x2ffecba8       0x10 ./../build/opteemin-sdcard-stm32mp135f-dk/bl2/bl2_io_storage.o
                0x2ffecba8                open_storage
 .text.stm32mp_io_setup
                0x2ffecbb8      0x180 ./../build/opteemin-sdcard-stm32mp135f-dk/bl2/bl2_io_storage.o
                0x2ffecbb8                stm32mp_io_setup
 .text.bl2_plat_handle_pre_image_load
                0x2ffecd38       0x60 ./../build/opteemin-sdcard-stm32mp135f-dk/bl2/bl2_io_storage.o
                0x2ffecd38                bl2_plat_handle_pre_image_load
 .text.plat_get_image_source
                0x2ffecd98       0x44 ./../build/opteemin-sdcard-stm32mp135f-dk/bl2/bl2_io_storage.o
                0x2ffecd98                plat_get_image_source
 .text.plat_fwu_get_boot_idx
                0x2ffecddc       0xac ./../build/opteemin-sdcard-stm32mp135f-dk/bl2/bl2_io_storage.o
                0x2ffecddc                plat_fwu_get_boot_idx
 .text.plat_fwu_set_images_source
                0x2ffece88       0x98 ./../build/opteemin-sdcard-stm32mp135f-dk/bl2/bl2_io_storage.o
                0x2ffece88                plat_fwu_set_images_source
 .text.plat_fwu_set_metadata_image_source
                0x2ffecf20       0xb4 ./../build/opteemin-sdcard-stm32mp135f-dk/bl2/bl2_io_storage.o
                0x2ffecf20                plat_fwu_set_metadata_image_source
 .text.stm32_get_bootinfo_cell
                0x2ffecfd4       0x3c ./../build/opteemin-sdcard-stm32mp135f-dk/bl2/stm32mp_common.o
 .text.stm32mp_save_boot_ctx_address
                0x2ffed010       0x40 ./../build/opteemin-sdcard-stm32mp135f-dk/bl2/stm32mp_common.o
                0x2ffed010                stm32mp_save_boot_ctx_address
 .text.stm32mp_get_boot_ctx_address
                0x2ffed050        0xc ./../build/opteemin-sdcard-stm32mp135f-dk/bl2/stm32mp_common.o
                0x2ffed050                stm32mp_get_boot_ctx_address
 .text.stm32mp_get_boot_itf_selected
                0x2ffed05c        0xc ./../build/opteemin-sdcard-stm32mp135f-dk/bl2/stm32mp_common.o
                0x2ffed05c                stm32mp_get_boot_itf_selected
 .text.stm32mp_get_boot_action
                0x2ffed068        0xc ./../build/opteemin-sdcard-stm32mp135f-dk/bl2/stm32mp_common.o
                0x2ffed068                stm32mp_get_boot_action
 .text.stm32mp_ddrctrl_base
                0x2ffed074        0x8 ./../build/opteemin-sdcard-stm32mp135f-dk/bl2/stm32mp_common.o
                0x2ffed074                stm32mp_ddrctrl_base
 .text.stm32mp_ddrphyc_base
                0x2ffed07c        0x8 ./../build/opteemin-sdcard-stm32mp135f-dk/bl2/stm32mp_common.o
                0x2ffed07c                stm32mp_ddrphyc_base
 .text.stm32mp_pwr_base
                0x2ffed084        0x8 ./../build/opteemin-sdcard-stm32mp135f-dk/bl2/stm32mp_common.o
                0x2ffed084                stm32mp_pwr_base
 .text.stm32mp_pwr_regs_lock
                0x2ffed08c       0x18 ./../build/opteemin-sdcard-stm32mp135f-dk/bl2/stm32mp_common.o
                0x2ffed08c                stm32mp_pwr_regs_lock
 .text.stm32mp_pwr_regs_unlock
                0x2ffed0a4       0x18 ./../build/opteemin-sdcard-stm32mp135f-dk/bl2/stm32mp_common.o
                0x2ffed0a4                stm32mp_pwr_regs_unlock
 .text.stm32_get_otp_index
                0x2ffed0bc       0x20 ./../build/opteemin-sdcard-stm32mp135f-dk/bl2/stm32mp_common.o
                0x2ffed0bc                stm32_get_otp_index
 .text.stm32_get_otp_value_from_idx
                0x2ffed0dc       0x30 ./../build/opteemin-sdcard-stm32mp135f-dk/bl2/stm32mp_common.o
                0x2ffed0dc                stm32_get_otp_value_from_idx
 .text.stm32_get_otp_value
                0x2ffed10c       0x44 ./../build/opteemin-sdcard-stm32mp135f-dk/bl2/stm32mp_common.o
                0x2ffed10c                stm32_get_otp_value
 .text.stm32mp_uart_console_setup
                0x2ffed150       0x94 ./../build/opteemin-sdcard-stm32mp135f-dk/bl2/stm32mp_common.o
                0x2ffed150                stm32mp_uart_console_setup
 .text.stm32_display_board_info
                0x2ffed1e4       0x2c ./../build/opteemin-sdcard-stm32mp135f-dk/bl2/stm32mp_common.o
                0x2ffed1e4                stm32_display_board_info
 .text.stm32_get_fwu_info_cell
                0x2ffed210       0x34 ./../build/opteemin-sdcard-stm32mp135f-dk/bl2/stm32mp_common.o
                0x2ffed210                stm32_get_fwu_info_cell
 .text.stm32_get_boot_mode_cell
                0x2ffed244       0x34 ./../build/opteemin-sdcard-stm32mp135f-dk/bl2/stm32mp_common.o
                0x2ffed244                stm32_get_boot_mode_cell
 .text.stm32_save_boot_info
                0x2ffed278       0xdc ./../build/opteemin-sdcard-stm32mp135f-dk/bl2/stm32mp_common.o
                0x2ffed278                stm32_save_boot_info
 .text.stm32_get_and_dec_fwu_trial_boot_cnt
                0x2ffed354       0x60 ./../build/opteemin-sdcard-stm32mp135f-dk/bl2/stm32mp_common.o
                0x2ffed354                stm32_get_and_dec_fwu_trial_boot_cnt
 .text.fdt_get_node_parent_address_cells
                0x2ffed3b4       0x24 ./../build/opteemin-sdcard-stm32mp135f-dk/bl2/stm32mp_dt.o
 .text.dt_open_and_check
                0x2ffed3d8       0x14 ./../build/opteemin-sdcard-stm32mp135f-dk/bl2/stm32mp_dt.o
                0x2ffed3d8                dt_open_and_check
 .text.fdt_get_address
                0x2ffed3ec       0x14 ./../build/opteemin-sdcard-stm32mp135f-dk/bl2/stm32mp_dt.o
                0x2ffed3ec                fdt_get_address
 .text.fdt_check_node
                0x2ffed400       0x20 ./../build/opteemin-sdcard-stm32mp135f-dk/bl2/stm32mp_dt.o
                0x2ffed400                fdt_check_node
 .text.fdt_get_status
                0x2ffed420       0x74 ./../build/opteemin-sdcard-stm32mp135f-dk/bl2/stm32mp_dt.o
                0x2ffed420                fdt_get_status
 .text.dt_set_stdout_pinctrl
                0x2ffed494       0x20 ./../build/opteemin-sdcard-stm32mp135f-dk/bl2/stm32mp_dt.o
                0x2ffed494                dt_set_stdout_pinctrl
 .text.dt_fill_device_info
                0x2ffed4b4       0x88 ./../build/opteemin-sdcard-stm32mp135f-dk/bl2/stm32mp_dt.o
                0x2ffed4b4                dt_fill_device_info
 .text.dt_get_node
                0x2ffed53c       0x28 ./../build/opteemin-sdcard-stm32mp135f-dk/bl2/stm32mp_dt.o
                0x2ffed53c                dt_get_node
 .text.dt_get_stdout_uart_info
                0x2ffed564       0x28 ./../build/opteemin-sdcard-stm32mp135f-dk/bl2/stm32mp_dt.o
                0x2ffed564                dt_get_stdout_uart_info
 .text.dt_match_instance_by_compatible
                0x2ffed58c       0x70 ./../build/opteemin-sdcard-stm32mp135f-dk/bl2/stm32mp_dt.o
                0x2ffed58c                dt_match_instance_by_compatible
 .text.dt_get_ddr_size
                0x2ffed5fc       0x58 ./../build/opteemin-sdcard-stm32mp135f-dk/bl2/stm32mp_dt.o
                0x2ffed5fc                dt_get_ddr_size
 .text.dt_get_vdd_regulator
                0x2ffed654       0x30 ./../build/opteemin-sdcard-stm32mp135f-dk/bl2/stm32mp_dt.o
                0x2ffed654                dt_get_vdd_regulator
 .text.dt_get_board_model
                0x2ffed684       0x30 ./../build/opteemin-sdcard-stm32mp135f-dk/bl2/stm32mp_dt.o
                0x2ffed684                dt_get_board_model
 .text.dt_find_otp_name
                0x2ffed6b4       0xa8 ./../build/opteemin-sdcard-stm32mp135f-dk/bl2/stm32mp_dt.o
                0x2ffed6b4                dt_find_otp_name
 .text.dt_get_otp_by_phandle
                0x2ffed75c       0x88 ./../build/opteemin-sdcard-stm32mp135f-dk/bl2/stm32mp_dt.o
                0x2ffed75c                dt_get_otp_by_phandle
 .text.fconf_populate_stm32mp_fuse_provisioning
                0x2ffed7e4      0x128 ./../build/opteemin-sdcard-stm32mp135f-dk/bl2/stm32mp_fconf_fuse.o
 .text.fconf_populate_stm32mp_io_policies
                0x2ffed90c       0xd8 ./../build/opteemin-sdcard-stm32mp135f-dk/bl2/stm32mp_fconf_io.o
                0x2ffed90c                fconf_populate_stm32mp_io_policies
 .text.bl2_platform_setup
                0x2ffed9e4       0x50 ./../build/opteemin-sdcard-stm32mp135f-dk/bl2/bl2_plat_setup.o
                0x2ffed9e4                bl2_platform_setup
 .text.bl2_el3_plat_arch_setup
                0x2ffeda34      0x3bc ./../build/opteemin-sdcard-stm32mp135f-dk/bl2/bl2_plat_setup.o
                0x2ffeda34                bl2_el3_plat_arch_setup
 .text.bl2_plat_handle_post_image_load
                0x2ffeddf0      0x27c ./../build/opteemin-sdcard-stm32mp135f-dk/bl2/bl2_plat_setup.o
                0x2ffeddf0                bl2_plat_handle_post_image_load
 .text.bl2_el3_plat_prepare_exit
                0x2ffee06c       0x34 ./../build/opteemin-sdcard-stm32mp135f-dk/bl2/bl2_plat_setup.o
                0x2ffee06c                bl2_el3_plat_prepare_exit
 .text.stm32mp_board_ddr_power_init
                0x2ffee0a0      0x124 ./../build/opteemin-sdcard-stm32mp135f-dk/bl2/plat_ddr.o
                0x2ffee0a0                stm32mp_board_ddr_power_init
 .text.stm32_pm_get_optee_ep
                0x2ffee1c4       0x48 ./../build/opteemin-sdcard-stm32mp135f-dk/bl2/stm32mp1_context.o
                0x2ffee1c4                stm32_pm_get_optee_ep
 .text.stm32_context_save_bl2_param
                0x2ffee20c       0x54 ./../build/opteemin-sdcard-stm32mp135f-dk/bl2/stm32mp1_context.o
                0x2ffee20c                stm32_context_save_bl2_param
 .text.stm32_pm_context_is_valid
                0x2ffee260       0x88 ./../build/opteemin-sdcard-stm32mp135f-dk/bl2/stm32mp1_context.o
                0x2ffee260                stm32_pm_context_is_valid
 .text.stm32_restore_ddr_training_area
                0x2ffee2e8       0x3c ./../build/opteemin-sdcard-stm32mp135f-dk/bl2/stm32mp1_context.o
                0x2ffee2e8                stm32_restore_ddr_training_area
 .text.stm32mp1_pm_save_mce_mkey_in_context
                0x2ffee324       0x2c ./../build/opteemin-sdcard-stm32mp135f-dk/bl2/stm32mp1_context.o
                0x2ffee324                stm32mp1_pm_save_mce_mkey_in_context
 .text.stm32mp1_pm_get_mce_mkey_from_context
                0x2ffee350       0x3c ./../build/opteemin-sdcard-stm32mp135f-dk/bl2/stm32mp1_context.o
                0x2ffee350                stm32mp1_pm_get_mce_mkey_from_context
 .text.stm32mp1_pm_save_mce_region
                0x2ffee38c       0x34 ./../build/opteemin-sdcard-stm32mp135f-dk/bl2/stm32mp1_context.o
                0x2ffee38c                stm32mp1_pm_save_mce_region
 .text.stm32mp1_pm_get_mce_region
                0x2ffee3c0       0x40 ./../build/opteemin-sdcard-stm32mp135f-dk/bl2/stm32mp1_context.o
                0x2ffee3c0                stm32mp1_pm_get_mce_region
 .text.stm32_pwr_down_wfi_load
                0x2ffee400       0x7c ./../build/opteemin-sdcard-stm32mp135f-dk/bl2/stm32mp1_critic_power.o
                0x2ffee400                stm32_pwr_down_wfi_load
 .text.fconf_populate_stm32mp1_firewall
                0x2ffee47c       0xcc ./../build/opteemin-sdcard-stm32mp135f-dk/bl2/stm32mp1_fconf_firewall.o
 .text.stm32mp1_arch_security_setup
                0x2ffee548       0x2c ./../build/opteemin-sdcard-stm32mp135f-dk/bl2/stm32mp1_fconf_firewall.o
                0x2ffee548                stm32mp1_arch_security_setup
 .text.stm32mp1_security_setup
                0x2ffee574       0x5c ./../build/opteemin-sdcard-stm32mp135f-dk/bl2/stm32mp1_fconf_firewall.o
                0x2ffee574                stm32mp1_security_setup
 .text.configure_mmu
                0x2ffee5d0       0x1c ./../build/opteemin-sdcard-stm32mp135f-dk/bl2/stm32mp1_private.o
                0x2ffee5d0                configure_mmu
 .text.stm32_get_gpio_bank_base
                0x2ffee5ec       0x1c ./../build/opteemin-sdcard-stm32mp135f-dk/bl2/stm32mp1_private.o
                0x2ffee5ec                stm32_get_gpio_bank_base
 .text.stm32_get_gpio_bank_offset
                0x2ffee608       0x18 ./../build/opteemin-sdcard-stm32mp135f-dk/bl2/stm32mp1_private.o
                0x2ffee608                stm32_get_gpio_bank_offset
 .text.stm32_get_gpio_bank_clock
                0x2ffee620       0x18 ./../build/opteemin-sdcard-stm32mp135f-dk/bl2/stm32mp1_private.o
                0x2ffee620                stm32_get_gpio_bank_clock
 .text.stm32mp_get_part_number
                0x2ffee638       0x38 ./../build/opteemin-sdcard-stm32mp135f-dk/bl2/stm32mp1_private.o
                0x2ffee638                stm32mp_get_part_number
 .text.stm32mp_get_soc_name
                0x2ffee670      0x130 ./../build/opteemin-sdcard-stm32mp135f-dk/bl2/stm32mp1_private.o
                0x2ffee670                stm32mp_get_soc_name
 .text.stm32mp_print_cpuinfo
                0x2ffee7a0       0x1c ./../build/opteemin-sdcard-stm32mp135f-dk/bl2/stm32mp1_private.o
                0x2ffee7a0                stm32mp_print_cpuinfo
 .text.stm32mp_print_boardinfo
                0x2ffee7bc       0x24 ./../build/opteemin-sdcard-stm32mp135f-dk/bl2/stm32mp1_private.o
                0x2ffee7bc                stm32mp_print_boardinfo
 .text.stm32mp_check_closed_device
                0x2ffee7e0       0x54 ./../build/opteemin-sdcard-stm32mp135f-dk/bl2/stm32mp1_private.o
                0x2ffee7e0                stm32mp_check_closed_device
 .text.stm32mp_is_auth_supported
                0x2ffee834       0x44 ./../build/opteemin-sdcard-stm32mp135f-dk/bl2/stm32mp1_private.o
                0x2ffee834                stm32mp_is_auth_supported
 .text.stm32_iwdg_get_instance
                0x2ffee878       0x28 ./../build/opteemin-sdcard-stm32mp135f-dk/bl2/stm32mp1_private.o
                0x2ffee878                stm32_iwdg_get_instance
 .text.stm32_iwdg_get_otp_config
                0x2ffee8a0       0x30 ./../build/opteemin-sdcard-stm32mp135f-dk/bl2/stm32mp1_private.o
                0x2ffee8a0                stm32_iwdg_get_otp_config
 .text.stm32mp_is_wakeup_from_standby
                0x2ffee8d0       0x28 ./../build/opteemin-sdcard-stm32mp135f-dk/bl2/stm32mp1_private.o
                0x2ffee8d0                stm32mp_is_wakeup_from_standby
 .text.stm32mp_skip_boot_device_after_standby
                0x2ffee8f8       0x28 ./../build/opteemin-sdcard-stm32mp135f-dk/bl2/stm32mp1_private.o
                0x2ffee8f8                stm32mp_skip_boot_device_after_standby
 .text.stm32mp_bkpram_get_access
                0x2ffee920       0x48 ./../build/opteemin-sdcard-stm32mp135f-dk/bl2/stm32mp1_private.o
                0x2ffee920                stm32mp_bkpram_get_access
 .text.enable_io_comp_cell_finish
                0x2ffee968       0x54 ./../build/opteemin-sdcard-stm32mp135f-dk/bl2/stm32mp1_syscfg.o
 .text.sdmmc_is_low_voltage
                0x2ffee9bc       0x78 ./../build/opteemin-sdcard-stm32mp135f-dk/bl2/stm32mp1_syscfg.o
 .text.stm32mp_syscfg_enable_io_compensation_start
                0x2ffeea34       0x28 ./../build/opteemin-sdcard-stm32mp135f-dk/bl2/stm32mp1_syscfg.o
                0x2ffeea34                stm32mp_syscfg_enable_io_compensation_start
 .text.stm32mp_syscfg_init
                0x2ffeea5c       0xb8 ./../build/opteemin-sdcard-stm32mp135f-dk/bl2/stm32mp1_syscfg.o
                0x2ffeea5c                stm32mp_syscfg_init
 .text.stm32mp_syscfg_get_chip_version
                0x2ffeeb14       0x10 ./../build/opteemin-sdcard-stm32mp135f-dk/bl2/stm32mp1_syscfg.o
                0x2ffeeb14                stm32mp_syscfg_get_chip_version
 .text.stm32mp_syscfg_get_chip_dev_id
                0x2ffeeb24       0x10 ./../build/opteemin-sdcard-stm32mp135f-dk/bl2/stm32mp1_syscfg.o
                0x2ffeeb24                stm32mp_syscfg_get_chip_dev_id
 .text.stm32mp_syscfg_boot_mode_enable
                0x2ffeeb34       0x10 ./../build/opteemin-sdcard-stm32mp135f-dk/bl2/stm32mp1_syscfg.o
                0x2ffeeb34                stm32mp_syscfg_boot_mode_enable
 .text.stm32mp_syscfg_boot_mode_disable
                0x2ffeeb44       0x10 ./../build/opteemin-sdcard-stm32mp135f-dk/bl2/stm32mp1_syscfg.o
                0x2ffeeb44                stm32mp_syscfg_boot_mode_disable
 .text          0x2ffeeb54       0x24 ./../build/opteemin-sdcard-stm32mp135f-dk/bl2/aeabi_uldivmod.o
                0x2ffeeb54                __aeabi_uldivmod
 .text.fdt_ro_probe_
                0x2ffeeb78       0x74 ./../build/opteemin-sdcard-stm32mp135f-dk/lib/libfdt.a(fdt.o)
                0x2ffeeb78                fdt_ro_probe_
 .text.fdt_check_header
                0x2ffeebec       0xd0 ./../build/opteemin-sdcard-stm32mp135f-dk/lib/libfdt.a(fdt.o)
                0x2ffeebec                fdt_check_header
 .text.fdt_address_cells
                0x2ffeecbc       0x1c ./../build/opteemin-sdcard-stm32mp135f-dk/lib/libfdt.a(fdt_addresses.o)
                0x2ffeecbc                fdt_address_cells
 .text.fdt_get_string
                0x2ffeecd8       0xb0 ./../build/opteemin-sdcard-stm32mp135f-dk/lib/libfdt.a(fdt_ro.o)
                0x2ffeecd8                fdt_get_string
 .text.fdt_get_phandle
                0x2ffeed88       0x44 ./../build/opteemin-sdcard-stm32mp135f-dk/lib/libfdt.a(fdt_ro.o)
                0x2ffeed88                fdt_get_phandle
 .text.fdt_get_alias_namelen
                0x2ffeedcc       0x2c ./../build/opteemin-sdcard-stm32mp135f-dk/lib/libfdt.a(fdt_ro.o)
                0x2ffeedcc                fdt_get_alias_namelen
 .text.fdt_node_check_compatible
                0x2ffeedf8       0x28 ./../build/opteemin-sdcard-stm32mp135f-dk/lib/libfdt.a(fdt_ro.o)
                0x2ffeedf8                fdt_node_check_compatible
 .text.__assert
                0x2ffeee20       0x18 ./../build/opteemin-sdcard-stm32mp135f-dk/lib/libc.a(assert.o)
                0x2ffeee20                __assert
 .text.vprintf  0x2ffeee38      0x1c4 ./../build/opteemin-sdcard-stm32mp135f-dk/lib/libc.a(printf.o)
                0x2ffeee38                vprintf
 .text.vsnprintf
                0x2ffeeffc      0x2d0 ./../build/opteemin-sdcard-stm32mp135f-dk/lib/libc.a(snprintf.o)
                0x2ffeeffc                vsnprintf
 .text.bl2_arch_setup
                0x2ffef2cc        0x2 ./../build/opteemin-sdcard-stm32mp135f-dk/bl2/bl2_arch_setup.o
                0x2ffef2cc                bl2_arch_setup
 .text.bl2_el3_setup
                0x2ffef2ce        0xe ./../build/opteemin-sdcard-stm32mp135f-dk/bl2/bl2_main.o
                0x2ffef2ce                bl2_el3_setup
 .text.fdt32_to_cpu
                0x2ffef2dc        0x4 ./../build/opteemin-sdcard-stm32mp135f-dk/bl2/fdt_wrappers.o
 .text.fdt_read_uint32
                0x2ffef2e0       0x10 ./../build/opteemin-sdcard-stm32mp135f-dk/bl2/fdt_wrappers.o
                0x2ffef2e0                fdt_read_uint32
 .text.fdt_read_uint32_default
                0x2ffef2f0       0x18 ./../build/opteemin-sdcard-stm32mp135f-dk/bl2/fdt_wrappers.o
                0x2ffef2f0                fdt_read_uint32_default
 .text.fdt_read_uint64
                0x2ffef308       0x28 ./../build/opteemin-sdcard-stm32mp135f-dk/bl2/fdt_wrappers.o
                0x2ffef308                fdt_read_uint64
 .text.hex_val  0x2ffef330       0x2e ./../build/opteemin-sdcard-stm32mp135f-dk/bl2/uuid.o
 .text.read_hex.part.0
                0x2ffef35e       0x3a ./../build/opteemin-sdcard-stm32mp135f-dk/bl2/uuid.o
 .text.putchar  0x2ffef398       0x14 ./../build/opteemin-sdcard-stm32mp135f-dk/bl2/multi_console.o
                0x2ffef398                putchar
 .text.mdelay   0x2ffef3ac        0xa ./../build/opteemin-sdcard-stm32mp135f-dk/bl2/delay_timer.o
                0x2ffef3ac                mdelay
 .text.get_timer_value
                0x2ffef3b6        0x8 ./../build/opteemin-sdcard-stm32mp135f-dk/bl2/generic_delay_timer.o
 .text.device_type_block
                0x2ffef3be        0x4 ./../build/opteemin-sdcard-stm32mp135f-dk/bl2/io_block.o
                0x2ffef3be                device_type_block
 .text.block_close
                0x2ffef3c2        0x8 ./../build/opteemin-sdcard-stm32mp135f-dk/bl2/io_block.o
 .text.device_type_fip
                0x2ffef3ca        0x4 ./../build/opteemin-sdcard-stm32mp135f-dk/bl2/io_fip.o
 .text.is_valid_dev
                0x2ffef3ce       0x18 ./../build/opteemin-sdcard-stm32mp135f-dk/bl2/io_storage.o
 .text.is_valid_entity
                0x2ffef3e6       0x10 ./../build/opteemin-sdcard-stm32mp135f-dk/bl2/io_storage.o
 .text.bsec_read_otp
                0x2ffef3f6       0x2c ./../build/opteemin-sdcard-stm32mp135f-dk/bl2/bsec2.o
                0x2ffef3f6                bsec_read_otp
 .text._clk_lock
                0x2ffef422       0x16 ./../build/opteemin-sdcard-stm32mp135f-dk/bl2/clk-stm32-core.o
 .text._clk_unlock
                0x2ffef438       0x16 ./../build/opteemin-sdcard-stm32mp135f-dk/bl2/clk-stm32-core.o
 .text._clk_stm32_gate_disable
                0x2ffef44e       0x28 ./../build/opteemin-sdcard-stm32mp135f-dk/bl2/clk-stm32-core.o
                0x2ffef44e                _clk_stm32_gate_disable
 .text._clk_stm32_gate_enable
                0x2ffef476       0x24 ./../build/opteemin-sdcard-stm32mp135f-dk/bl2/clk-stm32-core.o
                0x2ffef476                _clk_stm32_gate_enable
 .text._clk_get
                0x2ffef49a       0x12 ./../build/opteemin-sdcard-stm32mp135f-dk/bl2/clk-stm32-core.o
                0x2ffef49a                _clk_get
 .text.clk_oscillator_get_data
                0x2ffef4ac       0x18 ./../build/opteemin-sdcard-stm32mp135f-dk/bl2/clk-stm32-core.o
                0x2ffef4ac                clk_oscillator_get_data
 .text.clk_gate_is_enabled
                0x2ffef4c4       0x20 ./../build/opteemin-sdcard-stm32mp135f-dk/bl2/clk-stm32-core.o
 .text.clk_gate_disable
                0x2ffef4e4       0x26 ./../build/opteemin-sdcard-stm32mp135f-dk/bl2/clk-stm32-core.o
 .text.clk_gate_enable
                0x2ffef50a       0x22 ./../build/opteemin-sdcard-stm32mp135f-dk/bl2/clk-stm32-core.o
 .text.clk_stm32_gate_enable
                0x2ffef52c       0x2e ./../build/opteemin-sdcard-stm32mp135f-dk/bl2/clk-stm32-core.o
                0x2ffef52c                clk_stm32_gate_enable
 .text.clk_stm32_gate_disable
                0x2ffef55a       0x32 ./../build/opteemin-sdcard-stm32mp135f-dk/bl2/clk-stm32-core.o
                0x2ffef55a                clk_stm32_gate_disable
 .text.timer_recalc_rate
                0x2ffef58c       0x26 ./../build/opteemin-sdcard-stm32mp135f-dk/bl2/clk-stm32-core.o
 .text.clk_fixed_rate_recalc
                0x2ffef5b2        0xc ./../build/opteemin-sdcard-stm32mp135f-dk/bl2/clk-stm32-core.o
 .text.clk_mux_get_parent
                0x2ffef5be       0x3e ./../build/opteemin-sdcard-stm32mp135f-dk/bl2/clk-stm32-core.o
                0x2ffef5be                clk_mux_get_parent
 .text._clk_stm32_set_parent_by_index
                0x2ffef5fc       0x28 ./../build/opteemin-sdcard-stm32mp135f-dk/bl2/clk-stm32-core.o
                0x2ffef5fc                _clk_stm32_set_parent_by_index
 .text._clk_stm32_get_parent
                0x2ffef624       0x5a ./../build/opteemin-sdcard-stm32mp135f-dk/bl2/clk-stm32-core.o
                0x2ffef624                _clk_stm32_get_parent
 .text.clk_get_index
                0x2ffef67e       0x26 ./../build/opteemin-sdcard-stm32mp135f-dk/bl2/clk-stm32-core.o
                0x2ffef67e                clk_get_index
 .text._clk_stm32_get_rate
                0x2ffef6a4       0x5e ./../build/opteemin-sdcard-stm32mp135f-dk/bl2/clk-stm32-core.o
                0x2ffef6a4                _clk_stm32_get_rate
 .text._clk_stm32_get_parent_rate
                0x2ffef702       0x1a ./../build/opteemin-sdcard-stm32mp135f-dk/bl2/clk-stm32-core.o
                0x2ffef702                _clk_stm32_get_parent_rate
 .text._stm32_clk_is_flags
                0x2ffef71c       0x14 ./../build/opteemin-sdcard-stm32mp135f-dk/bl2/clk-stm32-core.o
                0x2ffef71c                _stm32_clk_is_flags
 .text.clk_stm32_disable_call_ops
                0x2ffef730       0x1a ./../build/opteemin-sdcard-stm32mp135f-dk/bl2/clk-stm32-core.o
                0x2ffef730                clk_stm32_disable_call_ops
 .text._clk_stm32_is_enabled
                0x2ffef74a       0x24 ./../build/opteemin-sdcard-stm32mp135f-dk/bl2/clk-stm32-core.o
                0x2ffef74a                _clk_stm32_is_enabled
 .text._clk_stm32_set_parent
                0x2ffef76e       0xa8 ./../build/opteemin-sdcard-stm32mp135f-dk/bl2/clk-stm32-core.o
                0x2ffef76e                _clk_stm32_set_parent
 .text.clk_stm32_div_get_value
                0x2ffef816       0x22 ./../build/opteemin-sdcard-stm32mp135f-dk/bl2/clk-stm32-core.o
                0x2ffef816                clk_stm32_div_get_value
 .text._clk_stm32_divider_recalc
                0x2ffef838       0x74 ./../build/opteemin-sdcard-stm32mp135f-dk/bl2/clk-stm32-core.o
                0x2ffef838                _clk_stm32_divider_recalc
 .text.clk_stm32_divider_recalc
                0x2ffef8ac       0x16 ./../build/opteemin-sdcard-stm32mp135f-dk/bl2/clk-stm32-core.o
                0x2ffef8ac                clk_stm32_divider_recalc
 .text._clk_stm32_gate_wait_ready
                0x2ffef8c2       0x58 ./../build/opteemin-sdcard-stm32mp135f-dk/bl2/clk-stm32-core.o
                0x2ffef8c2                _clk_stm32_gate_wait_ready
 .text._clk_stm32_gate_is_enabled
                0x2ffef91a       0x20 ./../build/opteemin-sdcard-stm32mp135f-dk/bl2/clk-stm32-core.o
                0x2ffef91a                _clk_stm32_gate_is_enabled
 .text.clk_stm32_gate_is_enabled
                0x2ffef93a       0x16 ./../build/opteemin-sdcard-stm32mp135f-dk/bl2/clk-stm32-core.o
                0x2ffef93a                clk_stm32_gate_is_enabled
 .text.stm32_clk_parse_fdt_by_name
                0x2ffef950       0x36 ./../build/opteemin-sdcard-stm32mp135f-dk/bl2/clk-stm32-core.o
                0x2ffef950                stm32_clk_parse_fdt_by_name
 .text.fdt32_to_cpu
                0x2ffef986        0x4 ./../build/opteemin-sdcard-stm32mp135f-dk/bl2/clk-stm32mp13.o
 .text.clk_oscillator_set_bypass
                0x2ffef98a       0x3c ./../build/opteemin-sdcard-stm32mp135f-dk/bl2/clk-stm32mp13.o
 .text.clk_oscillator_set_css
                0x2ffef9c6       0x22 ./../build/opteemin-sdcard-stm32mp135f-dk/bl2/clk-stm32mp13.o
 .text.clk_stm32_osc_recalc_rate
                0x2ffef9e8        0xa ./../build/opteemin-sdcard-stm32mp135f-dk/bl2/clk-stm32mp13.o
 .text.clk_stm32_osc_gate_is_enabled
                0x2ffef9f2       0x14 ./../build/opteemin-sdcard-stm32mp135f-dk/bl2/clk-stm32mp13.o
 .text.clk_stm32_composite_gate_is_enabled
                0x2ffefa06       0x16 ./../build/opteemin-sdcard-stm32mp135f-dk/bl2/clk-stm32mp13.o
 .text.clk_stm32_composite_gate_disable
                0x2ffefa1c       0x16 ./../build/opteemin-sdcard-stm32mp135f-dk/bl2/clk-stm32mp13.o
 .text.clk_stm32_composite_gate_enable
                0x2ffefa32       0x16 ./../build/opteemin-sdcard-stm32mp135f-dk/bl2/clk-stm32mp13.o
 .text.clk_stm32_composite_recalc_rate
                0x2ffefa48       0x1a ./../build/opteemin-sdcard-stm32mp135f-dk/bl2/clk-stm32mp13.o
 .text.stm32mp1_clk_rcc_regs_lock
                0x2ffefa62        0x4 ./../build/opteemin-sdcard-stm32mp135f-dk/bl2/clk-stm32mp13.o
                0x2ffefa62                stm32mp1_clk_rcc_regs_lock
 .text.stm32mp1_clk_rcc_regs_unlock
                0x2ffefa66        0x4 ./../build/opteemin-sdcard-stm32mp135f-dk/bl2/clk-stm32mp13.o
                0x2ffefa66                stm32mp1_clk_rcc_regs_unlock
 .text.stm32mp1_mode_register_write.isra.0
                0x2ffefa6a       0x22 ./../build/opteemin-sdcard-stm32mp135f-dk/bl2/stm32mp1_ddr.o
 .text.stm32mp1_ddrphy_idone_wait
                0x2ffefa8c       0x4a ./../build/opteemin-sdcard-stm32mp135f-dk/bl2/stm32mp1_ddr.o
 .text.stm32mp1_wait_operating_mode
                0x2ffefad6       0x4e ./../build/opteemin-sdcard-stm32mp135f-dk/bl2/stm32mp1_ddr.o
 .text.ddr_enable_clock
                0x2ffefb24       0x2a ./../build/opteemin-sdcard-stm32mp135f-dk/bl2/stm32mp1_ddr_helpers.o
                0x2ffefb24                ddr_enable_clock
 .text.ddr_get_io_calibration_val
                0x2ffefb4e       0x10 ./../build/opteemin-sdcard-stm32mp135f-dk/bl2/stm32mp1_ddr_helpers.o
                0x2ffefb4e                ddr_get_io_calibration_val
 .text.ddr_standby_sr_entry
                0x2ffefb5e      0x166 ./../build/opteemin-sdcard-stm32mp135f-dk/bl2/stm32mp1_ddr_helpers.o
                0x2ffefb5e                ddr_standby_sr_entry
 .text.stm32mp_ddr_start_sw_done
                0x2ffefcc4        0xe ./../build/opteemin-sdcard-stm32mp135f-dk/bl2/stm32mp_ddr.o
                0x2ffefcc4                stm32mp_ddr_start_sw_done
 .text.stm32mp_ddr_wait_sw_done_ack
                0x2ffefcd2       0x3a ./../build/opteemin-sdcard-stm32mp135f-dk/bl2/stm32mp_ddr.o
                0x2ffefcd2                stm32mp_ddr_wait_sw_done_ack
 .text.stm32mp_ddr_enable_axi_port
                0x2ffefd0c        0xe ./../build/opteemin-sdcard-stm32mp135f-dk/bl2/stm32mp_ddr.o
                0x2ffefd0c                stm32mp_ddr_enable_axi_port
 .text.stm32mp_ddr_disable_axi_port
                0x2ffefd1a       0x3a ./../build/opteemin-sdcard-stm32mp135f-dk/bl2/stm32mp_ddr.o
                0x2ffefd1a                stm32mp_ddr_disable_axi_port
 .text.stm32mp_ddr_enable_host_interface
                0x2ffefd54        0xe ./../build/opteemin-sdcard-stm32mp135f-dk/bl2/stm32mp_ddr.o
                0x2ffefd54                stm32mp_ddr_enable_host_interface
 .text.stm32mp_ddr_disable_host_interface
                0x2ffefd62       0x4a ./../build/opteemin-sdcard-stm32mp135f-dk/bl2/stm32mp_ddr.o
                0x2ffefd62                stm32mp_ddr_disable_host_interface
 .text.stm32mp_ddr_sw_selfref_exit
                0x2ffefdac        0xa ./../build/opteemin-sdcard-stm32mp135f-dk/bl2/stm32mp_ddr.o
                0x2ffefdac                stm32mp_ddr_sw_selfref_exit
 .text.stm32mp_ddr_wait_refresh_update_done_ack
                0x2ffefdb6       0x4c ./../build/opteemin-sdcard-stm32mp135f-dk/bl2/stm32mp_ddr.o
                0x2ffefdb6                stm32mp_ddr_wait_refresh_update_done_ack
 .text.stm32mp_ddr_test_rw_access
                0x2ffefe02       0x1a ./../build/opteemin-sdcard-stm32mp135f-dk/bl2/stm32mp_ddr_test.o
                0x2ffefe02                stm32mp_ddr_test_rw_access
 .text.stm32mp_ddr_test_data_bus
                0x2ffefe1c       0x1e ./../build/opteemin-sdcard-stm32mp135f-dk/bl2/stm32mp_ddr_test.o
                0x2ffefe1c                stm32mp_ddr_test_data_bus
 .text.stm32mp_ddr_test_addr_bus
                0x2ffefe3a       0x86 ./../build/opteemin-sdcard-stm32mp135f-dk/bl2/stm32mp_ddr_test.o
                0x2ffefe3a                stm32mp_ddr_test_addr_bus
 .text.stm32mp_ddr_check_size
                0x2ffefec0       0x2e ./../build/opteemin-sdcard-stm32mp135f-dk/bl2/stm32mp_ddr_test.o
                0x2ffefec0                stm32mp_ddr_check_size
 .text.fdt32_to_cpu
                0x2ffefeee        0x4 ./../build/opteemin-sdcard-stm32mp135f-dk/bl2/stm32_gpio.o
 .text.i2c_wait_flag
                0x2ffefef2       0x44 ./../build/opteemin-sdcard-stm32mp135f-dk/bl2/stm32_i2c.o
 .text.i2c_ack_failed
                0x2ffeff36       0x8c ./../build/opteemin-sdcard-stm32mp135f-dk/bl2/stm32_i2c.o
 .text.i2c_wait_txis
                0x2ffeffc2       0x42 ./../build/opteemin-sdcard-stm32mp135f-dk/bl2/stm32_i2c.o
 .text.i2c_wait_stop
                0x2fff0004       0x42 ./../build/opteemin-sdcard-stm32mp135f-dk/bl2/stm32_i2c.o
 .text.stm32_i2c_mem_write
                0x2fff0046       0x1c ./../build/opteemin-sdcard-stm32mp135f-dk/bl2/stm32_i2c.o
                0x2fff0046                stm32_i2c_mem_write
 .text.stm32_i2c_mem_read
                0x2fff0062       0x12 ./../build/opteemin-sdcard-stm32mp135f-dk/bl2/stm32_i2c.o
                0x2fff0062                stm32_i2c_mem_read
 .text.stm32_mce_reload_configuration
                0x2fff0074       0x2e ./../build/opteemin-sdcard-stm32mp135f-dk/bl2/stm32_mce.o
                0x2fff0074                stm32_mce_reload_configuration
 .text.stm32_sdmmc2_write
                0x2fff00a2        0x4 ./../build/opteemin-sdcard-stm32mp135f-dk/bl2/stm32_sdmmc2.o
 .text.stm32_sdmmc2_stop_transfer
                0x2fff00a6       0x20 ./../build/opteemin-sdcard-stm32mp135f-dk/bl2/stm32_sdmmc2.o
 .text.plat_sdmmc2_use_dma
                0x2fff00c6        0x4 ./../build/opteemin-sdcard-stm32mp135f-dk/bl2/stm32_sdmmc2.o
                0x2fff00c6                plat_sdmmc2_use_dma
 .text.nvmem_cell_read
                0x2fff00ca       0x18 ./../build/opteemin-sdcard-stm32mp135f-dk/bl2/nvmem.o
                0x2fff00ca                nvmem_cell_read
 .text.nvmem_cell_write
                0x2fff00e2       0x10 ./../build/opteemin-sdcard-stm32mp135f-dk/bl2/nvmem.o
                0x2fff00e2                nvmem_cell_write
 .text.fdt32_to_cpu
                0x2fff00f2        0x4 ./../build/opteemin-sdcard-stm32mp135f-dk/bl2/stm32mp_tamp_nvram_core.o
 .text.stm32_tamp_nvram_reg_get_zone
                0x2fff00f6       0x2a ./../build/opteemin-sdcard-stm32mp135f-dk/bl2/stm32mp_tamp_nvram_core.o
                0x2fff00f6                stm32_tamp_nvram_reg_get_zone
 .text.stm32_tamp_nvram_reg_field_read
                0x2fff0120       0x30 ./../build/opteemin-sdcard-stm32mp135f-dk/bl2/stm32mp_tamp_nvram_core.o
                0x2fff0120                stm32_tamp_nvram_reg_field_read
 .text.pmic_set_flag
                0x2fff0150       0x44 ./../build/opteemin-sdcard-stm32mp135f-dk/bl2/stm32mp_pmic.o
 .text.pmic_list_voltages
                0x2fff0194        0x6 ./../build/opteemin-sdcard-stm32mp135f-dk/bl2/stm32mp_pmic.o
 .text.pmic_get_voltage
                0x2fff019a        0x6 ./../build/opteemin-sdcard-stm32mp135f-dk/bl2/stm32mp_pmic.o
 .text.pmic_set_voltage
                0x2fff01a0        0x6 ./../build/opteemin-sdcard-stm32mp135f-dk/bl2/stm32mp_pmic.o
 .text.pmic_get_state
                0x2fff01a6        0xa ./../build/opteemin-sdcard-stm32mp135f-dk/bl2/stm32mp_pmic.o
 .text.pmic_set_state
                0x2fff01b0        0xc ./../build/opteemin-sdcard-stm32mp135f-dk/bl2/stm32mp_pmic.o
 .text.pmic_switch_off
                0x2fff01bc       0x16 ./../build/opteemin-sdcard-stm32mp135f-dk/bl2/stm32mp_pmic.o
                0x2fff01bc                pmic_switch_off
 .text.stpmic1_is_regulator_enabled
                0x2fff01d2       0x2e ./../build/opteemin-sdcard-stm32mp135f-dk/bl2/stpmic1.o
                0x2fff01d2                stpmic1_is_regulator_enabled
 .text.stpmic1_register_update
                0x2fff0200       0x2e ./../build/opteemin-sdcard-stm32mp135f-dk/bl2/stpmic1.o
                0x2fff0200                stpmic1_register_update
 .text.stpmic1_powerctrl_on
                0x2fff022e        0xa ./../build/opteemin-sdcard-stm32mp135f-dk/bl2/stpmic1.o
                0x2fff022e                stpmic1_powerctrl_on
 .text.stpmic1_switch_off
                0x2fff0238        0xa ./../build/opteemin-sdcard-stm32mp135f-dk/bl2/stpmic1.o
                0x2fff0238                stpmic1_switch_off
 .text.stpmic1_regulator_enable
                0x2fff0242       0x14 ./../build/opteemin-sdcard-stm32mp135f-dk/bl2/stpmic1.o
                0x2fff0242                stpmic1_regulator_enable
 .text.stpmic1_regulator_disable
                0x2fff0256       0x14 ./../build/opteemin-sdcard-stm32mp135f-dk/bl2/stpmic1.o
                0x2fff0256                stpmic1_regulator_disable
 .text.stpmic1_regulator_pull_down_set
                0x2fff026a       0x24 ./../build/opteemin-sdcard-stm32mp135f-dk/bl2/stpmic1.o
                0x2fff026a                stpmic1_regulator_pull_down_set
 .text.stpmic1_regulator_mask_reset_set
                0x2fff028e       0x24 ./../build/opteemin-sdcard-stm32mp135f-dk/bl2/stpmic1.o
                0x2fff028e                stpmic1_regulator_mask_reset_set
 .text.stpmic1_regulator_icc_set
                0x2fff02b2       0x24 ./../build/opteemin-sdcard-stm32mp135f-dk/bl2/stpmic1.o
                0x2fff02b2                stpmic1_regulator_icc_set
 .text.stpmic1_get_version
                0x2fff02d6       0x1e ./../build/opteemin-sdcard-stm32mp135f-dk/bl2/stpmic1.o
                0x2fff02d6                stpmic1_get_version
 .text.fdt32_to_cpu
                0x2fff02f4        0x4 ./../build/opteemin-sdcard-stm32mp135f-dk/bl2/regulator_core.o
 .text.unlock_driver.isra.0
                0x2fff02f8        0xa ./../build/opteemin-sdcard-stm32mp135f-dk/bl2/regulator_core.o
 .text.lock_driver.isra.0
                0x2fff0302        0xa ./../build/opteemin-sdcard-stm32mp135f-dk/bl2/regulator_core.o
 .text.regulator_set_min_voltage
                0x2fff030c        0x6 ./../build/opteemin-sdcard-stm32mp135f-dk/bl2/regulator_core.o
                0x2fff030c                regulator_set_min_voltage
 .text.fixed_set_state
                0x2fff0312        0x4 ./../build/opteemin-sdcard-stm32mp135f-dk/bl2/regulator_fixed.o
 .text.fixed_get_state
                0x2fff0316        0x4 ./../build/opteemin-sdcard-stm32mp135f-dk/bl2/regulator_fixed.o
 .text.stm32mp_system_reset
                0x2fff031a       0x14 ./../build/opteemin-sdcard-stm32mp135f-dk/bl2/stm32mp1_reset.o
                0x2fff031a                stm32mp_system_reset
 .text.__ctzdi2
                0x2fff032e       0x22 ./../build/opteemin-sdcard-stm32mp135f-dk/bl2/ctzdi2.o
                0x2fff032e                __ctzdi2
 .text.__udivmoddi4
                0x2fff0350      0x180 ./../build/opteemin-sdcard-stm32mp135f-dk/bl2/udivmoddi4.o
                0x2fff0350                __udivmoddi4
 .text.xlat_arch_get_pas
                0x2fff04d0       0x10 ./../build/opteemin-sdcard-stm32mp135f-dk/bl2/xlat_tables_arch.o
                0x2fff04d0                xlat_arch_get_pas
 .text.xlat_arch_get_max_supported_pa
                0x2fff04e0        0x8 ./../build/opteemin-sdcard-stm32mp135f-dk/bl2/xlat_tables_arch.o
                0x2fff04e0                xlat_arch_get_max_supported_pa
 .text.xlat_get_min_virt_addr_space_size
                0x2fff04e8        0x6 ./../build/opteemin-sdcard-stm32mp135f-dk/bl2/xlat_tables_arch.o
                0x2fff04e8                xlat_get_min_virt_addr_space_size
 .text.is_dcache_enabled
                0x2fff04ee       0x1c ./../build/opteemin-sdcard-stm32mp135f-dk/bl2/xlat_tables_arch.o
                0x2fff04ee                is_dcache_enabled
 .text.xlat_arch_tlbi_va_sync
                0x2fff050a       0x10 ./../build/opteemin-sdcard-stm32mp135f-dk/bl2/xlat_tables_arch.o
                0x2fff050a                xlat_arch_tlbi_va_sync
 .text.mmap_add_region_check
                0x2fff051a      0x12e ./../build/opteemin-sdcard-stm32mp135f-dk/bl2/xlat_tables_core.o
 .text.xlat_clean_dcache_range
                0x2fff0648       0x1a ./../build/opteemin-sdcard-stm32mp135f-dk/bl2/xlat_tables_core.o
 .text.mmap_add_ctx
                0x2fff0662       0x18 ./../build/opteemin-sdcard-stm32mp135f-dk/bl2/xlat_tables_core.o
                0x2fff0662                mmap_add_ctx
 .text.xlat_mmap_print
                0x2fff067a        0x2 ./../build/opteemin-sdcard-stm32mp135f-dk/bl2/xlat_tables_utils.o
                0x2fff067a                xlat_mmap_print
 .text.xlat_tables_print
                0x2fff067c        0x2 ./../build/opteemin-sdcard-stm32mp135f-dk/bl2/xlat_tables_utils.o
                0x2fff067c                xlat_tables_print
 .text.crc32    0x2fff067e        0x4 ./../build/opteemin-sdcard-stm32mp135f-dk/bl2/crc32.o
                0x2fff067e                crc32
 .text.tf_crc32
                0x2fff0682        0x4 ./../build/opteemin-sdcard-stm32mp135f-dk/bl2/tf_gunzip.o
                0x2fff0682                tf_crc32
 .text.plat_error_handler
                0x2fff0686        0x4 ./../build/opteemin-sdcard-stm32mp135f-dk/bl2/plat_bl_common.o
                0x2fff0686                plat_error_handler
 .text.bl2_plat_preload_setup
                0x2fff068a        0x2 ./../build/opteemin-sdcard-stm32mp135f-dk/bl2/plat_bl_common.o
                0x2fff068a                bl2_plat_preload_setup
 .text.plat_try_backup_partitions
                0x2fff068c        0x4 ./../build/opteemin-sdcard-stm32mp135f-dk/bl2/bl2_io_storage.o
                0x2fff068c                plat_try_backup_partitions
 .text.plat_fwu_is_enabled
                0x2fff0690        0xe ./../build/opteemin-sdcard-stm32mp135f-dk/bl2/bl2_io_storage.o
                0x2fff0690                plat_fwu_is_enabled
 .text.plat_flush_next_bl_params
                0x2fff069e        0x4 ./../build/opteemin-sdcard-stm32mp135f-dk/bl2/plat_image_load.o
                0x2fff069e                plat_flush_next_bl_params
 .text.plat_get_bl_image_load_info
                0x2fff06a2        0x4 ./../build/opteemin-sdcard-stm32mp135f-dk/bl2/plat_image_load.o
                0x2fff06a2                plat_get_bl_image_load_info
 .text.plat_get_next_bl_params
                0x2fff06a6       0x10 ./../build/opteemin-sdcard-stm32mp135f-dk/bl2/plat_image_load.o
                0x2fff06a6                plat_get_next_bl_params
 .text.stm32_nvmem_cell_clrset
                0x2fff06b6       0x32 ./../build/opteemin-sdcard-stm32mp135f-dk/bl2/stm32mp_common.o
 .text.plat_get_syscnt_freq2
                0x2fff06e8        0x6 ./../build/opteemin-sdcard-stm32mp135f-dk/bl2/stm32mp_common.o
                0x2fff06e8                plat_get_syscnt_freq2
 .text.stm32mp_rcc_base
                0x2fff06ee        0x6 ./../build/opteemin-sdcard-stm32mp135f-dk/bl2/stm32mp_common.o
                0x2fff06ee                stm32mp_rcc_base
 .text.stm32mp_lock_available
                0x2fff06f4       0x10 ./../build/opteemin-sdcard-stm32mp135f-dk/bl2/stm32mp_common.o
                0x2fff06f4                stm32mp_lock_available
 .text.stm32mp_map_ddr_non_cacheable
                0x2fff0704       0x1e ./../build/opteemin-sdcard-stm32mp135f-dk/bl2/stm32mp_common.o
                0x2fff0704                stm32mp_map_ddr_non_cacheable
 .text.stm32mp_unmap_ddr
                0x2fff0722        0xc ./../build/opteemin-sdcard-stm32mp135f-dk/bl2/stm32mp_common.o
                0x2fff0722                stm32mp_unmap_ddr
 .text.stm32_fwu_set_boot_idx
                0x2fff072e       0x28 ./../build/opteemin-sdcard-stm32mp135f-dk/bl2/stm32mp_common.o
                0x2fff072e                stm32_fwu_set_boot_idx
 .text.stm32_set_max_fwu_trial_boot_cnt
                0x2fff0756       0x22 ./../build/opteemin-sdcard-stm32mp135f-dk/bl2/stm32mp_common.o
                0x2fff0756                stm32_set_max_fwu_trial_boot_cnt
 .text.stm32_clear_fwu_trial_boot_cnt
                0x2fff0778       0x22 ./../build/opteemin-sdcard-stm32mp135f-dk/bl2/stm32mp_common.o
                0x2fff0778                stm32_clear_fwu_trial_boot_cnt
 .text.fdt32_to_cpu
                0x2fff079a        0x4 ./../build/opteemin-sdcard-stm32mp135f-dk/bl2/stm32mp_dt.o
 .text.dt_get_pwr_vdd_voltage
                0x2fff079e       0x22 ./../build/opteemin-sdcard-stm32mp135f-dk/bl2/stm32mp_dt.o
                0x2fff079e                dt_get_pwr_vdd_voltage
 .text.bl2_el3_early_platform_setup
                0x2fff07c0        0x4 ./../build/opteemin-sdcard-stm32mp135f-dk/bl2/bl2_plat_setup.o
                0x2fff07c0                bl2_el3_early_platform_setup
 .text.stm32_clean_context
                0x2fff07c4       0x24 ./../build/opteemin-sdcard-stm32mp135f-dk/bl2/stm32mp1_context.o
                0x2fff07c4                stm32_clean_context
 .text.stm32_get_zdata_from_context
                0x2fff07e8       0x1c ./../build/opteemin-sdcard-stm32mp135f-dk/bl2/stm32mp1_context.o
                0x2fff07e8                stm32_get_zdata_from_context
 .text.stm32_pwr_cstop_critic_exit
                0x2fff0804       0x20 ./../build/opteemin-sdcard-stm32mp135f-dk/bl2/stm32mp1_critic_power.o
                0x2fff0804                stm32_pwr_cstop_critic_exit
 .text.stm32_pwr_call_optee_ep
                0x2fff0824       0x10 ./../build/opteemin-sdcard-stm32mp135f-dk/bl2/stm32mp1_critic_power.o
                0x2fff0824                stm32_pwr_call_optee_ep
 .text.fdt32_to_cpu
                0x2fff0834        0x4 ./../build/opteemin-sdcard-stm32mp135f-dk/bl2/stm32mp1_fconf_firewall.o
 .text.stm32mp1_addr_inside_backupsram
                0x2fff0838       0x10 ./../build/opteemin-sdcard-stm32mp135f-dk/bl2/stm32mp1_private.o
                0x2fff0838                stm32mp1_addr_inside_backupsram
 .text.stm32mp_syscfg_enable_io_compensation_finish
                0x2fff0848       0x18 ./../build/opteemin-sdcard-stm32mp135f-dk/bl2/stm32mp1_syscfg.o
                0x2fff0848                stm32mp_syscfg_enable_io_compensation_finish
 .text.fdt32_ld