/home/dangcaominh/STM32MP1/u-boot/stm32mp1-u-boot/lib/crypto/x509_cert_parser.c:339:12:x509_fabricate_name.isra	32	static
/home/dangcaominh/STM32MP1/u-boot/stm32mp1-u-boot/lib/crypto/x509_cert_parser.c:57:6:x509_free_certificate	8	static
/home/dangcaominh/STM32MP1/u-boot/stm32mp1-u-boot/lib/crypto/x509_cert_parser.c:74:26:x509_cert_parse	24	static
/home/dangcaominh/STM32MP1/u-boot/stm32mp1-u-boot/lib/crypto/x509_cert_parser.c:166:5:x509_note_OID	72	static
/home/dangcaominh/STM32MP1/u-boot/stm32mp1-u-boot/lib/crypto/x509_cert_parser.c:186:5:x509_note_tbs_certificate	0	static
/home/dangcaominh/STM32MP1/u-boot/stm32mp1-u-boot/lib/crypto/x509_cert_parser.c:203:5:x509_note_pkey_algo	0	static
/home/dangcaominh/STM32MP1/u-boot/stm32mp1-u-boot/lib/crypto/x509_cert_parser.c:265:5:x509_note_signature	16	static
/home/dangcaominh/STM32MP1/u-boot/stm32mp1-u-boot/lib/crypto/x509_cert_parser.c:297:5:x509_note_serial	0	static
/home/dangcaominh/STM32MP1/u-boot/stm32mp1-u-boot/lib/crypto/x509_cert_parser.c:310:5:x509_extract_name_segment	0	static
/home/dangcaominh/STM32MP1/u-boot/stm32mp1-u-boot/lib/crypto/x509_cert_parser.c:414:5:x509_note_issuer	0	static
/home/dangcaominh/STM32MP1/u-boot/stm32mp1-u-boot/lib/crypto/x509_cert_parser.c:424:5:x509_note_subject	0	static
/home/dangcaominh/STM32MP1/u-boot/stm32mp1-u-boot/lib/crypto/x509_cert_parser.c:437:5:x509_note_params	0	static
/home/dangcaominh/STM32MP1/u-boot/stm32mp1-u-boot/lib/crypto/x509_cert_parser.c:458:5:x509_extract_key_data	8	static
/home/dangcaominh/STM32MP1/u-boot/stm32mp1-u-boot/lib/crypto/x509_cert_parser.c:487:5:x509_process_extension	16	static
/home/dangcaominh/STM32MP1/u-boot/stm32mp1-u-boot/lib/crypto/x509_cert_parser.c:544:5:x509_decode_time	40	static
/home/dangcaominh/STM32MP1/u-boot/stm32mp1-u-boot/lib/crypto/x509_cert_parser.c:621:5:x509_note_not_before	0	static
/home/dangcaominh/STM32MP1/u-boot/stm32mp1-u-boot/lib/crypto/x509_cert_parser.c:629:5:x509_note_not_after	0	static
/home/dangcaominh/STM32MP1/u-boot/stm32mp1-u-boot/lib/crypto/x509_cert_parser.c:640:5:x509_akid_note_kid	8	static
/home/dangcaominh/STM32MP1/u-boot/stm32mp1-u-boot/lib/crypto/x509_cert_parser.c:663:5:x509_akid_note_name	0	static
/home/dangcaominh/STM32MP1/u-boot/stm32mp1-u-boot/lib/crypto/x509_cert_parser.c:679:5:x509_akid_note_serial	8	static
