/home/dangcaominh/STM32MP1/u-boot/u-boot/drivers/rtc/stm32_rtc.c:110:13:stm32_rtc_unlock	8	static
/home/dangcaominh/STM32MP1/u-boot/u-boot/drivers/rtc/stm32_rtc.c:160:13:stm32_rtc_exit_init_mode	8	static
/home/dangcaominh/STM32MP1/u-boot/u-boot/drivers/rtc/stm32_rtc.c:83:12:stm32_rtc_get	16	static
/home/dangcaominh/STM32MP1/u-boot/u-boot/drivers/rtc/stm32_rtc.c:125:12:stm32_rtc_enter_init_mode	16	static
/home/dangcaominh/STM32MP1/u-boot/u-boot/drivers/rtc/stm32_rtc.c:143:12:stm32_rtc_wait_sync	16	static
/home/dangcaominh/STM32MP1/u-boot/u-boot/drivers/rtc/stm32_rtc.c:169:12:stm32_rtc_set_time	24	static
/home/dangcaominh/STM32MP1/u-boot/u-boot/drivers/rtc/stm32_rtc.c:218:12:stm32_rtc_reset	0	static
/home/dangcaominh/STM32MP1/u-boot/u-boot/drivers/rtc/stm32_rtc.c:192:12:stm32_rtc_set	28	static
/home/dangcaominh/STM32MP1/u-boot/u-boot/drivers/rtc/stm32_rtc.c:321:12:stm32_rtc_probe	112	static
