/home/dangcaominh/STM32MP1/u-boot/stm32mp1-u-boot/net/arp.c:30:6:arp_init	0	static
/home/dangcaominh/STM32MP1/u-boot/stm32mp1-u-boot/net/arp.c:41:6:arp_raw_request	40	static
/home/dangcaominh/STM32MP1/u-boot/stm32mp1-u-boot/net/arp.c:71:6:arp_request	16	static
/home/dangcaominh/STM32MP1/u-boot/stm32mp1-u-boot/net/arp.c:88:5:arp_timeout_check	8	static
/home/dangcaominh/STM32MP1/u-boot/stm32mp1-u-boot/net/arp.c:113:6:arp_receive	56	static
/home/dangcaominh/STM32MP1/u-boot/stm32mp1-u-boot/net/arp.c:227:6:arp_is_waiting	0	static
