/home/dangcaominh/STM32MP1/u-boot/u-boot/net/bootp.c:459:12:dhcp_extended	24	static
/home/dangcaominh/STM32MP1/u-boot/u-boot/net/bootp.c:835:13:dhcp_process_options	24	static
/home/dangcaominh/STM32MP1/u-boot/u-boot/net/bootp.c:928:13:dhcp_packet_process_options	24	static
/home/dangcaominh/STM32MP1/u-boot/u-boot/net/bootp.c:1043:13:dhcp_handler	56	static
/home/dangcaominh/STM32MP1/u-boot/u-boot/net/bootp.c:710:6:bootp_reset	8	static
/home/dangcaominh/STM32MP1/u-boot/u-boot/net/bootp.c:718:6:bootp_request	48	static
/home/dangcaominh/STM32MP1/u-boot/u-boot/net/bootp.c:398:13:bootp_timeout_handler	8	static
/home/dangcaominh/STM32MP1/u-boot/u-boot/net/bootp.c:1128:6:dhcp_request	0	static
