Archive member included to satisfy reference by file (symbol)

./../build/opteemin-programmer-uart-stm32mp157c-ed1/lib/libfdt.a(fdt.o)
                              ./../build/opteemin-programmer-uart-stm32mp157c-ed1/bl2/fconf.o (fdt_check_header)
./../build/opteemin-programmer-uart-stm32mp157c-ed1/lib/libfdt.a(fdt_addresses.o)
                              ./../build/opteemin-programmer-uart-stm32mp157c-ed1/bl2/fdt_wrappers.o (fdt_address_cells)
./../build/opteemin-programmer-uart-stm32mp157c-ed1/lib/libfdt.a(fdt_ro.o)
                              ./../build/opteemin-programmer-uart-stm32mp157c-ed1/bl2/fdt_wrappers.o (fdt_get_name)
./../build/opteemin-programmer-uart-stm32mp157c-ed1/lib/libfdt.a(fdt_rw.o)
                              ./../build/opteemin-programmer-uart-stm32mp157c-ed1/lib/libfdt.a(fdt_addresses.o) (fdt_appendprop)
./../build/opteemin-programmer-uart-stm32mp157c-ed1/lib/libfdt.a(fdt_strerror.o)
                              ./../build/opteemin-programmer-uart-stm32mp157c-ed1/bl2/fdt_wrappers.o (fdt_strerror)
./../build/opteemin-programmer-uart-stm32mp157c-ed1/lib/libfdt.a(fdt_wip.o)
                              ./../build/opteemin-programmer-uart-stm32mp157c-ed1/bl2/fdt_wrappers.o (fdt_setprop_inplace_namelen_partial)
./../build/opteemin-programmer-uart-stm32mp157c-ed1/lib/libc.a(assert.o)
                              ./../build/opteemin-programmer-uart-stm32mp157c-ed1/bl2/bl2_image_load_v2.o (__assert)
./../build/opteemin-programmer-uart-stm32mp157c-ed1/lib/libc.a(memchr.o)
                              ./../build/opteemin-programmer-uart-stm32mp157c-ed1/lib/libfdt.a(fdt_ro.o) (memchr)
./../build/opteemin-programmer-uart-stm32mp157c-ed1/lib/libc.a(memcmp.o)
                              ./../build/opteemin-programmer-uart-stm32mp157c-ed1/bl2/uuid.o (memcmp)
./../build/opteemin-programmer-uart-stm32mp157c-ed1/lib/libc.a(memcpy.o)
                              ./../build/opteemin-programmer-uart-stm32mp157c-ed1/bl2/fdt_wrappers.o (memcpy)
./../build/opteemin-programmer-uart-stm32mp157c-ed1/lib/libc.a(memmove.o)
                              ./../build/opteemin-programmer-uart-stm32mp157c-ed1/bl2/xlat_tables_core.o (memmove)
./../build/opteemin-programmer-uart-stm32mp157c-ed1/lib/libc.a(memset.o)
                              ./../build/opteemin-programmer-uart-stm32mp157c-ed1/bl2/uuid.o (memset)
./../build/opteemin-programmer-uart-stm32mp157c-ed1/lib/libc.a(printf.o)
                              ./../build/opteemin-programmer-uart-stm32mp157c-ed1/bl2/tf_log.o (vprintf)
./../build/opteemin-programmer-uart-stm32mp157c-ed1/lib/libc.a(snprintf.o)
                              ./../build/opteemin-programmer-uart-stm32mp157c-ed1/bl2/stm32mp1_clk.o (snprintf)
./../build/opteemin-programmer-uart-stm32mp157c-ed1/lib/libc.a(strchr.o)
                              ./../build/opteemin-programmer-uart-stm32mp157c-ed1/bl2/fdt_wrappers.o (strchr)
./../build/opteemin-programmer-uart-stm32mp157c-ed1/lib/libc.a(strcmp.o)
                              ./../build/opteemin-programmer-uart-stm32mp157c-ed1/bl2/stm32mp_pmic.o (strcmp)
./../build/opteemin-programmer-uart-stm32mp157c-ed1/lib/libc.a(strlcpy.o)
                              ./../build/opteemin-programmer-uart-stm32mp157c-ed1/bl2/fdt_wrappers.o (strlcpy)
./../build/opteemin-programmer-uart-stm32mp157c-ed1/lib/libc.a(strlen.o)
                              ./../build/opteemin-programmer-uart-stm32mp157c-ed1/bl2/fdt_wrappers.o (strlen)
./../build/opteemin-programmer-uart-stm32mp157c-ed1/lib/libc.a(strncmp.o)
                              ./../build/opteemin-programmer-uart-stm32mp157c-ed1/bl2/fdt_wrappers.o (strncmp)
./../build/opteemin-programmer-uart-stm32mp157c-ed1/lib/libc.a(strnlen.o)
                              ./../build/opteemin-programmer-uart-stm32mp157c-ed1/bl2/uuid.o (strnlen)
./../build/opteemin-programmer-uart-stm32mp157c-ed1/lib/libc.a(strrchr.o)
                              ./../build/opteemin-programmer-uart-stm32mp157c-ed1/lib/libfdt.a(fdt_ro.o) (strrchr)

Discarded input sections

 .text          0x00000000        0x0 ./../build/opteemin-programmer-uart-stm32mp157c-ed1/bl2/build_message.o
 .data          0x00000000        0x0 ./../build/opteemin-programmer-uart-stm32mp157c-ed1/bl2/build_message.o
 .bss           0x00000000        0x0 ./../build/opteemin-programmer-uart-stm32mp157c-ed1/bl2/build_message.o
 .rodata.version
                0x00000000        0x8 ./../build/opteemin-programmer-uart-stm32mp157c-ed1/bl2/build_message.o
 .text          0x00000000        0x0 ./../build/opteemin-programmer-uart-stm32mp157c-ed1/bl2/bl2_arch_setup.o
 .data          0x00000000        0x0 ./../build/opteemin-programmer-uart-stm32mp157c-ed1/bl2/bl2_arch_setup.o
 .bss           0x00000000        0x0 ./../build/opteemin-programmer-uart-stm32mp157c-ed1/bl2/bl2_arch_setup.o
 .text          0x00000000        0x0 ./../build/opteemin-programmer-uart-stm32mp157c-ed1/bl2/bl2_image_load_v2.o
[...]
Memory Configuration

Name             Origin             Length             Attributes
RAM              0x2ffe9000         0x00016000         xrw
*default*        0x00000000         0xffffffff

Linker script and memory map

                0x2ffe9000                        RAM_REGION_START = ORIGIN (RAM)
                0x00016000                        RAM_REGION_LENGTH = LENGTH (RAM)
                0x2ffe9000                        . = 0x2ffe9000
                0x00000001                        ASSERT ((. == ALIGN (0x1000)), BL2_BASE address is not aligned on a page boundary.)

.ro             0x2ffe9000     0xf000
                0x2ffe9000                        __RO_START__ = .
                0x2ffe9000                        __TEXT_RESIDENT_START__ = .
 *bl2_el3_entrypoint.o(SORT_BY_ALIGNMENT(.text*))
 .text.asm.bl2_entrypoint
                0x2ffe9000      0x160 ./../build/opteemin-programmer-uart-stm32mp157c-ed1/bl2/bl2_el3_entrypoint.o
                0x2ffe9000                bl2_entrypoint
 *(SORT_BY_ALIGNMENT(.text.asm.*))
 .text.asm.bl2_run_next_image
                0x2ffe9160       0x48 ./../build/opteemin-programmer-uart-stm32mp157c-ed1/bl2/bl2_run_next_image.o
                0x2ffe9160                bl2_run_next_image
 .text.asm.asm_assert
                0x2ffe91a8       0x7c ./../build/opteemin-programmer-uart-stm32mp157c-ed1/bl2/debug.o
                0x2ffe91a8                asm_assert
 .text.asm.asm_print_str
                0x2ffe9224       0x1c ./../build/opteemin-programmer-uart-stm32mp157c-ed1/bl2/debug.o
                0x2ffe9224                asm_print_str
 .text.asm.asm_print_hex
                0x2ffe9240       0x34 ./../build/opteemin-programmer-uart-stm32mp157c-ed1/bl2/debug.o
                0x2ffe9240                asm_print_hex
                0x2ffe9244                asm_print_hex_bits
 .text.asm.el3_panic
                0x2ffe9274       0x3c ./../build/opteemin-programmer-uart-stm32mp157c-ed1/bl2/debug.o
                0x2ffe9274                el3_panic
 .text.asm.report_exception
                0x2ffe92b0       0x14 ./../build/opteemin-programmer-uart-stm32mp157c-ed1/bl2/debug.o
                0x2ffe92b0                report_exception
 .text.asm.report_prefetch_abort
                0x2ffe92c4       0x10 ./../build/opteemin-programmer-uart-stm32mp157c-ed1/bl2/debug.o
                0x2ffe92c4                report_prefetch_abort
 .text.asm.report_data_abort
                0x2ffe92d4       0x10 ./../build/opteemin-programmer-uart-stm32mp157c-ed1/bl2/debug.o
                0x2ffe92d4                report_data_abort
 .text.asm.console_stm32_core_init
                0x2ffe92e4       0xac ./../build/opteemin-programmer-uart-stm32mp157c-ed1/bl2/stm32_console.o
                0x2ffe92e4                console_stm32_core_init
 .text.asm.console_stm32_register
                0x2ffe9390       0x50 ./../build/opteemin-programmer-uart-stm32mp157c-ed1/bl2/stm32_console.o
                0x2ffe9390                console_stm32_register
 .text.asm.console_stm32_core_putc
                0x2ffe93e0       0x24 ./../build/opteemin-programmer-uart-stm32mp157c-ed1/bl2/stm32_console.o
                0x2ffe93e0                console_stm32_core_putc
 .text.asm.console_stm32_putc
                0x2ffe9404       0x20 ./../build/opteemin-programmer-uart-stm32mp157c-ed1/bl2/stm32_console.o
                0x2ffe9404                console_stm32_putc
 .text.asm.console_stm32_core_flush
                0x2ffe9424       0x34 ./../build/opteemin-programmer-uart-stm32mp157c-ed1/bl2/stm32_console.o
                0x2ffe9424                console_stm32_core_flush
 .text.asm.console_stm32_flush
                0x2ffe9458       0x20 ./../build/opteemin-programmer-uart-stm32mp157c-ed1/bl2/stm32_console.o
                0x2ffe9458                console_stm32_flush
 .text.asm.flush_dcache_range
                0x2ffe9478       0x3c ./../build/opteemin-programmer-uart-stm32mp157c-ed1/bl2/cache_helpers.o
                0x2ffe9478                flush_dcache_range
 .text.asm.clean_dcache_range
                0x2ffe94b4       0x3c ./../build/opteemin-programmer-uart-stm32mp157c-ed1/bl2/cache_helpers.o
                0x2ffe94b4                clean_dcache_range
 .text.asm.inv_dcache_range
                0x2ffe94f0       0x3c ./../build/opteemin-programmer-uart-stm32mp157c-ed1/bl2/cache_helpers.o
                0x2ffe94f0                inv_dcache_range
 .text.asm.do_dcsw_op
                0x2ffe952c       0xc8 ./../build/opteemin-programmer-uart-stm32mp157c-ed1/bl2/cache_helpers.o
 .text.asm.dcsw_op_all
                0x2ffe95f4       0x14 ./../build/opteemin-programmer-uart-stm32mp157c-ed1/bl2/cache_helpers.o
                0x2ffe95f4                dcsw_op_all
 .text.asm.zeromem
                0x2ffe9608       0x64 ./../build/opteemin-programmer-uart-stm32mp157c-ed1/bl2/misc_helpers.o
                0x2ffe9608                zeromem
                0x2ffe9608                zero_normalmem
 .text.asm.disable_mmu_secure
                0x2ffe966c       0x1c ./../build/opteemin-programmer-uart-stm32mp157c-ed1/bl2/misc_helpers.o
                0x2ffe966c                disable_mmu_secure
 .text.asm.disable_mmu_icache_secure
                0x2ffe9688        0xc ./../build/opteemin-programmer-uart-stm32mp157c-ed1/bl2/misc_helpers.o
                0x2ffe9688                disable_mmu_icache_secure
 .text.asm.cortex_a7_enable_smp
                0x2ffe9694       0x14 ./../build/opteemin-programmer-uart-stm32mp157c-ed1/bl2/cortex_a7.o
 .text.asm.cortex_a7_reset_func
                0x2ffe96a8        0x4 ./../build/opteemin-programmer-uart-stm32mp157c-ed1/bl2/cortex_a7.o
 .text.asm.reset_handler
                0x2ffe96ac       0x38 ./../build/opteemin-programmer-uart-stm32mp157c-ed1/bl2/cpu_helpers.o
                0x2ffe96ac                reset_handler
 .text.asm.get_cpu_ops_ptr
                0x2ffe96e4       0x5c ./../build/opteemin-programmer-uart-stm32mp157c-ed1/bl2/cpu_helpers.o
                0x2ffe96e4                get_cpu_ops_ptr
 .text.asm.spin_lock
                0x2ffe9740       0x24 ./../build/opteemin-programmer-uart-stm32mp157c-ed1/bl2/spinlock.o
                0x2ffe9740                spin_lock
 .text.asm.spin_unlock
                0x2ffe9764       0x18 ./../build/opteemin-programmer-uart-stm32mp157c-ed1/bl2/spinlock.o
                0x2ffe9764                spin_unlock
 .text.asm.enable_mmu_direct_svc_mon
                0x2ffe977c       0x80 ./../build/opteemin-programmer-uart-stm32mp157c-ed1/bl2/enable_mmu.o
                0x2ffe977c                enable_mmu_direct_svc_mon
 .text.asm.plat_set_my_stack
                0x2ffe97fc       0x10 ./../build/opteemin-programmer-uart-stm32mp157c-ed1/bl2/platform_up_stack.o
                0x2ffe97fc                plat_set_my_stack
 .text.asm.stm32_pwr_down_wfi_wrapper
                0x2ffe980c       0x88 ./../build/opteemin-programmer-uart-stm32mp157c-ed1/bl2/stm32mp1_critic_power_wrapper.o
                0x2ffe980c                stm32_pwr_down_wfi_wrapper
 .text.asm.platform_mem_init
                0x2ffe9894        0x4 ./../build/opteemin-programmer-uart-stm32mp157c-ed1/bl2/stm32mp1_helper.o
                0x2ffe9894                platform_mem_init
 .text.asm.plat_report_exception
                0x2ffe9898       0x64 ./../build/opteemin-programmer-uart-stm32mp157c-ed1/bl2/stm32mp1_helper.o
                0x2ffe9898                plat_report_exception
 .text.asm.plat_report_prefetch_abort
                0x2ffe98fc       0x58 ./../build/opteemin-programmer-uart-stm32mp157c-ed1/bl2/stm32mp1_helper.o
                0x2ffe98fc                plat_report_prefetch_abort
 .text.asm.plat_report_data_abort
                0x2ffe9954       0x58 ./../build/opteemin-programmer-uart-stm32mp157c-ed1/bl2/stm32mp1_helper.o
                0x2ffe9954                plat_report_data_abort
 .text.asm.plat_reset_handler
                0x2ffe99ac        0x4 ./../build/opteemin-programmer-uart-stm32mp157c-ed1/bl2/stm32mp1_helper.o
                0x2ffe99ac                plat_reset_handler
 .text.asm.plat_get_my_entrypoint
                0x2ffe99b0        0x8 ./../build/opteemin-programmer-uart-stm32mp157c-ed1/bl2/stm32mp1_helper.o
                0x2ffe99b0                plat_get_my_entrypoint
 .text.asm.plat_secondary_cold_boot_setup
                0x2ffe99b8        0x4 ./../build/opteemin-programmer-uart-stm32mp157c-ed1/bl2/stm32mp1_helper.o
                0x2ffe99b8                plat_secondary_cold_boot_setup
 .text.asm.plat_is_my_cpu_primary
                0x2ffe99bc       0x20 ./../build/opteemin-programmer-uart-stm32mp157c-ed1/bl2/stm32mp1_helper.o
                0x2ffe99bc                plat_is_my_cpu_primary
 .text.asm.plat_crash_console_init
                0x2ffe99dc       0xc0 ./../build/opteemin-programmer-uart-stm32mp157c-ed1/bl2/stm32mp1_helper.o
                0x2ffe99dc                plat_crash_console_init
 .text.asm.plat_crash_console_flush
                0x2ffe9a9c        0xc ./../build/opteemin-programmer-uart-stm32mp157c-ed1/bl2/stm32mp1_helper.o
                0x2ffe9a9c                plat_crash_console_flush
 .text.asm.plat_crash_console_putc
                0x2ffe9aa8        0xc ./../build/opteemin-programmer-uart-stm32mp157c-ed1/bl2/stm32mp1_helper.o
                0x2ffe9aa8                plat_crash_console_putc
 .text.asm.plat_panic_handler
                0x2ffe9ab4       0x14 ./../build/opteemin-programmer-uart-stm32mp157c-ed1/bl2/stm32mp1_helper.o
                0x2ffe9ab4                plat_panic_handler
                0x2ffe9ac8                        __TEXT_RESIDENT_END__ = .
 *(SORT_BY_ALIGNMENT(.text*))
 .text.bl2_load_images
                0x2ffe9ac8      0x118 ./../build/opteemin-programmer-uart-stm32mp157c-ed1/bl2/bl2_image_load_v2.o
                0x2ffe9ac8                bl2_load_images
 .text.bl2_main
                0x2ffe9be0       0x4c ./../build/opteemin-programmer-uart-stm32mp157c-ed1/bl2/bl2_main.o
                0x2ffe9be0                bl2_main
 .text.load_auth_image
                0x2ffe9c2c      0x114 ./../build/opteemin-programmer-uart-stm32mp157c-ed1/bl2/bl_common.o
                0x2ffe9c2c                load_auth_image
 .text.print_entry_point_info
                0x2ffe9d40       0x20 ./../build/opteemin-programmer-uart-stm32mp157c-ed1/bl2/bl_common.o
                0x2ffe9d40                print_entry_point_info
 .text.flush_bl_params_desc_args
                0x2ffe9d60       0x34 ./../build/opteemin-programmer-uart-stm32mp157c-ed1/bl2/desc_image_load.o
                0x2ffe9d60                flush_bl_params_desc_args
 .text.flush_bl_params_desc
                0x2ffe9d94       0x1c ./../build/opteemin-programmer-uart-stm32mp157c-ed1/bl2/desc_image_load.o
                0x2ffe9d94                flush_bl_params_desc
 .text.get_bl_params_node_index
                0x2ffe9db0       0x44 ./../build/opteemin-programmer-uart-stm32mp157c-ed1/bl2/desc_image_load.o
                0x2ffe9db0                get_bl_params_node_index
 .text.get_bl_mem_params_node
                0x2ffe9df4       0x30 ./../build/opteemin-programmer-uart-stm32mp157c-ed1/bl2/desc_image_load.o
                0x2ffe9df4                get_bl_mem_params_node
 .text.get_bl_load_info_from_mem_params_desc
                0x2ffe9e24       0x50 ./../build/opteemin-programmer-uart-stm32mp157c-ed1/bl2/desc_image_load.o
                0x2ffe9e24                get_bl_load_info_from_mem_params_desc
 .text.get_next_bl_params_from_mem_params_desc
                0x2ffe9e74       0xc0 ./../build/opteemin-programmer-uart-stm32mp157c-ed1/bl2/desc_image_load.o
                0x2ffe9e74                get_next_bl_params_from_mem_params_desc
 .text.populate_next_bl_params_config
                0x2ffe9f34       0x68 ./../build/opteemin-programmer-uart-stm32mp157c-ed1/bl2/desc_image_load.o
                0x2ffe9f34                populate_next_bl_params_config
 .text.fdt_read_uint32_array
                0x2ffe9f9c       0x70 ./../build/opteemin-programmer-uart-stm32mp157c-ed1/bl2/fdt_wrappers.o
                0x2ffe9f9c                fdt_read_uint32_array
 .text.fdtw_read_string
                0x2ffea00c       0x88 ./../build/opteemin-programmer-uart-stm32mp157c-ed1/bl2/fdt_wrappers.o
                0x2ffea00c                fdtw_read_string
 .text.fdtw_read_uuid
                0x2ffea094       0x54 ./../build/opteemin-programmer-uart-stm32mp157c-ed1/bl2/fdt_wrappers.o
                0x2ffea094                fdtw_read_uuid
 .text.fdt_get_stdout_node_offset
                0x2ffea0e8       0x74 ./../build/opteemin-programmer-uart-stm32mp157c-ed1/bl2/fdt_wrappers.o
                0x2ffea0e8                fdt_get_stdout_node_offset
 .text.tf_log   0x2ffea15c       0x5c ./../build/opteemin-programmer-uart-stm32mp157c-ed1/bl2/tf_log.o
                0x2ffea15c                tf_log
 .text.read_uuid
                0x2ffea1b8       0xc8 ./../build/opteemin-programmer-uart-stm32mp157c-ed1/bl2/uuid.o
                0x2ffea1b8                read_uuid
 .text.tzc400_set_action
                0x2ffea280       0x24 ./../build/opteemin-programmer-uart-stm32mp157c-ed1/bl2/tzc400.o
                0x2ffea280                tzc400_set_action
 .text.tzc400_init
                0x2ffea2a4       0x5c ./../build/opteemin-programmer-uart-stm32mp157c-ed1/bl2/tzc400.o
                0x2ffea2a4                tzc400_init
 .text.tzc400_configure_region0
                0x2ffea300       0x2c ./../build/opteemin-programmer-uart-stm32mp157c-ed1/bl2/tzc400.o
                0x2ffea300                tzc400_configure_region0
 .text.tzc400_configure_region
                0x2ffea32c       0xc4 ./../build/opteemin-programmer-uart-stm32mp157c-ed1/bl2/tzc400.o
                0x2ffea32c                tzc400_configure_region
 .text.tzc400_update_filters
                0x2ffea3f0       0x44 ./../build/opteemin-programmer-uart-stm32mp157c-ed1/bl2/tzc400.o
                0x2ffea3f0                tzc400_update_filters
 .text.tzc400_enable_filters
                0x2ffea434       0x68 ./../build/opteemin-programmer-uart-stm32mp157c-ed1/bl2/tzc400.o
                0x2ffea434                tzc400_enable_filters
 .text.tzc400_disable_filters
                0x2ffea49c       0x50 ./../build/opteemin-programmer-uart-stm32mp157c-ed1/bl2/tzc400.o
                0x2ffea49c                tzc400_disable_filters
 .text.clk_enable
                0x2ffea4ec       0x24 ./../build/opteemin-programmer-uart-stm32mp157c-ed1/bl2/clk.o
                0x2ffea4ec                clk_enable
 .text.clk_disable
                0x2ffea510       0x24 ./../build/opteemin-programmer-uart-stm32mp157c-ed1/bl2/clk.o
                0x2ffea510                clk_disable
 .text.clk_get_rate
                0x2ffea534       0x24 ./../build/opteemin-programmer-uart-stm32mp157c-ed1/bl2/clk.o
                0x2ffea534                clk_get_rate
 .text.clk_is_enabled
                0x2ffea558       0x24 ./../build/opteemin-programmer-uart-stm32mp157c-ed1/bl2/clk.o
                0x2ffea558                clk_is_enabled
 .text.clk_register
                0x2ffea57c       0x30 ./../build/opteemin-programmer-uart-stm32mp157c-ed1/bl2/clk.o
                0x2ffea57c                clk_register
 .text.console_is_registered
                0x2ffea5ac       0x28 ./../build/opteemin-programmer-uart-stm32mp157c-ed1/bl2/multi_console.o
                0x2ffea5ac                console_is_registered
 .text.console_register
                0x2ffea5d4       0x40 ./../build/opteemin-programmer-uart-stm32mp157c-ed1/bl2/multi_console.o
                0x2ffea5d4                console_register
 .text.console_set_scope
                0x2ffea614       0x1c ./../build/opteemin-programmer-uart-stm32mp157c-ed1/bl2/multi_console.o
                0x2ffea614                console_set_scope
 .text.console_putc
                0x2ffea630       0x58 ./../build/opteemin-programmer-uart-stm32mp157c-ed1/bl2/multi_console.o
                0x2ffea630                console_putc
 .text.console_flush
                0x2ffea688       0x28 ./../build/opteemin-programmer-uart-stm32mp157c-ed1/bl2/multi_console.o
                0x2ffea688                console_flush
 .text.udelay   0x2ffea6b0       0x70 ./../build/opteemin-programmer-uart-stm32mp157c-ed1/bl2/delay_timer.o
                0x2ffea6b0                udelay
 .text.timer_init
                0x2ffea720       0x28 ./../build/opteemin-programmer-uart-stm32mp157c-ed1/bl2/delay_timer.o
                0x2ffea720                timer_init
 .text.generic_delay_timer_init_args
                0x2ffea748       0x18 ./../build/opteemin-programmer-uart-stm32mp157c-ed1/bl2/generic_delay_timer.o
                0x2ffea748                generic_delay_timer_init_args
 .text.generic_delay_timer_init
                0x2ffea760       0x54 ./../build/opteemin-programmer-uart-stm32mp157c-ed1/bl2/generic_delay_timer.o
                0x2ffea760                generic_delay_timer_init
 .text.fip_file_close
                0x2ffea7b4       0x20 ./../build/opteemin-programmer-uart-stm32mp157c-ed1/bl2/io_fip.o
 .text.fip_dev_init
                0x2ffea7d4       0x9c ./../build/opteemin-programmer-uart-stm32mp157c-ed1/bl2/io_fip.o
 .text.fip_file_read
                0x2ffea870       0xb4 ./../build/opteemin-programmer-uart-stm32mp157c-ed1/bl2/io_fip.o
 .text.fip_file_len
                0x2ffea924       0x24 ./../build/opteemin-programmer-uart-stm32mp157c-ed1/bl2/io_fip.o
 .text.fip_file_open
                0x2ffea948       0xf0 ./../build/opteemin-programmer-uart-stm32mp157c-ed1/bl2/io_fip.o
 .text.fip_dev_close
                0x2ffeaa38       0x50 ./../build/opteemin-programmer-uart-stm32mp157c-ed1/bl2/io_fip.o
 .text.fip_dev_open
                0x2ffeaa88       0x4c ./../build/opteemin-programmer-uart-stm32mp157c-ed1/bl2/io_fip.o
 .text.register_io_dev_fip
                0x2ffeaad4       0x2c ./../build/opteemin-programmer-uart-stm32mp157c-ed1/bl2/io_fip.o
                0x2ffeaad4                register_io_dev_fip
 .text.memmap_block_write
                0x2ffeab00       0x60 ./../build/opteemin-programmer-uart-stm32mp157c-ed1/bl2/io_memmap.o
 .text.memmap_block_read
                0x2ffeab60       0x64 ./../build/opteemin-programmer-uart-stm32mp157c-ed1/bl2/io_memmap.o
 .text.memmap_dev_open
                0x2ffeabc4       0x1c ./../build/opteemin-programmer-uart-stm32mp157c-ed1/bl2/io_memmap.o
 .text.memmap_block_len
                0x2ffeabe0       0x20 ./../build/opteemin-programmer-uart-stm32mp157c-ed1/bl2/io_memmap.o
 .text.memmap_block_seek
                0x2ffeac00       0x38 ./../build/opteemin-programmer-uart-stm32mp157c-ed1/bl2/io_memmap.o
 .text.memmap_block_close
                0x2ffeac38       0x24 ./../build/opteemin-programmer-uart-stm32mp157c-ed1/bl2/io_memmap.o
 .text.memmap_block_open
                0x2ffeac5c       0x4c ./../build/opteemin-programmer-uart-stm32mp157c-ed1/bl2/io_memmap.o
 .text.register_io_dev_memmap
                0x2ffeaca8       0x28 ./../build/opteemin-programmer-uart-stm32mp157c-ed1/bl2/io_memmap.o
                0x2ffeaca8                register_io_dev_memmap
 .text.free_entity.isra.0
                0x2ffeacd0       0x40 ./../build/opteemin-programmer-uart-stm32mp157c-ed1/bl2/io_storage.o
 .text.io_register_device
                0x2ffead10       0x28 ./../build/opteemin-programmer-uart-stm32mp157c-ed1/bl2/io_storage.o
                0x2ffead10                io_register_device
 .text.io_dev_open
                0x2ffead38       0x28 ./../build/opteemin-programmer-uart-stm32mp157c-ed1/bl2/io_storage.o
                0x2ffead38                io_dev_open
 .text.io_dev_init
                0x2ffead60       0x34 ./../build/opteemin-programmer-uart-stm32mp157c-ed1/bl2/io_storage.o
                0x2ffead60                io_dev_init
 .text.io_dev_close
                0x2ffead94       0x30 ./../build/opteemin-programmer-uart-stm32mp157c-ed1/bl2/io_storage.o
                0x2ffead94                io_dev_close
 .text.io_open  0x2ffeadc4       0x94 ./../build/opteemin-programmer-uart-stm32mp157c-ed1/bl2/io_storage.o
                0x2ffeadc4                io_open
 .text.io_seek  0x2ffeae58       0x4c ./../build/opteemin-programmer-uart-stm32mp157c-ed1/bl2/io_storage.o
                0x2ffeae58                io_seek
 .text.io_size  0x2ffeaea4       0x34 ./../build/opteemin-programmer-uart-stm32mp157c-ed1/bl2/io_storage.o
                0x2ffeaea4                io_size
 .text.io_read  0x2ffeaed8       0x48 ./../build/opteemin-programmer-uart-stm32mp157c-ed1/bl2/io_storage.o
                0x2ffeaed8                io_read
 .text.io_close
                0x2ffeaf20       0x30 ./../build/opteemin-programmer-uart-stm32mp157c-ed1/bl2/io_storage.o
                0x2ffeaf20                io_close
 .text.is_otp_invalid_mode
                0x2ffeaf50       0x28 ./../build/opteemin-programmer-uart-stm32mp157c-ed1/bl2/bsec2.o
 .text.bsec_lock
                0x2ffeaf78       0x18 ./../build/opteemin-programmer-uart-stm32mp157c-ed1/bl2/bsec2.o
 .text.bsec_unlock
                0x2ffeaf90       0x18 ./../build/opteemin-programmer-uart-stm32mp157c-ed1/bl2/bsec2.o
 .text.bsec_power_safmem
                0x2ffeafa8       0x58 ./../build/opteemin-programmer-uart-stm32mp157c-ed1/bl2/bsec2.o
 .text.otp_bank_offset
                0x2ffeb000       0x18 ./../build/opteemin-programmer-uart-stm32mp157c-ed1/bl2/bsec2.o
 .text.bsec_check_error
                0x2ffeb018       0x34 ./../build/opteemin-programmer-uart-stm32mp157c-ed1/bl2/bsec2.o
 .text.bsec_probe
                0x2ffeb04c       0x3c ./../build/opteemin-programmer-uart-stm32mp157c-ed1/bl2/bsec2.o
                0x2ffeb04c                bsec_probe
 .text.bsec_read_debug_conf
                0x2ffeb088        0xc ./../build/opteemin-programmer-uart-stm32mp157c-ed1/bl2/bsec2.o
                0x2ffeb088                bsec_read_debug_conf
 .text.bsec_read_sr_lock
                0x2ffeb094       0x34 ./../build/opteemin-programmer-uart-stm32mp157c-ed1/bl2/bsec2.o
                0x2ffeb094                bsec_read_sr_lock
 .text.bsec_read_sw_lock
                0x2ffeb0c8       0x34 ./../build/opteemin-programmer-uart-stm32mp157c-ed1/bl2/bsec2.o
                0x2ffeb0c8                bsec_read_sw_lock
 .text.bsec_write_otp
                0x2ffeb0fc       0x4c ./../build/opteemin-programmer-uart-stm32mp157c-ed1/bl2/bsec2.o
                0x2ffeb0fc                bsec_write_otp
 .text.bsec_read_sp_lock
                0x2ffeb148       0x34 ./../build/opteemin-programmer-uart-stm32mp157c-ed1/bl2/bsec2.o
                0x2ffeb148                bsec_read_sp_lock
 .text.bsec_program_otp
                0x2ffeb17c       0xf0 ./../build/opteemin-programmer-uart-stm32mp157c-ed1/bl2/bsec2.o
                0x2ffeb17c                bsec_program_otp
 .text.bsec_shadow_read_otp
                0x2ffeb26c       0xb8 ./../build/opteemin-programmer-uart-stm32mp157c-ed1/bl2/bsec2.o
                0x2ffeb26c                bsec_shadow_read_otp
 .text.stm32mp1_check_pll_conf
                0x2ffeb324       0xfc ./../build/opteemin-programmer-uart-stm32mp157c-ed1/bl2/stm32mp1_clk.o
 .text.stm32mp1_pll_config_output
                0x2ffeb420       0x34 ./../build/opteemin-programmer-uart-stm32mp157c-ed1/bl2/stm32mp1_clk.o
 .text.stm32mp1_clk_get_gated_id
                0x2ffeb454       0x34 ./../build/opteemin-programmer-uart-stm32mp157c-ed1/bl2/stm32mp1_clk.o
 .text.stm32mp1_clk_get_parent
                0x2ffeb488       0x78 ./../build/opteemin-programmer-uart-stm32mp157c-ed1/bl2/stm32mp1_clk.o
 .text.stm32mp_clk_is_enabled
                0x2ffeb500       0x40 ./../build/opteemin-programmer-uart-stm32mp157c-ed1/bl2/stm32mp1_clk.o
 .text.stm32mp_clk_disable
                0x2ffeb540       0x90 ./../build/opteemin-programmer-uart-stm32mp157c-ed1/bl2/stm32mp1_clk.o
 .text.stm32mp_clk_enable
                0x2ffeb5d0       0x8c ./../build/opteemin-programmer-uart-stm32mp157c-ed1/bl2/stm32mp1_clk.o
 .text.stm32_clk_configure_mux
                0x2ffeb65c       0x90 ./../build/opteemin-programmer-uart-stm32mp157c-ed1/bl2/stm32mp1_clk.o
 .text.stm32mp1_read_pll_freq
                0x2ffeb6ec       0xac ./../build/opteemin-programmer-uart-stm32mp157c-ed1/bl2/stm32mp1_clk.o
 .text.stm32mp_clk_get_rate
                0x2ffeb798      0x204 ./../build/opteemin-programmer-uart-stm32mp157c-ed1/bl2/stm32mp1_clk.o
 .text.stm32mp1_osc_wait.isra.0
                0x2ffeb99c       0x54 ./../build/opteemin-programmer-uart-stm32mp157c-ed1/bl2/stm32mp1_clk.o
 .text.clk_stm32_set_div
                0x2ffeb9f0       0x94 ./../build/opteemin-programmer-uart-stm32mp157c-ed1/bl2/stm32mp1_clk.o
                0x2ffeb9f0                clk_stm32_set_div
 .text.stm32mp1_clk_rcc_regs_lock
                0x2ffeba84        0xc ./../build/opteemin-programmer-uart-stm32mp157c-ed1/bl2/stm32mp1_clk.o
                0x2ffeba84                stm32mp1_clk_rcc_regs_lock
 .text.stm32mp1_clk_rcc_regs_unlock
                0x2ffeba90        0xc ./../build/opteemin-programmer-uart-stm32mp157c-ed1/bl2/stm32mp1_clk.o
                0x2ffeba90                stm32mp1_clk_rcc_regs_unlock
 .text.stm32mp1_clk_init
                0x2ffeba9c      0x954 ./../build/opteemin-programmer-uart-stm32mp157c-ed1/bl2/stm32mp1_clk.o
                0x2ffeba9c                stm32mp1_clk_init
 .text.stm32mp1_clk_probe
                0x2ffec3f0      0x214 ./../build/opteemin-programmer-uart-stm32mp157c-ed1/bl2/stm32mp1_clk.o
                0x2ffec3f0                stm32mp1_clk_probe
 .text.fdt_osc_read_freq
                0x2ffec604       0x8c ./../build/opteemin-programmer-uart-stm32mp157c-ed1/bl2/stm32mp_clkfunc.o
                0x2ffec604                fdt_osc_read_freq
 .text.fdt_clk_read_bool
                0x2ffec690       0x68 ./../build/opteemin-programmer-uart-stm32mp157c-ed1/bl2/stm32mp_clkfunc.o
                0x2ffec690                fdt_clk_read_bool
 .text.fdt_clk_read_uint32_default
                0x2ffec6f8       0x64 ./../build/opteemin-programmer-uart-stm32mp157c-ed1/bl2/stm32mp_clkfunc.o
                0x2ffec6f8                fdt_clk_read_uint32_default
 .text.fdt_get_clock_id
                0x2ffec75c       0x34 ./../build/opteemin-programmer-uart-stm32mp157c-ed1/bl2/stm32mp_clkfunc.o
                0x2ffec75c                fdt_get_clock_id
 .text.fdt_get_uart_clock_freq
                0x2ffec790       0x30 ./../build/opteemin-programmer-uart-stm32mp157c-ed1/bl2/stm32mp_clkfunc.o
                0x2ffec790                fdt_get_uart_clock_freq
 .text.stm32mp_stgen_config
                0x2ffec7c0       0x4c ./../build/opteemin-programmer-uart-stm32mp157c-ed1/bl2/stm32mp_clkfunc.o
                0x2ffec7c0                stm32mp_stgen_config
 .text.stm32mp_stgen_restore_rate
                0x2ffec80c       0x10 ./../build/opteemin-programmer-uart-stm32mp157c-ed1/bl2/stm32mp_clkfunc.o
                0x2ffec80c                stm32mp_stgen_restore_rate
 .text.stm32mp1_ddr_init
                0x2ffec81c      0x4b4 ./../build/opteemin-programmer-uart-stm32mp157c-ed1/bl2/stm32mp1_ddr.o
                0x2ffec81c                stm32mp1_ddr_init
 .text.ddr_sw_self_refresh_exit
                0x2ffeccd0      0x1e4 ./../build/opteemin-programmer-uart-stm32mp157c-ed1/bl2/stm32mp1_ddr_helpers.o
                0x2ffeccd0                ddr_sw_self_refresh_exit
 .text.ddr_read_sr_mode
                0x2ffeceb4       0x18 ./../build/opteemin-programmer-uart-stm32mp157c-ed1/bl2/stm32mp1_ddr_helpers.o
                0x2ffeceb4                ddr_read_sr_mode
 .text.ddr_set_sr_mode
                0x2ffececc      0x1f0 ./../build/opteemin-programmer-uart-stm32mp157c-ed1/bl2/stm32mp1_ddr_helpers.o
                0x2ffececc                ddr_set_sr_mode
 .text.stm32mp1_ddr_setup
                0x2ffed0bc      0x154 ./../build/opteemin-programmer-uart-stm32mp157c-ed1/bl2/stm32mp1_ram.o
 .text.stm32mp1_ddr_clk_enable
                0x2ffed210       0x48 ./../build/opteemin-programmer-uart-stm32mp157c-ed1/bl2/stm32mp1_ram.o
                0x2ffed210                stm32mp1_ddr_clk_enable
 .text.stm32mp1_ddr_is_restored
                0x2ffed258        0xc ./../build/opteemin-programmer-uart-stm32mp157c-ed1/bl2/stm32mp1_ram.o
                0x2ffed258                stm32mp1_ddr_is_restored
 .text.stm32mp1_ddr_probe
                0x2ffed264       0x3c ./../build/opteemin-programmer-uart-stm32mp157c-ed1/bl2/stm32mp1_ram.o
                0x2ffed264                stm32mp1_ddr_probe
 .text.stm32mp_ddr_set_reg
                0x2ffed2a0       0x48 ./../build/opteemin-programmer-uart-stm32mp157c-ed1/bl2/stm32mp_ddr.o
                0x2ffed2a0                stm32mp_ddr_set_reg
 .text.stm32mp_ddr_sw_selfref_entry
                0x2ffed2e8       0x58 ./../build/opteemin-programmer-uart-stm32mp157c-ed1/bl2/stm32mp_ddr.o
                0x2ffed2e8                stm32mp_ddr_sw_selfref_entry
 .text.stm32mp_ddr_set_qd3_update_conditions
                0x2ffed340       0x4c ./../build/opteemin-programmer-uart-stm32mp157c-ed1/bl2/stm32mp_ddr.o
                0x2ffed340                stm32mp_ddr_set_qd3_update_conditions
 .text.stm32mp_ddr_unset_qd3_update_conditions
                0x2ffed38c       0x38 ./../build/opteemin-programmer-uart-stm32mp157c-ed1/bl2/stm32mp_ddr.o
                0x2ffed38c                stm32mp_ddr_unset_qd3_update_conditions
 .text.stm32mp_ddr_dt_get_info
                0x2ffed3c4       0x50 ./../build/opteemin-programmer-uart-stm32mp157c-ed1/bl2/stm32mp_ram.o
                0x2ffed3c4                stm32mp_ddr_dt_get_info
 .text.stm32mp_ddr_dt_get_param
                0x2ffed414       0x54 ./../build/opteemin-programmer-uart-stm32mp157c-ed1/bl2/stm32mp_ram.o
                0x2ffed414                stm32mp_ddr_dt_get_param
 .text.set_gpio.isra.0
                0x2ffed468       0xf0 ./../build/opteemin-programmer-uart-stm32mp157c-ed1/bl2/stm32_gpio.o
 .text.dt_set_pinctrl_config
                0x2ffed558      0x240 ./../build/opteemin-programmer-uart-stm32mp157c-ed1/bl2/stm32_gpio.o
                0x2ffed558                dt_set_pinctrl_config
 .text.i2c_transfer_config.isra.0
                0x2ffed798       0x2c ./../build/opteemin-programmer-uart-stm32mp157c-ed1/bl2/stm32_i2c.o
 .text.i2c_read.isra.0
                0x2ffed7c4      0x1f0 ./../build/opteemin-programmer-uart-stm32mp157c-ed1/bl2/stm32_i2c.o
 .text.i2c_write
                0x2ffed9b4      0x218 ./../build/opteemin-programmer-uart-stm32mp157c-ed1/bl2/stm32_i2c.o
 .text.stm32_i2c_get_setup_from_fdt
                0x2ffedbcc       0x64 ./../build/opteemin-programmer-uart-stm32mp157c-ed1/bl2/stm32_i2c.o
                0x2ffedbcc                stm32_i2c_get_setup_from_fdt
 .text.stm32_i2c_init
                0x2ffedc30      0x434 ./../build/opteemin-programmer-uart-stm32mp157c-ed1/bl2/stm32_i2c.o
                0x2ffedc30                stm32_i2c_init
 .text.stm32_i2c_is_device_ready
                0x2ffee064      0x130 ./../build/opteemin-programmer-uart-stm32mp157c-ed1/bl2/stm32_i2c.o
                0x2ffee064                stm32_i2c_is_device_ready
 .text.fdt_get_clk_by_name
                0x2ffee194       0x4c ./../build/opteemin-programmer-uart-stm32mp157c-ed1/bl2/stm32_iwdg.o
 .text.stm32_iwdg_refresh
                0x2ffee1e0       0x40 ./../build/opteemin-programmer-uart-stm32mp157c-ed1/bl2/stm32_iwdg.o
                0x2ffee1e0                stm32_iwdg_refresh
 .text.stm32_iwdg_init
                0x2ffee220      0x184 ./../build/opteemin-programmer-uart-stm32mp157c-ed1/bl2/stm32_iwdg.o
                0x2ffee220                stm32_iwdg_init
 .text.nvmem_driver_register
                0x2ffee3a4       0x24 ./../build/opteemin-programmer-uart-stm32mp157c-ed1/bl2/nvmem.o
                0x2ffee3a4                nvmem_driver_register
 .text.nvmem_get_cell_by_index
                0x2ffee3c8       0x90 ./../build/opteemin-programmer-uart-stm32mp157c-ed1/bl2/nvmem.o
                0x2ffee3c8                nvmem_get_cell_by_index
 .text.nvmem_get_cell_by_name
                0x2ffee458       0x2c ./../build/opteemin-programmer-uart-stm32mp157c-ed1/bl2/nvmem.o
                0x2ffee458                nvmem_get_cell_by_name
 .text.stm32_tamp_nvram_write_bkp
                0x2ffee484       0x68 ./../build/opteemin-programmer-uart-stm32mp157c-ed1/bl2/stm32mp_tamp_nvram_core.o
 .text.stm32_tamp_nvram_read_bkp.constprop.0.isra.0
                0x2ffee4ec       0x68 ./../build/opteemin-programmer-uart-stm32mp157c-ed1/bl2/stm32mp_tamp_nvram_core.o
 .text.stm32_tamp_nvram_read_cell
                0x2ffee554       0xa4 ./../build/opteemin-programmer-uart-stm32mp157c-ed1/bl2/stm32mp_tamp_nvram_core.o
 .text.stm32_tamp_nvram_write_cell
                0x2ffee5f8       0xc4 ./../build/opteemin-programmer-uart-stm32mp157c-ed1/bl2/stm32mp_tamp_nvram_core.o
 .text.stm32_tamp_nvram_update_rights
                0x2ffee6bc       0xc4 ./../build/opteemin-programmer-uart-stm32mp157c-ed1/bl2/stm32mp_tamp_nvram_core.o
                0x2ffee6bc                stm32_tamp_nvram_update_rights
 .text.stm32_tamp_nvram_init
                0x2ffee780       0xc4 ./../build/opteemin-programmer-uart-stm32mp157c-ed1/bl2/stm32mp_tamp_nvram_core.o
                0x2ffee780                stm32_tamp_nvram_init
 .text.stm32_tamp_nvram_get_cdata
                0x2ffee844        0x8 ./../build/opteemin-programmer-uart-stm32mp157c-ed1/bl2/stm32mp_tamp_nvram_mp1.o
                0x2ffee844                stm32_tamp_nvram_get_cdata
 .text.stm32_tamp_nvram_get_access_rights
                0x2ffee84c        0x8 ./../build/opteemin-programmer-uart-stm32mp157c-ed1/bl2/stm32mp_tamp_nvram_mp1.o
                0x2ffee84c                stm32_tamp_nvram_get_access_rights
 .text.dt_get_pmic_node
                0x2ffee854       0x24 ./../build/opteemin-programmer-uart-stm32mp157c-ed1/bl2/stm32mp_pmic.o
 .text.handle_pmic_property
                0x2ffee878       0x30 ./../build/opteemin-programmer-uart-stm32mp157c-ed1/bl2/stm32mp_pmic.o
 .text.dt_pmic_status
                0x2ffee8a8       0x34 ./../build/opteemin-programmer-uart-stm32mp157c-ed1/bl2/stm32mp_pmic.o
                0x2ffee8a8                dt_pmic_status
 .text.initialize_pmic_i2c
                0x2ffee8dc      0x10c ./../build/opteemin-programmer-uart-stm32mp157c-ed1/bl2/stm32mp_pmic.o
                0x2ffee8dc                initialize_pmic_i2c
 .text.initialize_pmic
                0x2ffee9e8      0x114 ./../build/opteemin-programmer-uart-stm32mp157c-ed1/bl2/stm32mp_pmic.o
                0x2ffee9e8                initialize_pmic
 .text.print_pmic_info_and_debug
                0x2ffeeafc       0x30 ./../build/opteemin-programmer-uart-stm32mp157c-ed1/bl2/stm32mp_pmic.o
                0x2ffeeafc                print_pmic_info_and_debug
 .text.get_regulator_data
                0x2ffeeb2c       0x44 ./../build/opteemin-programmer-uart-stm32mp157c-ed1/bl2/stpmic1.o
 .text.stpmic1_regulator_levels_mv
                0x2ffeeb70       0x40 ./../build/opteemin-programmer-uart-stm32mp157c-ed1/bl2/stpmic1.o
                0x2ffeeb70                stpmic1_regulator_levels_mv
 .text.stpmic1_register_read
                0x2ffeebb0       0x28 ./../build/opteemin-programmer-uart-stm32mp157c-ed1/bl2/stpmic1.o
                0x2ffeebb0                stpmic1_register_read
 .text.stpmic1_regulator_voltage_get
                0x2ffeebd8       0x90 ./../build/opteemin-programmer-uart-stm32mp157c-ed1/bl2/stpmic1.o
                0x2ffeebd8                stpmic1_regulator_voltage_get
 .text.stpmic1_register_write
                0x2ffeec68       0x60 ./../build/opteemin-programmer-uart-stm32mp157c-ed1/bl2/stpmic1.o
                0x2ffeec68                stpmic1_register_write
 .text.stpmic1_regulator_voltage_set
                0x2ffeecc8       0x98 ./../build/opteemin-programmer-uart-stm32mp157c-ed1/bl2/stpmic1.o
                0x2ffeecc8                stpmic1_regulator_voltage_set
 .text.stpmic1_regulator_sink_mode_set
                0x2ffeed60       0x30 ./../build/opteemin-programmer-uart-stm32mp157c-ed1/bl2/stpmic1.o
                0x2ffeed60                stpmic1_regulator_sink_mode_set
 .text.stpmic1_regulator_bypass_mode_set
                0x2ffeed90       0x30 ./../build/opteemin-programmer-uart-stm32mp157c-ed1/bl2/stpmic1.o
                0x2ffeed90                stpmic1_regulator_bypass_mode_set
 .text.stpmic1_active_discharge_mode_set
                0x2ffeedc0       0x3c ./../build/opteemin-programmer-uart-stm32mp157c-ed1/bl2/stpmic1.o
                0x2ffeedc0                stpmic1_active_discharge_mode_set
 .text.stpmic1_bind_i2c
                0x2ffeedfc       0x14 ./../build/opteemin-programmer-uart-stm32mp157c-ed1/bl2/stpmic1.o
                0x2ffeedfc                stpmic1_bind_i2c
 .text.regulator_get_by_supply_name
                0x2ffeee10       0x74 ./../build/opteemin-programmer-uart-stm32mp157c-ed1/bl2/regulator_core.o
                0x2ffeee10                regulator_get_by_supply_name
 .text.regulator_enable
                0x2ffeee84       0x30 ./../build/opteemin-programmer-uart-stm32mp157c-ed1/bl2/regulator_core.o
                0x2ffeee84                regulator_enable
 .text.regulator_get_voltage
                0x2ffeeeb4       0x4c ./../build/opteemin-programmer-uart-stm32mp157c-ed1/bl2/regulator_core.o
                0x2ffeeeb4                regulator_get_voltage
 .text.regulator_set_voltage
                0x2ffeef00       0x6c ./../build/opteemin-programmer-uart-stm32mp157c-ed1/bl2/regulator_core.o
                0x2ffeef00                regulator_set_voltage
 .text.regulator_list_voltages
                0x2ffeef6c       0xe0 ./../build/opteemin-programmer-uart-stm32mp157c-ed1/bl2/regulator_core.o
                0x2ffeef6c                regulator_list_voltages
 .text.regulator_get_range
                0x2ffef04c       0x20 ./../build/opteemin-programmer-uart-stm32mp157c-ed1/bl2/regulator_core.o
                0x2ffef04c                regulator_get_range
 .text.regulator_register
                0x2ffef06c      0x180 ./../build/opteemin-programmer-uart-stm32mp157c-ed1/bl2/regulator_core.o
                0x2ffef06c                regulator_register
 .text.fixed_regulator_register
                0x2ffef1ec       0xc8 ./../build/opteemin-programmer-uart-stm32mp157c-ed1/bl2/regulator_fixed.o
                0x2ffef1ec                fixed_regulator_register
 .text.stm32mp_reset_assert
                0x2ffef2b4       0x60 ./../build/opteemin-programmer-uart-stm32mp157c-ed1/bl2/stm32mp1_reset.o
                0x2ffef2b4                stm32mp_reset_assert
 .text.stm32mp_reset_deassert
                0x2ffef314       0x60 ./../build/opteemin-programmer-uart-stm32mp157c-ed1/bl2/stm32mp1_reset.o
                0x2ffef314                stm32mp_reset_deassert
 .text.stm32_uart_wait_flag
                0x2ffef374       0x50 ./../build/opteemin-programmer-uart-stm32mp157c-ed1/bl2/stm32_uart.o
 .text.stm32_uart_init
                0x2ffef3c4      0x198 ./../build/opteemin-programmer-uart-stm32mp157c-ed1/bl2/stm32_uart.o
                0x2ffef3c4                stm32_uart_init
 .text.fconf_populate
                0x2ffef55c       0x88 ./../build/opteemin-programmer-uart-stm32mp157c-ed1/bl2/fconf.o
                0x2ffef55c                fconf_populate
 .text.set_config_info
                0x2ffef5e4       0x40 ./../build/opteemin-programmer-uart-stm32mp157c-ed1/bl2/fconf_dyn_cfg_getter.o
                0x2ffef5e4                set_config_info
 .text.fconf_populate_dtb_registry
                0x2ffef624      0x10c ./../build/opteemin-programmer-uart-stm32mp157c-ed1/bl2/fconf_dyn_cfg_getter.o
                0x2ffef624                fconf_populate_dtb_registry
 .text.dyn_cfg_dtb_info_get_index
                0x2ffef730       0x20 ./../build/opteemin-programmer-uart-stm32mp157c-ed1/bl2/fconf_dyn_cfg_getter.o
                0x2ffef730                dyn_cfg_dtb_info_get_index
 .text.dyn_cfg_dtb_info_getter
                0x2ffef750       0x28 ./../build/opteemin-programmer-uart-stm32mp157c-ed1/bl2/fconf_dyn_cfg_getter.o
                0x2ffef750                dyn_cfg_dtb_info_getter
 .text.parse_optee_image
                0x2ffef778       0x60 ./../build/opteemin-programmer-uart-stm32mp157c-ed1/bl2/optee_utils.o
 .text.optee_header_is_valid
                0x2ffef7d8       0x24 ./../build/opteemin-programmer-uart-stm32mp157c-ed1/bl2/optee_utils.o
                0x2ffef7d8                optee_header_is_valid
 .text.parse_optee_header
                0x2ffef7fc      0x114 ./../build/opteemin-programmer-uart-stm32mp157c-ed1/bl2/optee_utils.o
                0x2ffef7fc                parse_optee_header
 .text.xlat_arch_regime_get_xn_desc
                0x2ffef910       0x28 ./../build/opteemin-programmer-uart-stm32mp157c-ed1/bl2/xlat_tables_arch.o
                0x2ffef910                xlat_arch_regime_get_xn_desc
 .text.xlat_arch_tlbi_va
                0x2ffef938       0x2c ./../build/opteemin-programmer-uart-stm32mp157c-ed1/bl2/xlat_tables_arch.o
                0x2ffef938                xlat_arch_tlbi_va
 .text.xlat_arch_current_el
                0x2ffef964       0x3c ./../build/opteemin-programmer-uart-stm32mp157c-ed1/bl2/xlat_tables_arch.o
                0x2ffef964                xlat_arch_current_el
 .text.is_mmu_enabled_ctx
                0x2ffef9a0       0x40 ./../build/opteemin-programmer-uart-stm32mp157c-ed1/bl2/xlat_tables_arch.o
                0x2ffef9a0                is_mmu_enabled_ctx
 .text.setup_mmu_cfg
                0x2ffef9e0       0xac ./../build/opteemin-programmer-uart-stm32mp157c-ed1/bl2/xlat_tables_arch.o
                0x2ffef9e0                setup_mmu_cfg
 .text.mmap_add_region
                0x2ffefa8c       0x28 ./../build/opteemin-programmer-uart-stm32mp157c-ed1/bl2/xlat_tables_context.o
                0x2ffefa8c                mmap_add_region
 .text.mmap_add
                0x2ffefab4        0xc ./../build/opteemin-programmer-uart-stm32mp157c-ed1/bl2/xlat_tables_context.o
                0x2ffefab4                mmap_add
 .text.mmap_add_dynamic_region
                0x2ffefac0       0x28 ./../build/opteemin-programmer-uart-stm32mp157c-ed1/bl2/xlat_tables_context.o
                0x2ffefac0                mmap_add_dynamic_region
 .text.mmap_remove_dynamic_region
                0x2ffefae8       0x10 ./../build/opteemin-programmer-uart-stm32mp157c-ed1/bl2/xlat_tables_context.o
                0x2ffefae8                mmap_remove_dynamic_region
 .text.init_xlat_tables
                0x2ffefaf8       0x3c ./../build/opteemin-programmer-uart-stm32mp157c-ed1/bl2/xlat_tables_context.o
                0x2ffefaf8                init_xlat_tables
 .text.enable_mmu_svc_mon
                0x2ffefb34       0x34 ./../build/opteemin-programmer-uart-stm32mp157c-ed1/bl2/xlat_tables_context.o
                0x2ffefb34                enable_mmu_svc_mon
 .text.xlat_table_get_index
                0x2ffefb68       0x28 ./../build/opteemin-programmer-uart-stm32mp157c-ed1/bl2/xlat_tables_core.o
 .text.xlat_tables_unmap_region
                0x2ffefb90      0x138 ./../build/opteemin-programmer-uart-stm32mp157c-ed1/bl2/xlat_tables_core.o
 .text.xlat_desc
                0x2ffefcc8       0xc4 ./../build/opteemin-programmer-uart-stm32mp157c-ed1/bl2/xlat_tables_core.o
                0x2ffefcc8                xlat_desc
 .text.xlat_tables_map_region
                0x2ffefd8c      0x1ac ./../build/opteemin-programmer-uart-stm32mp157c-ed1/bl2/xlat_tables_core.o
 .text.mmap_add_region_ctx
                0x2ffeff38       0xf0 ./../build/opteemin-programmer-uart-stm32mp157c-ed1/bl2/xlat_tables_core.o
                0x2ffeff38                mmap_add_region_ctx
 .text.mmap_add_dynamic_region_ctx
                0x2fff0028      0x154 ./../build/opteemin-programmer-uart-stm32mp157c-ed1/bl2/xlat_tables_core.o
                0x2fff0028                mmap_add_dynamic_region_ctx
 .text.mmap_remove_dynamic_region_ctx
                0x2fff017c      0x108 ./../build/opteemin-programmer-uart-stm32mp157c-ed1/bl2/xlat_tables_core.o
                0x2fff017c                mmap_remove_dynamic_region_ctx
 .text.init_xlat_tables_ctx
                0x2fff0284      0x140 ./../build/opteemin-programmer-uart-stm32mp157c-ed1/bl2/xlat_tables_core.o
                0x2fff0284                init_xlat_tables_ctx
 .text.plat_log_get_prefix
                0x2fff03c4       0x24 ./../build/opteemin-programmer-uart-stm32mp157c-ed1/bl2/plat_log_common.o
                0x2fff03c4                plat_log_get_prefix
 .text.open_fip
                0x2fff03e8       0x10 ./../build/opteemin-programmer-uart-stm32mp157c-ed1/bl2/bl2_io_storage.o
                0x2fff03e8                open_fip
 .text.open_storage
                0x2fff03f8       0x10 ./../build/opteemin-programmer-uart-stm32mp157c-ed1/bl2/bl2_io_storage.o
                0x2fff03f8                open_storage
 .text.stm32mp_io_setup
                0x2fff0408      0x11c ./../build/opteemin-programmer-uart-stm32mp157c-ed1/bl2/bl2_io_storage.o
                0x2fff0408                stm32mp_io_setup
 .text.bl2_plat_handle_pre_image_load
                0x2fff0524       0x70 ./../build/opteemin-programmer-uart-stm32mp157c-ed1/bl2/bl2_io_storage.o
                0x2fff0524                bl2_plat_handle_pre_image_load
 .text.plat_get_image_source
                0x2fff0594       0x44 ./../build/opteemin-programmer-uart-stm32mp157c-ed1/bl2/bl2_io_storage.o
                0x2fff0594                plat_get_image_source
 .text.uart_send_result
                0x2fff05d8       0x20 ./../build/opteemin-programmer-uart-stm32mp157c-ed1/bl2/stm32cubeprogrammer_uart.o
 .text.uart_write
                0x2fff05f8       0x28 ./../build/opteemin-programmer-uart-stm32mp157c-ed1/bl2/stm32cubeprogrammer_uart.o
 .text.uart_read_8
                0x2fff0620       0x54 ./../build/opteemin-programmer-uart-stm32mp157c-ed1/bl2/stm32cubeprogrammer_uart.o
 .text.stm32cubeprog_uart_load
                0x2fff0674      0x3e4 ./../build/opteemin-programmer-uart-stm32mp157c-ed1/bl2/stm32cubeprogrammer_uart.o
                0x2fff0674                stm32cubeprog_uart_load
 .text.stm32_get_bootinfo_cell
                0x2fff0a58       0x3c ./../build/opteemin-programmer-uart-stm32mp157c-ed1/bl2/stm32mp_common.o
 .text.stm32mp_save_boot_ctx_address
                0x2fff0a94       0x40 ./../build/opteemin-programmer-uart-stm32mp157c-ed1/bl2/stm32mp_common.o
                0x2fff0a94                stm32mp_save_boot_ctx_address
 .text.stm32mp_get_boot_ctx_address
                0x2fff0ad4        0xc ./../build/opteemin-programmer-uart-stm32mp157c-ed1/bl2/stm32mp_common.o
                0x2fff0ad4                stm32mp_get_boot_ctx_address
 .text.stm32mp_get_boot_itf_selected
                0x2fff0ae0        0xc ./../build/opteemin-programmer-uart-stm32mp157c-ed1/bl2/stm32mp_common.o
                0x2fff0ae0                stm32mp_get_boot_itf_selected
 .text.stm32mp_ddrctrl_base
                0x2fff0aec        0x8 ./../build/opteemin-programmer-uart-stm32mp157c-ed1/bl2/stm32mp_common.o
                0x2fff0aec                stm32mp_ddrctrl_base
 .text.stm32mp_ddrphyc_base
                0x2fff0af4        0x8 ./../build/opteemin-programmer-uart-stm32mp157c-ed1/bl2/stm32mp_common.o
                0x2fff0af4                stm32mp_ddrphyc_base
 .text.stm32mp_pwr_base
                0x2fff0afc        0x8 ./../build/opteemin-programmer-uart-stm32mp157c-ed1/bl2/stm32mp_common.o
                0x2fff0afc                stm32mp_pwr_base
 .text.stm32mp_pwr_regs_lock
                0x2fff0b04       0x18 ./../build/opteemin-programmer-uart-stm32mp157c-ed1/bl2/stm32mp_common.o
                0x2fff0b04                stm32mp_pwr_regs_lock
 .text.stm32mp_pwr_regs_unlock
                0x2fff0b1c       0x18 ./../build/opteemin-programmer-uart-stm32mp157c-ed1/bl2/stm32mp_common.o
                0x2fff0b1c                stm32mp_pwr_regs_unlock
 .text.stm32_get_otp_index
                0x2fff0b34       0x20 ./../build/opteemin-programmer-uart-stm32mp157c-ed1/bl2/stm32mp_common.o
                0x2fff0b34                stm32_get_otp_index
 .text.stm32_get_otp_value_from_idx
                0x2fff0b54       0x30 ./../build/opteemin-programmer-uart-stm32mp157c-ed1/bl2/stm32mp_common.o
                0x2fff0b54                stm32_get_otp_value_from_idx
 .text.stm32_get_otp_value
                0x2fff0b84       0x44 ./../build/opteemin-programmer-uart-stm32mp157c-ed1/bl2/stm32mp_common.o
                0x2fff0b84                stm32_get_otp_value
 .text.stm32_display_board_info
                0x2fff0bc8       0x2c ./../build/opteemin-programmer-uart-stm32mp157c-ed1/bl2/stm32mp_common.o
                0x2fff0bc8                stm32_display_board_info
 .text.stm32_get_magic_number_cell
                0x2fff0bf4       0x34 ./../build/opteemin-programmer-uart-stm32mp157c-ed1/bl2/stm32mp_common.o
                0x2fff0bf4                stm32_get_magic_number_cell
 .text.stm32_get_core1_branch_address_cell
                0x2fff0c28       0x34 ./../build/opteemin-programmer-uart-stm32mp157c-ed1/bl2/stm32mp_common.o
                0x2fff0c28                stm32_get_core1_branch_address_cell
 .text.stm32_get_boot_mode_cell
                0x2fff0c5c       0x34 ./../build/opteemin-programmer-uart-stm32mp157c-ed1/bl2/stm32mp_common.o
                0x2fff0c5c                stm32_get_boot_mode_cell
 .text.stm32_save_boot_info
                0x2fff0c90       0xcc ./../build/opteemin-programmer-uart-stm32mp157c-ed1/bl2/stm32mp_common.o
                0x2fff0c90                stm32_save_boot_info
 .text.stm32_get_boot_interface
                0x2fff0d5c       0x50 ./../build/opteemin-programmer-uart-stm32mp157c-ed1/bl2/stm32mp_common.o
                0x2fff0d5c                stm32_get_boot_interface
 .text.stm32mp_uart_console_setup
                0x2fff0dac       0xbc ./../build/opteemin-programmer-uart-stm32mp157c-ed1/bl2/stm32mp_common.o
                0x2fff0dac                stm32mp_uart_console_setup
 .text.fdt_get_node_parent_address_cells
                0x2fff0e68       0x24 ./../build/opteemin-programmer-uart-stm32mp157c-ed1/bl2/stm32mp_dt.o
 .text.dt_open_and_check
                0x2fff0e8c       0x14 ./../build/opteemin-programmer-uart-stm32mp157c-ed1/bl2/stm32mp_dt.o
                0x2fff0e8c                dt_open_and_check
 .text.fdt_get_address
                0x2fff0ea0       0x14 ./../build/opteemin-programmer-uart-stm32mp157c-ed1/bl2/stm32mp_dt.o
                0x2fff0ea0                fdt_get_address
 .text.fdt_check_node
                0x2fff0eb4       0x20 ./../build/opteemin-programmer-uart-stm32mp157c-ed1/bl2/stm32mp_dt.o
                0x2fff0eb4                fdt_check_node
 .text.fdt_get_status
                0x2fff0ed4       0x74 ./../build/opteemin-programmer-uart-stm32mp157c-ed1/bl2/stm32mp_dt.o
                0x2fff0ed4                fdt_get_status
 .text.dt_set_stdout_pinctrl
                0x2fff0f48       0x20 ./../build/opteemin-programmer-uart-stm32mp157c-ed1/bl2/stm32mp_dt.o
                0x2fff0f48                dt_set_stdout_pinctrl
 .text.dt_fill_device_info
                0x2fff0f68       0x88 ./../build/opteemin-programmer-uart-stm32mp157c-ed1/bl2/stm32mp_dt.o
                0x2fff0f68                dt_fill_device_info
 .text.dt_get_node
                0x2fff0ff0       0x28 ./../build/opteemin-programmer-uart-stm32mp157c-ed1/bl2/stm32mp_dt.o
                0x2fff0ff0                dt_get_node
 .text.dt_get_stdout_uart_info
                0x2fff1018       0x28 ./../build/opteemin-programmer-uart-stm32mp157c-ed1/bl2/stm32mp_dt.o
                0x2fff1018                dt_get_stdout_uart_info
 .text.dt_match_instance_by_compatible
                0x2fff1040       0x70 ./../build/opteemin-programmer-uart-stm32mp157c-ed1/bl2/stm32mp_dt.o
                0x2fff1040                dt_match_instance_by_compatible
 .text.dt_get_ddr_size
                0x2fff10b0       0x58 ./../build/opteemin-programmer-uart-stm32mp157c-ed1/bl2/stm32mp_dt.o
                0x2fff10b0                dt_get_ddr_size
 .text.dt_get_vdd_regulator
                0x2fff1108       0x30 ./../build/opteemin-programmer-uart-stm32mp157c-ed1/bl2/stm32mp_dt.o
                0x2fff1108                dt_get_vdd_regulator
 .text.dt_get_board_model
                0x2fff1138       0x30 ./../build/opteemin-programmer-uart-stm32mp157c-ed1/bl2/stm32mp_dt.o
                0x2fff1138                dt_get_board_model
 .text.dt_find_otp_name
                0x2fff1168       0xa8 ./../build/opteemin-programmer-uart-stm32mp157c-ed1/bl2/stm32mp_dt.o
                0x2fff1168                dt_find_otp_name
 .text.dt_get_otp_by_phandle
                0x2fff1210       0x88 ./../build/opteemin-programmer-uart-stm32mp157c-ed1/bl2/stm32mp_dt.o
                0x2fff1210                dt_get_otp_by_phandle
 .text.fconf_populate_stm32mp_fuse_provisioning
                0x2fff1298      0x128 ./../build/opteemin-programmer-uart-stm32mp157c-ed1/bl2/stm32mp_fconf_fuse.o
 .text.fconf_populate_stm32mp_io_policies
                0x2fff13c0       0xd8 ./../build/opteemin-programmer-uart-stm32mp157c-ed1/bl2/stm32mp_fconf_io.o
                0x2fff13c0                fconf_populate_stm32mp_io_policies
 .text.bl2_platform_setup
                0x2fff1498       0x74 ./../build/opteemin-programmer-uart-stm32mp157c-ed1/bl2/bl2_plat_setup.o
                0x2fff1498                bl2_platform_setup
 .text.bl2_el3_plat_arch_setup
                0x2fff150c      0x3fc ./../build/opteemin-programmer-uart-stm32mp157c-ed1/bl2/bl2_plat_setup.o
                0x2fff150c                bl2_el3_plat_arch_setup
 .text.bl2_plat_handle_post_image_load
                0x2fff1908      0x19c ./../build/opteemin-programmer-uart-stm32mp157c-ed1/bl2/bl2_plat_setup.o
                0x2fff1908                bl2_plat_handle_post_image_load
 .text.bl2_el3_plat_prepare_exit
                0x2fff1aa4       0x48 ./../build/opteemin-programmer-uart-stm32mp157c-ed1/bl2/bl2_plat_setup.o
                0x2fff1aa4                bl2_el3_plat_prepare_exit
 .text.stm32mp_board_ddr_power_init
                0x2fff1aec      0x124 ./../build/opteemin-programmer-uart-stm32mp157c-ed1/bl2/plat_ddr.o
                0x2fff1aec                stm32mp_board_ddr_power_init
 .text.stm32_context_save_bl2_param
                0x2fff1c10       0x54 ./../build/opteemin-programmer-uart-stm32mp157c-ed1/bl2/stm32mp1_context.o
                0x2fff1c10                stm32_context_save_bl2_param
 .text.stm32_pwr_down_wfi_load
                0x2fff1c64       0x80 ./../build/opteemin-programmer-uart-stm32mp157c-ed1/bl2/stm32mp1_critic_power.o
                0x2fff1c64                stm32_pwr_down_wfi_load
 .text.stm32mp1_dbgmcu_init
                0x2fff1ce4       0x30 ./../build/opteemin-programmer-uart-stm32mp157c-ed1/bl2/stm32mp1_dbgmcu.o
 .text.stm32mp1_dbgmcu_get_chip_version
                0x2fff1d14       0x2c ./../build/opteemin-programmer-uart-stm32mp157c-ed1/bl2/stm32mp1_dbgmcu.o
                0x2fff1d14                stm32mp1_dbgmcu_get_chip_version
 .text.stm32mp1_dbgmcu_get_chip_dev_id
                0x2fff1d40       0x30 ./../build/opteemin-programmer-uart-stm32mp157c-ed1/bl2/stm32mp1_dbgmcu.o
                0x2fff1d40                stm32mp1_dbgmcu_get_chip_dev_id
 .text.fconf_populate_stm32mp1_firewall
                0x2fff1d70       0xcc ./../build/opteemin-programmer-uart-stm32mp157c-ed1/bl2/stm32mp1_fconf_firewall.o
 .text.stm32mp1_arch_security_setup
                0x2fff1e3c       0x34 ./../build/opteemin-programmer-uart-stm32mp157c-ed1/bl2/stm32mp1_fconf_firewall.o
                0x2fff1e3c                stm32mp1_arch_security_setup
 .text.stm32mp1_security_setup
                0x2fff1e70       0x5c ./../build/opteemin-programmer-uart-stm32mp157c-ed1/bl2/stm32mp1_fconf_firewall.o
                0x2fff1e70                stm32mp1_security_setup
 .text.configure_mmu
                0x2fff1ecc       0x1c ./../build/opteemin-programmer-uart-stm32mp157c-ed1/bl2/stm32mp1_private.o
                0x2fff1ecc                configure_mmu
 .text.stm32_get_gpio_bank_base
                0x2fff1ee8       0x28 ./../build/opteemin-programmer-uart-stm32mp157c-ed1/bl2/stm32mp1_private.o
                0x2fff1ee8                stm32_get_gpio_bank_base
 .text.stm32_get_gpio_bank_offset
                0x2fff1f10       0x20 ./../build/opteemin-programmer-uart-stm32mp157c-ed1/bl2/stm32mp1_private.o
                0x2fff1f10                stm32_get_gpio_bank_offset
 .text.stm32_get_gpio_bank_clock
                0x2fff1f30       0x20 ./../build/opteemin-programmer-uart-stm32mp157c-ed1/bl2/stm32mp1_private.o
                0x2fff1f30                stm32_get_gpio_bank_clock
 .text.get_uart_address
                0x2fff1f50       0x14 ./../build/opteemin-programmer-uart-stm32mp157c-ed1/bl2/stm32mp1_private.o
                0x2fff1f50                get_uart_address
 .text.stm32mp_get_chip_version
                0x2fff1f64       0x24 ./../build/opteemin-programmer-uart-stm32mp157c-ed1/bl2/stm32mp1_private.o
                0x2fff1f64                stm32mp_get_chip_version
 .text.stm32mp_get_chip_dev_id
                0x2fff1f88       0x24 ./../build/opteemin-programmer-uart-stm32mp157c-ed1/bl2/stm32mp1_private.o
                0x2fff1f88                stm32mp_get_chip_dev_id
 .text.stm32mp_get_part_number
                0x2fff1fac       0x34 ./../build/opteemin-programmer-uart-stm32mp157c-ed1/bl2/stm32mp1_private.o
                0x2fff1fac                stm32mp_get_part_number
 .text.stm32mp_get_soc_name
                0x2fff1fe0      0x148 ./../build/opteemin-programmer-uart-stm32mp157c-ed1/bl2/stm32mp1_private.o
                0x2fff1fe0                stm32mp_get_soc_name
 .text.stm32mp_print_cpuinfo
                0x2fff2128       0x1c ./../build/opteemin-programmer-uart-stm32mp157c-ed1/bl2/stm32mp1_private.o
                0x2fff2128                stm32mp_print_cpuinfo
 .text.stm32mp_print_boardinfo
                0x2fff2144       0x24 ./../build/opteemin-programmer-uart-stm32mp157c-ed1/bl2/stm32mp1_private.o
                0x2fff2144                stm32mp_print_boardinfo
 .text.stm32mp_check_closed_device
                0x2fff2168       0x2c ./../build/opteemin-programmer-uart-stm32mp157c-ed1/bl2/stm32mp1_private.o
                0x2fff2168                stm32mp_check_closed_device
 .text.stm32_iwdg_get_instance
                0x2fff2194       0x28 ./../build/opteemin-programmer-uart-stm32mp157c-ed1/bl2/stm32mp1_private.o
                0x2fff2194                stm32_iwdg_get_instance
 .text.stm32_iwdg_get_otp_config
                0x2fff21bc       0x30 ./../build/opteemin-programmer-uart-stm32mp157c-ed1/bl2/stm32mp1_private.o
                0x2fff21bc                stm32_iwdg_get_otp_config
 .text.stm32mp_bkpram_get_access
                0x2fff21ec       0x20 ./../build/opteemin-programmer-uart-stm32mp157c-ed1/bl2/stm32mp1_private.o
                0x2fff21ec                stm32mp_bkpram_get_access
 .text.stm32mp_syscfg_enable_io_compensation_start
                0x2fff220c       0x18 ./../build/opteemin-programmer-uart-stm32mp157c-ed1/bl2/stm32mp1_syscfg.o
                0x2fff220c                stm32mp_syscfg_enable_io_compensation_start
 .text.stm32mp_syscfg_init
                0x2fff2224       0x8c ./../build/opteemin-programmer-uart-stm32mp157c-ed1/bl2/stm32mp1_syscfg.o
                0x2fff2224                stm32mp_syscfg_init
 .text.stm32mp_syscfg_enable_io_compensation_finish
                0x2fff22b0       0x50 ./../build/opteemin-programmer-uart-stm32mp157c-ed1/bl2/stm32mp1_syscfg.o
                0x2fff22b0                stm32mp_syscfg_enable_io_compensation_finish
 .text          0x2fff2300       0x24 ./../build/opteemin-programmer-uart-stm32mp157c-ed1/bl2/aeabi_uldivmod.o
                0x2fff2300                __aeabi_uldivmod
 .text.fdt_ro_probe_
                0x2fff2324       0x74 ./../build/opteemin-programmer-uart-stm32mp157c-ed1/lib/libfdt.a(fdt.o)
                0x2fff2324                fdt_ro_probe_
 .text.fdt_check_header
                0x2fff2398       0xd0 ./../build/opteemin-programmer-uart-stm32mp157c-ed1/lib/libfdt.a(fdt.o)
                0x2fff2398                fdt_check_header
 .text.fdt_address_cells
                0x2fff2468       0x1c ./../build/opteemin-programmer-uart-stm32mp157c-ed1/lib/libfdt.a(fdt_addresses.o)
                0x2fff2468                fdt_address_cells
 .text.fdt_get_string
                0x2fff2484       0xb0 ./../build/opteemin-programmer-uart-stm32mp157c-ed1/lib/libfdt.a(fdt_ro.o)
                0x2fff2484                fdt_get_string
 .text.fdt_get_phandle
                0x2fff2534       0x44 ./../build/opteemin-programmer-uart-stm32mp157c-ed1/lib/libfdt.a(fdt_ro.o)
                0x2fff2534                fdt_get_phandle
 .text.fdt_get_alias_namelen
                0x2fff2578       0x2c ./../build/opteemin-programmer-uart-stm32mp157c-ed1/lib/libfdt.a(fdt_ro.o)
                0x2fff2578                fdt_get_alias_namelen
 .text.fdt_node_check_compatible
                0x2fff25a4       0x28 ./../build/opteemin-programmer-uart-stm32mp157c-ed1/lib/libfdt.a(fdt_ro.o)
                0x2fff25a4                fdt_node_check_compatible
 .text.__assert
                0x2fff25cc       0x18 ./../build/opteemin-programmer-uart-stm32mp157c-ed1/lib/libc.a(assert.o)
                0x2fff25cc                __assert
 .text.vprintf  0x2fff25e4      0x1c4 ./../build/opteemin-programmer-uart-stm32mp157c-ed1/lib/libc.a(printf.o)
                0x2fff25e4                vprintf
 .text.vsnprintf
                0x2fff27a8      0x2d0 ./../build/opteemin-programmer-uart-stm32mp157c-ed1/lib/libc.a(snprintf.o)
                0x2fff27a8                vsnprintf
 .text.bl2_arch_setup
                0x2fff2a78        0x2 ./../build/opteemin-programmer-uart-stm32mp157c-ed1/bl2/bl2_arch_setup.o
                0x2fff2a78                bl2_arch_setup
 .text.bl2_el3_setup
                0x2fff2a7a        0xe ./../build/opteemin-programmer-uart-stm32mp157c-ed1/bl2/bl2_main.o
                0x2fff2a7a                bl2_el3_setup
 .text.fdt32_to_cpu
                0x2fff2a88        0x4 ./../build/opteemin-programmer-uart-stm32mp157c-ed1/bl2/fdt_wrappers.o
 .text.fdt_read_uint32
                0x2fff2a8c       0x10 ./../build/opteemin-programmer-uart-stm32mp157c-ed1/bl2/fdt_wrappers.o
                0x2fff2a8c                fdt_read_uint32
 .text.fdt_read_uint32_default
                0x2fff2a9c       0x18 ./../build/opteemin-programmer-uart-stm32mp157c-ed1/bl2/fdt_wrappers.o
                0x2fff2a9c                fdt_read_uint32_default
 .text.fdt_read_uint64
                0x2fff2ab4       0x28 ./../build/opteemin-programmer-uart-stm32mp157c-ed1/bl2/fdt_wrappers.o
                0x2fff2ab4                fdt_read_uint64
 .text.hex_val  0x2fff2adc       0x2e ./../build/opteemin-programmer-uart-stm32mp157c-ed1/bl2/uuid.o
 .text.read_hex.part.0
                0x2fff2b0a       0x3a ./../build/opteemin-programmer-uart-stm32mp157c-ed1/bl2/uuid.o
 .text.putchar  0x2fff2b44       0x14 ./../build/opteemin-programmer-uart-stm32mp157c-ed1/bl2/multi_console.o
                0x2fff2b44                putchar
 .text.mdelay   0x2fff2b58        0xa ./../build/opteemin-programmer-uart-stm32mp157c-ed1/bl2/delay_timer.o
                0x2fff2b58                mdelay
 .text.get_timer_value
                0x2fff2b62        0x8 ./../build/opteemin-programmer-uart-stm32mp157c-ed1/bl2/generic_delay_timer.o
 .text.device_type_fip
                0x2fff2b6a        0x4 ./../build/opteemin-programmer-uart-stm32mp157c-ed1/bl2/io_fip.o
 .text.device_type_memmap
                0x2fff2b6e        0x4 ./../build/opteemin-programmer-uart-stm32mp157c-ed1/bl2/io_memmap.o
 .text.memmap_dev_close
                0x2fff2b72        0x4 ./../build/opteemin-programmer-uart-stm32mp157c-ed1/bl2/io_memmap.o
 .text.is_valid_dev
                0x2fff2b76       0x18 ./../build/opteemin-programmer-uart-stm32mp157c-ed1/bl2/io_storage.o
 .text.is_valid_entity
                0x2fff2b8e       0x10 ./../build/opteemin-programmer-uart-stm32mp157c-ed1/bl2/io_storage.o
 .text.bsec_read_otp
                0x2fff2b9e       0x2c ./../build/opteemin-programmer-uart-stm32mp157c-ed1/bl2/bsec2.o
                0x2fff2b9e                bsec_read_otp
 .text.clock_is_always_on
                0x2fff2bca       0x20 ./../build/opteemin-programmer-uart-stm32mp157c-ed1/bl2/stm32mp1_clk.o
 .text.stm32mp1_clk_lock
                0x2fff2bea       0x16 ./../build/opteemin-programmer-uart-stm32mp157c-ed1/bl2/stm32mp1_clk.o
 .text.stm32mp1_clk_unlock
                0x2fff2c00       0x16 ./../build/opteemin-programmer-uart-stm32mp157c-ed1/bl2/stm32mp1_clk.o
 .text.stm32_clk_parse_fdt_by_name
                0x2fff2c16       0x36 ./../build/opteemin-programmer-uart-stm32mp157c-ed1/bl2/stm32mp1_clk.o
 .text.stm32mp1_pll_configure_src
                0x2fff2c4c       0x18 ./../build/opteemin-programmer-uart-stm32mp157c-ed1/bl2/stm32mp1_clk.o
 .text.stm32mp1_mode_register_write.isra.0
                0x2fff2c64       0x22 ./../build/opteemin-programmer-uart-stm32mp157c-ed1/bl2/stm32mp1_ddr.o
 .text.stm32mp1_ddrphy_idone_wait
                0x2fff2c86       0x4a ./../build/opteemin-programmer-uart-stm32mp157c-ed1/bl2/stm32mp1_ddr.o
 .text.stm32mp1_wait_operating_mode
                0x2fff2cd0       0x4e ./../build/opteemin-programmer-uart-stm32mp157c-ed1/bl2/stm32mp1_ddr.o
 .text.ddr_enable_clock
                0x2fff2d1e       0x2a ./../build/opteemin-programmer-uart-stm32mp157c-ed1/bl2/stm32mp1_ddr_helpers.o
                0x2fff2d1e                ddr_enable_clock
 .text.ddr_get_io_calibration_val
                0x2fff2d48       0x10 ./../build/opteemin-programmer-uart-stm32mp157c-ed1/bl2/stm32mp1_ddr_helpers.o
                0x2fff2d48                ddr_get_io_calibration_val
 .text.ddr_standby_sr_entry
                0x2fff2d58      0x17e ./../build/opteemin-programmer-uart-stm32mp157c-ed1/bl2/stm32mp1_ddr_helpers.o
                0x2fff2d58                ddr_standby_sr_entry
 .text.stm32mp_ddr_start_sw_done
                0x2fff2ed6        0xe ./../build/opteemin-programmer-uart-stm32mp157c-ed1/bl2/stm32mp_ddr.o
                0x2fff2ed6                stm32mp_ddr_start_sw_done
 .text.stm32mp_ddr_wait_sw_done_ack
                0x2fff2ee4       0x3a ./../build/opteemin-programmer-uart-stm32mp157c-ed1/bl2/stm32mp_ddr.o
                0x2fff2ee4                stm32mp_ddr_wait_sw_done_ack
 .text.stm32mp_ddr_enable_axi_port
                0x2fff2f1e       0x1a ./../build/opteemin-programmer-uart-stm32mp157c-ed1/bl2/stm32mp_ddr.o
                0x2fff2f1e                stm32mp_ddr_enable_axi_port
 .text.stm32mp_ddr_disable_axi_port
                0x2fff2f38       0x46 ./../build/opteemin-programmer-uart-stm32mp157c-ed1/bl2/stm32mp_ddr.o
                0x2fff2f38                stm32mp_ddr_disable_axi_port
 .text.stm32mp_ddr_enable_host_interface
                0x2fff2f7e        0xe ./../build/opteemin-programmer-uart-stm32mp157c-ed1/bl2/stm32mp_ddr.o
                0x2fff2f7e                stm32mp_ddr_enable_host_interface
 .text.stm32mp_ddr_disable_host_interface
                0x2fff2f8c       0x4a ./../build/opteemin-programmer-uart-stm32mp157c-ed1/bl2/stm32mp_ddr.o
                0x2fff2f8c                stm32mp_ddr_disable_host_interface
 .text.stm32mp_ddr_sw_selfref_exit
                0x2fff2fd6        0xa ./../build/opteemin-programmer-uart-stm32mp157c-ed1/bl2/stm32mp_ddr.o
                0x2fff2fd6                stm32mp_ddr_sw_selfref_exit
 .text.stm32mp_ddr_wait_refresh_update_done_ack
                0x2fff2fe0       0x4c ./../build/opteemin-programmer-uart-stm32mp157c-ed1/bl2/stm32mp_ddr.o
                0x2fff2fe0                stm32mp_ddr_wait_refresh_update_done_ack
 .text.stm32mp_ddr_test_rw_access
                0x2fff302c       0x1a ./../build/opteemin-programmer-uart-stm32mp157c-ed1/bl2/stm32mp_ddr_test.o
                0x2fff302c                stm32mp_ddr_test_rw_access
 .text.stm32mp_ddr_test_data_bus
                0x2fff3046       0x1e ./../build/opteemin-programmer-uart-stm32mp157c-ed1/bl2/stm32mp_ddr_test.o
                0x2fff3046                stm32mp_ddr_test_data_bus
 .text.stm32mp_ddr_test_addr_bus
                0x2fff3064       0x86 ./../build/opteemin-programmer-uart-stm32mp157c-ed1/bl2/stm32mp_ddr_test.o
                0x2fff3064                stm32mp_ddr_test_addr_bus
 .text.stm32mp_ddr_check_size
                0x2fff30ea       0x2e ./../build/opteemin-programmer-uart-stm32mp157c-ed1/bl2/stm32mp_ddr_test.o
                0x2fff30ea                stm32mp_ddr_check_size
 .text.fdt32_to_cpu
                0x2fff3118        0x4 ./../build/opteemin-programmer-uart-stm32mp157c-ed1/bl2/stm32_gpio.o
 .text.i2c_wait_flag
                0x2fff311c       0x44 ./../build/opteemin-programmer-uart-stm32mp157c-ed1/bl2/stm32_i2c.o
 .text.i2c_ack_failed
                0x2fff3160       0x8c ./../build/opteemin-programmer-uart-stm32mp157c-ed1/bl2/stm32_i2c.o
 .text.i2c_wait_txis
                0x2fff31ec       0x42 ./../build/opteemin-programmer-uart-stm32mp157c-ed1/bl2/stm32_i2c.o
 .text.i2c_wait_stop
                0x2fff322e       0x42 ./../build/opteemin-programmer-uart-stm32mp157c-ed1/bl2/stm32_i2c.o
 .text.stm32_i2c_mem_write
                0x2fff3270       0x1c ./../build/opteemin-programmer-uart-stm32mp157c-ed1/bl2/stm32_i2c.o
                0x2fff3270                stm32_i2c_mem_write
 .text.stm32_i2c_mem_read
                0x2fff328c       0x12 ./../build/opteemin-programmer-uart-stm32mp157c-ed1/bl2/stm32_i2c.o
                0x2fff328c                stm32_i2c_mem_read
 .text.nvmem_cell_read
                0x2fff329e       0x18 ./../build/opteemin-programmer-uart-stm32mp157c-ed1/bl2/nvmem.o
                0x2fff329e                nvmem_cell_read
 .text.nvmem_cell_write
                0x2fff32b6       0x10 ./../build/opteemin-programmer-uart-stm32mp157c-ed1/bl2/nvmem.o
                0x2fff32b6                nvmem_cell_write
 .text.fdt32_to_cpu
                0x2fff32c6        0x4 ./../build/opteemin-programmer-uart-stm32mp157c-ed1/bl2/stm32mp_tamp_nvram_core.o
 .text.stm32_tamp_nvram_reg_get_zone
                0x2fff32ca       0x2a ./../build/opteemin-programmer-uart-stm32mp157c-ed1/bl2/stm32mp_tamp_nvram_core.o
                0x2fff32ca                stm32_tamp_nvram_reg_get_zone
 .text.stm32_tamp_nvram_reg_field_read
                0x2fff32f4       0x30 ./../build/opteemin-programmer-uart-stm32mp157c-ed1/bl2/stm32mp_tamp_nvram_core.o
                0x2fff32f4                stm32_tamp_nvram_reg_field_read
 .text.pmic_set_flag
                0x2fff3324       0x44 ./../build/opteemin-programmer-uart-stm32mp157c-ed1/bl2/stm32mp_pmic.o
 .text.pmic_list_voltages
                0x2fff3368        0x6 ./../build/opteemin-programmer-uart-stm32mp157c-ed1/bl2/stm32mp_pmic.o
 .text.pmic_get_voltage
                0x2fff336e        0x6 ./../build/opteemin-programmer-uart-stm32mp157c-ed1/bl2/stm32mp_pmic.o
 .text.pmic_set_voltage
                0x2fff3374        0x6 ./../build/opteemin-programmer-uart-stm32mp157c-ed1/bl2/stm32mp_pmic.o
 .text.pmic_get_state
                0x2fff337a        0xa ./../build/opteemin-programmer-uart-stm32mp157c-ed1/bl2/stm32mp_pmic.o
 .text.pmic_set_state
                0x2fff3384        0xc ./../build/opteemin-programmer-uart-stm32mp157c-ed1/bl2/stm32mp_pmic.o
 .text.pmic_voltages_init
                0x2fff3390        0x4 ./../build/opteemin-programmer-uart-stm32mp157c-ed1/bl2/stm32mp_pmic.o
                0x2fff3390                pmic_voltages_init
 .text.pmic_switch_off
                0x2fff3394       0x16 ./../build/opteemin-programmer-uart-stm32mp157c-ed1/bl2/stm32mp_pmic.o
                0x2fff3394                pmic_switch_off
 .text.stpmic1_is_regulator_enabled
                0x2fff33aa       0x2e ./../build/opteemin-programmer-uart-stm32mp157c-ed1/bl2/stpmic1.o
                0x2fff33aa                stpmic1_is_regulator_enabled
 .text.stpmic1_register_update
                0x2fff33d8       0x2e ./../build/opteemin-programmer-uart-stm32mp157c-ed1/bl2/stpmic1.o
                0x2fff33d8                stpmic1_register_update
 .text.stpmic1_powerctrl_on
                0x2fff3406        0xa ./../build/opteemin-programmer-uart-stm32mp157c-ed1/bl2/stpmic1.o
                0x2fff3406                stpmic1_powerctrl_on
 .text.stpmic1_switch_off
                0x2fff3410        0xa ./../build/opteemin-programmer-uart-stm32mp157c-ed1/bl2/stpmic1.o
                0x2fff3410                stpmic1_switch_off
 .text.stpmic1_regulator_enable
                0x2fff341a       0x14 ./../build/opteemin-programmer-uart-stm32mp157c-ed1/bl2/stpmic1.o
                0x2fff341a                stpmic1_regulator_enable
 .text.stpmic1_regulator_disable
                0x2fff342e       0x14 ./../build/opteemin-programmer-uart-stm32mp157c-ed1/bl2/stpmic1.o
                0x2fff342e                stpmic1_regulator_disable
 .text.stpmic1_regulator_pull_down_set
                0x2fff3442       0x24 ./../build/opteemin-programmer-uart-stm32mp157c-ed1/bl2/stpmic1.o
                0x2fff3442                stpmic1_regulator_pull_down_set
 .text.stpmic1_regulator_mask_reset_set
                0x2fff3466       0x24 ./../build/opteemin-programmer-uart-stm32mp157c-ed1/bl2/stpmic1.o
                0x2fff3466                stpmic1_regulator_mask_reset_set
 .text.stpmic1_regulator_icc_set
                0x2fff348a       0x24 ./../build/opteemin-programmer-uart-stm32mp157c-ed1/bl2/stpmic1.o
                0x2fff348a                stpmic1_regulator_icc_set
 .text.stpmic1_get_version
                0x2fff34ae       0x1e ./../build/opteemin-programmer-uart-stm32mp157c-ed1/bl2/stpmic1.o
                0x2fff34ae                stpmic1_get_version
 .text.fdt32_to_cpu
                0x2fff34cc        0x4 ./../build/opteemin-programmer-uart-stm32mp157c-ed1/bl2/regulator_core.o
 .text.unlock_driver.isra.0
                0x2fff34d0        0xa ./../build/opteemin-programmer-uart-stm32mp157c-ed1/bl2/regulator_core.o
 .text.lock_driver.isra.0
                0x2fff34da        0xa ./../build/opteemin-programmer-uart-stm32mp157c-ed1/bl2/regulator_core.o
 .text.regulator_set_min_voltage
                0x2fff34e4        0x6 ./../build/opteemin-programmer-uart-stm32mp157c-ed1/bl2/regulator_core.o
                0x2fff34e4                regulator_set_min_voltage
 .text.fixed_set_state
                0x2fff34ea        0x4 ./../build/opteemin-programmer-uart-stm32mp157c-ed1/bl2/regulator_fixed.o
 .text.fixed_get_state
                0x2fff34ee        0x4 ./../build/opteemin-programmer-uart-stm32mp157c-ed1/bl2/regulator_fixed.o
 .text.stm32mp_system_reset
                0x2fff34f2       0x14 ./../build/opteemin-programmer-uart-stm32mp157c-ed1/bl2/stm32mp1_reset.o
                0x2fff34f2                stm32mp_system_reset
 .text.stm32_uart_stop
                0x2fff3506        0xa ./../build/opteemin-programmer-uart-stm32mp157c-ed1/bl2/stm32_uart.o
                0x2fff3506                stm32_uart_stop
 .text.stm32_uart_putc
                0x2fff3510       0x2c ./../build/opteemin-programmer-uart-stm32mp157c-ed1/bl2/stm32_uart.o
                0x2fff3510                stm32_uart_putc
 .text.stm32_uart_flush
                0x2fff353c       0x20 ./../build/opteemin-programmer-uart-stm32mp157c-ed1/bl2/stm32_uart.o
                0x2fff353c                stm32_uart_flush
 .text.stm32_uart_getc
                0x2fff355c       0x2c ./../build/opteemin-programmer-uart-stm32mp157c-ed1/bl2/stm32_uart.o
                0x2fff355c                stm32_uart_getc
 .text.__ctzdi2
                0x2fff3588       0x22 ./../build/opteemin-programmer-uart-stm32mp157c-ed1/bl2/ctzdi2.o
                0x2fff3588                __ctzdi2
 .text.__udivmoddi4
                0x2fff35aa      0x180 ./../build/opteemin-programmer-uart-stm32mp157c-ed1/bl2/udivmoddi4.o
                0x2fff35aa                __udivmoddi4
 .text.xlat_arch_get_pas
                0x2fff372a       0x10 ./../build/opteemin-programmer-uart-stm32mp157c-ed1/bl2/xlat_tables_arch.o
                0x2fff372a                xlat_arch_get_pas
 .text.xlat_arch_get_max_supported_pa
                0x2fff373a        0x8 ./../build/opteemin-programmer-uart-stm32mp157c-ed1/bl2/xlat_tables_arch.o
                0x2fff373a                xlat_arch_get_max_supported_pa
 .text.xlat_get_min_virt_addr_space_size
                0x2fff3742        0x6 ./../build/opteemin-programmer-uart-stm32mp157c-ed1/bl2/xlat_tables_arch.o
                0x2fff3742                xlat_get_min_virt_addr_space_size
 .text.is_dcache_enabled
                0x2fff3748       0x1c ./../build/opteemin-programmer-uart-stm32mp157c-ed1/bl2/xlat_tables_arch.o
                0x2fff3748                is_dcache_enabled
 .text.xlat_arch_tlbi_va_sync
                0x2fff3764       0x10 ./../build/opteemin-programmer-uart-stm32mp157c-ed1/bl2/xlat_tables_arch.o
                0x2fff3764                xlat_arch_tlbi_va_sync
 .text.mmap_add_region_check
                0x2fff3774      0x12e ./../build/opteemin-programmer-uart-stm32mp157c-ed1/bl2/xlat_tables_core.o
 .text.xlat_clean_dcache_range
                0x2fff38a2       0x1a ./../build/opteemin-programmer-uart-stm32mp157c-ed1/bl2/xlat_tables_core.o
 .text.mmap_add_ctx
                0x2fff38bc       0x18 ./../build/opteemin-programmer-uart-stm32mp157c-ed1/bl2/xlat_tables_core.o
                0x2fff38bc                mmap_add_ctx
 .text.xlat_mmap_print
                0x2fff38d4        0x2 ./../build/opteemin-programmer-uart-stm32mp157c-ed1/bl2/xlat_tables_utils.o
                0x2fff38d4                xlat_mmap_print
 .text.xlat_tables_print
                0x2fff38d6        0x2 ./../build/opteemin-programmer-uart-stm32mp157c-ed1/bl2/xlat_tables_utils.o
                0x2fff38d6                xlat_tables_print
 .text.plat_error_handler
                0x2fff38d8        0x4 ./../build/opteemin-programmer-uart-stm32mp157c-ed1/bl2/plat_bl_common.o
                0x2fff38d8                plat_error_handler
 .text.bl2_plat_preload_setup
                0x2fff38dc        0x2 ./../build/opteemin-programmer-uart-stm32mp157c-ed1/bl2/plat_bl_common.o
                0x2fff38dc                bl2_plat_preload_setup
 .text.plat_try_next_boot_source
                0x2fff38de        0x4 ./../build/opteemin-programmer-uart-stm32mp157c-ed1/bl2/plat_bl_common.o
                0x2fff38de                plat_try_next_boot_source
 .text.plat_try_backup_partitions
                0x2fff38e2        0x4 ./../build/opteemin-programmer-uart-stm32mp157c-ed1/bl2/bl2_io_storage.o
                0x2fff38e2                plat_try_backup_partitions
 .text.plat_flush_next_bl_params
                0x2fff38e6        0x4 ./../build/opteemin-programmer-uart-stm32mp157c-ed1/bl2/plat_image_load.o
                0x2fff38e6                plat_flush_next_bl_params
 .text.plat_get_bl_image_load_info
                0x2fff38ea        0x4 ./../build/opteemin-programmer-uart-stm32mp157c-ed1/bl2/plat_image_load.o
                0x2fff38ea                plat_get_bl_image_load_info
 .text.plat_get_next_bl_params
                0x2fff38ee       0x10 ./../build/opteemin-programmer-uart-stm32mp157c-ed1/bl2/plat_image_load.o
                0x2fff38ee                plat_get_next_bl_params
 .text.plat_get_syscnt_freq2
                0x2fff38fe        0x6 ./../build/opteemin-programmer-uart-stm32mp157c-ed1/bl2/stm32mp_common.o
                0x2fff38fe                plat_get_syscnt_freq2
 .text.stm32mp_rcc_base
                0x2fff3904        0x6 ./../build/opteemin-programmer-uart-stm32mp157c-ed1/bl2/stm32mp_common.o
                0x2fff3904                stm32mp_rcc_base
 .text.stm32mp_lock_available
                0x2fff390a       0x10 ./../build/opteemin-programmer-uart-stm32mp157c-ed1/bl2/stm32mp_common.o
                0x2fff390a                stm32mp_lock_available
 .text.stm32mp_map_ddr_non_cacheable
                0x2fff391a       0x1e ./../build/opteemin-programmer-uart-stm32mp157c-ed1/bl2/stm32mp_common.o
                0x2fff391a                stm32mp_map_ddr_non_cacheable
 .text.stm32mp_unmap_ddr
                0x2fff3938        0xc ./../build/opteemin-programmer-uart-stm32mp157c-ed1/bl2/stm32mp_common.o
                0x2fff3938                stm32mp_unmap_ddr
 .text.fdt32_to_cpu
                0x2fff3944        0x4 ./../build/opteemin-programmer-uart-stm32mp157c-ed1/bl2/stm32mp_dt.o
 .text.dt_get_pwr_vdd_voltage
                0x2fff3948       0x22 ./../build/opteemin-programmer-uart-stm32mp157c-ed1/bl2/stm32mp_dt.o
                0x2fff3948                dt_get_pwr_vdd_voltage
 .text.bl2_el3_early_platform_setup
                0x2fff396a        0x4 ./../build/opteemin-programmer-uart-stm32mp157c-ed1/bl2/bl2_plat_setup.o
                0x2fff396a                bl2_el3_early_platform_setup
 .text.stm32_clean_context
                0x2fff396e       0x24 ./../build/opteemin-programmer-uart-stm32mp157c-ed1/bl2/stm32mp1_context.o
                0x2fff396e                stm32_clean_context
 .text.stm32_get_zdata_from_context
                0x2fff3992       0x1c ./../build/opteemin-programmer-uart-stm32mp157c-ed1/bl2/stm32mp1_context.o
                0x2fff3992                stm32_get_zdata_from_context
 .text.stm32_pwr_cstop_critic_exit
                0x2fff39ae       0x1a ./../build/opteemin-programmer-uart-stm32mp157c-ed1/bl2/stm32mp1_critic_power.o
                0x2fff39ae                stm32_pwr_cstop_critic_exit
 .text.fdt32_to_cpu
                0x2fff39c8        0x4 ./../build/opteemin-programmer-uart-stm32mp157c-ed1/bl2/stm32mp1_fconf_firewall.o
 .text.stm32mp_is_wakeup_from_standby
                0x2fff39cc        0x4 ./../build/opteemin-programmer-uart-stm32mp157c-ed1/bl2/stm32mp1_private.o
                0x2fff39cc                stm32mp_is_wakeup_from_standby
 .text.stm32mp_skip_boot_device_after_standby
                0x2fff39d0        0x4 ./../build/opteemin-programmer-uart-stm32mp157c-ed1/bl2/stm32mp1_private.o
                0x2fff39d0                stm32mp_skip_boot_device_after_standby
 .text.fdt32_ld
                0x2fff39d4       0x18 ./../build/opteemin-programmer-uart-stm32mp157c-ed1/lib/libfdt.a(fdt.o)
 .text.fdt_header_size_
                0x2fff39ec       0x1a ./../build/opteemin-programmer-uart-stm32mp157c-ed1/lib/libfdt.a(fdt.o)
                0x2fff39ec                fdt_header_size_
 .text.fdt_header_size
                0x2fff3a06       0x10 ./../build/opteemin-programmer-uart-stm32mp157c-ed1/lib/libfdt.a(fdt.o)
                0x2fff3a06                fdt_header_size
 .text.fdt_offset_ptr
                0x2fff3a16       0x54 ./../build/opteemin-programmer-uart-stm32mp157c-ed1/lib/libfdt.a(fdt.o)
                0x2fff3a16                fdt_offset_ptr
 .text.fdt_next_tag
                0x2fff3a6a       0xbc ./../build/opteemin-programmer-uart-stm32mp157c-ed1/lib/libfdt.a(fdt.o)
                0x2fff3a6a                fdt_next_tag
 .text.fdt_check_node_offset_
                0x2fff3b26       0x24 ./../build/opteemin-programmer-uart-stm32mp157c-ed1/lib/libfdt.a(fdt.o)
                0x2fff3b26                fdt_check_node_offset_
 .text.fdt_check_prop_offset_
                0x2fff3b4a       0x24 ./../build/opteemin-programmer-uart-stm32mp157c-ed1/lib/libfdt.a(fdt.o)
                0x2fff3b4a                fdt_check_prop_offset_
 .text.fdt_next_node
                0x2fff3b6e       0x6e ./../build/opteemin-programmer-uart-stm32mp157c-ed1/lib/libfdt.a(fdt.o)
                0x2fff3b6e                fdt_next_node
 .text.fdt_first_subnode
                0x2fff3bdc       0x26 ./../build/opteemin-programmer-uart-stm32mp157c-ed1/lib/libfdt.a(fdt.o)
                0x2fff3bdc                fdt_first_subnode
 .text.fdt_next_subnode
                0x2fff3c02       0x2a ./../build/opteemin-programmer-uart-stm32mp157c-ed1/lib/libfdt.a(fdt.o)
                0x2fff3c02                fdt_next_subnode
 .text.fdt_cells
                0x2fff3c2c       0x2a ./../build/opteemin-programmer-uart-stm32mp157c-ed1/lib/libfdt.a(fdt_addresses.o)
 .text.fdt32_ld
                0x2fff3c56       0x18 ./../build/opteemin-programmer-uart-stm32mp157c-ed1/lib/libfdt.a(fdt_ro.o)
 .text.nextprop_
                0x2fff3c6e       0x32 ./../build/opteemin-programmer-uart-stm32mp157c-ed1/lib/libfdt.a(fdt_ro.o)
 .text.fdt32_ld_.isra.0
                0x2fff3ca0        0x4 ./../build/opteemin-programmer-uart-stm32mp157c-ed1/lib/libfdt.a(fdt_ro.o)
 .text.fdt_get_property_by_offset_
                0x2fff3ca4       0x34 ./../build/opteemin-programmer-uart-stm32mp157c-ed1/lib/libfdt.a(fdt_ro.o)
 .text.fdt_get_name
                0x2fff3cd8       0x62 ./../build/opteemin-programmer-uart-stm32mp157c-ed1/lib/libfdt.a(fdt_ro.o)
                0x2fff3cd8                fdt_get_name
 .text.fdt_subnode_offset_namelen
                0x2fff3d3a       0x7a ./../build/opteemin-programmer-uart-stm32mp157c-ed1/lib/libfdt.a(fdt_ro.o)
                0x2fff3d3a                fdt_subnode_offset_namelen
 .text.fdt_subnode_offset
                0x2fff3db4       0x1e ./../build/opteemin-programmer-uart-stm32mp157c-ed1/lib/libfdt.a(fdt_ro.o)
                0x2fff3db4                fdt_subnode_offset
 .text.fdt_first_property_offset
                0x2fff3dd2       0x18 ./../build/opteemin-programmer-uart-stm32mp157c-ed1/lib/libfdt.a(fdt_ro.o)
                0x2fff3dd2                fdt_first_property_offset
 .text.fdt_next_property_offset
                0x2fff3dea       0x18 ./../build/opteemin-programmer-uart-stm32mp157c-ed1/lib/libfdt.a(fdt_ro.o)
                0x2fff3dea                fdt_next_property_offset
 .text.fdt_get_property_namelen_
                0x2fff3e02       0x7c ./../build/opteemin-programmer-uart-stm32mp157c-ed1/lib/libfdt.a(fdt_ro.o)
 .text.fdt_getprop_namelen
                0x2fff3e7e       0x40 ./../build/opteemin-programmer-uart-stm32mp157c-ed1/lib/libfdt.a(fdt_ro.o)
                0x2fff3e7e                fdt_getprop_namelen
 .text.fdt_getprop
                0x2fff3ebe       0x22 ./../build/opteemin-programmer-uart-stm32mp157c-ed1/lib/libfdt.a(fdt_ro.o)
                0x2fff3ebe                fdt_getprop
 .text.fdt_path_offset_namelen
                0x2fff3ee0       0x94 ./../build/opteemin-programmer-uart-stm32mp157c-ed1/lib/libfdt.a(fdt_ro.o)
                0x2fff3ee0                fdt_path_offset_namelen
 .text.fdt_path_offset
                0x2fff3f74       0x1a ./../build/opteemin-programmer-uart-stm32mp157c-ed1/lib/libfdt.a(fdt_ro.o)
                0x2fff3f74                fdt_path_offset
 .text.fdt_supernode_atdepth_offset
                0x2fff3f8e       0x6c ./../build/opteemin-programmer-uart-stm32mp157c-ed1/lib/libfdt.a(fdt_ro.o)
                0x2fff3f8e                fdt_supernode_atdepth_offset
 .text.fdt_node_depth
                0x2fff3ffa       0x20 ./../build/opteemin-programmer-uart-stm32mp157c-ed1/lib/libfdt.a(fdt_ro.o)
                0x2fff3ffa                fdt_node_depth
 .text.fdt_parent_offset
                0x2fff401a       0x20 ./../build/opteemin-programmer-uart-stm32mp157c-ed1/lib/libfdt.a(fdt_ro.o)
                0x2fff401a                fdt_parent_offset
 .text.fdt_node_offset_by_phandle
                0x2fff403a       0x42 ./../build/opteemin-programmer-uart-stm32mp157c-ed1/lib/libfdt.a(fdt_ro.o)
                0x2fff403a                fdt_node_offset_by_phandle
 .text.fdt_stringlist_contains
                0x2fff407c       0x46 ./../build/opteemin-programmer-uart-stm32mp157c-ed1/lib/libfdt.a(fdt_ro.o)
                0x2fff407c                fdt_stringlist_contains
 .text.fdt_stringlist_search
                0x2fff40c2       0x66 ./../build/opteemin-programmer-uart-stm32mp157c-ed1/lib/libfdt.a(fdt_ro.o)
                0x2fff40c2                fdt_stringlist_search
 .text.fdt_node_offset_by_compatible
                0x2fff4128       0x36 ./../build/opteemin-programmer-uart-stm32mp157c-ed1/lib/libfdt.a(fdt_ro.o)
                0x2fff4128                fdt_node_offset_by_compatible
 .text.memchr   0x2fff415e       0x1c ./../build/opteemin-programmer-uart-stm32mp157c-ed1/lib/libc.a(memchr.o)
                0x2fff415e                memchr
 .text.memcmp   0x2fff417a       0x1c ./../build/opteemin-programmer-uart-stm32mp157c-ed1/lib/libc.a(memcmp.o)
                0x2fff417a                memcmp
 .text.memcpy   0x2fff4196       0x16 ./../build/opteemin-programmer-uart-stm32mp157c-ed1/lib/libc.a(memcpy.o)
                0x2fff4196                memcpy
 .text.memmove  0x2fff41ac       0x2c ./../build/opteemin-programmer-uart-stm32mp157c-ed1/lib/libc.a(memmove.o)
                0x2fff41ac                memmove
 .text.memset   0x2fff41d8       0x42 ./../build/opteemin-programmer-uart-stm32mp157c-ed1/lib/libc.a(memset.o)
                0x2fff41d8                memset
 .text.unsigned_num_print.part.0
                0x2fff421a       0x92 ./../build/opteemin-programmer-uart-stm32mp157c-ed1/lib/libc.a(printf.o)
 .text.printf   0x2fff42ac       0x1a ./../build/opteemin-programmer-uart-stm32mp157c-ed1/lib/libc.a(printf.o)
                0x2fff42ac                printf
 .text.unsigned_num_print
                0x2fff42c6       0xca ./../build/opteemin-programmer-uart-stm32mp157c-ed1/lib/libc.a(snprintf.o)
 .text.snprintf
                0x2fff4390       0x1a ./../build/opteemin-programmer-uart-stm32mp157c-ed1/lib/libc.a(snprintf.o)
                0x2fff4390                snprintf
 .text.strchr   0x2fff43aa       0x16 ./../build/opteemin-programmer-uart-stm32mp157c-ed1/lib/libc.a(strchr.o)
                0x2fff43aa                strchr
 .text.strcmp   0x2fff43c0       0x18 ./../build/opteemin-programmer-uart-stm32mp157c-ed1/lib/libc.a(strcmp.o)
                0x2fff43c0                strcmp
 .text.strlcpy  0x2fff43d8       0x28 ./../build/opteemin-programmer-uart-stm32mp157c-ed1/lib/libc.a(strlcpy.o)
                0x2fff43d8                strlcpy
 .text.strlen   0x2fff4400       0x10 ./../build/opteemin-programmer-uart-stm32mp157c-ed1/lib/libc.a(strlen.o)
                0x2fff4400                strlen
 .text.strncmp  0x2fff4410       0x28 ./../build/opteemin-programmer-uart-stm32mp157c-ed1/lib/libc.a(strncmp.o)
                0x2fff4410                strncmp
 .text.strnlen  0x2fff4438       0x14 ./../build/opteemin-programmer-uart-stm32mp157c-ed1/lib/libc.a(strnlen.o)
                0x2fff4438                strnlen
 .text.strrchr  0x2fff444c       0x1a ./../build/opteemin-programmer-uart-stm32mp157c-ed1/lib/libc.a(strrchr.o)
                0x2fff444c                strrchr
 *(SORT_BY_ALIGNMENT(.rodata*))
 *fill*         0x2fff4466        0x2 
 .rodata.stm32mp1_mmap
                0x2fff4468       0x48 ./../build/opteemin-programmer-uart-stm32mp157c-ed1/bl2/stm32mp1_private.o
 .rodata.fip_dev_funcs
                0x2fff44b0       0x24 ./../build/opteemin-programmer-uart-stm32mp157c-ed1/bl2/io_fip.o
 .rodata.fip_dev_connector
                0x2fff44d4        0x4 ./../build/opteemin-programmer-uart-stm32mp157c-ed1/bl2/io_fip.o
 .rodata.memmap_dev_funcs
                0x2fff44d8       0x24 ./../build/opteemin-programmer-uart-stm32mp157c-ed1/bl2/io_memmap.o
 .rodata.memmap_dev_connector
                0x2fff44fc        0x4 ./../build/opteemin-programmer-uart-stm32mp157c-ed1/bl2/io_memmap.o
 .rodata.stm32mp_clk_ops
                0x2fff4500       0x14 ./../build/opteemin-programmer-uart-stm32mp157c-ed1/bl2/stm32mp1_clk.o
 .rodata.stm32mp1_clk_pll
                0x2fff4514       0x80 ./../build/opteemin-programmer-uart-stm32mp157c-ed1/bl2/stm32mp1_clk.o
 .rodata.stm32mp1_clk_sel
                0x2fff4594      0x108 ./../build/opteemin-programmer-uart-stm32mp157c-ed1/bl2/stm32mp1_clk.o
 .rodata        0x2fff469c       0x40 ./../build/opteemin-programmer-uart-stm32mp157c-ed1/bl2/stm32mp1_clk.o
 .rodata.ddr_registers
                0x2fff46dc       0x60 ./../build/opteemin-programmer-uart-stm32mp157c-ed1/bl2/stm32mp1_ddr.o
 .rodata        0x2fff473c       0x48 ./../build/opteemin-programmer-uart-stm32mp157c-ed1/bl2/stm32mp1_ram.o
 .rodata.i2c_specs
                0x2fff4784       0x60 ./../build/opteemin-programmer-uart-stm32mp157c-ed1/bl2/stm32_i2c.o
 .rodata.stm32_tamp_nvram_nvmem_ops
                0x2fff47e4        0x8 ./../build/opteemin-programmer-uart-stm32mp157c-ed1/bl2/stm32mp_tamp_nvram_core.o
 .rodata.stm32mp1_tamp_nvram
                0x2fff47ec        0x8 ./../build/opteemin-programmer-uart-stm32mp157c-ed1/bl2/stm32mp_tamp_nvram_mp1.o
 .rodata.mp1_zone_cfg_fields
                0x2fff47f4       0x18 ./../build/opteemin-programmer-uart-stm32mp157c-ed1/bl2/stm32mp_tamp_nvram_mp1.o
 .rodata.pmic_regs
                0x2fff480c      0x118 ./../build/opteemin-programmer-uart-stm32mp157c-ed1/bl2/stm32mp_pmic.o
 .rodata.pmic_ops
                0x2fff4924       0x20 ./../build/opteemin-programmer-uart-stm32mp157c-ed1/bl2/stm32mp_pmic.o
 .rodata.regulators_table
                0x2fff4944      0x118 ./../build/opteemin-programmer-uart-stm32mp157c-ed1/bl2/stpmic1.o
 .rodata.plat_prefix_str
                0x2fff4a5c       0x14 ./../build/opteemin-programmer-uart-stm32mp157c-ed1/bl2/plat_log_common.o
 .rodata.init   0x2fff4a70       0x2c ./../build/opteemin-programmer-uart-stm32mp157c-ed1/bl2/stm32cubeprogrammer_uart.o
                0x2fff4a70                init
 .rodata.load_info
                0x2fff4a9c       0x38 ./../build/opteemin-programmer-uart-stm32mp157c-ed1/bl2/stm32mp_fconf_io.o
 .rodata        0x2fff4ad4       0x10 ./../build/opteemin-programmer-uart-stm32mp157c-ed1/bl2/bl2_plat_setup.o
 .rodata.CSWTCH.26
                0x2fff4ae4       0x10 ./../build/opteemin-programmer-uart-stm32mp157c-ed1/bl2/stm32mp1_private.o
 .rodata.CSWTCH.25
                0x2fff4af4       0x10 ./../build/opteemin-programmer-uart-stm32mp157c-ed1/bl2/stm32mp1_private.o
 .rodata.stm32mp1_uart_addresses
                0x2fff4b04       0x20 ./../build/opteemin-programmer-uart-stm32mp157c-ed1/bl2/stm32mp1_private.o
 .rodata.stm32mp1_clk_gate
                0x2fff4b24      0x1d8 ./../build/opteemin-programmer-uart-stm32mp157c-ed1/bl2/stm32mp1_clk.o
 .rodata.parent_mp15