/home/dangcaominh/STM32MP1/u-boot/u-boot/board/st/stm32mp1/stm32mp1.c:775:6:stm32mp15x_ev1_hx8394	0	static
/home/dangcaominh/STM32MP1/u-boot/u-boot/board/st/stm32mp1/stm32mp1.c:633:13:board_is_stm32mp15x_ev1	8	static
/home/dangcaominh/STM32MP1/u-boot/u-boot/board/st/stm32mp1/stm32mp1.c:623:13:board_is_stm32mp15x_dk2	8	static
/home/dangcaominh/STM32MP1/u-boot/u-boot/board/st/stm32mp1/stm32mp1.c:1315:13:board_copro_image_process	48	static
/home/dangcaominh/STM32MP1/u-boot/u-boot/board/st/stm32mp1/stm32mp1.c:747:6:stm32mp15x_ev1_rm68200	64	static
/home/dangcaominh/STM32MP1/u-boot/u-boot/board/st/stm32mp1/stm32mp1.c:279:12:setup_led.isra	16	static
/home/dangcaominh/STM32MP1/u-boot/u-boot/board/st/stm32mp1/stm32mp1.c:96:5:board_early_init_f	0	static
/home/dangcaominh/STM32MP1/u-boot/u-boot/board/st/stm32mp1/stm32mp1.c:102:5:checkboard	56	static
/home/dangcaominh/STM32MP1/u-boot/u-boot/board/st/stm32mp1/stm32mp1.c:209:5:g_dnl_board_usb_cable_connected	16	static
/home/dangcaominh/STM32MP1/u-boot/u-boot/board/st/stm32mp1/stm32mp1.c:244:5:g_dnl_bind_fixup	16	static
/home/dangcaominh/STM32MP1/u-boot/u-boot/board/st/stm32mp1/stm32mp1.c:839:5:board_init	40	static
/home/dangcaominh/STM32MP1/u-boot/u-boot/board/st/stm32mp1/stm32mp1.c:864:5:board_late_init	416	static
/home/dangcaominh/STM32MP1/u-boot/u-boot/board/st/stm32mp1/stm32mp1.c:926:6:board_quiesce_devices	0	static
/home/dangcaominh/STM32MP1/u-boot/u-boot/board/st/stm32mp1/stm32mp1.c:979:5:board_interface_eth_init	56	static
/home/dangcaominh/STM32MP1/u-boot/u-boot/board/st/stm32mp1/stm32mp1.c:1056:19:env_get_location	8	static
/home/dangcaominh/STM32MP1/u-boot/u-boot/board/st/stm32mp1/stm32mp1.c:1091:13:env_ext4_get_intf	8	static
/home/dangcaominh/STM32MP1/u-boot/u-boot/board/st/stm32mp1/stm32mp1.c:1104:5:mmc_get_boot	72	static
/home/dangcaominh/STM32MP1/u-boot/u-boot/board/st/stm32mp1/stm32mp1.c:1129:13:env_ext4_get_dev_part	8	static
/home/dangcaominh/STM32MP1/u-boot/u-boot/board/st/stm32mp1/stm32mp1.c:1145:5:mmc_get_env_dev	0	static
/home/dangcaominh/STM32MP1/u-boot/u-boot/board/st/stm32mp1/stm32mp1.c:1157:6:stm32mp15x_dk2_fdt_update	32	static
/home/dangcaominh/STM32MP1/u-boot/u-boot/board/st/stm32mp1/stm32mp1.c:1183:6:fdt_update_panel_dsi	24	static
/home/dangcaominh/STM32MP1/u-boot/u-boot/board/st/stm32mp1/stm32mp1.c:1208:5:ft_board_setup	8	static
/home/dangcaominh/STM32MP1/u-boot/u-boot/board/st/stm32mp1/stm32mp1.c:1227:5:fdt_update_fwu_properties	40	static
/home/dangcaominh/STM32MP1/u-boot/u-boot/board/st/stm32mp1/stm32mp1.c:1260:5:fdt_update_fwu_mdata	24	static
/home/dangcaominh/STM32MP1/u-boot/u-boot/board/st/stm32mp1/stm32mp1.c:1304:5:board_fix_fdt	0	static
/home/dangcaominh/STM32MP1/u-boot/u-boot/board/st/stm32mp1/stm32mp1.c:1350:6:fwu_plat_get_bootidx	0	static
