/home/dangcaominh/STM32MP1/u-boot/stm32mp1-u-boot/drivers/reset/reset-scmi.c:24:12:scmi_reset_set_level	56	static
/home/dangcaominh/STM32MP1/u-boot/stm32mp1-u-boot/drivers/reset/reset-scmi.c:50:12:scmi_reset_deassert	0	static
/home/dangcaominh/STM32MP1/u-boot/stm32mp1-u-boot/drivers/reset/reset-scmi.c:45:12:scmi_reset_assert	0	static
/home/dangcaominh/STM32MP1/u-boot/stm32mp1-u-boot/drivers/reset/reset-scmi.c:55:12:scmi_reset_request	64	static
/home/dangcaominh/STM32MP1/u-boot/stm32mp1-u-boot/drivers/reset/reset-scmi.c:84:12:scmi_reset_probe	8	static
