/home/dangcaominh/STM32MP1/u-boot/stm32mp1-u-boot/lib/efi_selftest/efi_selftest_controllers.c:75:28:supported	40	static
/home/dangcaominh/STM32MP1/u-boot/stm32mp1-u-boot/lib/efi_selftest/efi_selftest_controllers.c:458:12:teardown	8	static
/home/dangcaominh/STM32MP1/u-boot/stm32mp1-u-boot/lib/efi_selftest/efi_selftest_controllers.c:167:21:disconnect_child	16	static
/home/dangcaominh/STM32MP1/u-boot/stm32mp1-u-boot/lib/efi_selftest/efi_selftest_controllers.c:197:28:stop	32	static
/home/dangcaominh/STM32MP1/u-boot/stm32mp1-u-boot/lib/efi_selftest/efi_selftest_controllers.c:112:28:start	48	static
/home/dangcaominh/STM32MP1/u-boot/stm32mp1-u-boot/lib/efi_selftest/efi_selftest_controllers.c:272:12:setup	16	static
/home/dangcaominh/STM32MP1/u-boot/stm32mp1-u-boot/lib/efi_selftest/efi_selftest_controllers.c:41:21:count_child_controllers.constprop	32	static
/home/dangcaominh/STM32MP1/u-boot/stm32mp1-u-boot/lib/efi_selftest/efi_selftest_controllers.c:315:12:execute	32	static
