/home/dangcaominh/STM32MP1/u-boot/u-boot/lib/efi_selftest/efi_selftest_block_device.c:64:28:reset	0	static
/home/dangcaominh/STM32MP1/u-boot/u-boot/lib/efi_selftest/efi_selftest_block_device.c:81:28:read_blocks	8	static
/home/dangcaominh/STM32MP1/u-boot/u-boot/lib/efi_selftest/efi_selftest_block_device.c:106:28:write_blocks	8	static
/home/dangcaominh/STM32MP1/u-boot/u-boot/lib/efi_selftest/efi_selftest_block_device.c:127:28:flush_blocks	0	static
/home/dangcaominh/STM32MP1/u-boot/u-boot/lib/efi_selftest/efi_selftest_block_device.c:247:12:teardown	16	static
/home/dangcaominh/STM32MP1/u-boot/u-boot/lib/efi_selftest/efi_selftest_block_device.c:187:12:setup	40	static
/home/dangcaominh/STM32MP1/u-boot/u-boot/lib/efi_selftest/efi_selftest_block_device.c:299:12:execute	1192	static
