Archive member included to satisfy reference by file (symbol)

./../build/optee-emmc-stm32mp157d-ev1/lib/libfdt.a(fdt.o)
                              ./../build/optee-emmc-stm32mp157d-ev1/bl2/fconf.o (fdt_check_header)
./../build/optee-emmc-stm32mp157d-ev1/lib/libfdt.a(fdt_addresses.o)
                              ./../build/optee-emmc-stm32mp157d-ev1/bl2/fdt_wrappers.o (fdt_address_cells)
./../build/optee-emmc-stm32mp157d-ev1/lib/libfdt.a(fdt_ro.o)
                              ./../build/optee-emmc-stm32mp157d-ev1/bl2/fdt_wrappers.o (fdt_get_name)
./../build/optee-emmc-stm32mp157d-ev1/lib/libfdt.a(fdt_rw.o)
                              ./../build/optee-emmc-stm32mp157d-ev1/lib/libfdt.a(fdt_addresses.o) (fdt_appendprop)
./../build/optee-emmc-stm32mp157d-ev1/lib/libfdt.a(fdt_strerror.o)
                              ./../build/optee-emmc-stm32mp157d-ev1/bl2/fdt_wrappers.o (fdt_strerror)
./../build/optee-emmc-stm32mp157d-ev1/lib/libfdt.a(fdt_wip.o)
                              ./../build/optee-emmc-stm32mp157d-ev1/bl2/fdt_wrappers.o (fdt_setprop_inplace_namelen_partial)
./../build/optee-emmc-stm32mp157d-ev1/lib/libc.a(assert.o)
                              ./../build/optee-emmc-stm32mp157d-ev1/bl2/bl2_image_load_v2.o (__assert)
./../build/optee-emmc-stm32mp157d-ev1/lib/libc.a(memchr.o)
                              ./../build/optee-emmc-stm32mp157d-ev1/lib/libfdt.a(fdt_ro.o) (memchr)
./../build/optee-emmc-stm32mp157d-ev1/lib/libc.a(memcmp.o)
                              ./../build/optee-emmc-stm32mp157d-ev1/bl2/uuid.o (memcmp)
./../build/optee-emmc-stm32mp157d-ev1/lib/libc.a(memcpy.o)
                              ./../build/optee-emmc-stm32mp157d-ev1/bl2/fdt_wrappers.o (memcpy)
./../build/optee-emmc-stm32mp157d-ev1/lib/libc.a(memmove.o)
                              ./../build/optee-emmc-stm32mp157d-ev1/bl2/xlat_tables_core.o (memmove)
./../build/optee-emmc-stm32mp157d-ev1/lib/libc.a(memset.o)
                              ./../build/optee-emmc-stm32mp157d-ev1/bl2/uuid.o (memset)
./../build/optee-emmc-stm32mp157d-ev1/lib/libc.a(printf.o)
                              ./../build/optee-emmc-stm32mp157d-ev1/bl2/tf_log.o (vprintf)
./../build/optee-emmc-stm32mp157d-ev1/lib/libc.a(snprintf.o)
                              ./../build/optee-emmc-stm32mp157d-ev1/bl2/stm32mp1_clk.o (snprintf)
./../build/optee-emmc-stm32mp157d-ev1/lib/libc.a(strchr.o)
                              ./../build/optee-emmc-stm32mp157d-ev1/bl2/fdt_wrappers.o (strchr)
./../build/optee-emmc-stm32mp157d-ev1/lib/libc.a(strcmp.o)
                              ./../build/optee-emmc-stm32mp157d-ev1/bl2/partition.o (strcmp)
./../build/optee-emmc-stm32mp157d-ev1/lib/libc.a(strlcpy.o)
                              ./../build/optee-emmc-stm32mp157d-ev1/bl2/fdt_wrappers.o (strlcpy)
./../build/optee-emmc-stm32mp157d-ev1/lib/libc.a(strlen.o)
                              ./../build/optee-emmc-stm32mp157d-ev1/bl2/fdt_wrappers.o (strlen)
./../build/optee-emmc-stm32mp157d-ev1/lib/libc.a(strncmp.o)
                              ./../build/optee-emmc-stm32mp157d-ev1/bl2/fdt_wrappers.o (strncmp)
./../build/optee-emmc-stm32mp157d-ev1/lib/libc.a(strnlen.o)
                              ./../build/optee-emmc-stm32mp157d-ev1/bl2/uuid.o (strnlen)
./../build/optee-emmc-stm32mp157d-ev1/lib/libc.a(strrchr.o)
                              ./../build/optee-emmc-stm32mp157d-ev1/lib/libfdt.a(fdt_ro.o) (strrchr)

Discarded input sections

 .text          0x00000000        0x0 ./../build/optee-emmc-stm32mp157d-ev1/bl2/build_message.o
 .data          0x00000000        0x0 ./../build/optee-emmc-stm32mp157d-ev1/bl2/build_message.o
 .bss           0x00000000        0x0 ./../build/optee-emmc-stm32mp157d-ev1/bl2/build_message.o
 .rodata.version
                0x00000000        0x8 ./../build/optee-emmc-stm32mp157d-ev1/bl2/build_message.o
 .text          0x00000000        0x0 ./../build/optee-emmc-stm32mp157d-ev1/bl2/bl2_arch_setup.o
 .data          0x00000000        0x0 ./../build/optee-emmc-stm32mp157d-ev1/bl2/bl2_arch_setup.o
 .bss           0x00000000        0x0 ./../build/optee-emmc-stm32mp157d-ev1/bl2/bl2_arch_setup.o
 .text          0x00000000        0x0 ./../build/optee-emmc-stm32mp157d-ev1/bl2/bl2_image_load_v2.o
 .data          0x00000000        0x0 ./../build/optee-emmc-stm32mp157d-ev1/bl2/bl2_image_load_v2.o
 .bss           0x00000000        0x0 ./../build/optee-emmc-stm32mp157d-ev1/bl2/bl2_image_load_v2.o
 .text          0x00000000        0x0 ./../build/optee-emmc-stm32mp157d-ev1/bl2/bl2_main.o
 .data          0x00000000        0x0 ./../build/optee-emmc-stm32mp157d-ev1/bl2/bl2_main.o
 .bss           0x00000000        0x0 ./../build/optee-emmc-stm32mp157d-ev1/bl2/bl2_main.o
 .text          0x00000000        0x0 ./../build/optee-emmc-stm32mp157d-ev1/bl2/bl_common.o
 .data          0x00000000        0x0 ./../build/optee-emmc-stm32mp157d-ev1/bl2/bl_common.o
 .bss           0x00000000        0x0 ./../build/optee-emmc-stm32mp157d-ev1/bl2/bl_common.o
[...]
Memory Configuration

Name             Origin             Length             Attributes
RAM              0x2ffe9000         0x00016000         xrw
*default*        0x00000000         0xffffffff

Linker script and memory map

                0x2ffe9000                        RAM_REGION_START = ORIGIN (RAM)
                0x00016000                        RAM_REGION_LENGTH = LENGTH (RAM)
                0x2ffe9000                        . = 0x2ffe9000
                0x00000001                        ASSERT ((. == ALIGN (0x1000)), BL2_BASE address is not aligned on a page boundary.)

.ro             0x2ffe9000    0x11000
                0x2ffe9000                        __RO_START__ = .
                0x2ffe9000                        __TEXT_RESIDENT_START__ = .
 *bl2_el3_entrypoint.o(SORT_BY_ALIGNMENT(.text*))
 .text.asm.bl2_entrypoint
                0x2ffe9000      0x160 ./../build/optee-emmc-stm32mp157d-ev1/bl2/bl2_el3_entrypoint.o
                0x2ffe9000                bl2_entrypoint
 *(SORT_BY_ALIGNMENT(.text.asm.*))
 .text.asm.bl2_run_next_image
                0x2ffe9160       0x48 ./../build/optee-emmc-stm32mp157d-ev1/bl2/bl2_run_next_image.o
                0x2ffe9160                bl2_run_next_image
 .text.asm.asm_assert
                0x2ffe91a8       0x7c ./../build/optee-emmc-stm32mp157d-ev1/bl2/debug.o
                0x2ffe91a8                asm_assert
 .text.asm.asm_print_str
                0x2ffe9224       0x1c ./../build/optee-emmc-stm32mp157d-ev1/bl2/debug.o
                0x2ffe9224                asm_print_str
 .text.asm.asm_print_hex
                0x2ffe9240       0x34 ./../build/optee-emmc-stm32mp157d-ev1/bl2/debug.o
                0x2ffe9240                asm_print_hex
                0x2ffe9244                asm_print_hex_bits
 .text.asm.el3_panic
                0x2ffe9274       0x3c ./../build/optee-emmc-stm32mp157d-ev1/bl2/debug.o
                0x2ffe9274                el3_panic
 .text.asm.report_exception
                0x2ffe92b0       0x14 ./../build/optee-emmc-stm32mp157d-ev1/bl2/debug.o
                0x2ffe92b0                report_exception
 .text.asm.report_prefetch_abort
                0x2ffe92c4       0x10 ./../build/optee-emmc-stm32mp157d-ev1/bl2/debug.o
                0x2ffe92c4                report_prefetch_abort
 .text.asm.report_data_abort
                0x2ffe92d4       0x10 ./../build/optee-emmc-stm32mp157d-ev1/bl2/debug.o
                0x2ffe92d4                report_data_abort
 .text.asm.console_stm32_core_init
                0x2ffe92e4       0xac ./../build/optee-emmc-stm32mp157d-ev1/bl2/stm32_console.o
                0x2ffe92e4                console_stm32_core_init
 .text.asm.console_stm32_register
                0x2ffe9390       0x50 ./../build/optee-emmc-stm32mp157d-ev1/bl2/stm32_console.o
                0x2ffe9390                console_stm32_register
 .text.asm.console_stm32_core_putc
                0x2ffe93e0       0x24 ./../build/optee-emmc-stm32mp157d-ev1/bl2/stm32_console.o
                0x2ffe93e0                console_stm32_core_putc
 .text.asm.console_stm32_putc
                0x2ffe9404       0x20 ./../build/optee-emmc-stm32mp157d-ev1/bl2/stm32_console.o
                0x2ffe9404                console_stm32_putc
 .text.asm.console_stm32_core_flush
                0x2ffe9424       0x34 ./../build/optee-emmc-stm32mp157d-ev1/bl2/stm32_console.o
                0x2ffe9424                console_stm32_core_flush
 .text.asm.console_stm32_flush
                0x2ffe9458       0x20 ./../build/optee-emmc-stm32mp157d-ev1/bl2/stm32_console.o
                0x2ffe9458                console_stm32_flush
 .text.asm.flush_dcache_range
                0x2ffe9478       0x3c ./../build/optee-emmc-stm32mp157d-ev1/bl2/cache_helpers.o
                0x2ffe9478                flush_dcache_range
 .text.asm.clean_dcache_range
                0x2ffe94b4       0x3c ./../build/optee-emmc-stm32mp157d-ev1/bl2/cache_helpers.o
                0x2ffe94b4                clean_dcache_range
 .text.asm.inv_dcache_range
                0x2ffe94f0       0x3c ./../build/optee-emmc-stm32mp157d-ev1/bl2/cache_helpers.o
                0x2ffe94f0                inv_dcache_range
 .text.asm.do_dcsw_op
                0x2ffe952c       0xc8 ./../build/optee-emmc-stm32mp157d-ev1/bl2/cache_helpers.o
 .text.asm.dcsw_op_all
                0x2ffe95f4       0x14 ./../build/optee-emmc-stm32mp157d-ev1/bl2/cache_helpers.o
                0x2ffe95f4                dcsw_op_all
 .text.asm.zeromem
                0x2ffe9608       0x64 ./../build/optee-emmc-stm32mp157d-ev1/bl2/misc_helpers.o
                0x2ffe9608                zeromem
                0x2ffe9608                zero_normalmem
 .text.asm.disable_mmu_secure
                0x2ffe966c       0x1c ./../build/optee-emmc-stm32mp157d-ev1/bl2/misc_helpers.o
                0x2ffe966c                disable_mmu_secure
 .text.asm.disable_mmu_icache_secure
                0x2ffe9688        0xc ./../build/optee-emmc-stm32mp157d-ev1/bl2/misc_helpers.o
                0x2ffe9688                disable_mmu_icache_secure
 .text.asm.cortex_a7_enable_smp
                0x2ffe9694       0x14 ./../build/optee-emmc-stm32mp157d-ev1/bl2/cortex_a7.o
 .text.asm.cortex_a7_reset_func
                0x2ffe96a8        0x4 ./../build/optee-emmc-stm32mp157d-ev1/bl2/cortex_a7.o
 .text.asm.reset_handler
                0x2ffe96ac       0x38 ./../build/optee-emmc-stm32mp157d-ev1/bl2/cpu_helpers.o
                0x2ffe96ac                reset_handler
 .text.asm.get_cpu_ops_ptr
                0x2ffe96e4       0x5c ./../build/optee-emmc-stm32mp157d-ev1/bl2/cpu_helpers.o
                0x2ffe96e4                get_cpu_ops_ptr
 .text.asm.spin_lock
                0x2ffe9740       0x24 ./../build/optee-emmc-stm32mp157d-ev1/bl2/spinlock.o
                0x2ffe9740                spin_lock
 .text.asm.spin_unlock
                0x2ffe9764       0x18 ./../build/optee-emmc-stm32mp157d-ev1/bl2/spinlock.o
                0x2ffe9764                spin_unlock
 .text.asm.enable_mmu_direct_svc_mon
                0x2ffe977c       0x80 ./../build/optee-emmc-stm32mp157d-ev1/bl2/enable_mmu.o
                0x2ffe977c                enable_mmu_direct_svc_mon
 .text.asm.plat_set_my_stack
                0x2ffe97fc       0x10 ./../build/optee-emmc-stm32mp157d-ev1/bl2/platform_up_stack.o
                0x2ffe97fc                plat_set_my_stack
 .text.asm.stm32_pwr_down_wfi_wrapper
                0x2ffe980c       0x88 ./../build/optee-emmc-stm32mp157d-ev1/bl2/stm32mp1_critic_power_wrapper.o
                0x2ffe980c                stm32_pwr_down_wfi_wrapper
 .text.asm.platform_mem_init
                0x2ffe9894        0x4 ./../build/optee-emmc-stm32mp157d-ev1/bl2/stm32mp1_helper.o
                0x2ffe9894                platform_mem_init
 .text.asm.plat_report_exception
                0x2ffe9898       0x64 ./../build/optee-emmc-stm32mp157d-ev1/bl2/stm32mp1_helper.o
                0x2ffe9898                plat_report_exception
 .text.asm.plat_report_prefetch_abort
                0x2ffe98fc       0x58 ./../build/optee-emmc-stm32mp157d-ev1/bl2/stm32mp1_helper.o
                0x2ffe98fc                plat_report_prefetch_abort
 .text.asm.plat_report_data_abort
                0x2ffe9954       0x58 ./../build/optee-emmc-stm32mp157d-ev1/bl2/stm32mp1_helper.o
                0x2ffe9954                plat_report_data_abort
 .text.asm.plat_reset_handler
                0x2ffe99ac        0x4 ./../build/optee-emmc-stm32mp157d-ev1/bl2/stm32mp1_helper.o
                0x2ffe99ac                plat_reset_handler
 .text.asm.plat_get_my_entrypoint
                0x2ffe99b0        0x8 ./../build/optee-emmc-stm32mp157d-ev1/bl2/stm32mp1_helper.o
                0x2ffe99b0                plat_get_my_entrypoint
 .text.asm.plat_secondary_cold_boot_setup
                0x2ffe99b8        0x4 ./../build/optee-emmc-stm32mp157d-ev1/bl2/stm32mp1_helper.o
                0x2ffe99b8                plat_secondary_cold_boot_setup
 .text.asm.plat_is_my_cpu_primary
                0x2ffe99bc       0x20 ./../build/optee-emmc-stm32mp157d-ev1/bl2/stm32mp1_helper.o
                0x2ffe99bc                plat_is_my_cpu_primary
 .text.asm.plat_crash_console_init
                0x2ffe99dc       0xc0 ./../build/optee-emmc-stm32mp157d-ev1/bl2/stm32mp1_helper.o
                0x2ffe99dc                plat_crash_console_init
 .text.asm.plat_crash_console_flush
                0x2ffe9a9c        0xc ./../build/optee-emmc-stm32mp157d-ev1/bl2/stm32mp1_helper.o
                0x2ffe9a9c                plat_crash_console_flush
 .text.asm.plat_crash_console_putc
                0x2ffe9aa8        0xc ./../build/optee-emmc-stm32mp157d-ev1/bl2/stm32mp1_helper.o
                0x2ffe9aa8                plat_crash_console_putc
 .text.asm.plat_panic_handler
                0x2ffe9ab4       0x14 ./../build/optee-emmc-stm32mp157d-ev1/bl2/stm32mp1_helper.o
                0x2ffe9ab4                plat_panic_handler
                0x2ffe9ac8                        __TEXT_RESIDENT_END__ = .
 *(SORT_BY_ALIGNMENT(.text*))
 .text.bl2_load_images
                0x2ffe9ac8      0x118 ./../build/optee-emmc-stm32mp157d-ev1/bl2/bl2_image_load_v2.o
                0x2ffe9ac8                bl2_load_images
 .text.bl2_main
                0x2ffe9be0       0x54 ./../build/optee-emmc-stm32mp157d-ev1/bl2/bl2_main.o
                0x2ffe9be0                bl2_main
 .text.load_auth_image
                0x2ffe9c34      0x10c ./../build/optee-emmc-stm32mp157d-ev1/bl2/bl_common.o
                0x2ffe9c34                load_auth_image
 .text.print_entry_point_info
                0x2ffe9d40       0x20 ./../build/optee-emmc-stm32mp157d-ev1/bl2/bl_common.o
                0x2ffe9d40                print_entry_point_info
 .text.flush_bl_params_desc_args
                0x2ffe9d60       0x34 ./../build/optee-emmc-stm32mp157d-ev1/bl2/desc_image_load.o
                0x2ffe9d60                flush_bl_params_desc_args
 .text.flush_bl_params_desc
                0x2ffe9d94       0x1c ./../build/optee-emmc-stm32mp157d-ev1/bl2/desc_image_load.o
                0x2ffe9d94                flush_bl_params_desc
 .text.get_bl_params_node_index
                0x2ffe9db0       0x44 ./../build/optee-emmc-stm32mp157d-ev1/bl2/desc_image_load.o
                0x2ffe9db0                get_bl_params_node_index
 .text.get_bl_mem_params_node
                0x2ffe9df4       0x30 ./../build/optee-emmc-stm32mp157d-ev1/bl2/desc_image_load.o
                0x2ffe9df4                get_bl_mem_params_node
 .text.get_bl_load_info_from_mem_params_desc
                0x2ffe9e24       0x50 ./../build/optee-emmc-stm32mp157d-ev1/bl2/desc_image_load.o
                0x2ffe9e24                get_bl_load_info_from_mem_params_desc
 .text.get_next_bl_params_from_mem_params_desc
                0x2ffe9e74       0xc0 ./../build/optee-emmc-stm32mp157d-ev1/bl2/desc_image_load.o
                0x2ffe9e74                get_next_bl_params_from_mem_params_desc
 .text.populate_next_bl_params_config
                0x2ffe9f34       0x68 ./../build/optee-emmc-stm32mp157d-ev1/bl2/desc_image_load.o
                0x2ffe9f34                populate_next_bl_params_config
 .text.fdt_read_uint32_array
                0x2ffe9f9c       0x70 ./../build/optee-emmc-stm32mp157d-ev1/bl2/fdt_wrappers.o
                0x2ffe9f9c                fdt_read_uint32_array
 .text.fdtw_read_string
                0x2ffea00c       0x88 ./../build/optee-emmc-stm32mp157d-ev1/bl2/fdt_wrappers.o
                0x2ffea00c                fdtw_read_string
 .text.fdtw_read_uuid
                0x2ffea094       0x54 ./../build/optee-emmc-stm32mp157d-ev1/bl2/fdt_wrappers.o
                0x2ffea094                fdtw_read_uuid
 .text.fdt_get_stdout_node_offset
                0x2ffea0e8       0x74 ./../build/optee-emmc-stm32mp157d-ev1/bl2/fdt_wrappers.o
                0x2ffea0e8                fdt_get_stdout_node_offset
 .text.tf_log   0x2ffea15c       0x5c ./../build/optee-emmc-stm32mp157d-ev1/bl2/tf_log.o
                0x2ffea15c                tf_log
 .text.read_uuid
                0x2ffea1b8       0xc8 ./../build/optee-emmc-stm32mp157d-ev1/bl2/uuid.o
                0x2ffea1b8                read_uuid
 .text.tzc400_set_action
                0x2ffea280       0x24 ./../build/optee-emmc-stm32mp157d-ev1/bl2/tzc400.o
                0x2ffea280                tzc400_set_action
 .text.tzc400_init
                0x2ffea2a4       0x5c ./../build/optee-emmc-stm32mp157d-ev1/bl2/tzc400.o
                0x2ffea2a4                tzc400_init
 .text.tzc400_configure_region0
                0x2ffea300       0x2c ./../build/optee-emmc-stm32mp157d-ev1/bl2/tzc400.o
                0x2ffea300                tzc400_configure_region0
 .text.tzc400_configure_region
                0x2ffea32c       0xc4 ./../build/optee-emmc-stm32mp157d-ev1/bl2/tzc400.o
                0x2ffea32c                tzc400_configure_region
 .text.tzc400_update_filters
                0x2ffea3f0       0x44 ./../build/optee-emmc-stm32mp157d-ev1/bl2/tzc400.o
                0x2ffea3f0                tzc400_update_filters
 .text.tzc400_enable_filters
                0x2ffea434       0x68 ./../build/optee-emmc-stm32mp157d-ev1/bl2/tzc400.o
                0x2ffea434                tzc400_enable_filters
 .text.tzc400_disable_filters
                0x2ffea49c       0x50 ./../build/optee-emmc-stm32mp157d-ev1/bl2/tzc400.o
                0x2ffea49c                tzc400_disable_filters
 .text.clk_enable
                0x2ffea4ec       0x24 ./../build/optee-emmc-stm32mp157d-ev1/bl2/clk.o
                0x2ffea4ec                clk_enable
 .text.clk_disable
                0x2ffea510       0x24 ./../build/optee-emmc-stm32mp157d-ev1/bl2/clk.o
                0x2ffea510                clk_disable
 .text.clk_get_rate
                0x2ffea534       0x24 ./../build/optee-emmc-stm32mp157d-ev1/bl2/clk.o
                0x2ffea534                clk_get_rate
 .text.clk_is_enabled
                0x2ffea558       0x24 ./../build/optee-emmc-stm32mp157d-ev1/bl2/clk.o
                0x2ffea558                clk_is_enabled
 .text.clk_register
                0x2ffea57c       0x30 ./../build/optee-emmc-stm32mp157d-ev1/bl2/clk.o
                0x2ffea57c                clk_register
 .text.console_is_registered
                0x2ffea5ac       0x28 ./../build/optee-emmc-stm32mp157d-ev1/bl2/multi_console.o
                0x2ffea5ac                console_is_registered
 .text.console_register
                0x2ffea5d4       0x40 ./../build/optee-emmc-stm32mp157d-ev1/bl2/multi_console.o
                0x2ffea5d4                console_register
 .text.console_set_scope
                0x2ffea614       0x1c ./../build/optee-emmc-stm32mp157d-ev1/bl2/multi_console.o
                0x2ffea614                console_set_scope
 .text.console_putc
                0x2ffea630       0x58 ./../build/optee-emmc-stm32mp157d-ev1/bl2/multi_console.o
                0x2ffea630                console_putc
 .text.console_flush
                0x2ffea688       0x28 ./../build/optee-emmc-stm32mp157d-ev1/bl2/multi_console.o
                0x2ffea688                console_flush
 .text.udelay   0x2ffea6b0       0x70 ./../build/optee-emmc-stm32mp157d-ev1/bl2/delay_timer.o
                0x2ffea6b0                udelay
 .text.timer_init
                0x2ffea720       0x28 ./../build/optee-emmc-stm32mp157d-ev1/bl2/delay_timer.o
                0x2ffea720                timer_init
 .text.generic_delay_timer_init_args
                0x2ffea748       0x18 ./../build/optee-emmc-stm32mp157d-ev1/bl2/generic_delay_timer.o
                0x2ffea748                generic_delay_timer_init_args
 .text.generic_delay_timer_init
                0x2ffea760       0x54 ./../build/optee-emmc-stm32mp157d-ev1/bl2/generic_delay_timer.o
                0x2ffea760                generic_delay_timer_init
 .text.fwu_metadata_load
                0x2ffea7b4      0x178 ./../build/optee-emmc-stm32mp157d-ev1/bl2/fwu.o
 .text.fwu_get_alternate_boot_bank
                0x2ffea92c       0x90 ./../build/optee-emmc-stm32mp157d-ev1/bl2/fwu.o
                0x2ffea92c                fwu_get_alternate_boot_bank
 .text.fwu_get_metadata
                0x2ffea9bc       0x24 ./../build/optee-emmc-stm32mp157d-ev1/bl2/fwu.o
                0x2ffea9bc                fwu_get_metadata
 .text.fwu_init
                0x2ffea9e0       0x48 ./../build/optee-emmc-stm32mp157d-ev1/bl2/fwu.o
                0x2ffea9e0                fwu_init
 .text.block_seek
                0x2ffeaa28       0x54 ./../build/optee-emmc-stm32mp157d-ev1/bl2/io_block.o
 .text.block_open
                0x2ffeaa7c       0x4c ./../build/optee-emmc-stm32mp157d-ev1/bl2/io_block.o
 .text.block_write
                0x2ffeaac8      0x11c ./../build/optee-emmc-stm32mp157d-ev1/bl2/io_block.o
 .text.block_read
                0x2ffeabe4       0xe4 ./../build/optee-emmc-stm32mp157d-ev1/bl2/io_block.o
 .text.block_dev_close
                0x2ffeacc8       0x48 ./../build/optee-emmc-stm32mp157d-ev1/bl2/io_block.o
 .text.block_dev_open
                0x2ffead10       0x78 ./../build/optee-emmc-stm32mp157d-ev1/bl2/io_block.o
 .text.register_io_dev_block
                0x2ffead88       0x2c ./../build/optee-emmc-stm32mp157d-ev1/bl2/io_block.o
                0x2ffead88                register_io_dev_block
 .text.fip_file_close
                0x2ffeadb4       0x20 ./../build/optee-emmc-stm32mp157d-ev1/bl2/io_fip.o
 .text.fip_dev_init
                0x2ffeadd4       0x9c ./../build/optee-emmc-stm32mp157d-ev1/bl2/io_fip.o
 .text.fip_file_read
                0x2ffeae70       0xb4 ./../build/optee-emmc-stm32mp157d-ev1/bl2/io_fip.o
 .text.fip_file_len
                0x2ffeaf24       0x24 ./../build/optee-emmc-stm32mp157d-ev1/bl2/io_fip.o
 .text.fip_file_open
                0x2ffeaf48       0xf0 ./../build/optee-emmc-stm32mp157d-ev1/bl2/io_fip.o
 .text.fip_dev_close
                0x2ffeb038       0x50 ./../build/optee-emmc-stm32mp157d-ev1/bl2/io_fip.o
 .text.fip_dev_open
                0x2ffeb088       0x4c ./../build/optee-emmc-stm32mp157d-ev1/bl2/io_fip.o
 .text.register_io_dev_fip
                0x2ffeb0d4       0x2c ./../build/optee-emmc-stm32mp157d-ev1/bl2/io_fip.o
                0x2ffeb0d4                register_io_dev_fip
 .text.free_entity.isra.0
                0x2ffeb100       0x40 ./../build/optee-emmc-stm32mp157d-ev1/bl2/io_storage.o
 .text.io_register_device
                0x2ffeb140       0x28 ./../build/optee-emmc-stm32mp157d-ev1/bl2/io_storage.o
                0x2ffeb140                io_register_device
 .text.io_dev_open
                0x2ffeb168       0x28 ./../build/optee-emmc-stm32mp157d-ev1/bl2/io_storage.o
                0x2ffeb168                io_dev_open
 .text.io_dev_init
                0x2ffeb190       0x34 ./../build/optee-emmc-stm32mp157d-ev1/bl2/io_storage.o
                0x2ffeb190                io_dev_init
 .text.io_dev_close
                0x2ffeb1c4       0x30 ./../build/optee-emmc-stm32mp157d-ev1/bl2/io_storage.o
                0x2ffeb1c4                io_dev_close
 .text.io_open  0x2ffeb1f4       0x94 ./../build/optee-emmc-stm32mp157d-ev1/bl2/io_storage.o
                0x2ffeb1f4                io_open
 .text.io_seek  0x2ffeb288       0x4c ./../build/optee-emmc-stm32mp157d-ev1/bl2/io_storage.o
                0x2ffeb288                io_seek
 .text.io_size  0x2ffeb2d4       0x34 ./../build/optee-emmc-stm32mp157d-ev1/bl2/io_storage.o
                0x2ffeb2d4                io_size
 .text.io_read  0x2ffeb308       0x48 ./../build/optee-emmc-stm32mp157d-ev1/bl2/io_storage.o
                0x2ffeb308                io_read
 .text.io_close
                0x2ffeb350       0x30 ./../build/optee-emmc-stm32mp157d-ev1/bl2/io_storage.o
                0x2ffeb350                io_close
 .text.mmc_send_cmd
                0x2ffeb380       0x40 ./../build/optee-emmc-stm32mp157d-ev1/bl2/mmc.o
 .text.mmc_device_state
                0x2ffeb3c0       0x54 ./../build/optee-emmc-stm32mp157d-ev1/bl2/mmc.o
 .text.sd_switch.constprop.0
                0x2ffeb414       0x44 ./../build/optee-emmc-stm32mp157d-ev1/bl2/mmc.o
 .text.mmc_read_blocks
                0x2ffeb458       0xd8 ./../build/optee-emmc-stm32mp157d-ev1/bl2/mmc.o
                0x2ffeb458                mmc_read_blocks
 .text.mmc_init
                0x2ffeb530      0x4d4 ./../build/optee-emmc-stm32mp157d-ev1/bl2/mmc.o
                0x2ffeb530                mmc_init
 .text.parse_gpt_entry
                0x2ffeba04       0xb0 ./../build/optee-emmc-stm32mp157d-ev1/bl2/gpt.o
                0x2ffeba04                parse_gpt_entry
 .text.load_gpt_header
                0x2ffebab4       0x80 ./../build/optee-emmc-stm32mp157d-ev1/bl2/partition.o
 .text.load_partition_gpt
                0x2ffebb34       0x6c ./../build/optee-emmc-stm32mp157d-ev1/bl2/partition.o
 .text.load_partition_table
                0x2ffebba0      0x204 ./../build/optee-emmc-stm32mp157d-ev1/bl2/partition.o
                0x2ffebba0                load_partition_table
 .text.get_partition_entry
                0x2ffebda4       0x34 ./../build/optee-emmc-stm32mp157d-ev1/bl2/partition.o
                0x2ffebda4                get_partition_entry
 .text.get_partition_entry_by_type
                0x2ffebdd8       0x38 ./../build/optee-emmc-stm32mp157d-ev1/bl2/partition.o
                0x2ffebdd8                get_partition_entry_by_type
 .text.get_partition_entry_by_guid
                0x2ffebe10       0x38 ./../build/optee-emmc-stm32mp157d-ev1/bl2/partition.o
                0x2ffebe10                get_partition_entry_by_guid
 .text.partition_init
                0x2ffebe48       0x1c ./../build/optee-emmc-stm32mp157d-ev1/bl2/partition.o
                0x2ffebe48                partition_init
 .text.is_otp_invalid_mode
                0x2ffebe64       0x28 ./../build/optee-emmc-stm32mp157d-ev1/bl2/bsec2.o
 .text.bsec_lock
                0x2ffebe8c       0x18 ./../build/optee-emmc-stm32mp157d-ev1/bl2/bsec2.o
 .text.bsec_unlock
                0x2ffebea4       0x18 ./../build/optee-emmc-stm32mp157d-ev1/bl2/bsec2.o
 .text.bsec_power_safmem
                0x2ffebebc       0x58 ./../build/optee-emmc-stm32mp157d-ev1/bl2/bsec2.o
 .text.otp_bank_offset
                0x2ffebf14       0x18 ./../build/optee-emmc-stm32mp157d-ev1/bl2/bsec2.o
 .text.bsec_check_error
                0x2ffebf2c       0x34 ./../build/optee-emmc-stm32mp157d-ev1/bl2/bsec2.o
 .text.bsec_probe
                0x2ffebf60       0x3c ./../build/optee-emmc-stm32mp157d-ev1/bl2/bsec2.o
                0x2ffebf60                bsec_probe
 .text.bsec_read_debug_conf
                0x2ffebf9c        0xc ./../build/optee-emmc-stm32mp157d-ev1/bl2/bsec2.o
                0x2ffebf9c                bsec_read_debug_conf
 .text.bsec_read_sr_lock
                0x2ffebfa8       0x34 ./../build/optee-emmc-stm32mp157d-ev1/bl2/bsec2.o
                0x2ffebfa8                bsec_read_sr_lock
 .text.bsec_read_sw_lock
                0x2ffebfdc       0x34 ./../build/optee-emmc-stm32mp157d-ev1/bl2/bsec2.o
                0x2ffebfdc                bsec_read_sw_lock
 .text.bsec_write_otp
                0x2ffec010       0x4c ./../build/optee-emmc-stm32mp157d-ev1/bl2/bsec2.o
                0x2ffec010                bsec_write_otp
 .text.bsec_read_sp_lock
                0x2ffec05c       0x34 ./../build/optee-emmc-stm32mp157d-ev1/bl2/bsec2.o
                0x2ffec05c                bsec_read_sp_lock
 .text.bsec_program_otp
                0x2ffec090       0xf0 ./../build/optee-emmc-stm32mp157d-ev1/bl2/bsec2.o
                0x2ffec090                bsec_program_otp
 .text.bsec_shadow_read_otp
                0x2ffec180       0xb8 ./../build/optee-emmc-stm32mp157d-ev1/bl2/bsec2.o
                0x2ffec180                bsec_shadow_read_otp
 .text.stm32mp1_check_pll_conf
                0x2ffec238       0xfc ./../build/optee-emmc-stm32mp157d-ev1/bl2/stm32mp1_clk.o
 .text.stm32mp1_pll_config_output
                0x2ffec334       0x34 ./../build/optee-emmc-stm32mp157d-ev1/bl2/stm32mp1_clk.o
 .text.stm32mp1_clk_get_gated_id
                0x2ffec368       0x34 ./../build/optee-emmc-stm32mp157d-ev1/bl2/stm32mp1_clk.o
 .text.stm32mp1_clk_get_parent
                0x2ffec39c       0x78 ./../build/optee-emmc-stm32mp157d-ev1/bl2/stm32mp1_clk.o
 .text.stm32mp_clk_is_enabled
                0x2ffec414       0x40 ./../build/optee-emmc-stm32mp157d-ev1/bl2/stm32mp1_clk.o
 .text.stm32mp_clk_disable
                0x2ffec454       0x90 ./../build/optee-emmc-stm32mp157d-ev1/bl2/stm32mp1_clk.o
 .text.stm32mp_clk_enable
                0x2ffec4e4       0x8c ./../build/optee-emmc-stm32mp157d-ev1/bl2/stm32mp1_clk.o
 .text.stm32_clk_configure_mux
                0x2ffec570       0x90 ./../build/optee-emmc-stm32mp157d-ev1/bl2/stm32mp1_clk.o
 .text.stm32mp1_read_pll_freq
                0x2ffec600       0xac ./../build/optee-emmc-stm32mp157d-ev1/bl2/stm32mp1_clk.o
 .text.stm32mp_clk_get_rate
                0x2ffec6ac      0x204 ./../build/optee-emmc-stm32mp157d-ev1/bl2/stm32mp1_clk.o
 .text.stm32mp1_osc_wait.isra.0
                0x2ffec8b0       0x54 ./../build/optee-emmc-stm32mp157d-ev1/bl2/stm32mp1_clk.o
 .text.clk_stm32_set_div
                0x2ffec904       0x94 ./../build/optee-emmc-stm32mp157d-ev1/bl2/stm32mp1_clk.o
                0x2ffec904                clk_stm32_set_div
 .text.stm32mp1_clk_rcc_regs_lock
                0x2ffec998        0xc ./../build/optee-emmc-stm32mp157d-ev1/bl2/stm32mp1_clk.o
                0x2ffec998                stm32mp1_clk_rcc_regs_lock
 .text.stm32mp1_clk_rcc_regs_unlock
                0x2ffec9a4        0xc ./../build/optee-emmc-stm32mp157d-ev1/bl2/stm32mp1_clk.o
                0x2ffec9a4                stm32mp1_clk_rcc_regs_unlock
 .text.stm32mp1_clk_init
                0x2ffec9b0      0x944 ./../build/optee-emmc-stm32mp157d-ev1/bl2/stm32mp1_clk.o
                0x2ffec9b0                stm32mp1_clk_init
 .text.stm32mp1_clk_probe
                0x2ffed2f4      0x214 ./../build/optee-emmc-stm32mp157d-ev1/bl2/stm32mp1_clk.o
                0x2ffed2f4                stm32mp1_clk_probe
 .text.fdt_osc_read_freq
                0x2ffed508       0x8c ./../build/optee-emmc-stm32mp157d-ev1/bl2/stm32mp_clkfunc.o
                0x2ffed508                fdt_osc_read_freq
 .text.fdt_clk_read_bool
                0x2ffed594       0x68 ./../build/optee-emmc-stm32mp157d-ev1/bl2/stm32mp_clkfunc.o
                0x2ffed594                fdt_clk_read_bool
 .text.fdt_clk_read_uint32_default
                0x2ffed5fc       0x64 ./../build/optee-emmc-stm32mp157d-ev1/bl2/stm32mp_clkfunc.o
                0x2ffed5fc                fdt_clk_read_uint32_default
 .text.fdt_get_clock_id
                0x2ffed660       0x34 ./../build/optee-emmc-stm32mp157d-ev1/bl2/stm32mp_clkfunc.o
                0x2ffed660                fdt_get_clock_id
 .text.stm32mp_stgen_config
                0x2ffed694       0x4c ./../build/optee-emmc-stm32mp157d-ev1/bl2/stm32mp_clkfunc.o
                0x2ffed694                stm32mp_stgen_config
 .text.stm32mp_stgen_restore_rate
                0x2ffed6e0       0x10 ./../build/optee-emmc-stm32mp157d-ev1/bl2/stm32mp_clkfunc.o
                0x2ffed6e0                stm32mp_stgen_restore_rate
 .text.stm32mp1_ddr_init
                0x2ffed6f0      0x4b4 ./../build/optee-emmc-stm32mp157d-ev1/bl2/stm32mp1_ddr.o
                0x2ffed6f0                stm32mp1_ddr_init
 .text.ddr_sw_self_refresh_exit
                0x2ffedba4      0x1e4 ./../build/optee-emmc-stm32mp157d-ev1/bl2/stm32mp1_ddr_helpers.o
                0x2ffedba4                ddr_sw_self_refresh_exit
 .text.ddr_read_sr_mode
                0x2ffedd88       0x18 ./../build/optee-emmc-stm32mp157d-ev1/bl2/stm32mp1_ddr_helpers.o
                0x2ffedd88                ddr_read_sr_mode
 .text.ddr_set_sr_mode
                0x2ffedda0      0x1f0 ./../build/optee-emmc-stm32mp157d-ev1/bl2/stm32mp1_ddr_helpers.o
                0x2ffedda0                ddr_set_sr_mode
 .text.stm32mp1_ddr_setup
                0x2ffedf90      0x154 ./../build/optee-emmc-stm32mp157d-ev1/bl2/stm32mp1_ram.o
 .text.stm32mp1_ddr_clk_enable
                0x2ffee0e4       0x48 ./../build/optee-emmc-stm32mp157d-ev1/bl2/stm32mp1_ram.o
                0x2ffee0e4                stm32mp1_ddr_clk_enable
 .text.stm32mp1_ddr_is_restored
                0x2ffee12c        0xc ./../build/optee-emmc-stm32mp157d-ev1/bl2/stm32mp1_ram.o
                0x2ffee12c                stm32mp1_ddr_is_restored
 .text.stm32mp1_ddr_probe
                0x2ffee138       0x3c ./../build/optee-emmc-stm32mp157d-ev1/bl2/stm32mp1_ram.o
                0x2ffee138                stm32mp1_ddr_probe
 .text.stm32mp_ddr_set_reg
                0x2ffee174       0x48 ./../build/optee-emmc-stm32mp157d-ev1/bl2/stm32mp_ddr.o
                0x2ffee174                stm32mp_ddr_set_reg
 .text.stm32mp_ddr_sw_selfref_entry
                0x2ffee1bc       0x58 ./../build/optee-emmc-stm32mp157d-ev1/bl2/stm32mp_ddr.o
                0x2ffee1bc                stm32mp_ddr_sw_selfref_entry
 .text.stm32mp_ddr_set_qd3_update_conditions
                0x2ffee214       0x4c ./../build/optee-emmc-stm32mp157d-ev1/bl2/stm32mp_ddr.o
                0x2ffee214                stm32mp_ddr_set_qd3_update_conditions
 .text.stm32mp_ddr_unset_qd3_update_conditions
                0x2ffee260       0x38 ./../build/optee-emmc-stm32mp157d-ev1/bl2/stm32mp_ddr.o
                0x2ffee260                stm32mp_ddr_unset_qd3_update_conditions
 .text.stm32mp_ddr_dt_get_info
                0x2ffee298       0x50 ./../build/optee-emmc-stm32mp157d-ev1/bl2/stm32mp_ram.o
                0x2ffee298                stm32mp_ddr_dt_get_info
 .text.stm32mp_ddr_dt_get_param
                0x2ffee2e8       0x54 ./../build/optee-emmc-stm32mp157d-ev1/bl2/stm32mp_ram.o
                0x2ffee2e8                stm32mp_ddr_dt_get_param
 .text.set_gpio.isra.0
                0x2ffee33c       0xf0 ./../build/optee-emmc-stm32mp157d-ev1/bl2/stm32_gpio.o
 .text.dt_set_pinctrl_config
                0x2ffee42c      0x240 ./../build/optee-emmc-stm32mp157d-ev1/bl2/stm32_gpio.o
                0x2ffee42c                dt_set_pinctrl_config
 .text.i2c_transfer_config.isra.0
                0x2ffee66c       0x2c ./../build/optee-emmc-stm32mp157d-ev1/bl2/stm32_i2c.o
 .text.i2c_read.isra.0
                0x2ffee698      0x1f0 ./../build/optee-emmc-stm32mp157d-ev1/bl2/stm32_i2c.o
 .text.i2c_write
                0x2ffee888      0x218 ./../build/optee-emmc-stm32mp157d-ev1/bl2/stm32_i2c.o
 .text.stm32_i2c_get_setup_from_fdt
                0x2ffeeaa0       0x64 ./../build/optee-emmc-stm32mp157d-ev1/bl2/stm32_i2c.o
                0x2ffeeaa0                stm32_i2c_get_setup_from_fdt
 .text.stm32_i2c_init
                0x2ffeeb04      0x434 ./../build/optee-emmc-stm32mp157d-ev1/bl2/stm32_i2c.o
                0x2ffeeb04                stm32_i2c_init
 .text.stm32_i2c_is_device_ready
                0x2ffeef38      0x130 ./../build/optee-emmc-stm32mp157d-ev1/bl2/stm32_i2c.o
                0x2ffeef38                stm32_i2c_is_device_ready
 .text.fdt_get_clk_by_name
                0x2ffef068       0x4c ./../build/optee-emmc-stm32mp157d-ev1/bl2/stm32_iwdg.o
 .text.stm32_iwdg_refresh
                0x2ffef0b4       0x40 ./../build/optee-emmc-stm32mp157d-ev1/bl2/stm32_iwdg.o
                0x2ffef0b4                stm32_iwdg_refresh
 .text.stm32_iwdg_init
                0x2ffef0f4      0x184 ./../build/optee-emmc-stm32mp157d-ev1/bl2/stm32_iwdg.o
                0x2ffef0f4                stm32_iwdg_init
 .text.stm32_sdmmc2_set_ios
                0x2ffef278       0x78 ./../build/optee-emmc-stm32mp157d-ev1/bl2/stm32_sdmmc2.o
 .text.stm32_sdmmc2_init
                0x2ffef2f0       0x8c ./../build/optee-emmc-stm32mp157d-ev1/bl2/stm32_sdmmc2.o
 .text.stm32_sdmmc2_send_cmd
                0x2ffef37c      0x318 ./../build/optee-emmc-stm32mp157d-ev1/bl2/stm32_sdmmc2.o
 .text.stm32_sdmmc2_read
                0x2ffef694      0x138 ./../build/optee-emmc-stm32mp157d-ev1/bl2/stm32_sdmmc2.o
 .text.stm32_sdmmc2_prepare
                0x2ffef7cc       0xb4 ./../build/optee-emmc-stm32mp157d-ev1/bl2/stm32_sdmmc2.o
 .text.stm32_sdmmc2_mmc_init
                0x2ffef880      0x184 ./../build/optee-emmc-stm32mp157d-ev1/bl2/stm32_sdmmc2.o
                0x2ffef880                stm32_sdmmc2_mmc_init
 .text.nvmem_driver_register
                0x2ffefa04       0x24 ./../build/optee-emmc-stm32mp157d-ev1/bl2/nvmem.o
                0x2ffefa04                nvmem_driver_register
 .text.nvmem_get_cell_by_index
                0x2ffefa28       0x90 ./../build/optee-emmc-stm32mp157d-ev1/bl2/nvmem.o
                0x2ffefa28                nvmem_get_cell_by_index
 .text.nvmem_get_cell_by_name
                0x2ffefab8       0x2c ./../build/optee-emmc-stm32mp157d-ev1/bl2/nvmem.o
                0x2ffefab8                nvmem_get_cell_by_name
 .text.stm32_tamp_nvram_write_bkp
                0x2ffefae4       0x68 ./../build/optee-emmc-stm32mp157d-ev1/bl2/stm32mp_tamp_nvram_core.o
 .text.stm32_tamp_nvram_read_bkp.constprop.0.isra.0
                0x2ffefb4c       0x68 ./../build/optee-emmc-stm32mp157d-ev1/bl2/stm32mp_tamp_nvram_core.o
 .text.stm32_tamp_nvram_read_cell
                0x2ffefbb4       0xa4 ./../build/optee-emmc-stm32mp157d-ev1/bl2/stm32mp_tamp_nvram_core.o
 .text.stm32_tamp_nvram_write_cell
                0x2ffefc58       0xc4 ./../build/optee-emmc-stm32mp157d-ev1/bl2/stm32mp_tamp_nvram_core.o
 .text.stm32_tamp_nvram_update_rights
                0x2ffefd1c       0xc4 ./../build/optee-emmc-stm32mp157d-ev1/bl2/stm32mp_tamp_nvram_core.o
                0x2ffefd1c                stm32_tamp_nvram_update_rights
 .text.stm32_tamp_nvram_init
                0x2ffefde0       0xc4 ./../build/optee-emmc-stm32mp157d-ev1/bl2/stm32mp_tamp_nvram_core.o
                0x2ffefde0                stm32_tamp_nvram_init
 .text.stm32_tamp_nvram_get_cdata
                0x2ffefea4        0x8 ./../build/optee-emmc-stm32mp157d-ev1/bl2/stm32mp_tamp_nvram_mp1.o
                0x2ffefea4                stm32_tamp_nvram_get_cdata
 .text.stm32_tamp_nvram_get_access_rights
                0x2ffefeac        0x8 ./../build/optee-emmc-stm32mp157d-ev1/bl2/stm32mp_tamp_nvram_mp1.o
                0x2ffefeac                stm32_tamp_nvram_get_access_rights
 .text.dt_get_pmic_node
                0x2ffefeb4       0x24 ./../build/optee-emmc-stm32mp157d-ev1/bl2/stm32mp_pmic.o
 .text.handle_pmic_property
                0x2ffefed8       0x30 ./../build/optee-emmc-stm32mp157d-ev1/bl2/stm32mp_pmic.o
 .text.dt_pmic_status
                0x2ffeff08       0x34 ./../build/optee-emmc-stm32mp157d-ev1/bl2/stm32mp_pmic.o
                0x2ffeff08                dt_pmic_status
 .text.initialize_pmic_i2c
                0x2ffeff3c      0x10c ./../build/optee-emmc-stm32mp157d-ev1/bl2/stm32mp_pmic.o
                0x2ffeff3c                initialize_pmic_i2c
 .text.initialize_pmic
                0x2fff0048      0x114 ./../build/optee-emmc-stm32mp157d-ev1/bl2/stm32mp_pmic.o
                0x2fff0048                initialize_pmic
 .text.print_pmic_info_and_debug
                0x2fff015c       0x30 ./../build/optee-emmc-stm32mp157d-ev1/bl2/stm32mp_pmic.o
                0x2fff015c                print_pmic_info_and_debug
 .text.get_regulator_data
                0x2fff018c       0x44 ./../build/optee-emmc-stm32mp157d-ev1/bl2/stpmic1.o
 .text.stpmic1_regulator_levels_mv
                0x2fff01d0       0x40 ./../build/optee-emmc-stm32mp157d-ev1/bl2/stpmic1.o
                0x2fff01d0                stpmic1_regulator_levels_mv
 .text.stpmic1_register_read
                0x2fff0210       0x28 ./../build/optee-emmc-stm32mp157d-ev1/bl2/stpmic1.o
                0x2fff0210                stpmic1_register_read
 .text.stpmic1_regulator_voltage_get
                0x2fff0238       0x90 ./../build/optee-emmc-stm32mp157d-ev1/bl2/stpmic1.o
                0x2fff0238                stpmic1_regulator_voltage_get
 .text.stpmic1_register_write
                0x2fff02c8       0x60 ./../build/optee-emmc-stm32mp157d-ev1/bl2/stpmic1.o
                0x2fff02c8                stpmic1_register_write
 .text.stpmic1_regulator_voltage_set
                0x2fff0328       0x98 ./../build/optee-emmc-stm32mp157d-ev1/bl2/stpmic1.o
                0x2fff0328                stpmic1_regulator_voltage_set
 .text.stpmic1_regulator_sink_mode_set
                0x2fff03c0       0x30 ./../build/optee-emmc-stm32mp157d-ev1/bl2/stpmic1.o
                0x2fff03c0                stpmic1_regulator_sink_mode_set
 .text.stpmic1_regulator_bypass_mode_set
                0x2fff03f0       0x30 ./../build/optee-emmc-stm32mp157d-ev1/bl2/stpmic1.o
                0x2fff03f0                stpmic1_regulator_bypass_mode_set
 .text.stpmic1_active_discharge_mode_set
                0x2fff0420       0x3c ./../build/optee-emmc-stm32mp157d-ev1/bl2/stpmic1.o
                0x2fff0420                stpmic1_active_discharge_mode_set
 .text.stpmic1_bind_i2c
                0x2fff045c       0x14 ./../build/optee-emmc-stm32mp157d-ev1/bl2/stpmic1.o
                0x2fff045c                stpmic1_bind_i2c
 .text.regulator_get_by_supply_name
                0x2fff0470       0x74 ./../build/optee-emmc-stm32mp157d-ev1/bl2/regulator_core.o
                0x2fff0470                regulator_get_by_supply_name
 .text.regulator_enable
                0x2fff04e4       0x30 ./../build/optee-emmc-stm32mp157d-ev1/bl2/regulator_core.o
                0x2fff04e4                regulator_enable
 .text.regulator_disable
                0x2fff0514       0x3c ./../build/optee-emmc-stm32mp157d-ev1/bl2/regulator_core.o
                0x2fff0514                regulator_disable
 .text.regulator_get_voltage
                0x2fff0550       0x4c ./../build/optee-emmc-stm32mp157d-ev1/bl2/regulator_core.o
                0x2fff0550                regulator_get_voltage
 .text.regulator_set_voltage
                0x2fff059c       0x6c ./../build/optee-emmc-stm32mp157d-ev1/bl2/regulator_core.o
                0x2fff059c                regulator_set_voltage
 .text.regulator_list_voltages
                0x2fff0608       0xe0 ./../build/optee-emmc-stm32mp157d-ev1/bl2/regulator_core.o
                0x2fff0608                regulator_list_voltages
 .text.regulator_get_range
                0x2fff06e8       0x20 ./../build/optee-emmc-stm32mp157d-ev1/bl2/regulator_core.o
                0x2fff06e8                regulator_get_range
 .text.regulator_register
                0x2fff0708      0x180 ./../build/optee-emmc-stm32mp157d-ev1/bl2/regulator_core.o
                0x2fff0708                regulator_register
 .text.fixed_regulator_register
                0x2fff0888       0xc8 ./../build/optee-emmc-stm32mp157d-ev1/bl2/regulator_fixed.o
                0x2fff0888                fixed_regulator_register
 .text.stm32mp_reset_assert
                0x2fff0950       0x60 ./../build/optee-emmc-stm32mp157d-ev1/bl2/stm32mp1_reset.o
                0x2fff0950                stm32mp_reset_assert
 .text.stm32mp_reset_deassert
                0x2fff09b0       0x60 ./../build/optee-emmc-stm32mp157d-ev1/bl2/stm32mp1_reset.o
                0x2fff09b0                stm32mp_reset_deassert
 .text.fconf_populate
                0x2fff0a10       0x88 ./../build/optee-emmc-stm32mp157d-ev1/bl2/fconf.o
                0x2fff0a10                fconf_populate
 .text.set_config_info
                0x2fff0a98       0x40 ./../build/optee-emmc-stm32mp157d-ev1/bl2/fconf_dyn_cfg_getter.o
                0x2fff0a98                set_config_info
 .text.fconf_populate_dtb_registry
                0x2fff0ad8      0x10c ./../build/optee-emmc-stm32mp157d-ev1/bl2/fconf_dyn_cfg_getter.o
                0x2fff0ad8                fconf_populate_dtb_registry
 .text.dyn_cfg_dtb_info_get_index
                0x2fff0be4       0x20 ./../build/optee-emmc-stm32mp157d-ev1/bl2/fconf_dyn_cfg_getter.o
                0x2fff0be4                dyn_cfg_dtb_info_get_index
 .text.dyn_cfg_dtb_info_getter
                0x2fff0c04       0x28 ./../build/optee-emmc-stm32mp157d-ev1/bl2/fconf_dyn_cfg_getter.o
                0x2fff0c04                dyn_cfg_dtb_info_getter
 .text.parse_optee_image
                0x2fff0c2c       0x60 ./../build/optee-emmc-stm32mp157d-ev1/bl2/optee_utils.o
 .text.optee_header_is_valid
                0x2fff0c8c       0x24 ./../build/optee-emmc-stm32mp157d-ev1/bl2/optee_utils.o
                0x2fff0c8c                optee_header_is_valid
 .text.parse_optee_header
                0x2fff0cb0      0x114 ./../build/optee-emmc-stm32mp157d-ev1/bl2/optee_utils.o
                0x2fff0cb0                parse_optee_header
 .text.xlat_arch_regime_get_xn_desc
                0x2fff0dc4       0x28 ./../build/optee-emmc-stm32mp157d-ev1/bl2/xlat_tables_arch.o
                0x2fff0dc4                xlat_arch_regime_get_xn_desc
 .text.xlat_arch_tlbi_va
                0x2fff0dec       0x2c ./../build/optee-emmc-stm32mp157d-ev1/bl2/xlat_tables_arch.o
                0x2fff0dec                xlat_arch_tlbi_va
 .text.xlat_arch_current_el
                0x2fff0e18       0x3c ./../build/optee-emmc-stm32mp157d-ev1/bl2/xlat_tables_arch.o
                0x2fff0e18                xlat_arch_current_el
 .text.is_mmu_enabled_ctx
                0x2fff0e54       0x40 ./../build/optee-emmc-stm32mp157d-ev1/bl2/xlat_tables_arch.o
                0x2fff0e54                is_mmu_enabled_ctx
 .text.setup_mmu_cfg
                0x2fff0e94       0xac ./../build/optee-emmc-stm32mp157d-ev1/bl2/xlat_tables_arch.o
                0x2fff0e94                setup_mmu_cfg
 .text.mmap_add_region
                0x2fff0f40       0x28 ./../build/optee-emmc-stm32mp157d-ev1/bl2/xlat_tables_context.o
                0x2fff0f40                mmap_add_region
 .text.mmap_add
                0x2fff0f68        0xc ./../build/optee-emmc-stm32mp157d-ev1/bl2/xlat_tables_context.o
                0x2fff0f68                mmap_add
 .text.mmap_add_dynamic_region
                0x2fff0f74       0x28 ./../build/optee-emmc-stm32mp157d-ev1/bl2/xlat_tables_context.o
                0x2fff0f74                mmap_add_dynamic_region
 .text.mmap_remove_dynamic_region
                0x2fff0f9c       0x10 ./../build/optee-emmc-stm32mp157d-ev1/bl2/xlat_tables_context.o
                0x2fff0f9c                mmap_remove_dynamic_region
 .text.init_xlat_tables
                0x2fff0fac       0x3c ./../build/optee-emmc-stm32mp157d-ev1/bl2/xlat_tables_context.o
                0x2fff0fac                init_xlat_tables
 .text.enable_mmu_svc_mon
                0x2fff0fe8       0x34 ./../build/optee-emmc-stm32mp157d-ev1/bl2/xlat_tables_context.o
                0x2fff0fe8                enable_mmu_svc_mon
 .text.xlat_table_get_index
                0x2fff101c       0x28 ./../build/optee-emmc-stm32mp157d-ev1/bl2/xlat_tables_core.o
 .text.xlat_tables_unmap_region
                0x2fff1044      0x138 ./../build/optee-emmc-stm32mp157d-ev1/bl2/xlat_tables_core.o
 .text.xlat_desc
                0x2fff117c       0xc4 ./../build/optee-emmc-stm32mp157d-ev1/bl2/xlat_tables_core.o
                0x2fff117c                xlat_desc
 .text.xlat_tables_map_region
                0x2fff1240      0x1ac ./../build/optee-emmc-stm32mp157d-ev1/bl2/xlat_tables_core.o
 .text.mmap_add_region_ctx
                0x2fff13ec       0xf0 ./../build/optee-emmc-stm32mp157d-ev1/bl2/xlat_tables_core.o
                0x2fff13ec                mmap_add_region_ctx
 .text.mmap_add_dynamic_region_ctx
                0x2fff14dc      0x154 ./../build/optee-emmc-stm32mp157d-ev1/bl2/xlat_tables_core.o
                0x2fff14dc                mmap_add_dynamic_region_ctx
 .text.mmap_remove_dynamic_region_ctx
                0x2fff1630      0x108 ./../build/optee-emmc-stm32mp157d-ev1/bl2/xlat_tables_core.o
                0x2fff1630                mmap_remove_dynamic_region_ctx
 .text.init_xlat_tables_ctx
                0x2fff1738      0x140 ./../build/optee-emmc-stm32mp157d-ev1/bl2/xlat_tables_core.o
                0x2fff1738                init_xlat_tables_ctx
 .text.crc32_z  0x2fff1878       0xc8 ./../build/optee-emmc-stm32mp157d-ev1/bl2/crc32.o
                0x2fff1878                crc32_z
 .text.plat_log_get_prefix
                0x2fff1940       0x24 ./../build/optee-emmc-stm32mp157d-ev1/bl2/plat_log_common.o
                0x2fff1940                plat_log_get_prefix
 .text.open_fip
                0x2fff1964       0x10 ./../build/optee-emmc-stm32mp157d-ev1/bl2/bl2_io_storage.o
                0x2fff1964                open_fip
 .text.open_storage
                0x2fff1974       0x10 ./../build/optee-emmc-stm32mp157d-ev1/bl2/bl2_io_storage.o
                0x2fff1974                open_storage
 .text.stm32mp_io_setup
                0x2fff1984      0x180 ./../build/optee-emmc-stm32mp157d-ev1/bl2/bl2_io_storage.o
                0x2fff1984                stm32mp_io_setup
 .text.bl2_plat_handle_pre_image_load
                0x2fff1b04       0x60 ./../build/optee-emmc-stm32mp157d-ev1/bl2/bl2_io_storage.o
                0x2fff1b04                bl2_plat_handle_pre_image_load
 .text.plat_get_image_source
                0x2fff1b64       0x44 ./../build/optee-emmc-stm32mp157d-ev1/bl2/bl2_io_storage.o
                0x2fff1b64                plat_get_image_source
 .text.plat_fwu_get_boot_idx
                0x2fff1ba8       0xac ./../build/optee-emmc-stm32mp157d-ev1/bl2/bl2_io_storage.o
                0x2fff1ba8                plat_fwu_get_boot_idx
 .text.plat_fwu_set_images_source
                0x2fff1c54       0x98 ./../build/optee-emmc-stm32mp157d-ev1/bl2/bl2_io_storage.o
                0x2fff1c54                plat_fwu_set_images_source
 .text.plat_fwu_set_metadata_image_source
                0x2fff1cec       0xb4 ./../build/optee-emmc-stm32mp157d-ev1/bl2/bl2_io_storage.o
                0x2fff1cec                plat_fwu_set_metadata_image_source
 .text.stm32_get_bootinfo_cell
                0x2fff1da0       0x3c ./../build/optee-emmc-stm32mp157d-ev1/bl2/stm32mp_common.o
 .text.stm32mp_save_boot_ctx_address
                0x2fff1ddc       0x40 ./../build/optee-emmc-stm32mp157d-ev1/bl2/stm32mp_common.o
                0x2fff1ddc                stm32mp_save_boot_ctx_address
 .text.stm32mp_get_boot_ctx_address
                0x2fff1e1c        0xc ./../build/optee-emmc-stm32mp157d-ev1/bl2/stm32mp_common.o
                0x2fff1e1c                stm32mp_get_boot_ctx_address
 .text.stm32mp_get_boot_itf_selected
                0x2fff1e28        0xc ./../build/optee-emmc-stm32mp157d-ev1/bl2/stm32mp_common.o
                0x2fff1e28                stm32mp_get_boot_itf_selected
 .text.stm32mp_get_boot_action
                0x2fff1e34        0xc ./../build/optee-emmc-stm32mp157d-ev1/bl2/stm32mp_common.o
                0x2fff1e34                stm32mp_get_boot_action
 .text.stm32mp_ddrctrl_base
                0x2fff1e40        0x8 ./../build/optee-emmc-stm32mp157d-ev1/bl2/stm32mp_common.o
                0x2fff1e40                stm32mp_ddrctrl_base
 .text.stm32mp_ddrphyc_base
                0x2fff1e48        0x8 ./../build/optee-emmc-stm32mp157d-ev1/bl2/stm32mp_common.o
                0x2fff1e48                stm32mp_ddrphyc_base
 .text.stm32mp_pwr_base
                0x2fff1e50        0x8 ./../build/optee-emmc-stm32mp157d-ev1/bl2/stm32mp_common.o
                0x2fff1e50                stm32mp_pwr_base
 .text.stm32mp_pwr_regs_lock
                0x2fff1e58       0x18 ./../build/optee-emmc-stm32mp157d-ev1/bl2/stm32mp_common.o
                0x2fff1e58                stm32mp_pwr_regs_lock
 .text.stm32mp_pwr_regs_unlock
                0x2fff1e70       0x18 ./../build/optee-emmc-stm32mp157d-ev1/bl2/stm32mp_common.o
                0x2fff1e70                stm32mp_pwr_regs_unlock
 .text.stm32_get_otp_index
                0x2fff1e88       0x20 ./../build/optee-emmc-stm32mp157d-ev1/bl2/stm32mp_common.o
                0x2fff1e88                stm32_get_otp_index
 .text.stm32_get_otp_value_from_idx
                0x2fff1ea8       0x30 ./../build/optee-emmc-stm32mp157d-ev1/bl2/stm32mp_common.o
                0x2fff1ea8                stm32_get_otp_value_from_idx
 .text.stm32_get_otp_value
                0x2fff1ed8       0x44 ./../build/optee-emmc-stm32mp157d-ev1/bl2/stm32mp_common.o
                0x2fff1ed8                stm32_get_otp_value
 .text.stm32mp_uart_console_setup
                0x2fff1f1c       0x94 ./../build/optee-emmc-stm32mp157d-ev1/bl2/stm32mp_common.o
                0x2fff1f1c                stm32mp_uart_console_setup
 .text.stm32_display_board_info
                0x2fff1fb0       0x2c ./../build/optee-emmc-stm32mp157d-ev1/bl2/stm32mp_common.o
                0x2fff1fb0                stm32_display_board_info
 .text.stm32_get_magic_number_cell
                0x2fff1fdc       0x34 ./../build/optee-emmc-stm32mp157d-ev1/bl2/stm32mp_common.o
                0x2fff1fdc                stm32_get_magic_number_cell
 .text.stm32_get_core1_branch_address_cell
                0x2fff2010       0x34 ./../build/optee-emmc-stm32mp157d-ev1/bl2/stm32mp_common.o
                0x2fff2010                stm32_get_core1_branch_address_cell
 .text.stm32_get_fwu_info_cell
                0x2fff2044       0x34 ./../build/optee-emmc-stm32mp157d-ev1/bl2/stm32mp_common.o
                0x2fff2044                stm32_get_fwu_info_cell
 .text.stm32_get_boot_mode_cell
                0x2fff2078       0x34 ./../build/optee-emmc-stm32mp157d-ev1/bl2/stm32mp_common.o
                0x2fff2078                stm32_get_boot_mode_cell
 .text.stm32_save_boot_info
                0x2fff20ac       0xcc ./../build/optee-emmc-stm32mp157d-ev1/bl2/stm32mp_common.o
                0x2fff20ac                stm32_save_boot_info
 .text.stm32_get_and_dec_fwu_trial_boot_cnt
                0x2fff2178       0x60 ./../build/optee-emmc-stm32mp157d-ev1/bl2/stm32mp_common.o
                0x2fff2178                stm32_get_and_dec_fwu_trial_boot_cnt
 .text.fdt_get_node_parent_address_cells
                0x2fff21d8       0x24 ./../build/optee-emmc-stm32mp157d-ev1/bl2/stm32mp_dt.o
 .text.dt_open_and_check
                0x2fff21fc       0x14 ./../build/optee-emmc-stm32mp157d-ev1/bl2/stm32mp_dt.o
                0x2fff21fc                dt_open_and_check
 .text.fdt_get_address
                0x2fff2210       0x14 ./../build/optee-emmc-stm32mp157d-ev1/bl2/stm32mp_dt.o
                0x2fff2210                fdt_get_address
 .text.fdt_check_node
                0x2fff2224       0x20 ./../build/optee-emmc-stm32mp157d-ev1/bl2/stm32mp_dt.o
                0x2fff2224                fdt_check_node
 .text.fdt_get_status
                0x2fff2244       0x74 ./../build/optee-emmc-stm32mp157d-ev1/bl2/stm32mp_dt.o
                0x2fff2244                fdt_get_status
 .text.dt_set_stdout_pinctrl
                0x2fff22b8       0x20 ./../build/optee-emmc-stm32mp157d-ev1/bl2/stm32mp_dt.o
                0x2fff22b8                dt_set_stdout_pinctrl
 .text.dt_fill_device_info
                0x2fff22d8       0x88 ./../build/optee-emmc-stm32mp157d-ev1/bl2/stm32mp_dt.o
                0x2fff22d8                dt_fill_device_info
 .text.dt_get_node
                0x2fff2360       0x28 ./../build/optee-emmc-stm32mp157d-ev1/bl2/stm32mp_dt.o
                0x2fff2360                dt_get_node
 .text.dt_get_stdout_uart_info
                0x2fff2388       0x28 ./../build/optee-emmc-stm32mp157d-ev1/bl2/stm32mp_dt.o
                0x2fff2388                dt_get_stdout_uart_info
 .text.dt_match_instance_by_compatible
                0x2fff23b0       0x70 ./../build/optee-emmc-stm32mp157d-ev1/bl2/stm32mp_dt.o
                0x2fff23b0                dt_match_instance_by_compatible
 .text.dt_get_ddr_size
                0x2fff2420       0x58 ./../build/optee-emmc-stm32mp157d-ev1/bl2/stm32mp_dt.o
                0x2fff2420                dt_get_ddr_size
 .text.dt_get_vdd_regulator
                0x2fff2478       0x30 ./../build/optee-emmc-stm32mp157d-ev1/bl2/stm32mp_dt.o
                0x2fff2478                dt_get_vdd_regulator
 .text.dt_get_board_model
                0x2fff24a8       0x30 ./../build/optee-emmc-stm32mp157d-ev1/bl2/stm32mp_dt.o
                0x2fff24a8                dt_get_board_model
 .text.dt_find_otp_name
                0x2fff24d8       0xa8 ./../build/optee-emmc-stm32mp157d-ev1/bl2/stm32mp_dt.o
                0x2fff24d8                dt_find_otp_name
 .text.dt_get_otp_by_phandle
                0x2fff2580       0x88 ./../build/optee-emmc-stm32mp157d-ev1/bl2/stm32mp_dt.o
                0x2fff2580                dt_get_otp_by_phandle
 .text.fconf_populate_stm32mp_fuse_provisioning
                0x2fff2608      0x128 ./../build/optee-emmc-stm32mp157d-ev1/bl2/stm32mp_fconf_fuse.o
 .text.fconf_populate_stm32mp_io_policies
                0x2fff2730       0xd8 ./../build/optee-emmc-stm32mp157d-ev1/bl2/stm32mp_fconf_io.o
                0x2fff2730                fconf_populate_stm32mp_io_policies
 .text.bl2_platform_setup
                0x2fff2808       0x74 ./../build/optee-emmc-stm32mp157d-ev1/bl2/bl2_plat_setup.o
                0x2fff2808                bl2_platform_setup
 .text.bl2_el3_plat_arch_setup
                0x2fff287c      0x3e0 ./../build/optee-emmc-stm32mp157d-ev1/bl2/bl2_plat_setup.o
                0x2fff287c                bl2_el3_plat_arch_setup
 .text.bl2_plat_handle_post_image_load
                0x2fff2c5c      0x20c ./../build/optee-emmc-stm32mp157d-ev1/bl2/bl2_plat_setup.o
                0x2fff2c5c                bl2_plat_handle_post_image_load
 .text.stm32mp_board_ddr_power_init
                0x2fff2e68      0x124 ./../build/optee-emmc-stm32mp157d-ev1/bl2/plat_ddr.o
                0x2fff2e68                stm32mp_board_ddr_power_init
 .text.stm32_pm_get_optee_ep
                0x2fff2f8c       0x58 ./../build/optee-emmc-stm32mp157d-ev1/bl2/stm32mp1_context.o
                0x2fff2f8c                stm32_pm_get_optee_ep
 .text.stm32_context_save_bl2_param
                0x2fff2fe4       0x54 ./../build/optee-emmc-stm32mp157d-ev1/bl2/stm32mp1_context.o
                0x2fff2fe4                stm32_context_save_bl2_param
 .text.stm32_pm_context_is_valid
                0x2fff3038       0x80 ./../build/optee-emmc-stm32mp157d-ev1/bl2/stm32mp1_context.o
                0x2fff3038                stm32_pm_context_is_valid
 .text.stm32_restore_ddr_training_area
                0x2fff30b8       0x3c ./../build/optee-emmc-stm32mp157d-ev1/bl2/stm32mp1_context.o
                0x2fff30b8                stm32_restore_ddr_training_area
 .text.stm32_pwr_down_wfi_load
                0x2fff30f4       0x80 ./../build/optee-emmc-stm32mp157d-ev1/bl2/stm32mp1_critic_power.o
                0x2fff30f4                stm32_pwr_down_wfi_load
 .text.stm32mp1_dbgmcu_init
                0x2fff3174       0x30 ./../build/optee-emmc-stm32mp157d-ev1/bl2/stm32mp1_dbgmcu.o
 .text.stm32mp1_dbgmcu_get_chip_version
                0x2fff31a4       0x2c ./../build/optee-emmc-stm32mp157d-ev1/bl2/stm32mp1_dbgmcu.o
                0x2fff31a4                stm32mp1_dbgmcu_get_chip_version
 .text.stm32mp1_dbgmcu_get_chip_dev_id
                0x2fff31d0       0x30 ./../build/optee-emmc-stm32mp157d-ev1/bl2/stm32mp1_dbgmcu.o
                0x2fff31d0                stm32mp1_dbgmcu_get_chip_dev_id
 .text.fconf_populate_stm32mp1_firewall
                0x2fff3200       0xcc ./../build/optee-emmc-stm32mp157d-ev1/bl2/stm32mp1_fconf_firewall.o
 .text.stm32mp1_arch_security_setup
                0x2fff32cc       0x34 ./../build/optee-emmc-stm32mp157d-ev1/bl2/stm32mp1_fconf_firewall.o
                0x2fff32cc                stm32mp1_arch_security_setup
 .text.stm32mp1_security_setup
                0x2fff3300       0x5c ./../build/optee-emmc-stm32mp157d-ev1/bl2/stm32mp1_fconf_firewall.o
                0x2fff3300                stm32mp1_security_setup
 .text.configure_mmu
                0x2fff335c       0x1c ./../build/optee-emmc-stm32mp157d-ev1/bl2/stm32mp1_private.o
                0x2fff335c                configure_mmu
 .text.stm32_get_gpio_bank_base
                0x2fff3378       0x28 ./../build/optee-emmc-stm32mp157d-ev1/bl2/stm32mp1_private.o
                0x2fff3378                stm32_get_gpio_bank_base
 .text.stm32_get_gpio_bank_offset
                0x2fff33a0       0x20 ./../build/optee-emmc-stm32mp157d-ev1/bl2/stm32mp1_private.o
                0x2fff33a0                stm32_get_gpio_bank_offset
 .text.stm32_get_gpio_bank_clock
                0x2fff33c0       0x20 ./../build/optee-emmc-stm32mp157d-ev1/bl2/stm32mp1_private.o
                0x2fff33c0                stm32_get_gpio_bank_clock
 .text.stm32mp_get_chip_version
                0x2fff33e0       0x24 ./../build/optee-emmc-stm32mp157d-ev1/bl2/stm32mp1_private.o
                0x2fff33e0                stm32mp_get_chip_version
 .text.stm32mp_get_chip_dev_id
                0x2fff3404       0x24 ./../build/optee-emmc-stm32mp157d-ev1/bl2/stm32mp1_private.o
                0x2fff3404                stm32mp_get_chip_dev_id
 .text.stm32mp_get_part_number
                0x2fff3428       0x34 ./../build/optee-emmc-stm32mp157d-ev1/bl2/stm32mp1_private.o
                0x2fff3428                stm32mp_get_part_number
 .text.stm32mp_get_soc_name
                0x2fff345c      0x148 ./../build/optee-emmc-stm32mp157d-ev1/bl2/stm32mp1_private.o
                0x2fff345c                stm32mp_get_soc_name
 .text.stm32mp_print_cpuinfo
                0x2fff35a4       0x1c ./../build/optee-emmc-stm32mp157d-ev1/bl2/stm32mp1_private.o
                0x2fff35a4                stm32mp_print_cpuinfo
 .text.stm32mp_print_boardinfo
                0x2fff35c0       0x24 ./../build/optee-emmc-stm32mp157d-ev1/bl2/stm32mp1_private.o
                0x2fff35c0                stm32mp_print_boardinfo
 .text.stm32mp_check_closed_device
                0x2fff35e4       0x2c ./../build/optee-emmc-stm32mp157d-ev1/bl2/stm32mp1_private.o
                0x2fff35e4                stm32mp_check_closed_device
 .text.stm32_iwdg_get_instance
                0x2fff3610       0x28 ./../build/optee-emmc-stm32mp157d-ev1/bl2/stm32mp1_private.o
                0x2fff3610                stm32_iwdg_get_instance
 .text.stm32_iwdg_get_otp_config
                0x2fff3638       0x30 ./../build/optee-emmc-stm32mp157d-ev1/bl2/stm32mp1_private.o
                0x2fff3638                stm32_iwdg_get_otp_config
 .text.stm32mp_skip_boot_device_after_standby
                0x2fff3668       0x2c ./../build/optee-emmc-stm32mp157d-ev1/bl2/stm32mp1_private.o
                0x2fff3668                stm32mp_skip_boot_device_after_standby
 .text.stm32mp_bkpram_get_access
                0x2fff3694       0x20 ./../build/optee-emmc-stm32mp157d-ev1/bl2/stm32mp1_private.o
                0x2fff3694                stm32mp_bkpram_get_access
 .text.stm32mp_syscfg_enable_io_compensation_start
                0x2fff36b4       0x18 ./../build/optee-emmc-stm32mp157d-ev1/bl2/stm32mp1_syscfg.o
                0x2fff36b4                stm32mp_syscfg_enable_io_compensation_start
 .text.stm32mp_syscfg_init
                0x2fff36cc       0x8c ./../build/optee-emmc-stm32mp157d-ev1/bl2/stm32mp1_syscfg.o
                0x2fff36cc                stm32mp_syscfg_init
 .text.stm32mp_syscfg_enable_io_compensation_finish
                0x2fff3758       0x50 ./../build/optee-emmc-stm32mp157d-ev1/bl2/stm32mp1_syscfg.o
                0x2fff3758                stm32mp_syscfg_enable_io_compensation_finish
 .text          0x2fff37a8       0x24 ./../build/optee-emmc-stm32mp157d-ev1/bl2/aeabi_uldivmod.o
                0x2fff37a8                __aeabi_uldivmod
 .text.fdt_ro_probe_
                0x2fff37cc       0x74 ./../build/optee-emmc-stm32mp157d-ev1/lib/libfdt.a(fdt.o)
                0x2fff37cc                fdt_ro_probe_
 .text.fdt_check_header
                0x2fff3840       0xd0 ./../build/optee-emmc-stm32mp157d-ev1/lib/libfdt.a(fdt.o)
                0x2fff3840                fdt_check_header
 .text.fdt_address_cells
                0x2fff3910       0x1c ./../build/optee-emmc-stm32mp157d-ev1/lib/libfdt.a(fdt_addresses.o)
                0x2fff3910                fdt_address_cells
 .text.fdt_get_string
                0x2fff392c       0xb0 ./../build/optee-emmc-stm32mp157d-ev1/lib/libfdt.a(fdt_ro.o)
                0x2fff392c                fdt_get_string
 .text.fdt_get_phandle
                0x2fff39dc       0x44 ./../build/optee-emmc-stm32mp157d-ev1/lib/libfdt.a(fdt_ro.o)
                0x2fff39dc                fdt_get_phandle
 .text.fdt_get_alias_namelen
                0x2fff3a20       0x2c ./../build/optee-emmc-stm32mp157d-ev1/lib/libfdt.a(fdt_ro.o)
                0x2fff3a20                fdt_get_alias_namelen
 .text.fdt_node_check_compatible
                0x2fff3a4c       0x28 ./../build/optee-emmc-stm32mp157d-ev1/lib/libfdt.a(fdt_ro.o)
                0x2fff3a4c                fdt_node_check_compatible
 .text.__assert
                0x2fff3a74       0x18 ./../build/optee-emmc-stm32mp157d-ev1/lib/libc.a(assert.o)
                0x2fff3a74                __assert
 .text.vprintf  0x2fff3a8c      0x1c4 ./../build/optee-emmc-stm32mp157d-ev1/lib/libc.a(printf.o)
                0x2fff3a8c                vprintf
 .text.vsnprintf
                0x2fff3c50      0x2d0 ./../build/optee-emmc-stm32mp157d-ev1/lib/libc.a(snprintf.o)
                0x2fff3c50                vsnprintf
 .text.bl2_arch_setup
                0x2fff3f20        0x2 ./../build/optee-emmc-stm32mp157d-ev1/bl2/bl2_arch_setup.o
                0x2fff3f20                bl2_arch_setup
 .text.bl2_el3_setup
                0x2fff3f22        0xe ./../build/optee-emmc-stm32mp157d-ev1/bl2/bl2_main.o
                0x2fff3f22                bl2_el3_setup
 .text.fdt32_to_cpu
                0x2fff3f30        0x4 ./../build/optee-emmc-stm32mp157d-ev1/bl2/fdt_wrappers.o
 .text.fdt_read_uint32
                0x2fff3f34       0x10 ./../build/optee-emmc-stm32mp157d-ev1/bl2/fdt_wrappers.o
                0x2fff3f34                fdt_read_uint32
 .text.fdt_read_uint32_default
                0x2fff3f44       0x18 ./../build/optee-emmc-stm32mp157d-ev1/bl2/fdt_wrappers.o
                0x2fff3f44                fdt_read_uint32_default
 .text.fdt_read_uint64
                0x2fff3f5c       0x28 ./../build/optee-emmc-stm32mp157d-ev1/bl2/fdt_wrappers.o
                0x2fff3f5c                fdt_read_uint64
 .text.hex_val  0x2fff3f84       0x2e ./../build/optee-emmc-stm32mp157d-ev1/bl2/uuid.o
 .text.read_hex.part.0
                0x2fff3fb2       0x3a ./../build/optee-emmc-stm32mp157d-ev1/bl2/uuid.o
 .text.putchar  0x2fff3fec       0x14 ./../build/optee-emmc-stm32mp157d-ev1/bl2/multi_console.o
                0x2fff3fec                putchar
 .text.mdelay   0x2fff4000        0xa ./../build/optee-emmc-stm32mp157d-ev1/bl2/delay_timer.o
                0x2fff4000                mdelay
 .text.get_timer_value
                0x2fff400a        0x8 ./../build/optee-emmc-stm32mp157d-ev1/bl2/generic_delay_timer.o
 .text.device_type_block
                0x2fff4012        0x4 ./../build/optee-emmc-stm32mp157d-ev1/bl2/io_block.o
                0x2fff4012                device_type_block
 .text.block_close
                0x2fff4016        0x8 ./../build/optee-emmc-stm32mp157d-ev1/bl2/io_block.o
 .text.device_type_fip
                0x2fff401e        0x4 ./../build/optee-emmc-stm32mp157d-ev1/bl2/io_fip.o
 .text.is_valid_dev
                0x2fff4022       0x18 ./../build/optee-emmc-stm32mp157d-ev1/bl2/io_storage.o
 .text.is_valid_entity
                0x2fff403a       0x10 ./../build/optee-emmc-stm32mp157d-ev1/bl2/io_storage.o
 .text.bsec_read_otp
                0x2fff404a       0x2c ./../build/optee-emmc-stm32mp157d-ev1/bl2/bsec2.o
                0x2fff404a                bsec_read_otp
 .text.clock_is_always_on
                0x2fff4076       0x20 ./../build/optee-emmc-stm32mp157d-ev1/bl2/stm32mp1_clk.o
 .text.stm32mp1_clk_lock
                0x2fff4096       0x16 ./../build/optee-emmc-stm32mp157d-ev1/bl2/stm32mp1_clk.o
 .text.stm32mp1_clk_unlock
                0x2fff40ac       0x16 ./../build/optee-emmc-stm32mp157d-ev1/bl2/stm32mp1_clk.o
 .text.stm32_clk_parse_fdt_by_name
                0x2fff40c2       0x36 ./../build/optee-emmc-stm32mp157d-ev1/bl2/stm32mp1_clk.o
 .text.stm32mp1_pll_configure_src
                0x2fff40f8       0x18 ./../build/optee-emmc-stm32mp157d-ev1/bl2/stm32mp1_clk.o
 .text.stm32mp1_mode_register_write.isra.0
                0x2fff4110       0x22 ./../build/optee-emmc-stm32mp157d-ev1/bl2/stm32mp1_ddr.o
 .text.stm32mp1_ddrphy_idone_wait
                0x2fff4132       0x4a ./../build/optee-emmc-stm32mp157d-ev1/bl2/stm32mp1_ddr.o
 .text.stm32mp1_wait_operating_mode
                0x2fff417c       0x4e ./../build/optee-emmc-stm32mp157d-ev1/bl2/stm32mp1_ddr.o
 .text.ddr_enable_clock
                0x2fff41ca       0x2a ./../build/optee-emmc-stm32mp157d-ev1/bl2/stm32mp1_ddr_helpers.o
                0x2fff41ca                ddr_enable_clock
 .text.ddr_get_io_calibration_val
                0x2fff41f4       0x10 ./../build/optee-emmc-stm32mp157d-ev1/bl2/stm32mp1_ddr_helpers.o
                0x2fff41f4                ddr_get_io_calibration_val
 .text.ddr_standby_sr_entry
                0x2fff4204      0x17e ./../build/optee-emmc-stm32mp157d-ev1/bl2/stm32mp1_ddr_helpers.o
                0x2fff4204                ddr_standby_sr_entry
 .text.stm32mp_ddr_start_sw_done
                0x2fff4382        0xe ./../build/optee-emmc-stm32mp157d-ev1/bl2/stm32mp_ddr.o
                0x2fff4382                stm32mp_ddr_start_sw_done
 .text.stm32mp_ddr_wait_sw_done_ack
                0x2fff4390       0x3a ./../build/optee-emmc-stm32mp157d-ev1/bl2/stm32mp_ddr.o
                0x2fff4390                stm32mp_ddr_wait_sw_done_ack
 .text.stm32mp_ddr_enable_axi_port
                0x2fff43ca       0x1a ./../build/optee-emmc-stm32mp157d-ev1/bl2/stm32mp_ddr.o
                0x2fff43ca                stm32mp_ddr_enable_axi_port
 .text.stm32mp_ddr_disable_axi_port
                0x2fff43e4       0x46 ./../build/optee-emmc-stm32mp157d-ev1/bl2/stm32mp_ddr.o
                0x2fff43e4                stm32mp_ddr_disable_axi_port
 .text.stm32mp_ddr_enable_host_interface
                0x2fff442a        0xe ./../build/optee-emmc-stm32mp157d-ev1/bl2/stm32mp_ddr.o
                0x2fff442a                stm32mp_ddr_enable_host_interface
 .text.stm32mp_ddr_disable_host_interface
                0x2fff4438       0x4a ./../build/optee-emmc-stm32mp157d-ev1/bl2/stm32mp_ddr.o
                0x2fff4438                stm32mp_ddr_disable_host_interface
 .text.stm32mp_ddr_sw_selfref_exit
                0x2fff4482        0xa ./../build/optee-emmc-stm32mp157d-ev1/bl2/stm32mp_ddr.o
                0x2fff4482                stm32mp_ddr_sw_selfref_exit
 .text.stm32mp_ddr_wait_refresh_update_done_ack
                0x2fff448c       0x4c ./../build/optee-emmc-stm32mp157d-ev1/bl2/stm32mp_ddr.o
                0x2fff448c                stm32mp_ddr_wait_refresh_update_done_ack
 .text.stm32mp_ddr_test_rw_access
                0x2fff44d8       0x1a ./../build/optee-emmc-stm32mp157d-ev1/bl2/stm32mp_ddr_test.o
                0x2fff44d8                stm32mp_ddr_test_rw_access
 .text.stm32mp_ddr_test_data_bus
                0x2fff44f2       0x1e ./../build/optee-emmc-stm32mp157d-ev1/bl2/stm32mp_ddr_test.o
                0x2fff44f2                stm32mp_ddr_test_data_bus
 .text.stm32mp_ddr_test_addr_bus
                0x2fff4510       0x86 ./../build/optee-emmc-stm32mp157d-ev1/bl2/stm32mp_ddr_test.o
                0x2fff4510                stm32mp_ddr_test_addr_bus
 .text.stm32mp_ddr_check_size
                0x2fff4596       0x2e ./../build/optee-emmc-stm32mp157d-ev1/bl2/stm32mp_ddr_test.o
                0x2fff4596                stm32mp_ddr_check_size
 .text.fdt32_to_cpu
                0x2fff45c4        0x4 ./../build/optee-emmc-stm32mp157d-ev1/bl2/stm32_gpio.o
 .text.i2c_wait_flag
                0x2fff45c8       0x44 ./../build/optee-emmc-stm32mp157d-ev1/bl2/stm32_i2c.o
 .text.i2c_ack_failed
                0x2fff460c       0x8c ./../build/optee-emmc-stm32mp157d-ev1/bl2/stm32_i2c.o
 .text.i2c_wait_txis
                0x2fff4698       0x42 ./../build/optee-emmc-stm32mp157d-ev1/bl2/stm32_i2c.o
 .text.i2c_wait_stop
                0x2fff46da       0x42 ./../build/optee-emmc-stm32mp157d-ev1/bl2/stm32_i2c.o
 .text.stm32_i2c_mem_write
                0x2fff471c       0x1c ./../build/optee-emmc-stm32mp157d-ev1/bl2/stm32_i2c.o
                0x2fff471c                stm32_i2c_mem_write
 .text.stm32_i2c_mem_read
                0x2fff4738       0x12 ./../build/optee-emmc-stm32mp157d-ev1/bl2/stm32_i2c.o
                0x2fff4738                stm32_i2c_mem_read
 .text.stm32_sdmmc2_write
                0x2fff474a        0x4 ./../build/optee-emmc-stm32mp157d-ev1/bl2/stm32_sdmmc2.o
 .text.stm32_sdmmc2_stop_transfer
                0x2fff474e       0x20 ./../build/optee-emmc-stm32mp157d-ev1/bl2/stm32_sdmmc2.o
 .text.plat_sdmmc2_use_dma
                0x2fff476e        0x4 ./../build/optee-emmc-stm32mp157d-ev1/bl2/stm32_sdmmc2.o
                0x2fff476e                plat_sdmmc2_use_dma
 .text.nvmem_cell_read
                0x2fff4772       0x18 ./../build/optee-emmc-stm32mp157d-ev1/bl2/nvmem.o
                0x2fff4772                nvmem_cell_read
 .text.nvmem_cell_write
                0x2fff478a       0x10 ./../build/optee-emmc-stm32mp157d-ev1/bl2/nvmem.o
                0x2fff478a                nvmem_cell_write
 .text.fdt32_to_cpu
                0x2fff479a        0x4 ./../build/optee-emmc-stm32mp157d-ev1/bl2/stm32mp_tamp_nvram_core.o
 .text.stm32_tamp_nvram_reg_get_zone
                0x2fff479e       0x2a ./../build/optee-emmc-stm32mp157d-ev1/bl2/stm32mp_tamp_nvram_core.o
                0x2fff479e                stm32_tamp_nvram_reg_get_zone
 .text.stm32_tamp_nvram_reg_field_read
                0x2fff47c8       0x30 ./../build/optee-emmc-stm32mp157d-ev1/bl2/stm32mp_tamp_nvram_core.o
                0x2fff47c8                stm32_tamp_nvram_reg_field_read
 .text.pmic_set_flag
                0x2fff47f8       0x44 ./../build/optee-emmc-stm32mp157d-ev1/bl2/stm32mp_pmic.o
 .text.pmic_list_voltages
                0x2fff483c        0x6 ./../build/optee-emmc-stm32mp157d-ev1/bl2/stm32mp_pmic.o
 .text.pmic_get_voltage
                0x2fff4842        0x6 ./../build/optee-emmc-stm32mp157d-ev1/bl2/stm32mp_pmic.o
 .text.pmic_set_voltage
                0x2fff4848        0x6 ./../build/optee-emmc-stm32mp157d-ev1/bl2/stm32mp_pmic.o
 .text.pmic_get_state
                0x2fff484e        0xa ./../build/optee-emmc-stm32mp157d-ev1/bl2/stm32mp_pmic.o
 .text.pmic_set_state
                0x2fff4858        0xc ./../build/optee-emmc-stm32mp157d-ev1/bl2/stm32mp_pmic.o
 .text.pmic_voltages_init
                0x2fff4864        0x4 ./../build/optee-emmc-stm32mp157d-ev1/bl2/stm32mp_pmic.o
                0x2fff4864                pmic_voltages_init
 .text.pmic_switch_off
                0x2fff4868       0x16 ./../build/optee-emmc-stm32mp157d-ev1/bl2/stm32mp_pmic.o
                0x2fff4868                pmic_switch_off
 .text.stpmic1_is_regulator_enabled
                0x2fff487e       0x2e ./../build/optee-emmc-stm32mp157d-ev1/bl2/stpmic1.o
                0x2fff487e                stpmic1_is_regulator_enabled
 .text.stpmic1_register_update
                0x2fff48ac       0x2e ./../build/optee-emmc-stm32mp157d-ev1/bl2/stpmic1.o
                0x2fff48ac                stpmic1_register_update
 .text.stpmic1_powerctrl_on
                0x2fff48da        0xa ./../build/optee-emmc-stm32mp157d-ev1/bl2/stpmic1.o
                0x2fff48da                stpmic1_powerctrl_on
 .text.stpmic1_switch_off
                0x2fff48e4        0xa ./../build/optee-emmc-stm32mp157d-ev1/bl2/stpmic1.o
                0x2fff48e4                stpmic1_switch_off
 .text.stpmic1_regulator_enable
                0x2fff48ee       0x14 ./../build/optee-emmc-stm32mp157d-ev1/bl2/stpmic1.o
                0x2fff48ee                stpmic1_regulator_enable
 .text.stpmic1_regulator_disable
                0x2fff4902       0x14 ./../build/optee-emmc-stm32mp157d-ev1/bl2/stpmic1.o
                0x2fff4902                stpmic1_regulator_disable
 .text.stpmic1_regulator_pull_down_set
                0x2fff4916       0x24 ./../build/optee-emmc-stm32mp157d-ev1/bl2/stpmic1.o
                0x2fff4916                stpmic1_regulator_pull_down_set
 .text.stpmic1_regulator_mask_reset_set
                0x2fff493a       0x24 ./../build/optee-emmc-stm32mp157d-ev1/bl2/stpmic1.o
                0x2fff493a                stpmic1_regulator_mask_reset_set
 .text.stpmic1_regulator_icc_set
                0x2fff495e       0x24 ./../build/optee-emmc-stm32mp157d-ev1/bl2/stpmic1.o
                0x2fff495e                stpmic1_regulator_icc_set
 .text.stpmic1_get_version
                0x2fff4982       0x1e ./../build/optee-emmc-stm32mp157d-ev1/bl2/stpmic1.o
                0x2fff4982                stpmic1_get_version
 .text.fdt32_to_cpu
                0x2fff49a0        0x4 ./../build/optee-emmc-stm32mp157d-ev1/bl2/regulator_core.o
 .text.unlock_driver.isra.0
                0x2fff49a4        0xa ./../build/optee-emmc-stm32mp157d-ev1/bl2/regulator_core.o
 .text.lock_driver.isra.0
                0x2fff49ae        0xa ./../build/optee-emmc-stm32mp157d-ev1/bl2/regulator_core.o
 .text.regulator_set_min_voltage
                0x2fff49b8        0x6 ./../build/optee-emmc-stm32mp157d-ev1/bl2/regulator_core.o
                0x2fff49b8                regulator_set_min_voltage
 .text.fixed_set_state
                0x2fff49be        0x4 ./../build/optee-emmc-stm32mp157d-ev1/bl2/regulator_fixed.o
 .text.fixed_get_state
                0x2fff49c2        0x4 ./../build/optee-emmc-stm32mp157d-ev1/bl2/regulator_fixed.o
 .text.stm32mp_system_reset
                0x2fff49c6       0x14 ./../build/optee-emmc-stm32mp157d-ev1/bl2/stm32mp1_reset.o
                0x2fff49c6                stm32mp_system_reset
 .text.__ctzdi2
                0x2fff49da       0x22 ./../build/optee-emmc-stm32mp157d-ev1/bl2/ctzdi2.o
                0x2fff49da                __ctzdi2
 .text.__udivmoddi4
                0x2fff49fc      0x180 ./../build/optee-emmc-stm32mp157d-ev1/bl2/udivmoddi4.o
                0x2fff49fc                __udivmoddi4
 .text.xlat_arch_get_pas
                0x2fff4b7c       0x10 ./../build/optee-emmc-stm32mp157d-ev1/bl2/xlat_tables_arch.o
                0x2fff4b7c                xlat_arch_get_pas
 .text.xlat_arch_get_max_supported_pa
                0x2fff4b8c        0x8 ./../build/optee-emmc-stm32mp157d-ev1/bl2/xlat_tables_arch.o
                0x2fff4b8c                xlat_arch_get_max_supported_pa
 .text.xlat_get_min_virt_addr_space_size
                0x2fff4b94        0x6 ./../build/optee-emmc-stm32mp157d-ev1/bl2/xlat_tables_arch.o
                0x2fff4b94                xlat_get_min_virt_addr_space_size
 .text.is_dcache_enabled
                0x2fff4b9a       0x1c ./../build/optee-emmc-stm32mp157d-ev1/bl2/xlat_tables_arch.o
                0x2fff4b9a                is_dcache_enabled
 .text.xlat_arch_tlbi_va_sync
                0x2fff4bb6       0x10 ./../build/optee-emmc-stm32mp157d-ev1/bl2/xlat_tables_arch.o
                0x2fff4bb6                xlat_arch_tlbi_va_sync
 .text.mmap_add_region_check
                0x2fff4bc6      0x12e ./../build/optee-emmc-stm32mp157d-ev1/bl2/xlat_tables_core.o
 .text.xlat_clean_dcache_range
                0x2fff4cf4       0x1a ./../build/optee-emmc-stm32mp157d-ev1/bl2/xlat_tables_core.o
 .text.mmap_add_ctx
                0x2fff4d0e       0x18 ./../build/optee-emmc-stm32mp157d-ev1/bl2/xlat_tables_core.o
                0x2fff4d0e                mmap_add_ctx
 .text.xlat_mmap_print
                0x2fff4d26        0x2 ./../build/optee-emmc-stm32mp157d-ev1/bl2/xlat_tables_utils.o
                0x2fff4d26                xlat_mmap_print
 .text.xlat_tables_print
                0x2fff4d28        0x2 ./../build/optee-emmc-stm32mp157d-ev1/bl2/xlat_tables_utils.o
                0x2fff4d28                xlat_tables_print
 .text.crc32    0x2fff4d2a        0x4 ./../build/optee-emmc-stm32mp157d-ev1/bl2/crc32.o
                0x2fff4d2a                crc32
 .text.tf_crc32
                0x2fff4d2e        0x4 ./../build/optee-emmc-stm32mp157d-ev1/bl2/tf_gunzip.o
                0x2fff4d2e                tf_crc32
 .text.plat_error_handler
                0x2fff4d32        0x4 ./../build/optee-emmc-stm32mp157d-ev1/bl2/plat_bl_common.o
                0x2fff4d32                plat_error_handler
 .text.bl2_plat_preload_setup
                0x2fff4d36        0x2 ./../build/optee-emmc-stm32mp157d-ev1/bl2/plat_bl_common.o
                0x2fff4d36                bl2_plat_preload_setup
 .text.plat_try_backup_partitions
                0x2fff4d38        0x4 ./../build/optee-emmc-stm32mp157d-ev1/bl2/bl2_io_storage.o
                0x2fff4d38                plat_try_backup_partitions
 .text.plat_fwu_is_enabled
                0x2fff4d3c        0xe ./../build/optee-emmc-stm32mp157d-ev1/bl2/bl2_io_storage.o
                0x2fff4d3c                plat_fwu_is_enabled
 .text.plat_flush_next_bl_params
                0x2fff4d4a        0x4 ./../build/optee-emmc-stm32mp157d-ev1/bl2/plat_image_load.o
                0x2fff4d4a                plat_flush_next_bl_params
 .text.plat_get_bl_image_load_info
                0x2fff4d4e        0x4 ./../build/optee-emmc-stm32mp157d-ev1/bl2/plat_image_load.o
                0x2fff4d4e                plat_get_bl_image_load_info
 .text.plat_get_next_bl_params
                0x2fff4d52       0x10 ./../build/optee-emmc-stm32mp157d-ev1/bl2/plat_image_load.o
                0x2fff4d52                plat_get_next_bl_params
 .text.stm32_nvmem_cell_clrset
                0x2fff4d62       0x32 ./../build/optee-emmc-stm32mp157d-ev1/bl2/stm32mp_common.o
 .text.plat_get_syscnt_freq2
                0x2fff4d94        0x6 ./../build/optee-emmc-stm32mp157d-ev1/bl2/stm32mp_common.o
                0x2fff4d94                plat_get_syscnt_freq2
 .text.stm32mp_rcc_base
                0x2fff4d9a        0x6 ./../build/optee-emmc-stm32mp157d-ev1/bl2/stm32mp_common.o
                0x2fff4d9a                stm32mp_rcc_base
 .text.stm32mp_lock_available
                0x2fff4da0       0x10 ./../build/optee-emmc-stm32mp157d-ev1/bl2/stm32mp_common.o
                0x2fff4da0                stm32mp_lock_available
 .text.stm32mp_map_ddr_non_cacheable
                0x2fff4db0       0x1e ./../build/optee-emmc-stm32mp157d-ev1/bl2/stm32mp_common.o
                0x2fff4db0                stm32mp_map_ddr_non_cacheable
 .text.stm32mp_unmap_ddr
                0x2fff4dce        0xc ./../build/optee-emmc-stm32mp157d-ev1/bl2/stm32mp_common.o
                0x2fff4dce                stm32mp_unmap_ddr
 .text.stm32_fwu_set_boot_idx
                0x2fff4dda       0x28 ./../build/optee-emmc-stm32mp157d-ev1/bl2/stm32mp_common.o
                0x2fff4dda                stm32_fwu_set_boot_idx
 .text.stm32_set_max_fwu_trial_boot_cnt
                0x2fff4e02       0x22 ./../build/optee-emmc-stm32mp157d-ev1/bl2/stm32mp_common.o
                0x2fff4e02                stm32_set_max_fwu_trial_boot_cnt
 .text.stm32_clear_fwu_trial_boot_cnt
                0x2fff4e24       0x22 ./../build/optee-emmc-stm32mp157d-ev1/bl2/stm32mp_common.o
                0x2fff4e24                stm32_clear_fwu_trial_boot_cnt
 .text.fdt32_to_cpu
                0x2fff4e46        0x4 ./../build/optee-emmc-stm32mp157d-ev1/bl2/stm32mp_dt.o
 .text.dt_get_pwr_vdd_voltage
                0x2fff4e4a       0x22 ./../build/optee-emmc-stm32mp157d-ev1/bl2/stm32mp_dt.o
                0x2fff4e4a                dt_get_pwr_vdd_voltage
 .text.bl2_el3_early_platform_setup
                0x2fff4e6c        0x4 ./../build/optee-emmc-stm32mp157d-ev1/bl2/bl2_plat_setup.o
                0x2fff4e6c                bl2_el3_early_platform_setup
 .text.bl2_el3_plat_prepare_exit
                0x2fff4e70        0x4 ./../build/optee-emmc-stm32mp157d-ev1/bl2/bl2_plat_setup.o
                0x2fff4e70                bl2_el3_plat_prepare_exit
 .text.stm32_clean_context
                0x2fff4e74       0x24 ./../build/optee-emmc-stm32mp157d-ev1/bl2/stm32mp1_context.o
                0x2fff4e74                stm32_clean_context
 .text.stm32_get_zdata_from_context
                0x2fff4e98       0x1c ./../build/optee-emmc-stm32mp157d-ev1/bl2/stm32mp1_context.o
                0x2fff4e98                stm32_get_zdata_from_context
 .text.stm32_pwr_cstop_critic_exit
                0x2fff4eb4       0x1a ./../build/optee-emmc-stm32mp157d-ev1/bl2/stm32mp1_critic_power.o
                0x2fff4eb4                stm32_pwr_cstop_critic_exit
 .text.fdt32_to_cpu
                0x2fff4ece        0x4 ./../build/optee-emmc-stm32mp157d-ev1/bl2/stm32mp1_fconf_firewall.o
 .text.stm32mp1_addr_inside_backupsram
                0x2fff4ed2       0x10 ./../build/optee-emmc-stm32mp157d-ev1/bl2/stm32mp1_private.o
                0x2fff4ed2                stm32mp1_addr_inside_backupsram
 .text.stm32mp_is_wakeup_from_standby
                0x2fff4ee2       0x46 ./../build/optee-emmc-stm32mp157d-ev1/bl2/stm32mp1_private.o
                0x2fff4ee2                stm32mp_is_wakeup_from_standby
 .text.fdt32_ld
                0x2fff4f28       0x18 ./../build/optee-emmc-stm32mp157d-ev1/lib/libfdt.a(fdt.o)
 .text.fdt_header_size_
                0x2fff4f40       0x1a ./../build/optee-emmc-stm32mp157d-ev1/lib/libfdt.a(fdt.o)
                0x2fff4f40                fdt_header_size_
 .text.fdt_header_size
                0x2fff4f5a       0x10 ./../build/optee-emmc-stm32mp157d-ev1/lib/libfdt.a(fdt.o)
                0x2fff4f5a                fdt_header_size
 .text.fdt_offset_ptr
                0x2fff4f6a       0x54 ./../build/optee-emmc-stm32mp157d-ev1/lib/libfdt.a(fdt.o)
                0x2fff4f6a                fdt_offset_ptr
 .text.fdt_next_tag
                0x2fff4fbe       0xbc ./../build/optee-emmc-stm32mp157d-ev1/lib/libfdt.a(fdt.o)
                0x2fff4fbe                fdt_next_tag
 .text.fdt_check_node_offset_
                0x2fff507a       0x24 ./../build/optee-emmc-stm32mp157d-ev1/lib/libfdt.a(fdt.o)
                0x2fff507a                fdt_check_node_offset_
 .text.fdt_check_prop_offset_
                0x2fff509e       0x24 ./../build/optee-emmc-stm32mp157d-ev1/lib/libfdt.a(fdt.o)
                0x2fff509e                fdt_check_prop_offset_
 .text.fdt_next_node
                0x2fff50c2       0x6e ./../build/optee-emmc-stm32mp157d-ev1/lib/libfdt.a(fdt.o)
                0x2fff50c2                fdt_next_node
 .text.fdt_first_subnode
                0x2fff5130       0x26 ./../build/optee-emmc-stm32mp157d-ev1/lib/libfdt.a(fdt.o)
                0x2fff5130                fdt_first_subnode
 .text.fdt_next_subnode
                0x2fff5156       0x2a ./../build/optee-emmc-stm32mp157d-ev1/lib/libfdt.a(fdt.o)
                0x2fff5156                fdt_next_subnode
 .text.fdt_cells
                0x2fff5180       0x2a ./../build/optee-emmc-stm32mp157d-ev1/lib/libfdt.a(fdt_addresses.o)
 .text.fdt32_ld
                0x2fff51aa       0x18 ./../build/optee-emmc-stm32mp157d-ev1/lib/libfdt.a(fdt_ro.o)
 .text.nextprop_
                0x2fff51c2       0x32 ./../build/optee-emmc-stm32mp157d-ev1/lib/libfdt.a(fdt_ro.o)
 .text.fdt32_ld_.isra.0
                0x2fff51f4        0x4 ./../build/optee-emmc-stm32mp157d-ev1/lib/libfdt.a(fdt_ro.o)
 .text.fdt_get_property_by_offset_
                0x2fff51f8       0x34 ./../build/optee-emmc-stm32mp157d-ev1/lib/libfdt.a(fdt_ro.o)
 .text.fdt_get_name
                0x2fff522c       0x62 ./../build/optee-emmc-stm32mp157d-ev1/lib/libfdt.a(fdt_ro.o)
                0x2fff522c                fdt_get_name
 .text.fdt_subnode_offset_namelen
                0x2fff528e       0x7a ./../build/optee-emmc-stm32mp157d-ev1/lib/libfdt.a(fdt_ro.o)
                0x2fff528e                fdt_subnode_offset_namelen
 .text.fdt_subnode_offset
                0x2fff5308       0x1e ./../build/optee-emmc-stm32mp157d-ev1/lib/libfdt.a(fdt_ro.o)
                0x2fff5308                fdt_subnode_offset
 .text.fdt_first_property_offset
                0x2fff5326       0x18 ./../build/optee-emmc-stm32mp157d-ev1/lib/libfdt.a(fdt_ro.o)
                0x2fff5326                fdt_first_property_offset
 .text.fdt_next_property_offset
                0x2fff533e       0x18 ./../build/optee-emmc-stm32mp157d-ev1/lib/libfdt.a(fdt_ro.o)
                0x2fff533e                fdt_next_property_offset
 .text.fdt_get_property_namelen_
                0x2fff5356       0x7c ./../build/optee-emmc-stm32mp157d-ev1/lib/libfdt.a(fdt_ro.o)
 .text.fdt_getprop_namelen
                0x2fff53d2       0x40 ./../build/optee-emmc-stm32mp157d-ev1/lib/libfdt.a(fdt_ro.o)
                0x2fff53d2                fdt_getprop_namelen
 .text.fdt_getprop
                0x2fff5412       0x22 ./../build/optee-emmc-stm32mp157d-ev1/lib/libfdt.a(fdt_ro.o)
                0x2fff5412                fdt_getprop
 .text.fdt_path_offset_namelen
                0x2fff5434       0x94 ./../build/optee-emmc-stm32mp157d-ev1/lib/libfdt.a(fdt_ro.o)
                0x2fff5434                fdt_path_offset_namelen
 .text.fdt_path_offset
                0x2fff54c8       0x1a ./../build/optee-emmc-stm32mp157d-ev1/lib/libfdt.a(fdt_ro.o)
                0x2fff54c8                fdt_path_offset
 .text.fdt_supernode_atdepth_offset
                0x2fff54e2       0x6c ./../build/optee-emmc-stm32mp157d-ev1/lib/libfdt.a(fdt_ro.o)
                0x2fff54e2                fdt_supernode_atdepth_offset
 .text.fdt_node_depth
                0x2fff554e       0x20 ./../build/optee-emmc-stm32mp157d-ev1/lib/libfdt.a(fdt_ro.o)
                0x2fff554e                fdt_node_depth
 .text.fdt_parent_offset
                0x2fff556e       0x20 ./../build/optee-emmc-stm32mp157d-ev1/lib/libfdt.a(fdt_ro.o)
                0x2fff556e                fdt_parent_offset
 .text.fdt_node_offset_by_phandle
                0x2fff558e       0x42 ./../build/optee-emmc-stm32mp157d-ev1/lib/libfdt.a(fdt_ro.o)
                0x2fff558e                fdt_node_offset_by_phandle
 .text.fdt_stringlist_contains
                0x2fff55d0       0x46 ./../build/optee-emmc-stm32mp157d-ev1/lib/libfdt.a(fdt_ro.o)
                0x2fff55d0                fdt_stringlist_contains
 .text.fdt_stringlist_search
                0x2fff5616       0x66 ./../build/optee-emmc-stm32mp157d-ev1/lib/libfdt.a(fdt_ro.o)
                0x2fff5616                fdt_stringlist_search
 .text.fdt_node_offset_by_compatible
                0x2fff567c       0x36 ./../build/optee-emmc-stm32mp157d-ev1/lib/libfdt.a(fdt_ro.o)
                0x2fff567c                fdt_node_offset_by_compatible
 .text.memchr   0x2fff56b2       0x1c ./../build/optee-emmc-stm32mp157d-ev1/lib/libc.a(memchr.o)
                0x2fff56b2                memchr
 .text.memcmp   0x2fff56ce       0x1c ./../build/optee-emmc-stm32mp157d-ev1/lib/libc.a(memcmp.o)
                0x2fff56ce                memcmp
 .text.memcpy   0x2fff56ea       0x16 ./../build/optee-emmc-stm32mp157d-ev1/lib/libc.a(memcpy.o)
                0x2fff56ea                memcpy
 .text.memmove  0x2fff5700       0x2c ./../build/optee-emmc-stm32mp157d-ev1/lib/libc.a(memmove.o)
                0x2fff5700                memmove
 .text.memset   0x2fff572c       0x42 ./../build/optee-emmc-stm32mp157d-ev1/lib/libc.a(memset.o)
                0x2fff572c                memset
 .text.unsigned_num_print.part.0
                0x2fff576e       0x92 ./../build/optee-emmc-stm32mp157d-ev1/lib/libc.a(printf.o)
 .text.printf   0x2fff5800       0x1a ./../build/optee-emmc-stm32mp157d-ev1/lib/libc.a(printf.o)
                0x2fff5800                printf
 .text.unsigned_num_print
                0x2fff581a       0xca ./../build/optee-emmc-stm32mp157d-ev1/lib/libc.a(snprintf.o)
 .text.snprintf
                0x2fff58e4       0x1a ./../build/optee-emmc-stm32mp157d-ev1/lib/libc.a(snprintf.o)
                0x2fff58e4                snprintf
 .text.strchr   0x2fff58fe       0x16 ./../build/optee-emmc-stm32mp157d-ev1/lib/libc.a(strchr.o)
                0x2fff58fe                strchr
 .text.strcmp   0x2fff5914       0x18 ./../build/optee-emmc-stm32mp157d-ev1/lib/libc.a(strcmp.o)
                0x2fff5914                strcmp
 .text.strlcpy  0x2fff592c       0x28 ./../build/optee-emmc-stm32mp157d-ev1/lib/libc.a(strlcpy.o)
                0x2fff592c                strlcpy
 .text.strlen   0x2fff5954       0x10 ./../build/optee-emmc-stm32mp157d-ev1/lib/libc.a(strlen.o)
                0x2fff5954                strlen
 .text.strncmp  0x2fff5964       0x28 ./../build/optee-emmc-stm32mp157d-ev1/lib/libc.a(strncmp.o)
                0x2fff5964                strncmp
 .text.strnlen  0x2fff598c       0x14 ./../build/optee-emmc-stm32mp157d-ev1/lib/libc.a(strnlen.o)
                0x2fff598c                strnlen
 .text.strrchr  0x2fff59a0       0x1a ./../build/optee-emmc-stm32mp157d-ev1/lib/libc.a(strrchr.o)
                0x2fff59a0                strrchr
 *(SORT_BY_ALIGNMENT(.rodata*))
 *fill*         0x2fff59ba        0x6 
 .rodata.stm32mp1_mmap
                0x2fff59c0       0x48 ./../build/optee-emmc-stm32mp157d-ev1/bl2/stm32mp1_private.o
 .rodata.block_dev_funcs
                0x2fff5a08       0x24 ./../build/optee-emmc-stm32mp157d-ev1/bl2/io_block.o
 .rodata.block_dev_connector
                0x2fff5a2c        0x4 ./../build/optee-emmc-stm32mp157d-ev1/bl2/io_block.o
 .rodata.fip_dev_funcs
                0x2fff5a30       0x24 ./../build/optee-emmc-stm32mp157d-ev1/bl2/io_fip.o
 .rodata.fip_dev_connector
                0x2fff5a54        0x4 ./../build/optee-emmc-stm32mp157d-ev1/bl2/io_fip.o
 .rodata.stm32mp_clk_ops
                0x2fff5a58       0x14 ./../build/optee-emmc-stm32mp157d-ev1/bl2/stm32mp1_clk.o
 .rodata.stm32mp1_clk_pll
                0x2fff5a6c       0x80 ./../build/optee-emmc-stm32mp157d-ev1/bl2/stm32mp1_clk.o
 .rodata.stm32mp1_clk_sel
                0x2fff5aec      0x108 ./../build/optee-emmc-stm32mp157d-ev1/bl2/stm32mp1_clk.o
 .rodata        0x2fff5bf4       0x40 ./../build/optee-emmc-stm32mp157d-ev1/bl2/stm32mp1_clk.o
 .rodata.ddr_registers
                0x2fff5c34       0x60 ./../build/optee-emmc-stm32mp157d-ev1/bl2/stm32mp1_ddr.o
 .rodata        0x2fff5c94       0x48 ./../build/optee-emmc-stm32mp157d-ev1/bl2/stm32mp1_ram.o
 .rodata.i2c_specs
                0x2fff5cdc       0x60 ./../build/optee-emmc-stm32mp157d-ev1/bl2/stm32_i2c.o
 .rodata.stm32_sdmmc2_ops
                0x2fff5d3c       0x18 ./../build/optee-emmc-stm32mp157d-ev1/bl2/stm32_sdmmc2.o
 .rodata.stm32_tamp_nvram_nvmem_ops
                0x2fff5d54        0x8 ./../build/optee-emmc-stm32mp157d-ev1/bl2/stm32mp_tamp_nvram_core.o
 .rodata.stm32mp1_tamp_nvram
                0x2fff5d5c        0x8 ./../build/optee-emmc-stm32mp157d-ev1/bl2/stm32mp_tamp_nvram_mp1.o
 .rodata.mp1_zone_cfg_fields
                0x2fff5d64       0x18 ./../build/optee-emmc-stm32mp157d-ev1/bl2/stm32mp_tamp_nvram_mp1.o
 .rodata.pmic_regs
                0x2fff5d7c      0x118 ./../build/optee-emmc-stm32mp157d-ev1/bl2/stm32mp_pmic.o
 .rodata.pmic_ops
                0x2fff5e94       0x20 ./../build/optee-emmc-stm32mp157d-ev1/bl2/stm32mp_pmic.o
 .rodata.regulators_table
                0x2fff5eb4      0x118 ./../build/optee-emmc-stm32mp157d-ev1/bl2/stpmic1.o
 .rodata.crc_table
                0x2fff5fcc      0x400 ./../build/optee-emmc-stm32mp157d-ev1/bl2/crc32.o
 .rodata.plat_prefix_str
                0x2fff63cc       0x14 ./../build/optee-emmc-stm32mp157d-ev1/bl2/plat_log_common.o
 .rodata        0x2fff63e0       0x10 ./../build/optee-emmc-stm32mp157d-ev1/bl2/bl2_io_storage.o
 .rodata.load_info
                0x2fff63f0       0x38 ./../build/optee-emmc-stm32mp157d-ev1/bl2/stm32mp_fconf_io.o
 .rodata        0x2fff6428       0x10 ./../build/optee-emmc-stm32mp157d-ev1/bl2/bl2_plat_setup.o
 .rodata.CSWTCH.28
                0x2fff6438       0x10 ./../build/optee-emmc-stm32mp157d-ev1/bl2/stm32mp1_private.o
 .rodata.CSWTCH.27
                0x2fff6448       0x10 ./../build/optee-emmc-stm32mp157d-ev1/bl2/stm32mp1_private.o
 .rodata.stm32mp1_clk_gate
                0x2fff6458      0x1d8 ./../build/optee-emmc-stm32mp157d-ev1/bl2/stm32mp1_clk.o
 .rodata.parent_mp15
                0x2fff6630      0x108 ./../build/optee-emmc-stm32mp157d-ev1/bl2/stm32mp1_clk.o
 .rodata.dividers_mp15
                0x2fff6738       0x96 ./../build/optee-emmc-stm32mp157d-ev1/bl2/stm32mp1_clk.o
 .rodata.ddrphy_timing
                0x2fff67ce       0x28 ./../build/optee-emmc-stm32mp157d-ev1/bl2/stm32mp1_ddr.o
 .rodata.ddrphy_reg
                0x2fff67f6       0x2c ./../build/optee-emmc-stm32mp157d-ev1/bl2/stm32mp1_ddr.o
 .rodata.ddr_perf
                0x2fff6822       0x44 ./../build/optee-emmc-stm32mp157d-ev1/bl2/stm32mp1_ddr.o
 .rodata.ddr_map
                0x2fff6866       0x24 ./../build/optee-emmc-stm32mp157d-ev1/bl2/stm32mp1_ddr.o
 .rodata.ddr_timing
                0x2fff688a       0x30 ./../build/optee-emmc-stm32mp157d-ev1/bl2/stm32mp1_ddr.o
 .rodata.ddr_reg
                0x2fff68ba       0x64 ./../build/optee-emmc-stm32mp157d-ev1/bl2/stm32mp1_ddr.o
 .rodata.fixed_5v_voltage_table
                0x2fff691e        0x2 ./../build/optee-emmc-stm32mp157d-ev1/bl2/stpmic1.o
 .rodata.vref_ddr_voltage_table
                0x2fff6920        0x2 ./../build/optee-emmc-stm32mp157d-ev1/bl2/stpmic1.o
 .rodata.ldo4_voltage_table
                0x2fff6922        0x2 ./../build/optee-emmc-stm32mp157d-ev1/bl2/stpmic1.o
 .rodata.ldo6_voltage_table
                0x2fff6924       0x32 ./../build/optee-emmc-stm32mp157d-ev1/bl2/stpmic1.o
 .rodata.ldo5_voltage_table
                0x2fff6956       0x3e ./../build/optee-emmc-stm32mp157d-ev1/bl2/stpmic1.o
 .rodata.ldo3_special_mode_table
                0x2fff6994        0x2 ./../build/optee-emmc-stm32mp157d-ev1/bl2/stpmic1.o
 .rodata.ldo3_voltage_table
                0x2fff6996       0x3e ./../build/optee-emmc-stm32mp157d-ev1/bl2/stpmic1.o
 .rodata.ldo2_voltage_table
                0x2fff69d4       0x32 ./../build/optee-emmc-stm32mp157d-ev1/bl2/stpmic1.o
 .rodata.ldo1_voltage_table
                0x2fff6a06       0x32 ./../build/optee-emmc-stm32mp157d-ev1/bl2/stpmic1.o
 .rodata.buck4_voltage_table
                0x2fff6a38       0x7a ./../build/optee-emmc-stm32mp157d-ev1/bl2/stpmic1.o
 .rodata.buck3_voltage_table
                0x2fff6ab2       0x70 ./../build/optee-emmc-stm32mp157d-ev1/bl2/stpmic1.o