/home/dangcaominh/STM32MP1/u-boot/stm32mp1-u-boot/drivers/video/rocktech-hx8394.c:169:12:hx8394_panel_get_display_timing	8	static
/home/dangcaominh/STM32MP1/u-boot/stm32mp1-u-boot/drivers/video/rocktech-hx8394.c:68:13:hx8394_dcs_write_buf	40	static
/home/dangcaominh/STM32MP1/u-boot/stm32mp1-u-boot/drivers/video/rocktech-hx8394.c:139:12:hx8394_panel_enable_backlight	48	static
/home/dangcaominh/STM32MP1/u-boot/stm32mp1-u-boot/drivers/video/rocktech-hx8394.c:177:12:hx8394_panel_of_to_plat	40	static
/home/dangcaominh/STM32MP1/u-boot/stm32mp1-u-boot/drivers/video/rocktech-hx8394.c:205:12:hx8394_panel_probe	16	static
