/home/dangcaominh/STM32MP1/u-boot/stm32mp1-u-boot/drivers/video/simple_panel.c:65:12:simple_panel_get_display_timing	16	static
/home/dangcaominh/STM32MP1/u-boot/stm32mp1-u-boot/drivers/video/simple_panel.c:50:12:simple_panel_set_backlight	16	static
/home/dangcaominh/STM32MP1/u-boot/stm32mp1-u-boot/drivers/video/simple_panel.c:35:12:simple_panel_enable_backlight	8	static
/home/dangcaominh/STM32MP1/u-boot/stm32mp1-u-boot/drivers/video/simple_panel.c:74:12:simple_panel_of_to_plat	24	static
/home/dangcaominh/STM32MP1/u-boot/stm32mp1-u-boot/drivers/video/simple_panel.c:110:12:simple_panel_probe	16	static
