/home/dangcaominh/STM32MP1/u-boot/u-boot/drivers/video/vidconsole-uclass.c:136:13:set_cursor_position	0	static
/home/dangcaominh/STM32MP1/u-boot/u-boot/drivers/video/vidconsole-uclass.c:642:12:vidconsole_pre_probe	16	static
/home/dangcaominh/STM32MP1/u-boot/u-boot/drivers/video/vidconsole-uclass.c:113:14:parsenum	16	static
/home/dangcaominh/STM32MP1/u-boot/u-boot/drivers/video/vidconsole-uclass.c:654:12:vidconsole_post_probe	16	static
/home/dangcaominh/STM32MP1/u-boot/u-boot/drivers/video/vidconsole-uclass.c:22:5:vidconsole_putc_xy	4	static
/home/dangcaominh/STM32MP1/u-boot/u-boot/drivers/video/vidconsole-uclass.c:31:5:vidconsole_move_rows	4	static
/home/dangcaominh/STM32MP1/u-boot/u-boot/drivers/video/vidconsole-uclass.c:41:5:vidconsole_set_row	0	static
/home/dangcaominh/STM32MP1/u-boot/u-boot/drivers/video/vidconsole-uclass.c:84:13:vidconsole_newline	24	static
/home/dangcaominh/STM32MP1/u-boot/u-boot/drivers/video/vidconsole-uclass.c:120:6:vidconsole_set_cursor_pos	16	static
/home/dangcaominh/STM32MP1/u-boot/u-boot/drivers/video/vidconsole-uclass.c:454:5:vidconsole_put_char	32	static
/home/dangcaominh/STM32MP1/u-boot/u-boot/drivers/video/vidconsole-uclass.c:514:13:vidconsole_putc	8	static
/home/dangcaominh/STM32MP1/u-boot/u-boot/drivers/video/vidconsole-uclass.c:500:5:vidconsole_put_string	16	static
/home/dangcaominh/STM32MP1/u-boot/u-boot/drivers/video/vidconsole-uclass.c:533:13:vidconsole_puts	8	static
/home/dangcaominh/STM32MP1/u-boot/u-boot/drivers/video/vidconsole-uclass.c:567:5:vidconsole_get_font	0	static
/home/dangcaominh/STM32MP1/u-boot/u-boot/drivers/video/vidconsole-uclass.c:555:6:vidconsole_list_fonts	24	static
/home/dangcaominh/STM32MP1/u-boot/u-boot/drivers/video/vidconsole-uclass.c:578:5:vidconsole_get_font_size	8	static
/home/dangcaominh/STM32MP1/u-boot/u-boot/drivers/video/vidconsole-uclass.c:589:5:vidconsole_select_font	0	static
/home/dangcaominh/STM32MP1/u-boot/u-boot/drivers/video/vidconsole-uclass.c:599:5:vidconsole_measure	40	static
/home/dangcaominh/STM32MP1/u-boot/u-boot/drivers/video/vidconsole-uclass.c:621:6:vidconsole_push_colour	24	static
/home/dangcaominh/STM32MP1/u-boot/u-boot/drivers/video/vidconsole-uclass.c:633:6:vidconsole_pop_colour	8	static
/home/dangcaominh/STM32MP1/u-boot/u-boot/drivers/video/vidconsole-uclass.c:713:6:vidconsole_position_cursor	24	static
/home/dangcaominh/STM32MP1/u-boot/u-boot/drivers/video/vidconsole-uclass.c:701:5:vidconsole_clear_and_reset	16	static
