Archive member included to satisfy reference by file (symbol)

app/libapp.a(main.c.obj)      (--whole-archive)
zephyr/libzephyr.a(heap.c.obj)
                              (--whole-archive)
zephyr/libzephyr.a(cbprintf_packaged.c.obj)
                              (--whole-archive)
zephyr/libzephyr.a(clock.c.obj)
                              (--whole-archive)
zephyr/libzephyr.a(printk.c.obj)
                              (--whole-archive)
zephyr/libzephyr.a(sem.c.obj)
                              (--whole-archive)
zephyr/libzephyr.a(thread_entry.c.obj)
                              (--whole-archive)
zephyr/libzephyr.a(cbprintf_complete.c.obj)
                              (--whole-archive)
zephyr/libzephyr.a(assert.c.obj)
                              (--whole-archive)
zephyr/libzephyr.a(dec.c.obj)
                              (--whole-archive)
zephyr/libzephyr.a(hex.c.obj)
                              (--whole-archive)
zephyr/libzephyr.a(rb.c.obj)  (--whole-archive)
zephyr/libzephyr.a(timeutil.c.obj)
                              (--whole-archive)
zephyr/libzephyr.a(bitarray.c.obj)
                              (--whole-archive)
zephyr/libzephyr.a(ring_buffer.c.obj)
                              (--whole-archive)
zephyr/libzephyr.a(last_section_id.c.obj)
                              (--whole-archive)
zephyr/libzephyr.a(configs.c.obj)
                              (--whole-archive)
zephyr/libzephyr.a(stm32cube_hal.c.obj)
                              (--whole-archive)
zephyr/libzephyr.a(soc_config.c.obj)
                              (--whole-archive)
zephyr/libzephyr.a(stm32_backup_domain.c.obj)
                              (--whole-archive)
zephyr/libzephyr.a(soc.c.obj)
                              (--whole-archive)
zephyr/libzephyr.a(mem_attr.c.obj)
                              (--whole-archive)
zephyr/libzephyr.a(tracing_none.c.obj)
                              (--whole-archive)
zephyr/arch/common/libarch__common.a(sw_isr_common.c.obj)
                              (--whole-archive)
zephyr/arch/arch/arm/core/libarch__arm__core.a(fatal.c.obj)
                              (--whole-archive)
zephyr/arch/arch/arm/core/libarch__arm__core.a(nmi.c.obj)
                              (--whole-archive)
zephyr/arch/arch/arm/core/libarch__arm__core.a(nmi_on_reset.S.obj)
                              (--whole-archive)
zephyr/arch/arch/arm/core/libarch__arm__core.a(tls.c.obj)
                              (--whole-archive)
zephyr/arch/arch/arm/core/cortex_m/libarch__arm__core__cortex_m.a(exc_exit.c.obj)
                              (--whole-archive)
zephyr/arch/arch/arm/core/cortex_m/libarch__arm__core__cortex_m.a(fault.c.obj)
                              (--whole-archive)
zephyr/arch/arch/arm/core/cortex_m/libarch__arm__core__cortex_m.a(fault_s.S.obj)
                              (--whole-archive)
zephyr/arch/arch/arm/core/cortex_m/libarch__arm__core__cortex_m.a(fpu.c.obj)
                              (--whole-archive)
zephyr/arch/arch/arm/core/cortex_m/libarch__arm__core__cortex_m.a(reset.S.obj)
                              (--whole-archive)
zephyr/arch/arch/arm/core/cortex_m/libarch__arm__core__cortex_m.a(scb.c.obj)
                              (--whole-archive)
zephyr/arch/arch/arm/core/cortex_m/libarch__arm__core__cortex_m.a(thread_abort.c.obj)
                              (--whole-archive)
zephyr/arch/arch/arm/core/cortex_m/libarch__arm__core__cortex_m.a(vector_table.S.obj)
                              (--whole-archive)
zephyr/arch/arch/arm/core/cortex_m/libarch__arm__core__cortex_m.a(swap_helper.S.obj)
                              (--whole-archive)
zephyr/arch/arch/arm/core/cortex_m/libarch__arm__core__cortex_m.a(irq_manage.c.obj)
                              (--whole-archive)
zephyr/arch/arch/arm/core/cortex_m/libarch__arm__core__cortex_m.a(prep_c.c.obj)
                              (--whole-archive)
zephyr/arch/arch/arm/core/cortex_m/libarch__arm__core__cortex_m.a(thread.c.obj)
                              (--whole-archive)
zephyr/arch/arch/arm/core/cortex_m/libarch__arm__core__cortex_m.a(cpu_idle.c.obj)
                              (--whole-archive)
zephyr/arch/arch/arm/core/cortex_m/libarch__arm__core__cortex_m.a(irq_init.c.obj)
                              (--whole-archive)
zephyr/arch/arch/arm/core/cortex_m/libarch__arm__core__cortex_m.a(isr_wrapper.c.obj)
                              (--whole-archive)
zephyr/arch/arch/arm/core/cortex_m/libarch__arm__core__cortex_m.a(__aeabi_read_tp.S.obj)
                              (--whole-archive)
zephyr/arch/arch/arm/core/mpu/libarch__arm__core__mpu.a(arm_core_mpu.c.obj)
                              (--whole-archive)
zephyr/arch/arch/arm/core/mpu/libarch__arm__core__mpu.a(arm_mpu.c.obj)
                              (--whole-archive)
zephyr/arch/arch/arm/core/mpu/libarch__arm__core__mpu.a(arm_mpu_regions.c.obj)
                              (--whole-archive)
zephyr/lib/libc/picolibc/liblib__libc__picolibc.a(assert.c.obj)
[...]
Memory Configuration

Name             Origin             Length             Attributes
FLASH            0x0000000000000000 0x0000000000010000 xr
RAM              0x0000000010000000 0x0000000000050000 xw
IDT_LIST         0x00000000ffff7fff 0x0000000000008000 xw
*default*        0x0000000000000000 0xffffffffffffffff

Linker script and memory map

                0x0000000000003df4                vfprintf = __l_vfprintf
                0x0000000000000000                vfscanf = __l_vfscanf
LOAD zephyr/CMakeFiles/zephyr_pre0.dir/misc/empty_file.c.obj
LOAD zephyr/CMakeFiles/offsets.dir/./arch/arm/core/offsets/offsets.c.obj
LOAD app/libapp.a
LOAD zephyr/libzephyr.a
LOAD zephyr/arch/common/libarch__common.a
LOAD zephyr/arch/arch/arm/core/libarch__arm__core.a
LOAD zephyr/arch/arch/arm/core/cortex_m/libarch__arm__core__cortex_m.a
LOAD zephyr/arch/arch/arm/core/mpu/libarch__arm__core__mpu.a
LOAD zephyr/lib/libc/picolibc/liblib__libc__picolibc.a
LOAD zephyr/lib/libc/common/liblib__libc__common.a
LOAD zephyr/drivers/interrupt_controller/libdrivers__interrupt_controller.a
LOAD zephyr/drivers/clock_control/libdrivers__clock_control.a
LOAD zephyr/drivers/console/libdrivers__console.a
LOAD zephyr/drivers/gpio/libdrivers__gpio.a
LOAD zephyr/drivers/pinctrl/libdrivers__pinctrl.a
LOAD zephyr/drivers/reset/libdrivers__reset.a
LOAD zephyr/drivers/serial/libdrivers__serial.a
LOAD zephyr/drivers/timer/libdrivers__timer.a
LOAD modules/hal_stm32/stm32cube/libmodules__hal__stm32__stm32cube.a
LOAD zephyr/kernel/libkernel.a
LOAD zephyr/arch/common/libisr_tables.a
LOAD /home/dangcaominh/zephyr-sdk-0.17.2/arm-zephyr-eabi/bin/../lib/gcc/../../picolibc/arm-zephyr-eabi/lib/thumb/v7e-m/nofp/libc.a
LOAD /home/dangcaominh/zephyr-sdk-0.17.2/arm-zephyr-eabi/bin/../lib/gcc/arm-zephyr-eabi/12.2.0/thumb/v7e-m/nofp/libgcc.a
                0x0000000000000020                _region_min_align = 0x20

.rel.plt        0x0000000000000000        0x0
 *(SORT_BY_ALIGNMENT(.rel.plt))
                [!provide]                        PROVIDE (__rel_iplt_start = .)
 *(SORT_BY_ALIGNMENT(.rel.iplt))
 .rel.iplt      0x0000000000000000        0x0 app/libapp.a(main.c.obj)
                [!provide]                        PROVIDE (__rel_iplt_end = .)

.rela.plt       0x0000000000000000        0x0
 *(SORT_BY_ALIGNMENT(.rela.plt))
                [!provide]                        PROVIDE (__rela_iplt_start = .)
 *(SORT_BY_ALIGNMENT(.rela.iplt))
                [!provide]                        PROVIDE (__rela_iplt_end = .)

.rel.dyn
 *(SORT_BY_ALIGNMENT(.rel.*))

.rela.dyn
 *(SORT_BY_ALIGNMENT(.rela.*))

/DISCARD/
 *(SORT_BY_ALIGNMENT(.plt))

/DISCARD/
 *(SORT_BY_ALIGNMENT(.iplt))
                0x0000000000000000                __rom_region_start = 0x0

rom_start       0x0000000000000000      0x298
                0x0000000000000000                __rom_start_address = .
 FILL mask 0x00
                0x0000000000000000                . = (. + (0x0 - (. - __rom_start_address)))
                0x0000000000000000                . = ALIGN (0x4)
                0x0000000000000000                . = ALIGN (0x80)
                0x0000000000000000                . = ALIGN (0x400)
                0x0000000000000000                _vector_start = .
 *(SORT_BY_ALIGNMENT(.exc_vector_table))
 *(SORT_BY_ALIGNMENT(.exc_vector_table.*))
 .exc_vector_table._vector_table_section
                0x0000000000000000       0x40 zephyr/arch/arch/arm/core/cortex_m/libarch__arm__core__cortex_m.a(vector_table.S.obj)
                0x0000000000000000                _vector_table
 *(SORT_BY_ALIGNMENT(.vectors))
                0x0000000000000298                _vector_end = .
                0x0000000000000040                . = ALIGN (0x4)
 *(SORT_BY_ALIGNMENT(.gnu.linkonce.irq_vector_table*))
 .gnu.linkonce.irq_vector_table
                0x0000000000000040      0x258 zephyr/arch/common/libisr_tables.a(isr_tables.c.obj)
                0x0000000000000040                _irq_vector_table
                0x0000000000000298                _vector_end = .

text            0x0000000000000298     0x5194
                0x0000000000000298                __text_region_start = .
 *(SORT_BY_ALIGNMENT(.text))
 .text          0x0000000000000298      0x21c /home/dangcaominh/zephyr-sdk-0.17.2/arm-zephyr-eabi/bin/../lib/gcc/arm-zephyr-eabi/12.2.0/thumb/v7e-m/nofp/libgcc.a(_arm_addsubsf3.o)
                0x0000000000000298                __aeabi_frsub
                0x00000000000002a0                __subsf3
                0x00000000000002a0                __aeabi_fsub
                0x00000000000002a4                __aeabi_fadd
                0x00000000000002a4                __addsf3
                0x0000000000000404                __aeabi_ui2f
                0x0000000000000404                __floatunsisf
                0x000000000000040c                __aeabi_i2f
                0x000000000000040c                __floatsisf
                0x0000000000000428                __floatundisf
                0x0000000000000428                __aeabi_ul2f
                0x0000000000000438                __floatdisf
                0x0000000000000438                __aeabi_l2f
 .text          0x00000000000004b4      0x2a0 /home/dangcaominh/zephyr-sdk-0.17.2/arm-zephyr-eabi/bin/../lib/gcc/arm-zephyr-eabi/12.2.0/thumb/v7e-m/nofp/libgcc.a(_arm_muldivsf3.o)
                0x00000000000004b4                __mulsf3
                0x00000000000004b4                __aeabi_fmul
                0x000000000000061c                __divsf3
                0x000000000000061c                __aeabi_fdiv
 .text          0x0000000000000754       0x40 /home/dangcaominh/zephyr-sdk-0.17.2/arm-zephyr-eabi/bin/../lib/gcc/arm-zephyr-eabi/12.2.0/thumb/v7e-m/nofp/libgcc.a(_arm_fixunssfsi.o)
                0x0000000000000754                __aeabi_f2uiz
                0x0000000000000754                __fixunssfsi
 .text          0x0000000000000794       0x30 /home/dangcaominh/zephyr-sdk-0.17.2/arm-zephyr-eabi/bin/../lib/gcc/arm-zephyr-eabi/12.2.0/thumb/v7e-m/nofp/libgcc.a(_aeabi_uldivmod.o)
                0x0000000000000794                __aeabi_uldivmod
 .text          0x00000000000007c4        0x4 /home/dangcaominh/zephyr-sdk-0.17.2/arm-zephyr-eabi/bin/../lib/gcc/arm-zephyr-eabi/12.2.0/thumb/v7e-m/nofp/libgcc.a(_dvmd_tls.o)
                0x00000000000007c4                __aeabi_ldiv0
                0x00000000000007c4                __aeabi_idiv0
 .text          0x00000000000007c8      0x2a0 /home/dangcaominh/zephyr-sdk-0.17.2/arm-zephyr-eabi/bin/../lib/gcc/arm-zephyr-eabi/12.2.0/thumb/v7e-m/nofp/libgcc.a(_udivmoddi4.o)
                0x00000000000007c8                __udivmoddi4
 *(SORT_BY_ALIGNMENT(.text.*))
 .text.main     0x0000000000000a68       0x70 app/libapp.a(main.c.obj)
                0x0000000000000a68                main
 .text.char_out
                0x0000000000000ad8        0xc zephyr/libzephyr.a(printk.c.obj)
 .text.__printk_hook_install
                0x0000000000000ae4        0xc zephyr/libzephyr.a(printk.c.obj)
                0x0000000000000ae4                __printk_hook_install
 .text.vprintk  0x0000000000000af0       0x30 zephyr/libzephyr.a(printk.c.obj)
                0x0000000000000af0                vprintk
 .text.z_thread_entry
                0x0000000000000b20       0x34 zephyr/libzephyr.a(thread_entry.c.obj)
                0x0000000000000b20                z_thread_entry
 .text.st_stm32_common_config
                0x0000000000000b54       0x14 zephyr/libzephyr.a(soc_config.c.obj)
 .text.soc_early_init_hook
                0x0000000000000b68       0x2c zephyr/libzephyr.a(soc.c.obj)
                0x0000000000000b68                soc_early_init_hook
 .text.mem_attr_get_regions
                0x0000000000000b94        0xc zephyr/libzephyr.a(mem_attr.c.obj)
                0x0000000000000b94                mem_attr_get_regions
 .text.z_arm_fatal_error
                0x0000000000000ba0       0x60 zephyr/arch/arch/arm/core/libarch__arm__core.a(fatal.c.obj)
                0x0000000000000ba0                z_arm_fatal_error
 .text.z_SysNmiOnReset
                0x0000000000000c00        0x8 zephyr/arch/arch/arm/core/libarch__arm__core.a(nmi_on_reset.S.obj)
                0x0000000000000c00                z_SysNmiOnReset
 .text.arch_tls_stack_setup
                0x0000000000000c08       0x40 zephyr/arch/arch/arm/core/libarch__arm__core.a(tls.c.obj)
                0x0000000000000c08                arch_tls_stack_setup
 .text._HandlerModeExit
                0x0000000000000c48       0x20 zephyr/arch/arch/arm/core/cortex_m/libarch__arm__core__cortex_m.a(exc_exit.c.obj)
                0x0000000000000c48                z_arm_exc_exit
                0x0000000000000c48                z_arm_int_exit
 .text.mem_manage_fault
                0x0000000000000c68       0xf0 zephyr/arch/arch/arm/core/cortex_m/libarch__arm__core__cortex_m.a(fault.c.obj)
 .text.usage_fault.constprop.0
                0x0000000000000d58       0x98 zephyr/arch/arch/arm/core/cortex_m/libarch__arm__core__cortex_m.a(fault.c.obj)
 .text.bus_fault.constprop.0
                0x0000000000000df0       0xb8 zephyr/arch/arch/arm/core/cortex_m/libarch__arm__core__cortex_m.a(fault.c.obj)
 .text.z_arm_fault
                0x0000000000000ea8      0x1a0 zephyr/arch/arch/arm/core/cortex_m/libarch__arm__core__cortex_m.a(fault.c.obj)
                0x0000000000000ea8                z_arm_fault
 .text.z_arm_fault_init
                0x0000000000001048       0x18 zephyr/arch/arch/arm/core/cortex_m/libarch__arm__core__cortex_m.a(fault.c.obj)
                0x0000000000001048                z_arm_fault_init
 .text.__fault  0x0000000000001060       0x14 zephyr/arch/arch/arm/core/cortex_m/libarch__arm__core__cortex_m.a(fault_s.S.obj)
                0x0000000000001060                z_arm_bus_fault
                0x0000000000001060                z_arm_usage_fault
                0x0000000000001060                z_arm_mpu_fault
                0x0000000000001060                z_arm_exc_spurious
                0x0000000000001060                z_arm_debug_monitor
                0x0000000000001060                z_arm_hard_fault
 .text._reset_section
                0x0000000000001074       0x34 zephyr/arch/arch/arm/core/cortex_m/libarch__arm__core__cortex_m.a(reset.S.obj)
                0x0000000000001074                z_arm_reset
                0x0000000000001074                __start
 .text.z_impl_k_thread_abort
                0x00000000000010a8       0x2c zephyr/arch/arch/arm/core/cortex_m/libarch__arm__core__cortex_m.a(thread_abort.c.obj)
                0x00000000000010a8                z_impl_k_thread_abort
 .text.z_arm_pendsv
                0x00000000000010d4       0x60 zephyr/arch/arch/arm/core/cortex_m/libarch__arm__core__cortex_m.a(swap_helper.S.obj)
                0x00000000000010d4                z_arm_pendsv
 .text.z_arm_svc
                0x0000000000001134       0x24 zephyr/arch/arch/arm/core/cortex_m/libarch__arm__core__cortex_m.a(swap_helper.S.obj)
                0x0000000000001134                z_arm_svc
 .text.arm_irq_enable
                0x0000000000001158       0x1c zephyr/arch/arch/arm/core/cortex_m/libarch__arm__core__cortex_m.a(irq_manage.c.obj)
                0x0000000000001158                arm_irq_enable
 .text.arm_irq_priority_set
                0x0000000000001174       0x30 zephyr/arch/arch/arm/core/cortex_m/libarch__arm__core__cortex_m.a(irq_manage.c.obj)
                0x0000000000001174                arm_irq_priority_set
 .text.relocate_vector_table
                0x00000000000011a4       0x1c zephyr/arch/arch/arm/core/cortex_m/libarch__arm__core__cortex_m.a(prep_c.c.obj)
                0x00000000000011a4                relocate_vector_table
 .text.z_prep_c
                0x00000000000011c0       0x38 zephyr/arch/arch/arm/core/cortex_m/libarch__arm__core__cortex_m.a(prep_c.c.obj)
                0x00000000000011c0                z_prep_c
 .text.arch_new_thread
                0x00000000000011f8       0x38 zephyr/arch/arch/arm/core/cortex_m/libarch__arm__core__cortex_m.a(thread.c.obj)
                0x00000000000011f8                arch_new_thread
 .text.z_check_thread_stack_fail
                0x0000000000001230       0x2c zephyr/arch/arch/arm/core/cortex_m/libarch__arm__core__cortex_m.a(thread.c.obj)
                0x0000000000001230                z_check_thread_stack_fail
 .text.arch_switch_to_main_thread
                0x000000000000125c       0x3c zephyr/arch/arch/arm/core/cortex_m/libarch__arm__core__cortex_m.a(thread.c.obj)
                0x000000000000125c                arch_switch_to_main_thread
 .text.z_arm_cpu_idle_init
                0x0000000000001298        0xc zephyr/arch/arch/arm/core/cortex_m/libarch__arm__core__cortex_m.a(cpu_idle.c.obj)
                0x0000000000001298                z_arm_cpu_idle_init
 .text.z_arm_interrupt_init
                0x00000000000012a4       0x18 zephyr/arch/arch/arm/core/cortex_m/libarch__arm__core__cortex_m.a(irq_init.c.obj)
                0x00000000000012a4                z_arm_interrupt_init
 .text._isr_wrapper
                0x00000000000012bc       0x24 zephyr/arch/arch/arm/core/cortex_m/libarch__arm__core__cortex_m.a(isr_wrapper.c.obj)
                0x00000000000012bc                _isr_wrapper
 .text.z_arm_configure_static_mpu_regions
                0x00000000000012e0       0x18 zephyr/arch/arch/arm/core/mpu/libarch__arm__core__mpu.a(arm_core_mpu.c.obj)
                0x00000000000012e0                z_arm_configure_static_mpu_regions
 .text.z_arm_configure_dynamic_mpu_regions
                0x00000000000012f8       0x20 zephyr/arch/arch/arm/core/mpu/libarch__arm__core__mpu.a(arm_core_mpu.c.obj)
                0x00000000000012f8                z_arm_configure_dynamic_mpu_regions
 .text.region_init
                0x0000000000001318       0x28 zephyr/arch/arch/arm/core/mpu/libarch__arm__core__mpu.a(arm_mpu.c.obj)
 .text.mpu_configure_regions
                0x0000000000001340       0x6c zephyr/arch/arch/arm/core/mpu/libarch__arm__core__mpu.a(arm_mpu.c.obj)
 .text.arm_core_mpu_enable
                0x00000000000013ac       0x18 zephyr/arch/arch/arm/core/mpu/libarch__arm__core__mpu.a(arm_mpu.c.obj)
                0x00000000000013ac                arm_core_mpu_enable
 .text.arm_core_mpu_disable
                0x00000000000013c4       0x14 zephyr/arch/arch/arm/core/mpu/libarch__arm__core__mpu.a(arm_mpu.c.obj)
                0x00000000000013c4                arm_core_mpu_disable
 .text.arm_core_mpu_configure_static_mpu_regions
                0x00000000000013d8       0x14 zephyr/arch/arch/arm/core/mpu/libarch__arm__core__mpu.a(arm_mpu.c.obj)
                0x00000000000013d8                arm_core_mpu_configure_static_mpu_regions
 .text.arm_core_mpu_configure_dynamic_mpu_regions
                0x00000000000013ec       0x38 zephyr/arch/arch/arm/core/mpu/libarch__arm__core__mpu.a(arm_mpu.c.obj)
                0x00000000000013ec                arm_core_mpu_configure_dynamic_mpu_regions
 .text.z_arm_mpu_init
                0x0000000000001424      0x168 zephyr/arch/arch/arm/core/mpu/libarch__arm__core__mpu.a(arm_mpu.c.obj)
                0x0000000000001424                z_arm_mpu_init
 .text.z_impl_zephyr_fputc
                0x000000000000158c       0x10 zephyr/lib/libc/picolibc/liblib__libc__picolibc.a(stdio.c.obj)
                0x000000000000158c                z_impl_zephyr_fputc
 .text.__stdout_hook_install
                0x000000000000159c       0x18 zephyr/lib/libc/picolibc/liblib__libc__picolibc.a(stdio.c.obj)
                0x000000000000159c                __stdout_hook_install
 .text.malloc_prepare
                0x00000000000015b4       0x24 zephyr/lib/libc/common/liblib__libc__common.a(malloc.c.obj)
 .text.stm32_intc_gpio_isr
                0x00000000000015d8       0x54 zephyr/drivers/interrupt_controller/libdrivers__interrupt_controller.a(intc_gpio_stm32.c.obj)
 .text.stm32_fill_irq_table.constprop.0
                0x000000000000162c        0xc zephyr/drivers/interrupt_controller/libdrivers__interrupt_controller.a(intc_gpio_stm32.c.obj)
 .text.z_stm32_hsem_lock.constprop.0
                0x0000000000001638       0x34 zephyr/drivers/interrupt_controller/libdrivers__interrupt_controller.a(intc_gpio_stm32.c.obj)
 .text.stm32_gpio_intc_enable_line
                0x000000000000166c       0x30 zephyr/drivers/interrupt_controller/libdrivers__interrupt_controller.a(intc_gpio_stm32.c.obj)
                0x000000000000166c                stm32_gpio_intc_enable_line
 .text.stm32_gpio_intc_disable_line
                0x000000000000169c       0x14 zephyr/drivers/interrupt_controller/libdrivers__interrupt_controller.a(intc_gpio_stm32.c.obj)
                0x000000000000169c                stm32_gpio_intc_disable_line
 .text.stm32_gpio_intc_select_line_trigger
                0x00000000000016b0       0x64 zephyr/drivers/interrupt_controller/libdrivers__interrupt_controller.a(intc_gpio_stm32.c.obj)
                0x00000000000016b0                stm32_gpio_intc_select_line_trigger
 .text.stm32_gpio_intc_set_irq_callback
                0x0000000000001714       0x40 zephyr/drivers/interrupt_controller/libdrivers__interrupt_controller.a(intc_gpio_stm32.c.obj)
                0x0000000000001714                stm32_gpio_intc_set_irq_callback
 .text.stm32_gpio_intc_remove_irq_callback
                0x0000000000001754       0x24 zephyr/drivers/interrupt_controller/libdrivers__interrupt_controller.a(intc_gpio_stm32.c.obj)
                0x0000000000001754                stm32_gpio_intc_remove_irq_callback
 .text.stm32_exti_get_line_src_port
                0x0000000000001778       0x24 zephyr/drivers/interrupt_controller/libdrivers__interrupt_controller.a(intc_gpio_stm32.c.obj)
                0x0000000000001778                stm32_exti_get_line_src_port
 .text.z_stm32_hsem_lock.constprop.0
                0x000000000000179c       0x34 zephyr/drivers/interrupt_controller/libdrivers__interrupt_controller.a(intc_exti_stm32.c.obj)
 .text.stm32_exti_init
                0x00000000000017d0       0x38 zephyr/drivers/interrupt_controller/libdrivers__interrupt_controller.a(intc_exti_stm32.c.obj)
 .text.stm32_exti_is_pending
                0x0000000000001808       0x64 zephyr/drivers/interrupt_controller/libdrivers__interrupt_controller.a(intc_exti_stm32.c.obj)
                0x0000000000001808                stm32_exti_is_pending
 .text.stm32_exti_clear_pending
                0x000000000000186c       0x48 zephyr/drivers/interrupt_controller/libdrivers__interrupt_controller.a(intc_exti_stm32.c.obj)
                0x000000000000186c                stm32_exti_clear_pending
 .text.stm32_clock_control_get_subsys_rate
                0x00000000000018b4      0x354 zephyr/drivers/clock_control/libdrivers__clock_control.a(clock_stm32_ll_mp1.c.obj)
 .text.ram_console_out
                0x0000000000001c08       0x28 zephyr/drivers/console/libdrivers__console.a(ram_console.c.obj)
 .text.ram_console_init
                0x0000000000001c30       0x28 zephyr/drivers/console/libdrivers__console.a(ram_console.c.obj)
 .text.gpio_stm32_pin_interrupt_configure
                0x0000000000001c58       0xb0 zephyr/drivers/gpio/libdrivers__gpio.a(gpio_stm32.c.obj)
 .text.z_stm32_hsem_lock.constprop.0
                0x0000000000001d08       0x34 zephyr/drivers/gpio/libdrivers__gpio.a(gpio_stm32.c.obj)
 .text.gpio_stm32_init
                0x0000000000001d3c       0x38 zephyr/drivers/gpio/libdrivers__gpio.a(gpio_stm32.c.obj)
 .text.pinctrl_configure_pins
                0x0000000000001d74       0x84 zephyr/drivers/pinctrl/libdrivers__pinctrl.a(pinctrl_stm32.c.obj)
                0x0000000000001d74                pinctrl_configure_pins
 .text.uart_stm32_irq_err_enable
                0x0000000000001df8       0x64 zephyr/drivers/serial/libdrivers__serial.a(uart_stm32.c.obj)
 .text.uart_stm32_irq_err_disable
                0x0000000000001e5c       0x64 zephyr/drivers/serial/libdrivers__serial.a(uart_stm32.c.obj)
 .text.uart_stm32_parameters_set
                0x0000000000001ec0      0x138 zephyr/drivers/serial/libdrivers__serial.a(uart_stm32.c.obj)
 .text.uart_stm32_init
                0x0000000000001ff8      0x170 zephyr/drivers/serial/libdrivers__serial.a(uart_stm32.c.obj)
 .text.uart_stm32_configure
                0x0000000000002168      0x160 zephyr/drivers/serial/libdrivers__serial.a(uart_stm32.c.obj)
 .text.elapsed  0x00000000000022c8       0x4c zephyr/drivers/timer/libdrivers__timer.a(cortex_m_systick.c.obj)
 .text.sys_clock_driver_init
                0x0000000000002314       0x38 zephyr/drivers/timer/libdrivers__timer.a(cortex_m_systick.c.obj)
 .text.sys_clock_isr
                0x000000000000234c       0x60 zephyr/drivers/timer/libdrivers__timer.a(cortex_m_systick.c.obj)
                0x000000000000234c                sys_clock_isr
 .text.sys_clock_set_timeout
                0x00000000000023ac       0xf8 zephyr/drivers/timer/libdrivers__timer.a(cortex_m_systick.c.obj)
                0x00000000000023ac                sys_clock_set_timeout
 .text.sys_clock_elapsed
                0x00000000000024a4       0x3c zephyr/drivers/timer/libdrivers__timer.a(cortex_m_systick.c.obj)
                0x00000000000024a4                sys_clock_elapsed
 .text.LL_RCC_GetPLL2ClockFreq
                0x00000000000024e0       0xec modules/hal_stm32/stm32cube/libmodules__hal__stm32__stm32cube.a(stm32mp1xx_ll_rcc.c.obj)
                0x00000000000024e0                LL_RCC_GetPLL2ClockFreq
 .text.LL_RCC_GetPLL3ClockFreq
                0x00000000000025cc      0x104 modules/hal_stm32/stm32cube/libmodules__hal__stm32__stm32cube.a(stm32mp1xx_ll_rcc.c.obj)
                0x00000000000025cc                LL_RCC_GetPLL3ClockFreq
 .text.LL_RCC_GetPLL4ClockFreq
                0x00000000000026d0       0xf8 modules/hal_stm32/stm32cube/libmodules__hal__stm32__stm32cube.a(stm32mp1xx_ll_rcc.c.obj)
                0x00000000000026d0                LL_RCC_GetPLL4ClockFreq
 .text.LL_RCC_GetFDCANClockFreq
                0x00000000000027c8       0x60 modules/hal_stm32/stm32cube/libmodules__hal__stm32__stm32cube.a(stm32mp1xx_ll_rcc.c.obj)
                0x00000000000027c8                LL_RCC_GetFDCANClockFreq
 .text.LL_RCC_GetSPDIFRXClockFreq
                0x0000000000002828       0x5c modules/hal_stm32/stm32cube/libmodules__hal__stm32__stm32cube.a(stm32mp1xx_ll_rcc.c.obj)
                0x0000000000002828                LL_RCC_GetSPDIFRXClockFreq
 .text.LL_RCC_GetUSBPHYClockFreq
                0x0000000000002884       0x54 modules/hal_stm32/stm32cube/libmodules__hal__stm32__stm32cube.a(stm32mp1xx_ll_rcc.c.obj)
                0x0000000000002884                LL_RCC_GetUSBPHYClockFreq
 .text.LL_RCC_GetUSBOClockFreq
                0x00000000000028d8       0x2c modules/hal_stm32/stm32cube/libmodules__hal__stm32__stm32cube.a(stm32mp1xx_ll_rcc.c.obj)
                0x00000000000028d8                LL_RCC_GetUSBOClockFreq
 .text.LL_RCC_GetRNGClockFreq
                0x0000000000002904       0x80 modules/hal_stm32/stm32cube/libmodules__hal__stm32__stm32cube.a(stm32mp1xx_ll_rcc.c.obj)
                0x0000000000002904                LL_RCC_GetRNGClockFreq
 .text.LL_RCC_GetCKPERClockFreq
                0x0000000000002984       0x54 modules/hal_stm32/stm32cube/libmodules__hal__stm32__stm32cube.a(stm32mp1xx_ll_rcc.c.obj)
                0x0000000000002984                LL_RCC_GetCKPERClockFreq
 .text.LL_RCC_GetSAIClockFreq
                0x00000000000029d8       0xd0 modules/hal_stm32/stm32cube/libmodules__hal__stm32__stm32cube.a(stm32mp1xx_ll_rcc.c.obj)
                0x00000000000029d8                LL_RCC_GetSAIClockFreq
 .text.LL_RCC_GetSTGENClockFreq
                0x0000000000002aa8       0x40 modules/hal_stm32/stm32cube/libmodules__hal__stm32__stm32cube.a(stm32mp1xx_ll_rcc.c.obj)
                0x0000000000002aa8                LL_RCC_GetSTGENClockFreq
 .text.LL_RCC_GetDFSDMClockFreq
                0x0000000000002ae8       0x6c modules/hal_stm32/stm32cube/libmodules__hal__stm32__stm32cube.a(stm32mp1xx_ll_rcc.c.obj)
                0x0000000000002ae8                LL_RCC_GetDFSDMClockFreq
 .text.LL_RCC_GetRTCClockFreq
                0x0000000000002b54       0x54 modules/hal_stm32/stm32cube/libmodules__hal__stm32__stm32cube.a(stm32mp1xx_ll_rcc.c.obj)
                0x0000000000002b54                LL_RCC_GetRTCClockFreq
 .text.RCC_GetAXISSClockFreq
                0x0000000000002ba8       0x40 modules/hal_stm32/stm32cube/libmodules__hal__stm32__stm32cube.a(stm32mp1xx_ll_rcc.c.obj)
                0x0000000000002ba8                RCC_GetAXISSClockFreq
 .text.RCC_GetMCUSSClockFreq
                0x0000000000002be8       0x48 modules/hal_stm32/stm32cube/libmodules__hal__stm32__stm32cube.a(stm32mp1xx_ll_rcc.c.obj)
                0x0000000000002be8                RCC_GetMCUSSClockFreq
 .text.LL_RCC_GetTIMGClockFreq
                0x0000000000002c30       0x70 modules/hal_stm32/stm32cube/libmodules__hal__stm32__stm32cube.a(stm32mp1xx_ll_rcc.c.obj)
                0x0000000000002c30                LL_RCC_GetTIMGClockFreq
 .text.LL_RCC_GetLPTIMClockFreq
                0x0000000000002ca0      0x104 modules/hal_stm32/stm32cube/libmodules__hal__stm32__stm32cube.a(stm32mp1xx_ll_rcc.c.obj)
                0x0000000000002ca0                LL_RCC_GetLPTIMClockFreq
 .text.LL_RCC_GetSDMMCClockFreq
                0x0000000000002da4       0xb4 modules/hal_stm32/stm32cube/libmodules__hal__stm32__stm32cube.a(stm32mp1xx_ll_rcc.c.obj)
                0x0000000000002da4                LL_RCC_GetSDMMCClockFreq
 .text.LL_RCC_GetI2CClockFreq
                0x0000000000002e58       0xec modules/hal_stm32/stm32cube/libmodules__hal__stm32__stm32cube.a(stm32mp1xx_ll_rcc.c.obj)
                0x0000000000002e58                LL_RCC_GetI2CClockFreq
 .text.LL_RCC_GetSPIClockFreq
                0x0000000000002f44      0x14c modules/hal_stm32/stm32cube/libmodules__hal__stm32__stm32cube.a(stm32mp1xx_ll_rcc.c.obj)
                0x0000000000002f44                LL_RCC_GetSPIClockFreq
 .text.LL_RCC_GetUARTClockFreq
                0x0000000000003090      0x144 modules/hal_stm32/stm32cube/libmodules__hal__stm32__stm32cube.a(stm32mp1xx_ll_rcc.c.obj)
                0x0000000000003090                LL_RCC_GetUARTClockFreq
 .text.z_fatal_error
                0x00000000000031d4       0x30 zephyr/kernel/libkernel.a(fatal.c.obj)
                0x00000000000031d4                z_fatal_error
 .text.z_sys_init_run_level
                0x0000000000003204       0x30 zephyr/kernel/libkernel.a(init.c.obj)
 .text.bg_thread_main
                0x0000000000003234       0xc0 zephyr/kernel/libkernel.a(init.c.obj)
 .text.z_bss_zero
                0x00000000000032f4       0x18 zephyr/kernel/libkernel.a(init.c.obj)
                0x00000000000032f4                z_bss_zero
 .text.z_init_cpu
                0x000000000000330c       0x70 zephyr/kernel/libkernel.a(init.c.obj)
                0x000000000000330c                z_init_cpu
 .text.z_cstart
                0x000000000000337c       0xd0 zephyr/kernel/libkernel.a(init.c.obj)
                0x000000000000337c                z_cstart
 .text.z_setup_new_thread
                0x000000000000344c       0x98 zephyr/kernel/libkernel.a(thread.c.obj)
                0x000000000000344c                z_setup_new_thread
 .text.z_dummy_thread_init
                0x00000000000034e4       0x18 zephyr/kernel/libkernel.a(thread.c.obj)
                0x00000000000034e4                z_dummy_thread_init
 .text.z_swap_irqlock
                0x00000000000034fc       0x30 zephyr/kernel/libkernel.a(sched.c.obj)
 .text.ready_thread
                0x000000000000352c       0x84 zephyr/kernel/libkernel.a(sched.c.obj)
 .text.unready_thread
                0x00000000000035b0       0x54 zephyr/kernel/libkernel.a(sched.c.obj)
 .text.move_thread_to_end_of_prio_q
                0x0000000000003604       0x90 zephyr/kernel/libkernel.a(sched.c.obj)
                0x0000000000003604                move_thread_to_end_of_prio_q
 .text.z_reschedule
                0x0000000000003694       0x24 zephyr/kernel/libkernel.a(sched.c.obj)
                0x0000000000003694                z_reschedule
 .text.z_reschedule_irqlock
                0x00000000000036b8       0x28 zephyr/kernel/libkernel.a(sched.c.obj)
                0x00000000000036b8                z_reschedule_irqlock
 .text.k_sched_lock
                0x00000000000036e0       0x28 zephyr/kernel/libkernel.a(sched.c.obj)
                0x00000000000036e0                k_sched_lock
 .text.k_sched_unlock
                0x0000000000003708       0x68 zephyr/kernel/libkernel.a(sched.c.obj)
                0x0000000000003708                k_sched_unlock
 .text.z_sched_init
                0x0000000000003770       0x10 zephyr/kernel/libkernel.a(sched.c.obj)
                0x0000000000003770                z_sched_init
 .text.z_impl_k_yield
                0x0000000000003780       0x88 zephyr/kernel/libkernel.a(sched.c.obj)
                0x0000000000003780                z_impl_k_yield
 .text.z_tick_sleep
                0x0000000000003808       0x78 zephyr/kernel/libkernel.a(sched.c.obj)
 .text.z_impl_k_wakeup
                0x0000000000003880       0x48 zephyr/kernel/libkernel.a(sched.c.obj)
                0x0000000000003880                z_impl_k_wakeup
 .text.z_impl_k_sched_current_thread_query
                0x00000000000038c8        0xc zephyr/kernel/libkernel.a(sched.c.obj)
                0x00000000000038c8                z_impl_k_sched_current_thread_query
 .text.z_thread_abort
                0x00000000000038d4      0x140 zephyr/kernel/libkernel.a(sched.c.obj)
                0x00000000000038d4                z_thread_abort
 .text.slice_timeout
                0x0000000000003a14       0x20 zephyr/kernel/libkernel.a(timeslicing.c.obj)
 .text.thread_is_sliceable
                0x0000000000003a34       0x3c zephyr/kernel/libkernel.a(timeslicing.c.obj)
                0x0000000000003a34                thread_is_sliceable
 .text.z_reset_time_slice
                0x0000000000003a70       0x50 zephyr/kernel/libkernel.a(timeslicing.c.obj)
                0x0000000000003a70                z_reset_time_slice
 .text.z_time_slice
                0x0000000000003ac0       0x60 zephyr/kernel/libkernel.a(timeslicing.c.obj)
                0x0000000000003ac0                z_time_slice
 .text.z_data_copy
                0x0000000000003b20       0x38 zephyr/kernel/libkernel.a(xip.c.obj)
                0x0000000000003b20                z_data_copy
 .text.first    0x0000000000003b58       0x10 zephyr/kernel/libkernel.a(timeout.c.obj)
 .text.elapsed  0x0000000000003b68       0x14 zephyr/kernel/libkernel.a(timeout.c.obj)
 .text.remove_timeout
                0x0000000000003b7c       0x38 zephyr/kernel/libkernel.a(timeout.c.obj)
 .text.z_add_timeout
                0x0000000000003bb4      0x120 zephyr/kernel/libkernel.a(timeout.c.obj)
                0x0000000000003bb4                z_add_timeout
 .text.sys_clock_announce
                0x0000000000003cd4       0xc0 zephyr/kernel/libkernel.a(timeout.c.obj)
                0x0000000000003cd4                sys_clock_announce
 .text.sys_clock_tick_get
                0x0000000000003d94       0x30 zephyr/kernel/libkernel.a(timeout.c.obj)
                0x0000000000003d94                sys_clock_tick_get
 .text.boot_banner
                0x0000000000003dc4        0xc zephyr/kernel/libkernel.a(banner.c.obj)
                0x0000000000003dc4                boot_banner
 .text.printf   0x0000000000003dd0       0x24 /home/dangcaominh/zephyr-sdk-0.17.2/arm-zephyr-eabi/bin/../lib/gcc/../../picolibc/arm-zephyr-eabi/lib/thumb/v7e-m/nofp/libc.a(libc_tinystdio_printf.c.o)
                0x0000000000003dd0                printf
 .text.__l_vfprintf
                0x0000000000003df4      0x4b8 /home/dangcaominh/zephyr-sdk-0.17.2/arm-zephyr-eabi/bin/../lib/gcc/../../picolibc/arm-zephyr-eabi/lib/thumb/v7e-m/nofp/libc.a(libc_tinystdio_vflprintf.c.o)
                0x0000000000003df4                __l_vfprintf
 .text._OffsetAbsSyms
                0x00000000000042ac        0x2 zephyr/CMakeFiles/offsets.dir/./arch/arm/core/offsets/offsets.c.obj
                0x00000000000042ac                _OffsetAbsSyms
 .text.chunk_field
                0x00000000000042ae       0x16 zephyr/libzephyr.a(heap.c.obj)
 .text.chunk_set
                0x00000000000042c4       0x16 zephyr/libzephyr.a(heap.c.obj)
 .text.chunk_size
                0x00000000000042da        0xc zephyr/libzephyr.a(heap.c.obj)
 .text.set_chunk_used
                0x00000000000042e6       0x30 zephyr/libzephyr.a(heap.c.obj)
 .text.set_chunk_size
                0x0000000000004316        0x8 zephyr/libzephyr.a(heap.c.obj)
 .text.bucket_idx.isra.0
                0x000000000000431e       0x1c zephyr/libzephyr.a(heap.c.obj)
 .text.free_list_add
                0x000000000000433a       0x84 zephyr/libzephyr.a(heap.c.obj)
 .text.sys_heap_init
                0x00000000000043be       0xb0 zephyr/libzephyr.a(heap.c.obj)
                0x00000000000043be                sys_heap_init
 .text.arch_printk_char_out
                0x000000000000446e        0x4 zephyr/libzephyr.a(printk.c.obj)
                0x000000000000446e                arch_printk_char_out
 .text.printk   0x0000000000004472       0x1a zephyr/libzephyr.a(printk.c.obj)
                0x0000000000004472                printk
 .text._ConfigAbsSyms
                0x000000000000448c        0x2 zephyr/libzephyr.a(configs.c.obj)
                0x000000000000448c                _ConfigAbsSyms
 .text.z_do_kernel_oops
                0x000000000000448e        0x8 zephyr/arch/arch/arm/core/libarch__arm__core.a(fatal.c.obj)
                0x000000000000448e                z_do_kernel_oops
 .text.z_arm_nmi
                0x0000000000004496        0xe zephyr/arch/arch/arm/core/libarch__arm__core.a(nmi.c.obj)
                0x0000000000004496                z_arm_nmi
 .text.z_irq_spurious
                0x00000000000044a4        0x8 zephyr/arch/arch/arm/core/cortex_m/libarch__arm__core__cortex_m.a(irq_manage.c.obj)
                0x00000000000044a4                z_irq_spurious
 .text.arch_coprocessors_disable
                0x00000000000044ac        0x6 zephyr/arch/arch/arm/core/cortex_m/libarch__arm__core__cortex_m.a(thread.c.obj)
                0x00000000000044ac                arch_coprocessors_disable
 .text.arch_irq_unlock_outlined
                0x00000000000044b2        0xe zephyr/arch/arch/arm/core/cortex_m/libarch__arm__core__cortex_m.a(thread.c.obj)
                0x00000000000044b2                arch_irq_unlock_outlined
 .text.arch_cpu_idle
                0x00000000000044c0       0x1a zephyr/arch/arch/arm/core/cortex_m/libarch__arm__core__cortex_m.a(cpu_idle.c.obj)
                0x00000000000044c0                arch_cpu_idle
 .text.size_to_mpu_rasr_size
                0x00000000000044da       0x20 zephyr/arch/arch/arm/core/mpu/libarch__arm__core__mpu.a(arm_mpu.c.obj)
 .text.picolibc_put
                0x00000000000044fa        0xa zephyr/lib/libc/picolibc/liblib__libc__picolibc.a(stdio.c.obj)
 .text.stm32_exti_gpio_intc_init
                0x0000000000004504      0x126 zephyr/drivers/interrupt_controller/libdrivers__interrupt_controller.a(intc_gpio_stm32.c.obj)
 .text.stm32_gpio_intc_get_pin_irq_line
                0x000000000000462a        0xa zephyr/drivers/interrupt_controller/libdrivers__interrupt_controller.a(intc_gpio_stm32.c.obj)
                0x000000000000462a                stm32_gpio_intc_get_pin_irq_line
 .text.stm32_exti_set_line_src_port
                0x0000000000004634       0x3e zephyr/drivers/interrupt_controller/libdrivers__interrupt_controller.a(intc_gpio_stm32.c.obj)
                0x0000000000004634                stm32_exti_set_line_src_port
 .text.stm32_clock_control_on
                0x0000000000004672      0x134 zephyr/drivers/clock_control/libdrivers__clock_control.a(clock_stm32_ll_mp1.c.obj)
 .text.stm32_clock_control_off
                0x00000000000047a6       0xb6 zephyr/drivers/clock_control/libdrivers__clock_control.a(clock_stm32_ll_mp1.c.obj)
 .text.stm32_clock_control_init
                0x000000000000485c        0x4 zephyr/drivers/clock_control/libdrivers__clock_control.a(clock_stm32_ll_mp1.c.obj)
 .text.gpio_stm32_port_get_raw
                0x0000000000004860        0xc zephyr/drivers/gpio/libdrivers__gpio.a(gpio_stm32.c.obj)
 .text.gpio_stm32_port_set_bits_raw
                0x000000000000486c        0xa zephyr/drivers/gpio/libdrivers__gpio.a(gpio_stm32.c.obj)
 .text.gpio_stm32_port_clear_bits_raw
                0x0000000000004876        0xc zephyr/drivers/gpio/libdrivers__gpio.a(gpio_stm32.c.obj)
 .text.gpio_stm32_manage_callback
                0x0000000000004882       0x52 zephyr/drivers/gpio/libdrivers__gpio.a(gpio_stm32.c.obj)
 .text.gpio_stm32_port_toggle_bits
                0x00000000000048d4       0x20 zephyr/drivers/gpio/libdrivers__gpio.a(gpio_stm32.c.obj)
 .text.gpio_stm32_port_set_masked_raw
                0x00000000000048f4       0x26 zephyr/drivers/gpio/libdrivers__gpio.a(gpio_stm32.c.obj)
 .text.gpio_stm32_configure_raw.isra.0
                0x000000000000491a       0xb4 zephyr/drivers/gpio/libdrivers__gpio.a(gpio_stm32.c.obj)
 .text.gpio_stm32_config
                0x00000000000049ce       0xd8 zephyr/drivers/gpio/libdrivers__gpio.a(gpio_stm32.c.obj)
 .text.gpio_stm32_isr
                0x0000000000004aa6       0x2c zephyr/drivers/gpio/libdrivers__gpio.a(gpio_stm32.c.obj)
 .text.gpio_stm32_configure
                0x0000000000004ad2       0x30 zephyr/drivers/gpio/libdrivers__gpio.a(gpio_stm32.c.obj)
                0x0000000000004ad2                gpio_stm32_configure
 .text.pinctrl_lookup_state
                0x0000000000004b02       0x26 zephyr/drivers/pinctrl/libdrivers__pinctrl.a(common.c.obj)
                0x0000000000004b02                pinctrl_lookup_state
 .text.reset_stm32_status
                0x0000000000004b28       0x20 zephyr/drivers/reset/libdrivers__reset.a(reset_stm32.c.obj)
 .text.reset_stm32_line_assert
                0x0000000000004b48       0x1c zephyr/drivers/reset/libdrivers__reset.a(reset_stm32.c.obj)
 .text.reset_stm32_line_deassert
                0x0000000000004b64       0x1c zephyr/drivers/reset/libdrivers__reset.a(reset_stm32.c.obj)
 .text.reset_stm32_line_toggle
                0x0000000000004b80       0x16 zephyr/drivers/reset/libdrivers__reset.a(reset_stm32.c.obj)
 .text.uart_stm32_ll2cfg_databits
                0x0000000000004b96       0x2a zephyr/drivers/serial/libdrivers__serial.a(uart_stm32.c.obj)
 .text.uart_stm32_err_check
                0x0000000000004bc0       0x5a zephyr/drivers/serial/libdrivers__serial.a(uart_stm32.c.obj)
 .text.uart_stm32_irq_tx_enable
                0x0000000000004c1a        0xe zephyr/drivers/serial/libdrivers__serial.a(uart_stm32.c.obj)
 .text.uart_stm32_irq_tx_disable
                0x0000000000004c28        0xe zephyr/drivers/serial/libdrivers__serial.a(uart_stm32.c.obj)
 .text.uart_stm32_irq_rx_enable
                0x0000000000004c36        0xe zephyr/drivers/serial/libdrivers__serial.a(uart_stm32.c.obj)
 .text.uart_stm32_irq_rx_disable
                0x0000000000004c44        0xe zephyr/drivers/serial/libdrivers__serial.a(uart_stm32.c.obj)
 .text.uart_stm32_irq_rx_ready
                0x0000000000004c52        0xc zephyr/drivers/serial/libdrivers__serial.a(uart_stm32.c.obj)
 .text.uart_stm32_irq_update
                0x0000000000004c5e        0x4 zephyr/drivers/serial/libdrivers__serial.a(uart_stm32.c.obj)
 .text.uart_stm32_irq_callback_set
                0x0000000000004c62        0x8 zephyr/drivers/serial/libdrivers__serial.a(uart_stm32.c.obj)
 .text.uart_stm32_isr
                0x0000000000004c6a        0xc zephyr/drivers/serial/libdrivers__serial.a(uart_stm32.c.obj)
 .text.uart_stm32_irq_config_func_0
                0x0000000000004c76       0x16 zephyr/drivers/serial/libdrivers__serial.a(uart_stm32.c.obj)
 .text.uart_stm32_irq_config_func_1
                0x0000000000004c8c       0x16 zephyr/drivers/serial/libdrivers__serial.a(uart_stm32.c.obj)
 .text.uart_stm32_set_baudrate
                0x0000000000004ca2       0x38 zephyr/drivers/serial/libdrivers__serial.a(uart_stm32.c.obj)
 .text.uart_stm32_irq_tx_complete
                0x0000000000004cda        0xc zephyr/drivers/serial/libdrivers__serial.a(uart_stm32.c.obj)
 .text.uart_stm32_irq_tx_ready
                0x0000000000004ce6       0x14 zephyr/drivers/serial/libdrivers__serial.a(uart_stm32.c.obj)
 .text.uart_stm32_config_get
                0x0000000000004cfa       0x92 zephyr/drivers/serial/libdrivers__serial.a(uart_stm32.c.obj)
 .text.uart_stm32_fifo_fill
                0x0000000000004d8c       0x58 zephyr/drivers/serial/libdrivers__serial.a(uart_stm32.c.obj)
 .text.uart_stm32_poll_out
                0x0000000000004de4       0x36 zephyr/drivers/serial/libdrivers__serial.a(uart_stm32.c.obj)
 .text.uart_stm32_irq_is_pending
                0x0000000000004e1a       0x24 zephyr/drivers/serial/libdrivers__serial.a(uart_stm32.c.obj)
 .text.uart_stm32_fifo_read
                0x0000000000004e3e       0x44 zephyr/drivers/serial/libdrivers__serial.a(uart_stm32.c.obj)
 .text.uart_stm32_poll_in
                0x0000000000004e82       0x20 zephyr/drivers/serial/libdrivers__serial.a(uart_stm32.c.obj)
 .text.LL_RCC_HSE_IsReady
                0x0000000000004ea2        0xe modules/hal_stm32/stm32cube/libmodules__hal__stm32__stm32cube.a(stm32mp1xx_ll_rcc.c.obj)
 .text.LL_RCC_HSI_IsReady
                0x0000000000004eb0        0xe modules/hal_stm32/stm32cube/libmodules__hal__stm32__stm32cube.a(stm32mp1xx_ll_rcc.c.obj)
 .text.LL_RCC_CSI_IsReady
                0x0000000000004ebe        0xe modules/hal_stm32/stm32cube/libmodules__hal__stm32__stm32cube.a(stm32mp1xx_ll_rcc.c.obj)
 .text.LL_RCC_LSE_IsReady
                0x0000000000004ecc        0xe modules/hal_stm32/stm32cube/libmodules__hal__stm32__stm32cube.a(stm32mp1xx_ll_rcc.c.obj)
 .text.LL_RCC_LSI_IsReady
                0x0000000000004eda        0xe modules/hal_stm32/stm32cube/libmodules__hal__stm32__stm32cube.a(stm32mp1xx_ll_rcc.c.obj)
 .text.LL_RCC_GetClockSource
                0x0000000000004ee8       0x16 modules/hal_stm32/stm32cube/libmodules__hal__stm32__stm32cube.a(stm32mp1xx_ll_rcc.c.obj)
 .text.LL_RCC_PLL3_IsReady
                0x0000000000004efe        0xe modules/hal_stm32/stm32cube/libmodules__hal__stm32__stm32cube.a(stm32mp1xx_ll_rcc.c.obj)
 .text.LL_RCC_PLL4_IsReady
                0x0000000000004f0c        0xe modules/hal_stm32/stm32cube/libmodules__hal__stm32__stm32cube.a(stm32mp1xx_ll_rcc.c.obj)
 .text.LL_RCC_CalcPLLClockFreq
                0x0000000000004f1a       0x5c modules/hal_stm32/stm32cube/libmodules__hal__stm32__stm32cube.a(stm32mp1xx_ll_rcc.c.obj)
                0x0000000000004f1a                LL_RCC_CalcPLLClockFreq
 .text.LL_RCC_GetETHClockFreq
                0x0000000000004f76       0x40 modules/hal_stm32/stm32cube/libmodules__hal__stm32__stm32cube.a(stm32mp1xx_ll_rcc.c.obj)
                0x0000000000004f76                LL_RCC_GetETHClockFreq
 .text.LL_RCC_GetCECClockFreq
                0x0000000000004fb6       0x46 modules/hal_stm32/stm32cube/libmodules__hal__stm32__stm32cube.a(stm32mp1xx_ll_rcc.c.obj)
                0x0000000000004fb6                LL_RCC_GetCECClockFreq
 .text.LL_RCC_GetDSIClockFreq
                0x0000000000004ffc       0x28 modules/hal_stm32/stm32cube/libmodules__hal__stm32__stm32cube.a(stm32mp1xx_ll_rcc.c.obj)
                0x0000000000004ffc                LL_RCC_GetDSIClockFreq
 .text.LL_RCC_GetADCClockFreq
                0x0000000000005024       0x4e modules/hal_stm32/stm32cube/libmodules__hal__stm32__stm32cube.a(stm32mp1xx_ll_rcc.c.obj)
                0x0000000000005024                LL_RCC_GetADCClockFreq
 .text.LL_RCC_GetLTDCClockFreq
                0x0000000000005072       0x16 modules/hal_stm32/stm32cube/libmodules__hal__stm32__stm32cube.a(stm32mp1xx_ll_rcc.c.obj)
                0x0000000000005072                LL_RCC_GetLTDCClockFreq
 .text.RCC_GetACLKClockFreq
                0x0000000000005088       0x12 modules/hal_stm32/stm32cube/libmodules__hal__stm32__stm32cube.a(stm32mp1xx_ll_rcc.c.obj)
                0x0000000000005088                RCC_GetACLKClockFreq
 .text.LL_RCC_GetQSPIClockFreq
                0x000000000000509a       0x60 modules/hal_stm32/stm32cube/libmodules__hal__stm32__stm32cube.a(stm32mp1xx_ll_rcc.c.obj)
                0x000000000000509a                LL_RCC_GetQSPIClockFreq
 .text.LL_RCC_GetFMCClockFreq
                0x00000000000050fa       0x60 modules/hal_stm32/stm32cube/libmodules__hal__stm32__stm32cube.a(stm32mp1xx_ll_rcc.c.obj)
                0x00000000000050fa                LL_RCC_GetFMCClockFreq
 .text.z_device_state_init
                0x000000000000515a        0x2 zephyr/kernel/libkernel.a(device.c.obj)
                0x000000000000515a                z_device_state_init
 .text.z_impl_device_is_ready
                0x000000000000515c       0x16 zephyr/kernel/libkernel.a(device.c.obj)
                0x000000000000515c                z_impl_device_is_ready
 .text.arch_system_halt
                0x0000000000005172       0x10 zephyr/kernel/libkernel.a(fatal.c.obj)
                0x0000000000005172                arch_system_halt
 .text.k_sys_fatal_error_handler
                0x0000000000005182        0x6 zephyr/kernel/libkernel.a(fatal.c.obj)
                0x0000000000005182                k_sys_fatal_error_handler
 .text.do_device_init
                0x0000000000005188       0x2e zephyr/kernel/libkernel.a(init.c.obj)
 .text.z_early_memset
                0x00000000000051b6        0x4 zephyr/kernel/libkernel.a(init.c.obj)
                0x00000000000051b6                z_early_memset
 .text.z_early_memcpy
                0x00000000000051ba        0x4 zephyr/kernel/libkernel.a(init.c.obj)
                0x00000000000051ba                z_early_memcpy
 .text.idle     0x00000000000051be       0x16 zephyr/kernel/libkernel.a(idle.c.obj)
                0x00000000000051be                idle
 .text.sys_dlist_remove
                0x00000000000051d4       0x10 zephyr/kernel/libkernel.a(sched.c.obj)
 .text.unpend_thread_no_timeout
                0x00000000000051e4       0x14 zephyr/kernel/libkernel.a(sched.c.obj)
 .text.z_ready_thread
                0x00000000000051f8       0x1e zephyr/kernel/libkernel.a(sched.c.obj)
                0x00000000000051f8                z_ready_thread
 .text.z_sched_wake_thread
                0x0000000000005216       0x3a zephyr/kernel/libkernel.a(sched.c.obj)
                0x0000000000005216                z_sched_wake_thread
 .text.z_thread_timeout
                0x0000000000005250        0x8 zephyr/kernel/libkernel.a(sched.c.obj)
                0x0000000000005250                z_thread_timeout
 .text.z_impl_k_sleep
                0x0000000000005258       0x50 zephyr/kernel/libkernel.a(sched.c.obj)
                0x0000000000005258                z_impl_k_sleep
 .text.next_timeout
                0x00000000000052a8       0x2e zephyr/kernel/libkernel.a(timeout.c.obj)
 .text.z_abort_timeout
                0x00000000000052d6       0x50 zephyr/kernel/libkernel.a(timeout.c.obj)
                0x00000000000052d6                z_abort_timeout
 .text.sys_clock_tick_get_32
                0x0000000000005326        0x8 zephyr/kernel/libkernel.a(timeout.c.obj)
                0x0000000000005326                sys_clock_tick_get_32
 .text.memcpy   0x000000000000532e       0x1c /home/dangcaominh/zephyr-sdk-0.17.2/arm-zephyr-eabi/bin/../lib/gcc/../../picolibc/arm-zephyr-eabi/lib/thumb/v7e-m/nofp/libc.a(memcpy.c.o)
                0x000000000000532e                memcpy
                0x000000000000532e                __aeabi_memcpy
                0x000000000000532e                __aeabi_memcpy4
                0x000000000000532e                __aeabi_memcpy8
 .text.memset   0x000000000000534a       0x10 /home/dangcaominh/zephyr-sdk-0.17.2/arm-zephyr-eabi/bin/../lib/gcc/../../picolibc/arm-zephyr-eabi/lib/thumb/v7e-m/nofp/libc.a(memset.c.o)
                0x000000000000534a                memset
 .text.strnlen  0x000000000000535a       0x18 /home/dangcaominh/zephyr-sdk-0.17.2/arm-zephyr-eabi/bin/../lib/gcc/../../picolibc/arm-zephyr-eabi/lib/thumb/v7e-m/nofp/libc.a(libc_string_strnlen.c.o)
                0x000000000000535a                strnlen
 .text.__ultoa_invert
                0x0000000000005372       0xae /home/dangcaominh/zephyr-sdk-0.17.2/arm-zephyr-eabi/bin/../lib/gcc/../../picolibc/arm-zephyr-eabi/lib/thumb/v7e-m/nofp/libc.a(libc_tinystdio_vflprintf.c.o)
 *(SORT_BY_ALIGNMENT(.TEXT.*))
 .TEXT.__aeabi_read_tp
                0x0000000000005420        0xc zephyr/arch/arch/arm/core/cortex_m/libarch__arm__core__cortex_m.a(__aeabi_read_tp.S.obj)
                0x0000000000005420                __aeabi_read_tp
 *(SORT_BY_ALIGNMENT(.gnu.linkonce.t.*))
 *(SORT_BY_ALIGNMENT(.glue_7t))
 .glue_7t       0x000000000000542c        0x0 linker stubs
 *(SORT_BY_ALIGNMENT(.glue_7))
 .glue_7        0x000000000000542c        0x0 linker stubs
 *(SORT_BY_ALIGNMENT(.vfp11_veneer))
 .vfp11_veneer  0x000000000000542c        0x0 linker stubs
 *(SORT_BY_ALIGNMENT(.v4_bx))
 .v4_bx         0x000000000000542c        0x0 linker stubs
                0x000000000000542c                . = ALIGN (0x4)
                0x000000000000542c                __text_region_end = .

.ARM.exidx      0x000000000000542c        0x8
                0x000000000000542c                __exidx_start = .
 *(SORT_BY_ALIGNMENT(.ARM.exidx*) SORT_BY_ALIGNMENT(gnu.linkonce.armexidx.*))
 .ARM.exidx     0x000000000000542c        0x8 /home/dangcaominh/zephyr-sdk-0.17.2/arm-zephyr-eabi/bin/../lib/gcc/arm-zephyr-eabi/12.2.0/thumb/v7e-m/nofp/libgcc.a(_udivmoddi4.o)
                0x0000000000005434                __exidx_end = .
                0x0000000000005434                __rodata_region_start = .

initlevel       0x0000000000005434       0xa8
                0x0000000000005434                __init_start = .
                0x0000000000005434                __init_EARLY_start = .
 *(SORT_BY_NAME(SORT_BY_ALIGNMENT(.z_init_EARLY_P_?_*)))
 *(SORT_BY_NAME(SORT_BY_ALIGNMENT(.z_init_EARLY_P_??_*)))
 *(SORT_BY_NAME(SORT_BY_ALIGNMENT(.z_init_EARLY_P_???_*)))
                0x0000000000005434                __init_PRE_KERNEL_1_start = .
 *(SORT_BY_NAME(SORT_BY_ALIGNMENT(.z_init_PRE_KERNEL_1_P_?_*)))
 .z_init_PRE_KERNEL_1_P_1_SUB_00008_
                0x0000000000005434        0x8 zephyr/drivers/clock_control/libdrivers__clock_control.a(clock_stm32_ll_mp1.c.obj)
 .z_init_PRE_KERNEL_1_P_1_SUB_0_
                0x000000000000543c        0x8 zephyr/libzephyr.a(soc_config.c.obj)
 *(SORT_BY_NAME(SORT_BY_ALIGNMENT(.z_init_PRE_KERNEL_1_P_??_*)))
 .z_init_PRE_KERNEL_1_P_35_SUB_00022_
                0x0000000000005444        0x8 zephyr/drivers/reset/libdrivers__reset.a(reset_stm32.c.obj)
 .z_init_PRE_KERNEL_1_P_40_SUB_00016_
                0x000000000000544c        0x8 zephyr/drivers/gpio/libdrivers__gpio.a(gpio_stm32.c.obj)
 .z_init_PRE_KERNEL_1_P_40_SUB_00019_
                0x0000000000005454        0x8 zephyr/drivers/gpio/libdrivers__gpio.a(gpio_stm32.c.obj)
 .z_init_PRE_KERNEL_1_P_40_SUB_00027_
                0x000000000000545c        0x8 zephyr/drivers/interrupt_controller/libdrivers__interrupt_controller.a(intc_exti_stm32.c.obj)
 .z_init_PRE_KERNEL_1_P_40_SUB_00055_
                0x0000000000005464        0x8 zephyr/drivers/gpio/libdrivers__gpio.a(gpio_stm32.c.obj)
 .z_init_PRE_KERNEL_1_P_40_SUB_00056_
                0x000000000000546c        0x8 zephyr/drivers/gpio/libdrivers__gpio.a(gpio_stm32.c.obj)
 .z_init_PRE_KERNEL_1_P_40_SUB_00057_
                0x0000000000005474        0x8 zephyr/drivers/gpio/libdrivers__gpio.a(gpio_stm32.c.obj)
 .z_init_PRE_KERNEL_1_P_40_SUB_00058_
                0x000000000000547c        0x8 zephyr/drivers/gpio/libdrivers__gpio.a(gpio_stm32.c.obj)
 .z_init_PRE_KERNEL_1_P_40_SUB_00059_
                0x0000000000005484        0x8 zephyr/drivers/gpio/libdrivers__gpio.a(gpio_stm32.c.obj)
 .z_init_PRE_KERNEL_1_P_40_SUB_00060_
                0x000000000000548c        0x8 zephyr/drivers/gpio/libdrivers__gpio.a(gpio_stm32.c.obj)
 .z_init_PRE_KERNEL_1_P_40_SUB_00061_
                0x0000000000005494        0x8 zephyr/drivers/gpio/libdrivers__gpio.a(gpio_stm32.c.obj)
 .z_init_PRE_KERNEL_1_P_40_SUB_00062_
                0x000000000000549c        0x8 zephyr/drivers/gpio/libdrivers__gpio.a(gpio_stm32.c.obj)
 .z_init_PRE_KERNEL_1_P_40_SUB_00063_
                0x00000000000054a4        0x8 zephyr/drivers/gpio/libdrivers__gpio.a(gpio_stm32.c.obj)
 .z_init_PRE_KERNEL_1_P_40_SUB_0_
                0x00000000000054ac        0x8 zephyr/drivers/interrupt_controller/libdrivers__interrupt_controller.a(intc_gpio_stm32.c.obj)
 .z_init_PRE_KERNEL_1_P_40_SUB_0_
                0x00000000000054b4        0x8 zephyr/drivers/console/libdrivers__console.a(ram_console.c.obj)
 .z_init_PRE_KERNEL_1_P_50_SUB_00032_
                0x00000000000054bc        0x8 zephyr/drivers/serial/libdrivers__serial.a(uart_stm32.c.obj)
 .z_init_PRE_KERNEL_1_P_50_SUB_00037_
                0x00000000000054c4        0x8 zephyr/drivers/serial/libdrivers__serial.a(uart_stm32.c.obj)
 *(SORT_BY_NAME(SORT_BY_ALIGNMENT(.z_init_PRE_KERNEL_1_P_???_*)))
                0x00000000000054cc                __init_PRE_KERNEL_2_start = .
 *(SORT_BY_NAME(SORT_BY_ALIGNMENT(.z_init_PRE_KERNEL_2_P_?_*)))
 .z_init_PRE_KERNEL_2_P_0_SUB_0_
                0x00000000000054cc        0x8 zephyr/drivers/timer/libdrivers__timer.a(cortex_m_systick.c.obj)
 *(SORT_BY_NAME(SORT_BY_ALIGNMENT(.z_init_PRE_KERNEL_2_P_??_*)))
 *(SORT_BY_NAME(SORT_BY_ALIGNMENT(.z_init_PRE_KERNEL_2_P_???_*)))
                0x00000000000054d4                __init_POST_KERNEL_start = .
 *(SORT_BY_NAME(SORT_BY_ALIGNMENT(.z_init_POST_KERNEL_P_?_*)))
 *(SORT_BY_NAME(SORT_BY_ALIGNMENT(.z_init_POST_KERNEL_P_??_*)))
 .z_init_POST_KERNEL_P_35_SUB_0_
                0x00000000000054d4        0x8 zephyr/lib/libc/common/liblib__libc__common.a(malloc.c.obj)
 *(SORT_BY_NAME(SORT_BY_ALIGNMENT(.z_init_POST_KERNEL_P_???_*)))
                0x00000000000054dc                __init_APPLICATION_start = .
 *(SORT_BY_NAME(SORT_BY_ALIGNMENT(.z_init_APPLICATION_P_?_*)))
 *(SORT_BY_NAME(SORT_BY_ALIGNMENT(.z_init_APPLICATION_P_??_*)))
 *(SORT_BY_NAME(SORT_BY_ALIGNMENT(.z_init_APPLICATION_P_???_*)))
                0x00000000000054dc                __init_SMP_start = .
 *(SORT_BY_NAME(SORT_BY_ALIGNMENT(.z_init_SMP_P_?_*)))
 *(SORT_BY_NAME(SORT_BY_ALIGNMENT(.z_init_SMP_P_??_*)))
 *(SORT_BY_NAME(SORT_BY_ALIGNMENT(.z_init_SMP_P_???_*)))
                0x00000000000054dc                __init_end = .

device_area     0x00000000000054dc      0x200
                0x00000000000054dc                _device_list_start = .
 *(SORT_BY_NAME(SORT_BY_ALIGNMENT(._device.static.*_?_*)))
 ._device.static.1_1_
                0x00000000000054dc       0x20 zephyr/drivers/clock_control/libdrivers__clock_control.a(clock_stm32_ll_mp1.c.obj)
                0x00000000000054dc                __device_dts_ord_8
 *(SORT_BY_NAME(SORT_BY_ALIGNMENT(._device.static.*_??_*)))
 ._device.static.1_35_
                0x00000000000054fc       0x20 zephyr/drivers/reset/libdrivers__reset.a(reset_stm32.c.obj)
                0x00000000000054fc                __device_dts_ord_22
 ._device.static.1_40_
                0x000000000000551c       0x20 zephyr/drivers/interrupt_controller/libdrivers__interrupt_controller.a(intc_exti_stm32.c.obj)
                0x000000000000551c                __device_dts_ord_27
 ._device.static.1_40_
                0x000000000000553c      0x160 zephyr/drivers/gpio/libdrivers__gpio.a(gpio_stm32.c.obj)
                0x000000000000553c                __device_dts_ord_63
                0x000000000000555c                __device_dts_ord_62
                0x000000000000557c                __device_dts_ord_61
                0x000000000000559c                __device_dts_ord_19
                0x00000000000055bc                __device_dts_ord_60
                0x00000000000055dc                __device_dts_ord_59
                0x00000000000055fc                __device_dts_ord_58
                0x000000000000561c                __device_dts_ord_57
                0x000000000000563c                __device_dts_ord_56
                0x000000000000565c                __device_dts_ord_55
                0x000000000000567c                __device_dts_ord_16
 ._device.static.1_50_
                0x000000000000569c       0x40 zephyr/drivers/serial/libdrivers__serial.a(uart_stm32.c.obj)
                0x000000000000569c                __device_dts_ord_37
                0x00000000000056bc                __device_dts_ord_32
 *(SORT_BY_NAME(SORT_BY_ALIGNMENT(._device.static.*_???_*)))
 *(SORT_BY_NAME(SORT_BY_ALIGNMENT(._device.static.*_????_*)))
 *(SORT_BY_NAME(SORT_BY_ALIGNMENT(._device.static.*_?????_*)))
                0x00000000000056dc                _device_list_end = .

sw_isr_table    0x00000000000056dc      0x4b0
                0x00000000000056dc                . = ALIGN (0x4)
 *(SORT_BY_ALIGNMENT(.gnu.linkonce.sw_isr_table*))
 .gnu.linkonce.sw_isr_table
                0x00000000000056dc      0x4b0 zephyr/arch/common/libisr_tables.a(isr_tables.c.obj)
                0x00000000000056dc                _sw_isr_table

initlevel_error
                0x0000000000005434        0x0
 *(SORT_BY_NAME(SORT_BY_ALIGNMENT(.z_init_*)))
                0x0000000000000001                ASSERT ((SIZEOF (initlevel_error) == 0x0), Undefined initialization levels used.)

app_shmem_regions
                0x0000000000005b8c        0x0
                0x0000000000005b8c                __app_shmem_regions_start = .
 *(SORT_BY_NAME(SORT_BY_ALIGNMENT(.app_regions.*)))
                0x0000000000005b8c                __app_shmem_regions_end = .

k_p4wq_initparam_area
                0x0000000000005b8c        0x0
                0x0000000000005b8c                _k_p4wq_initparam_list_start = .
 *(SORT_BY_NAME(SORT_BY_ALIGNMENT(._k_p4wq_initparam.static.*)))
                0x0000000000005b8c                _k_p4wq_initparam_list_end = .

_static_thread_data_area
                0x0000000000005b8c        0x0
                0x0000000000005b8c                __static_thread_data_list_start = .
 *(SORT_BY_NAME(SORT_BY_ALIGNMENT(.__static_thread_data.static.*)))
                0x0000000000005b8c                __static_thread_data_list_end = .

device_deps     0x0000000000005b8c        0x0
                0x0000000000005b8c                __device_deps_start = .
 *(SORT_BY_NAME(SORT_BY_ALIGNMENT(.__device_deps_pass2*)))
                0x0000000000005b8c                __device_deps_end = .

gpio_driver_api_area
                0x0000000000005b8c       0x24
                0x0000000000005b8c                _gpio_driver_api_list_start = .
 *(SORT_BY_NAME(SORT_BY_ALIGNMENT(._gpio_driver_api.static.*)))
 ._gpio_driver_api.static.gpio_stm32_driver_
                0x0000000000005b8c       0x24 zephyr/drivers/gpio/libdrivers__gpio.a(gpio_stm32.c.obj)
                0x0000000000005bb0                _gpio_driver_api_list_end = .

reset_driver_api_area
                0x0000000000005bb0       0x10
                0x0000000000005bb0                _reset_driver_api_list_start = .
 *(SORT_BY_NAME(SORT_BY_ALIGNMENT(._reset_driver_api.static.*)))
 ._reset_driver_api.static.reset_stm32_driver_api_
                0x0000000000005bb0       0x10 zephyr/drivers/reset/libdrivers__reset.a(reset_stm32.c.obj)
                0x0000000000005bc0                _reset_driver_api_list_end = .

shared_irq_driver_api_area
                0x0000000000005bc0        0x0
                0x0000000000005bc0                _shared_irq_driver_api_list_start = .
 *(SORT_BY_NAME(SORT_BY_ALIGNMENT(._shared_irq_driver_api.static.*)))
                0x0000000000005bc0                _shared_irq_driver_api_list_end = .

crypto_driver_api_area
                0x0000000000005bc0        0x0
                0x0000000000005bc0                _crypto_driver_api_list_start = .
 *(SORT_BY_NAME(SORT_BY_ALIGNMENT(._crypto_driver_api.static.*)))
                0x0000000000005bc0                _crypto_driver_api_list_end = .

adc_driver_api_area
                0x0000000000005bc0        0x0
                0x0000000000005bc0                _adc_driver_api_list_start = .
 *(SORT_BY_NAME(SORT_BY_ALIGNMENT(._adc_driver_api.static.*)))
                0x0000000000005bc0                _adc_driver_api_list_end = .

auxdisplay_driver_api_area
                0x0000000000005bc0        0x0
                0x0000000000005bc0                _auxdisplay_driver_api_list_start = .
 *(SORT_BY_NAME(SORT_BY_ALIGNMENT(._auxdisplay_driver_api.static.*)))
                0x0000000000005bc0                _auxdisplay_driver_api_list_end = .

bbram_driver_api_area
                0x0000000000005bc0        0x0
                0x0000000000005bc0                _bbram_driver_api_list_start = .
 *(SORT_BY_NAME(SORT_BY_ALIGNMENT(._bbram_driver_api.static.*)))
                0x0000000000005bc0                _bbram_driver_api_list_end = .

bt_hci_driver_api_area
                0x0000000000005bc0        0x0
                0x0000000000005bc0                _bt_hci_driver_api_list_start = .
 *(SORT_BY_NAME(SORT_BY_ALIGNMENT(._bt_hci_driver_api.static.*)))
                0x0000000000005bc0                _bt_hci_driver_api_list_end = .

can_driver_api_area
                0x0000000000005bc0        0x0
                0x0000000000005bc0                _can_driver_api_list_start = .
 *(SORT_BY_NAME(SORT_BY_ALIGNMENT(._can_driver_api.static.*)))
                0x0000000000005bc0                _can_driver_api_list_end = .

cellular_driver_api_area
                0x0000000000005bc0        0x0
                0x0000000000005bc0                _cellular_driver_api_list_start = .
 *(SORT_BY_NAME(SORT_BY_ALIGNMENT(._cellular_driver_api.static.*)))
                0x0000000000005bc0                _cellular_driver_api_list_end = .

charger_driver_api_area
                0x0000000000005bc0        0x0
                0x0000000000005bc0                _charger_driver_api_list_start = .
 *(SORT_BY_NAME(SORT_BY_ALIGNMENT(._charger_driver_api.static.*)))
                0x0000000000005bc0                _charger_driver_api_list_end = .

clock_control_driver_api_area
                0x0000000000005bc0       0x1c
                0x0000000000005bc0                _clock_control_driver_api_list_start = .
 *(SORT_BY_NAME(SORT_BY_ALIGNMENT(._clock_control_driver_api.static.*)))
 ._clock_control_driver_api.static.stm32_clock_control_api_
                0x0000000000005bc0       0x1c zephyr/drivers/clock_control/libdrivers__clock_control.a(clock_stm32_ll_mp1.c.obj)
                0x0000000000005bdc                _clock_control_driver_api_list_end = .

comparator_driver_api_area
                0x0000000000005bdc        0x0
                0x0000000000005bdc                _comparator_driver_api_list_start = .
 *(SORT_BY_NAME(SORT_BY_ALIGNMENT(._comparator_driver_api.static.*)))
                0x0000000000005bdc                _comparator_driver_api_list_end = .

coredump_driver_api_area
                0x0000000000005bdc        0x0
                0x0000000000005bdc                _coredump_driver_api_list_start = .
 *(SORT_BY_NAME(SORT_BY_ALIGNMENT(._coredump_driver_api.static.*)))
                0x0000000000005bdc                _coredump_driver_api_list_end = .

counter_driver_api_area
                0x0000000000005bdc        0x0
                0x0000000000005bdc                _counter_driver_api_list_start = .
 *(SORT_BY_NAME(SORT_BY_ALIGNMENT(._counter_driver_api.static.*)))
                0x0000000000005bdc                _counter_driver_api_list_end = .

dac_driver_api_area
                0x0000000000005bdc        0x0
                0x0000000000005bdc                _dac_driver_api_list_start = .
 *(SORT_BY_NAME(SORT_BY_ALIGNMENT(._dac_driver_api.static.*)))
                0x0000000000005bdc                _dac_driver_api_list_end = .

dai_driver_api_area
                0x0000000000005bdc        0x0
                0x0000000000005bdc                _dai_driver_api_list_start = .
 *(SORT_BY_NAME(SORT_BY_ALIGNMENT(._dai_driver_api.static.*)))
                0x0000000000005bdc                _dai_driver_api_list_end = .

display_driver_api_area
                0x0000000000005bdc        0x0
                0x0000000000005bdc                _display_driver_api_list_start = .
 *(SORT_BY_NAME(SORT_BY_ALIGNMENT(._display_driver_api.static.*)))
                0x0000000000005bdc                _display_driver_api_list_end = .

dma_driver_api_area
                0x0000000000005bdc        0x0
                0x0000000000005bdc                _dma_driver_api_list_start = .
 *(SORT_BY_NAME(SORT_BY_ALIGNMENT(._dma_driver_api.static.*)))
                0x0000000000005bdc                _dma_driver_api_list_end = .

edac_driver_api_area
                0x0000000000005bdc        0x0
                0x0000000000005bdc                _edac_driver_api_list_start = .
 *(SORT_BY_NAME(SORT_BY_ALIGNMENT(._edac_driver_api.static.*)))
                0x0000000000005bdc                _edac_driver_api_list_end = .

eeprom_driver_api_area
                0x0000000000005bdc        0x0
                0x0000000000005bdc                _eeprom_driver_api_list_start = .
 *(SORT_BY_NAME(SORT_BY_ALIGNMENT(._eeprom_driver_api.static.*)))
                0x0000000000005bdc                _eeprom_driver_api_list_end = .

emul_bbram_driver_api_area
                0x0000000000005bdc        0x0
                0x0000000000005bdc                _emul_bbram_driver_api_list_start = .
 *(SORT_BY_NAME(SORT_BY_ALIGNMENT(._emul_bbram_driver_api.static.*)))
                0x0000000000005bdc                _emul_bbram_driver_api_list_end = .

fuel_gauge_emul_driver_api_area
                0x0000000000005bdc        0x0
                0x0000000000005bdc                _fuel_gauge_emul_driver_api_list_start = .
 *(SORT_BY_NAME(SORT_BY_ALIGNMENT(._fuel_gauge_emul_driver_api.static.*)))
                0x0000000000005bdc                _fuel_gauge_emul_driver_api_list_end = .

emul_sensor_driver_api_area
                0x0000000000005bdc        0x0
                0x0000000000005bdc                _emul_sensor_driver_api_list_start = .
 *(SORT_BY_NAME(SORT_BY_ALIGNMENT(._emul_sensor_driver_api.static.*)))
                0x0000000000005bdc                _emul_sensor_driver_api_list_end = .

entropy_driver_api_area
                0x0000000000005bdc        0x0
                0x0000000000005bdc                _entropy_driver_api_list_start = .
 *(SORT_BY_NAME(SORT_BY_ALIGNMENT(._entropy_driver_api.static.*)))
                0x0000000000005bdc                _entropy_driver_api_list_end = .

espi_driver_api_area
                0x0000000000005bdc        0x0
                0x0000000000005bdc                _espi_driver_api_list_start = .
 *(SORT_BY_NAME(SORT_BY_ALIGNMENT(._espi_driver_api.static.*)))
                0x0000000000005bdc                _espi_driver_api_list_end = .

espi_saf_driver_api_area
                0x0000000000005bdc        0x0
                0x0000000000005bdc                _espi_saf_driver_api_list_start = .
 *(SORT_BY_NAME(SORT_BY_ALIGNMENT(._espi_saf_driver_api.static.*)))
                0x0000000000005bdc                _espi_saf_driver_api_list_end = .

flash_driver_api_area
                0x0000000000005bdc        0x0
                0x0000000000005bdc                _flash_driver_api_list_start = .
 *(SORT_BY_NAME(SORT_BY_ALIGNMENT(._flash_driver_api.static.*)))
                0x0000000000005bdc                _flash_driver_api_list_end = .

fpga_driver_api_area
                0x0000000000005bdc        0x0
                0x0000000000005bdc                _fpga_driver_api_list_start = .
 *(SORT_BY_NAME(SORT_BY_ALIGNMENT(._fpga_driver_api.static.*)))
                0x0000000000005bdc                _fpga_driver_api_list_end = .

fuel_gauge_driver_api_area
                0x0000000000005bdc        0x0
                0x0000000000005bdc                _fuel_gauge_driver_api_list_start = .
 *(SORT_BY_NAME(SORT_BY_ALIGNMENT(._fuel_gauge_driver_api.static.*)))
                0x0000000000005bdc                _fuel_gauge_driver_api_list_end = .

gnss_driver_api_area
                0x0000000000005bdc        0x0
                0x0000000000005bdc                _gnss_driver_api_list_start = .
 *(SORT_BY_NAME(SORT_BY_ALIGNMENT(._gnss_driver_api.static.*)))
                0x0000000000005bdc                _gnss_driver_api_list_end = .

haptics_driver_api_area
                0x0000000000005bdc        0x0
                0x0000000000005bdc                _haptics_driver_api_list_start = .
 *(SORT_BY_NAME(SORT_BY_ALIGNMENT(._haptics_driver_api.static.*)))
                0x0000000000005bdc                _haptics_driver_api_list_end = .

hwspinlock_driver_api_area
                0x0000000000005bdc        0x0
                0x0000000000005bdc                _hwspinlock_driver_api_list_start = .
 *(SORT_BY_NAME(SORT_BY_ALIGNMENT(._hwspinlock_driver_api.static.*)))
                0x0000000000005bdc                _hwspinlock_driver_api_list_end = .

i2c_driver_api_area
                0x0000000000005bdc        0x0
                0x0000000000005bdc                _i2c_driver_api_list_start = .
 *(SORT_BY_NAME(SORT_BY_ALIGNMENT(._i2c_driver_api.static.*)))
                0x0000000000005bdc                _i2c_driver_api_list_end = .

i2c_target_driver_api_area
                0x0000000000005bdc        0x0
                0x0000000000005bdc                _i2c_target_driver_api_list_start = .
 *(SORT_BY_NAME(SORT_BY_ALIGNMENT(._i2c_target_driver_api.static.*)))
                0x0000000000005bdc                _i2c_target_driver_api_list_end = .

i2s_driver_api_area
                0x0000000000005bdc        0x0
                0x0000000000005bdc                _i2s_driver_api_list_start = .
 *(SORT_BY_NAME(SORT_BY_ALIGNMENT(._i2s_driver_api.static.*)))
                0x0000000000005bdc                _i2s_driver_api_list_end = .

i3c_driver_api_area
                0x0000000000005bdc        0x0
                0x0000000000005bdc                _i3c_driver_api_list_start = .
 *(SORT_BY_NAME(SORT_BY_ALIGNMENT(._i3c_driver_api.static.*)))
                0x0000000000005bdc                _i3c_driver_api_list_end = .

ipm_driver_api_area
                0x0000000000005bdc        0x0
                0x0000000000005bdc                _ipm_driver_api_list_start = .
 *(SORT_BY_NAME(SORT_BY_ALIGNMENT(._ipm_driver_api.static.*)))
                0x0000000000005bdc                _ipm_driver_api_list_end = .

led_driver_api_area
                0x0000000000005bdc        0x0
                0x0000000000005bdc                _led_driver_api_list_start = .
 *(SORT_BY_NAME(SORT_BY_ALIGNMENT(._led_driver_api.static.*)))
                0x0000000000005bdc                _led_driver_api_list_end = .

led_strip_driver_api_area
                0x0000000000005bdc        0x0
                0x0000000000005bdc                _led_strip_driver_api_list_start = .
 *(SORT_BY_NAME(SORT_BY_ALIGNMENT(._led_strip_driver_api.static.*)))
                0x0000000000005bdc                _led_strip_driver_api_list_end = .

lora_driver_api_area
                0x0000000000005bdc        0x0
                0x0000000000005bdc                _lora_driver_api_list_start = .
 *(SORT_BY_NAME(SORT_BY_ALIGNMENT(._lora_driver_api.static.*)))
                0x0000000000005bdc                _lora_driver_api_list_end = .

mbox_driver_api_area
                0x0000000000005bdc        0x0
                0x0000000000005bdc                _mbox_driver_api_list_start = .
 *(SORT_BY_NAME(SORT_BY_ALIGNMENT(._mbox_driver_api.static.*)))
                0x0000000000005bdc                _mbox_driver_api_list_end = .

mdio_driver_api_area
                0x0000000000005bdc        0x0
                0x0000000000005bdc                _mdio_driver_api_list_start = .
 *(SORT_BY_NAME(SORT_BY_ALIGNMENT(._mdio_driver_api.static.*)))
                0x0000000000005bdc                _mdio_driver_api_list_end = .

mipi_dbi_driver_api_area
                0x0000000000005bdc        0x0
                0x0000000000005bdc                _mipi_dbi_driver_api_list_start = .
 *(SORT_BY_NAME(SORT_BY_ALIGNMENT(._mipi_dbi_driver_api.static.*)))
                0x0000000000005bdc                _mipi_dbi_driver_api_list_end = .

mipi_dsi_driver_api_area
                0x0000000000005bdc        0x0
                0x0000000000005bdc                _mipi_dsi_driver_api_list_start = .
 *(SORT_BY_NAME(SORT_BY_ALIGNMENT(._mipi_dsi_driver_api.static.*)))
                0x0000000000005bdc                _mipi_dsi_driver_api_list_end = .

mspi_driver_api_area
                0x0000000000005bdc        0x0
                0x0000000000005bdc                _mspi_driver_api_list_start = .
 *(SORT_BY_NAME(SORT_BY_ALIGNMENT(._mspi_driver_api.static.*)))
                0x0000000000005bdc                _mspi_driver_api_list_end = .

peci_driver_api_area
                0x0000000000005bdc        0x0
                0x0000000000005bdc                _peci_driver_api_list_start = .
 *(SORT_BY_NAME(SORT_BY_ALIGNMENT(._peci_driver_api.static.*)))
                0x0000000000005bdc                _peci_driver_api_list_end = .

ps2_driver_api_area
                0x0000000000005bdc        0x0
                0x0000000000005bdc                _ps2_driver_api_list_start = .
 *(SORT_BY_NAME(SORT_BY_ALIGNMENT(._ps2_driver_api.static.*)))
                0x0000000000005bdc                _ps2_driver_api_list_end = .

ptp_clock_driver_api_area
                0x0000000000005bdc        0x0
                0x0000000000005bdc                _ptp_clock_driver_api_list_start = .
 *(SORT_BY_NAME(SORT_BY_ALIGNMENT(._ptp_clock_driver_api.static.*)))
                0x0000000000005bdc                _ptp_clock_driver_api_list_end = .

pwm_driver_api_area
                0x0000000000005bdc        0x0
                0x0000000000005bdc                _pwm_driver_api_list_start = .
 *(SORT_BY_NAME(SORT_BY_ALIGNMENT(._pwm_driver_api.static.*)))
                0x0000000000005bdc                _pwm_driver_api_list_end = .

regulator_parent_driver_api_area
                0x0000000000005bdc        0x0
                0x0000000000005bdc                _regulator_parent_driver_api_list_start = .
 *(SORT_BY_NAME(SORT_BY_ALIGNMENT(._regulator_parent_driver_api.static.*)))
                0x0000000000005bdc                _regulator_parent_driver_api_list_end = .

regulator_driver_api_area
                0x0000000000005bdc        0x0
                0x0000000000005bdc                _regulator_driver_api_list_start = .
 *(SORT_BY_NAME(SORT_BY_ALIGNMENT(._regulator_driver_api.static.*)))
                0x0000000000005bdc                _regulator_driver_api_list_end = .

retained_mem_driver_api_area
                0x0000000000005bdc        0x0
                0x0000000000005bdc                _retained_mem_driver_api_list_start = .
 *(SORT_BY_NAME(SORT_BY_ALIGNMENT(._retained_mem_driver_api.static.*)))
                0x0000000000005bdc                _retained_mem_driver_api_list_end = .

rtc_driver_api_area
                0x0000000000005bdc        0x0
                0x0000000000005bdc                _rtc_driver_api_list_start = .
 *(SORT_BY_NAME(SORT_BY_ALIGNMENT(._rtc_driver_api.static.*)))
                0x0000000000005bdc                _rtc_driver_api_list_end = .

sdhc_driver_api_area
                0x0000000000005bdc        0x0
                0x0000000000005bdc                _sdhc_driver_api_list_start = .
 *(SORT_BY_NAME(SORT_BY_ALIGNMENT(._sdhc_driver_api.static.*)))
                0x0000000000005bdc                _sdhc_driver_api_list_end = .

sensor_driver_api_area
                0x0000000000005bdc        0x0
                0x0000000000005bdc                _sensor_driver_api_list_start = .
 *(SORT_BY_NAME(SORT_BY_ALIGNMENT(._sensor_driver_api.static.*)))
                0x0000000000005bdc                _sensor_driver_api_list_end = .

smbus_driver_api_area
                0x0000000000005bdc        0x0
                0x0000000000005bdc                _smbus_driver_api_list_start = .
 *(SORT_BY_NAME(SORT_BY_ALIGNMENT(._smbus_driver_api.static.*)))
                0x0000000000005bdc                _smbus_driver_api_list_end = .

spi_driver_api_area
                0x0000000000005bdc        0x0
                0x0000000000005bdc                _spi_driver_api_list_start = .
 *(SORT_BY_NAME(SORT_BY_ALIGNMENT(._spi_driver_api.static.*)))
                0x0000000000005bdc                _spi_driver_api_list_end = .

stepper_driver_api_area
                0x0000000000005bdc        0x0
                0x0000000000005bdc                _stepper_driver_api_list_start = .
 *(SORT_BY_NAME(SORT_BY_ALIGNMENT(._stepper_driver_api.static.*)))
                0x0000000000005bdc                _stepper_driver_api_list_end = .

syscon_driver_api_area
                0x0000000000005bdc        0x0
                0x0000000000005bdc                _syscon_driver_api_list_start = .
 *(SORT_BY_NAME(SORT_BY_ALIGNMENT(._syscon_driver_api.static.*)))
                0x0000000000005bdc                _syscon_driver_api_list_end = .

tee_driver_api_area
                0x0000000000005bdc        0x0
                0x0000000000005bdc                _tee_driver_api_list_start = .
 *(SORT_BY_NAME(SORT_BY_ALIGNMENT(._tee_driver_api.static.*)))
                0x0000000000005bdc                _tee_driver_api_list_end = .

video_driver_api_area
                0x0000000000005bdc        0x0
                0x0000000000005bdc                _video_driver_api_list_start = .
 *(SORT_BY_NAME(SORT_BY_ALIGNMENT(._video_driver_api.static.*)))
                0x0000000000005bdc                _video_driver_api_list_end = .

virtio_driver_api_area
                0x0000000000005bdc        0x0
                0x0000000000005bdc                _virtio_driver_api_list_start = .
 *(SORT_BY_NAME(SORT_BY_ALIGNMENT(._virtio_driver_api.static.*)))
                0x0000000000005bdc                _virtio_driver_api_list_end = .

w1_driver_api_area
                0x0000000000005bdc        0x0
                0x0000000000005bdc                _w1_driver_api_list_start = .
 *(SORT_BY_NAME(SORT_BY_ALIGNMENT(._w1_driver_api.static.*)))
                0x0000000000005bdc                _w1_driver_api_list_end = .

wdt_driver_api_area
                0x0000000000005bdc        0x0
                0x0000000000005bdc                _wdt_driver_api_list_start = .
 *(SORT_BY_NAME(SORT_BY_ALIGNMENT(._wdt_driver_api.static.*)))
                0x0000000000005bdc                _wdt_driver_api_list_end = .

can_transceiver_driver_api_area
                0x0000000000005bdc        0x0
                0x0000000000005bdc                _can_transceiver_driver_api_list_start = .
 *(SORT_BY_NAME(SORT_BY_ALIGNMENT(._can_transceiver_driver_api.static.*)))
                0x0000000000005bdc                _can_transceiver_driver_api_list_end = .

nrf_clock_control_driver_api_area
                0x0000000000005bdc        0x0
                0x0000000000005bdc                _nrf_clock_control_driver_api_list_start = .
 *(SORT_BY_NAME(SORT_BY_ALIGNMENT(._nrf_clock_control_driver_api.static.*)))
                0x0000000000005bdc                _nrf_clock_control_driver_api_list_end = .

i3c_target_driver_api_area
                0x0000000000005bdc        0x0
                0x0000000000005bdc                _i3c_target_driver_api_list_start = .
 *(SORT_BY_NAME(SORT_BY_ALIGNMENT(._i3c_target_driver_api.static.*)))
                0x0000000000005bdc                _i3c_target_driver_api_list_end = .

its_driver_api_area
                0x0000000000005bdc        0x0
                0x0000000000005bdc                _its_driver_api_list_start = .
 *(SORT_BY_NAME(SORT_BY_ALIGNMENT(._its_driver_api.static.*)))
                0x0000000000005bdc                _its_driver_api_list_end = .

vtd_driver_api_area
                0x0000000000005bdc        0x0
                0x0000000000005bdc                _vtd_driver_api_list_start = .
 *(SORT_BY_NAME(SORT_BY_ALIGNMENT(._vtd_driver_api.static.*)))
                0x0000000000005bdc                _vtd_driver_api_list_end = .

renesas_elc_driver_api_area
                0x0000000000005bdc        0x0
                0x0000000000005bdc                _renesas_elc_driver_api_list_start = .
 *(SORT_BY_NAME(SORT_BY_ALIGNMENT(._renesas_elc_driver_api.static.*)))
                0x0000000000005bdc                _renesas_elc_driver_api_list_end = .

tgpio_driver_api_area
                0x0000000000005bdc        0x0
                0x0000000000005bdc                _tgpio_driver_api_list_start = .
 *(SORT_BY_NAME(SORT_BY_ALIGNMENT(._tgpio_driver_api.static.*)))
                0x0000000000005bdc                _tgpio_driver_api_list_end = .

pcie_ctrl_driver_api_area
                0x0000000000005bdc        0x0
                0x0000000000005bdc                _pcie_ctrl_driver_api_list_start = .
 *(SORT_BY_NAME(SORT_BY_ALIGNMENT(._pcie_ctrl_driver_api.static.*)))
                0x0000000000005bdc                _pcie_ctrl_driver_api_list_end = .

pcie_ep_driver_api_area
                0x0000000000005bdc        0x0
                0x0000000000005bdc                _pcie_ep_driver_api_list_start = .
 *(SORT_BY_NAME(SORT_BY_ALIGNMENT(._pcie_ep_driver_api.static.*)))
                0x0000000000005bdc                _pcie_ep_driver_api_list_end = .

psi5_driver_api_area
                0x0000000000005bdc        0x0
                0x0000000000005bdc                _psi5_driver_api_list_start = .
 *(SORT_BY_NAME(SORT_BY_ALIGNMENT(._psi5_driver_api.static.*)))
                0x0000000000005bdc                _psi5_driver_api_list_end = .

sent_driver_api_area
                0x0000000000005bdc        0x0
                0x0000000000005bdc                _sent_driver_api_list_start = .
 *(SORT_BY_NAME(SORT_BY_ALIGNMENT(._sent_driver_api.static.*)))
                0x0000000000005bdc                _sent_driver_api_list_end = .

svc_driver_api_area
                0x0000000000005bdc        0x0
                0x0000000000005bdc                _svc_driver_api_list_start = .
 *(SORT_BY_NAME(SORT_BY_ALIGNMENT(._svc_driver_api.static.*)))
                0x0000000000005bdc                _svc_driver_api_list_end = .

uart_driver_api_area
                0x0000000000005bdc       0x4c
                0x0000000000005bdc                _uart_driver_api_list_start = .
 *(SORT_BY_NAME(SORT_BY_ALIGNMENT(._uart_driver_api.static.*)))
 ._uart_driver_api.static.uart_stm32_driver_api_
                0x0000000000005bdc       0x4c zephyr/drivers/serial/libdrivers__serial.a(uart_stm32.c.obj)
                0x0000000000005c28                _uart_driver_api_list_end = .

bc12_emul_driver_api_area
                0x0000000000005c28        0x0
                0x0000000000005c28                _bc12_emul_driver_api_list_start = .
 *(SORT_BY_NAME(SORT_BY_ALIGNMENT(._bc12_emul_driver_api.static.*)))
                0x0000000000005c28                _bc12_emul_driver_api_list_end = .

bc12_driver_api_area
                0x0000000000005c28        0x0
                0x0000000000005c28                _bc12_driver_api_list_start = .
 *(SORT_BY_NAME(SORT_BY_ALIGNMENT(._bc12_driver_api.static.*)))
                0x0000000000005c28                _bc12_driver_api_list_end = .

usbc_ppc_driver_api_area
                0x0000000000005c28        0x0
                0x0000000000005c28                _usbc_ppc_driver_api_list_start = .
 *(SORT_BY_NAME(SORT_BY_ALIGNMENT(._usbc_ppc_driver_api.static.*)))
                0x0000000000005c28                _usbc_ppc_driver_api_list_end = .

tcpc_driver_api_area
                0x0000000000005c28        0x0
                0x0000000000005c28                _tcpc_driver_api_list_start = .
 *(SORT_BY_NAME(SORT_BY_ALIGNMENT(._tcpc_driver_api.static.*)))
                0x0000000000005c28                _tcpc_driver_api_list_end = .

usbc_vbus_driver_api_area
                0x0000000000005c28        0x0
                0x0000000000005c28                _usbc_vbus_driver_api_list_start = .
 *(SORT_BY_NAME(SORT_BY_ALIGNMENT(._usbc_vbus_driver_api.static.*)))
                0x0000000000005c28                _usbc_vbus_driver_api_list_end = .

ivshmem_driver_api_area
                0x0000000000005c28        0x0
                0x0000000000005c28                _ivshmem_driver_api_list_start = .
 *(SORT_BY_NAME(SORT_BY_ALIGNMENT(._ivshmem_driver_api.static.*)))
                0x0000000000005c28                _ivshmem_driver_api_list_end = .

ethphy_driver_api_area
                0x0000000000005c28        0x0
                0x0000000000005c28                _ethphy_driver_api_list_start = .
 *(SORT_BY_NAME(SORT_BY_ALIGNMENT(._ethphy_driver_api.static.*)))
                0x0000000000005c28                _ethphy_driver_api_list_end = .

ztest           0x0000000000005c28        0x0
                0x0000000000005c28                _ztest_expected_result_entry_list_start = .
 *(SORT_BY_NAME(SORT_BY_ALIGNMENT(._ztest_expected_result_entry.static.*)))
                0x0000000000005c28                _ztest_expected_result_entry_list_end = .
                0x0000000000005c28                _ztest_suite_node_list_start = .
 *(SORT_BY_NAME(SORT_BY_ALIGNMENT(._ztest_suite_node.static.*)))
                0x0000000000005c28                _ztest_suite_node_list_end = .
                0x0000000000005c28                _ztest_unit_test_list_start = .
 *(SORT_BY_NAME(SORT_BY_ALIGNMENT(._ztest_unit_test.static.*)))
                0x0000000000005c28                _ztest_unit_test_list_end = .
                0x0000000000005c28                _ztest_test_rule_list_start = .
 *(SORT_BY_NAME(SORT_BY_ALIGNMENT(._ztest_test_rule.static.*)))
                0x0000000000005c28                _ztest_test_rule_list_end = .

init_array      0x0000000000005c28        0x0
                0x0000000000005c28                __zephyr_init_array_start = .
 *(SORT_BY_INIT_PRIORITY(.init_array.*) SORT_BY_INIT_PRIORITY(.ctors.*))
 *(SORT_BY_ALIGNMENT(.init_array) SORT_BY_ALIGNMENT(.ctors))
                0x0000000000005c28                __zephyr_init_array_end = .
                0x0000000000000001                ASSERT ((__zephyr_init_array_start == __zephyr_init_array_end), GNU-style constructors required but STATIC_INIT_GNU not enabled)

bt_l2cap_fixed_chan_area
                0x0000000000005c28        0x0
                0x0000000000005c28                _bt_l2cap_fixed_chan_list_start = .
 *(SORT_BY_NAME(SORT_BY_ALIGNMENT(._bt_l2cap_fixed_chan.static.*)))
                0x0000000000005c28                _bt_l2cap_fixed_chan_list_end = .

bt_gatt_service_static_area
                0x0000000000005c28        0x0
                0x0000000000005c28                _bt_gatt_service_static_list_start = .
 *(SORT_BY_NAME(SORT_BY_ALIGNMENT(._bt_gatt_service_static.static.*)))
                0x0000000000005c28                _bt_gatt_service_static_list_end = .

log_strings_area
                0x0000000000005c28        0x0
                0x0000000000005c28                _log_strings_list_start = .
 *(SORT_BY_NAME(SORT_BY_ALIGNMENT(._log_strings.static.*)))
                0x0000000000005c28                _log_strings_list_end = .

log_stmesp_ptr_area
                0x0000000000005c28        0x0
                0x0000000000005c28                _log_stmesp_ptr_list_start = .
 *(SORT_BY_NAME(SORT_BY_ALIGNMENT(._log_stmesp_ptr.static.*)))
                0x0000000000005c28                _log_stmesp_ptr_list_end = .

log_stmesp_str_area
                0x0000000000005c28        0x0
                0x0000000000005c28                _log_stmesp_str_list_start = .
 *(SORT_BY_NAME(SORT_BY_ALIGNMENT(._log_stmesp_str.static.*)))
                0x0000000000005c28                _log_stmesp_str_list_end = .

log_const_area  0x0000000000005c28        0x0
                0x0000000000005c28                _log_const_list_start = .
 *(SORT_BY_NAME(SORT_BY_ALIGNMENT(._log_const.static.*)))
                0x0000000000005c28                _log_const_list_end = .

log_backend_area
                0x0000000000005c28        0x0
                0x0000000000005c28                _log_backend_list_start = .
 *(SORT_BY_NAME(SORT_BY_ALIGNMENT(._log_backend.static.*)))
                0x0000000000005c28                _log_backend_list_end = .

log_link_area   0x0000000000005c28        0x0
                0x0000000000005c28                _log_link_list_start = .
 *(SORT_BY_NAME(SORT_BY_ALIGNMENT(._log_link.static.*)))
                0x0000000000005c28                _log_link_list_end = .

tracing_backend_area
                0x0000000000005c28        0x0
                0x0000000000005c28                _tracing_backend_list_start = .
 *(SORT_BY_NAME(SORT_BY_ALIGNMENT(._tracing_backend.static.*)))
                0x0000000000005c28                _tracing_backend_list_end = .

zephyr_dbg_info
 *(SORT_BY_ALIGNMENT(.dbg_thread_info))

intc_table_area
                0x0000000000005c28        0x0
                0x0000000000005c28                _intc_table_list_start = .
 *(SORT_BY_NAME(SORT_BY_ALIGNMENT(._intc_table.static.*)))
                0x0000000000005c28                _intc_table_list_end = .

symbol_to_keep  0x0000000000005c28        0x0
                0x0000000000005c28                __symbol_to_keep_start = .
 *(SORT_BY_NAME(SORT_BY_ALIGNMENT(.symbol_to_keep*)))
                0x0000000000005c28                __symbol_to_keep_end = .

shell_area      0x0000000000005c28        0x0
                0x0000000000005c28                _shell_list_start = .
 *(SORT_BY_NAME(SORT_BY_ALIGNMENT(._shell.static.*)))
                0x0000000000005c28                _shell_list_end = .

shell_root_cmds_area
                0x0000000000005c28        0x0
                0x0000000000005c28                _shell_root_cmds_list_start = .
 *(SORT_BY_NAME(SORT_BY_ALIGNMENT(._shell_root_cmds.static.*)))
                0x0000000000005c28                _shell_root_cmds_list_end = .

shell_subcmds_area
                0x0000000000005c28        0x0
                0x0000000000005c28                _shell_subcmds_list_start = .
 *(SORT_BY_NAME(SORT_BY_ALIGNMENT(._shell_subcmds.static.*)))
                0x0000000000005c28                _shell_subcmds_list_end = .

shell_dynamic_subcmds_area
                0x0000000000005c28        0x0
                0x0000000000005c28                _shell_dynamic_subcmds_list_start = .
 *(SORT_BY_NAME(SORT_BY_ALIGNMENT(._shell_dynamic_subcmds.static.*)))
                0x0000000000005c28                _shell_dynamic_subcmds_list_end = .

cfb_font_area   0x0000000000005c28        0x0
                0x0000000000005c28                _cfb_font_list_start = .
 *(SORT_BY_NAME(SORT_BY_ALIGNMENT(._cfb_font.static.*)))
                0x0000000000005c28                _cfb_font_list_end = .

tdata           0x0000000000005c28        0x0
 *(SORT_BY_ALIGNMENT(.tdata) SORT_BY_ALIGNMENT(.tdata.*) SORT_BY_ALIGNMENT(.gnu.linkonce.td.*))

tbss            0x0000000000005c28        0x4
 *(SORT_BY_ALIGNMENT(.tbss) SORT_BY_ALIGNMENT(.tbss.*) SORT_BY_ALIGNMENT(.gnu.linkonce.tb.*) SORT_BY_ALIGNMENT(.tcommon))
 .tbss.z_tls_current
                0x0000000000005c28        0x4 zephyr/libzephyr.a(thread_entry.c.obj)
                0x0000000000005c28                z_tls_current
                0x0000000000005c28                PROVIDE (__tdata_start = LOADADDR (tdata))
                0x0000000000000001                PROVIDE (__tdata_align = ALIGNOF (tdata))
                0x0000000000000000                PROVIDE (__tdata_size = (((SIZEOF (tdata) + __tdata_align) - 0x1) & ~ ((__tdata_align - 0x1))))
                [!provide]                        PROVIDE (__tdata_end = (__tdata_start + __tdata_size))
                0x0000000000000004                PROVIDE (__tbss_align = ALIGNOF (tbss))
                [!provide]                        PROVIDE (__tbss_start = ADDR (tbss))
                0x0000000000000004                PROVIDE (__tbss_size = (((SIZEOF (tbss) + __tbss_align) - 0x1) & ~ ((__tbss_align - 0x1))))
                [!provide]                        PROVIDE (__tbss_end = (__tbss_start + __tbss_size))
                [!provide]                        PROVIDE (__tls_start = __tdata_start)
                [!provide]                        PROVIDE (__tls_end = __tbss_end)
                [!provide]                        PROVIDE (__tls_size = (__tbss_end - __tdata_start))

rodata          0x0000000000005c28      0x798
 *(SORT_BY_ALIGNMENT(.rodata))
 *(SORT_BY_ALIGNMENT(.rodata.*))
 .rodata.mem_attr_region
                0x0000000000005c28        0x0 zephyr/libzephyr.a(mem_attr.c.obj)
 .rodata.static_regions
                0x0000000000005c28        0xc zephyr/arch/arch/arm/core/mpu/libarch__arm__core__mpu.a(arm_core_mpu.c.obj)
 .rodata.mpu_config
                0x0000000000005c34        0x8 zephyr/arch/arch/arm/core/mpu/libarch__arm__core__mpu.a(arm_mpu_regions.c.obj)
                0x0000000000005c34                mpu_config
 .rodata.mpu_regions
                0x0000000000005c3c       0x18 zephyr/arch/arch/arm/core/mpu/libarch__arm__core__mpu.a(arm_mpu_regions.c.obj)
 .rodata.stdout
                0x0000000000005c54        0x4 zephyr/lib/libc/picolibc/liblib__libc__picolibc.a(stdio.c.obj)
                0x0000000000005c54                stdout
                0x0000000000005c54                stderr
 .rodata.gpio_stm32_cfg_k
                0x0000000000005c58       0x14 zephyr/drivers/gpio/libdrivers__gpio.a(gpio_stm32.c.obj)
 .rodata.gpio_stm32_cfg_j
                0x0000000000005c6c       0x14 zephyr/drivers/gpio/libdrivers__gpio.a(gpio_stm32.c.obj)
 .rodata.gpio_stm32_cfg_i
                0x0000000000005c80       0x14 zephyr/drivers/gpio/libdrivers__gpio.a(gpio_stm32.c.obj)
 .rodata.gpio_stm32_cfg_h
                0x0000000000005c94       0x14 zephyr/drivers/gpio/libdrivers__gpio.a(gpio_stm32.c.obj)
 .rodata.gpio_stm32_cfg_g
                0x0000000000005ca8       0x14 zephyr/drivers/gpio/libdrivers__gpio.a(gpio_stm32.c.obj)
 .rodata.gpio_stm32_cfg_f
                0x0000000000005cbc       0x14 zephyr/drivers/gpio/libdrivers__gpio.a(gpio_stm32.c.obj)
 .rodata.gpio_stm32_cfg_e