/home/dangcaominh/STM32MP1/u-boot/stm32mp1-u-boot/drivers/clk/clk-uclass.c:568:13:clk_clean_rate_cache	16	static
/home/dangcaominh/STM32MP1/u-boot/stm32mp1-u-boot/drivers/clk/clk-uclass.c:33:13:dev_get_clk_ptr	0	static
/home/dangcaominh/STM32MP1/u-boot/stm32mp1-u-boot/drivers/clk/clk-uclass.c:38:7:clk_get_id	0	static
/home/dangcaominh/STM32MP1/u-boot/stm32mp1-u-boot/drivers/clk/clk-uclass.c:446:5:clk_request	0	static
/home/dangcaominh/STM32MP1/u-boot/stm32mp1-u-boot/drivers/clk/clk-uclass.c:80:12:clk_get_by_index_tail.part.0.constprop	24	static
/home/dangcaominh/STM32MP1/u-boot/stm32mp1-u-boot/drivers/clk/clk-uclass.c:121:12:clk_get_by_indexed_prop	96	static
/home/dangcaominh/STM32MP1/u-boot/stm32mp1-u-boot/drivers/clk/clk-uclass.c:150:5:clk_get_by_index_nodev	96	static
/home/dangcaominh/STM32MP1/u-boot/stm32mp1-u-boot/drivers/clk/clk-uclass.c:145:5:clk_get_by_index	0	static
/home/dangcaominh/STM32MP1/u-boot/stm32mp1-u-boot/drivers/clk/clk-uclass.c:406:5:clk_get_by_name_nodev	16	static
/home/dangcaominh/STM32MP1/u-boot/stm32mp1-u-boot/drivers/clk/clk-uclass.c:400:5:clk_get_by_name	0	static
/home/dangcaominh/STM32MP1/u-boot/stm32mp1-u-boot/drivers/clk/clk-uclass.c:463:6:clk_free	0	static
/home/dangcaominh/STM32MP1/u-boot/stm32mp1-u-boot/drivers/clk/clk-uclass.c:477:7:clk_get_rate	0	static
/home/dangcaominh/STM32MP1/u-boot/stm32mp1-u-boot/drivers/clk/clk-uclass.c:497:13:clk_get_parent	8	static
/home/dangcaominh/STM32MP1/u-boot/stm32mp1-u-boot/drivers/clk/clk-uclass.c:516:7:clk_get_parent_rate	8	static
/home/dangcaominh/STM32MP1/u-boot/stm32mp1-u-boot/drivers/clk/clk-uclass.c:540:7:clk_round_rate	0	static
/home/dangcaominh/STM32MP1/u-boot/stm32mp1-u-boot/drivers/clk/clk-uclass.c:584:7:clk_set_rate	16	static
/home/dangcaominh/STM32MP1/u-boot/stm32mp1-u-boot/drivers/clk/clk-uclass.c:622:5:clk_set_parent	0	static
/home/dangcaominh/STM32MP1/u-boot/stm32mp1-u-boot/drivers/clk/clk-uclass.c:371:5:clk_set_defaults	136	static
/home/dangcaominh/STM32MP1/u-boot/stm32mp1-u-boot/drivers/clk/clk-uclass.c:846:5:clk_uclass_post_probe	8	static
/home/dangcaominh/STM32MP1/u-boot/stm32mp1-u-boot/drivers/clk/clk-uclass.c:645:5:clk_enable	0	static
/home/dangcaominh/STM32MP1/u-boot/stm32mp1-u-boot/drivers/clk/clk-uclass.c:692:5:clk_enable_bulk	16	static
/home/dangcaominh/STM32MP1/u-boot/stm32mp1-u-boot/drivers/clk/clk-uclass.c:705:5:clk_disable	0	static
/home/dangcaominh/STM32MP1/u-boot/stm32mp1-u-boot/drivers/clk/clk-uclass.c:425:5:clk_release_all	16	static
/home/dangcaominh/STM32MP1/u-boot/stm32mp1-u-boot/drivers/clk/clk-uclass.c:162:5:clk_get_bulk	24	static
/home/dangcaominh/STM32MP1/u-boot/stm32mp1-u-boot/drivers/clk/clk-uclass.c:756:5:clk_disable_bulk	16	static
/home/dangcaominh/STM32MP1/u-boot/stm32mp1-u-boot/drivers/clk/clk-uclass.c:769:5:clk_get_by_id	32	static
/home/dangcaominh/STM32MP1/u-boot/stm32mp1-u-boot/drivers/clk/clk-uclass.c:791:6:clk_is_match	0	static
/home/dangcaominh/STM32MP1/u-boot/stm32mp1-u-boot/drivers/clk/clk-uclass.c:818:13:devm_clk_get	16	static
/home/dangcaominh/STM32MP1/u-boot/stm32mp1-u-boot/drivers/clk/clk-uclass.c:835:6:devm_clk_put	0	static
