/home/dangcaominh/STM32MP1/u-boot/stm32mp1-u-boot/drivers/clk/clk_scmi.c:75:12:scmi_clk_gate	56	static
/home/dangcaominh/STM32MP1/u-boot/stm32mp1-u-boot/drivers/clk/clk_scmi.c:100:12:scmi_clk_disable	0	static
/home/dangcaominh/STM32MP1/u-boot/stm32mp1-u-boot/drivers/clk/clk_scmi.c:95:12:scmi_clk_enable	0	static
/home/dangcaominh/STM32MP1/u-boot/stm32mp1-u-boot/drivers/clk/clk_scmi.c:105:14:scmi_clk_get_rate	56	static
/home/dangcaominh/STM32MP1/u-boot/stm32mp1-u-boot/drivers/clk/clk_scmi.c:128:14:scmi_clk_set_rate	64	static
/home/dangcaominh/STM32MP1/u-boot/stm32mp1-u-boot/drivers/clk/clk_scmi.c:154:12:scmi_clk_probe	8	static
