/home/dangcaominh/STM32MP1/u-boot/stm32mp1-u-boot/drivers/power/pmic/pmic-uclass.c:193:12:pmic_pre_probe	8	static
/home/dangcaominh/STM32MP1/u-boot/stm32mp1-u-boot/drivers/power/pmic/pmic-uclass.c:22:5:pmic_bind_children	56	static
/home/dangcaominh/STM32MP1/u-boot/stm32mp1-u-boot/drivers/power/pmic/pmic-uclass.c:97:5:pmic_get	0	static
/home/dangcaominh/STM32MP1/u-boot/stm32mp1-u-boot/drivers/power/pmic/pmic-uclass.c:102:5:pmic_reg_count	8	static
/home/dangcaominh/STM32MP1/u-boot/stm32mp1-u-boot/drivers/power/pmic/pmic-uclass.c:112:5:pmic_read	24	static
/home/dangcaominh/STM32MP1/u-boot/stm32mp1-u-boot/drivers/power/pmic/pmic-uclass.c:125:5:pmic_write	24	static
/home/dangcaominh/STM32MP1/u-boot/stm32mp1-u-boot/drivers/power/pmic/pmic-uclass.c:138:5:pmic_reg_read	24	static
/home/dangcaominh/STM32MP1/u-boot/stm32mp1-u-boot/drivers/power/pmic/pmic-uclass.c:156:5:pmic_reg_write	24	static
/home/dangcaominh/STM32MP1/u-boot/stm32mp1-u-boot/drivers/power/pmic/pmic-uclass.c:174:5:pmic_clrsetbits	32	static
