/home/dangcaominh/STM32MP1/u-boot/u-boot/drivers/remoteproc/rproc-optee.c:67:13:prepare_args	24	static
/home/dangcaominh/STM32MP1/u-boot/u-boot/drivers/remoteproc/rproc-optee.c:83:5:rproc_optee_load	136	static
/home/dangcaominh/STM32MP1/u-boot/u-boot/drivers/remoteproc/rproc-optee.c:120:5:rproc_optee_get_rsc_table	160	static
/home/dangcaominh/STM32MP1/u-boot/u-boot/drivers/remoteproc/rproc-optee.c:151:5:rproc_optee_start	88	static
/home/dangcaominh/STM32MP1/u-boot/u-boot/drivers/remoteproc/rproc-optee.c:171:5:rproc_optee_stop	88	static
/home/dangcaominh/STM32MP1/u-boot/u-boot/drivers/remoteproc/rproc-optee.c:191:5:rproc_optee_open	112	static
/home/dangcaominh/STM32MP1/u-boot/u-boot/drivers/remoteproc/rproc-optee.c:224:5:rproc_optee_close	8	static
