/home/dangcaominh/STM32MP1/u-boot/stm32mp1-u-boot/arch/arm/mach-stm32mp/cmd_stm32prog/stm32prog.c:724:13:get_mtd_by_target	0	static
/home/dangcaominh/STM32MP1/u-boot/stm32mp1-u-boot/arch/arm/mach-stm32mp/cmd_stm32prog/stm32prog.c:457:12:parse_ip	40	static
/home/dangcaominh/STM32MP1/u-boot/stm32mp1-u-boot/arch/arm/mach-stm32mp/cmd_stm32prog/stm32prog.c:342:12:parse_option	40	static
/home/dangcaominh/STM32MP1/u-boot/stm32mp1-u-boot/arch/arm/mach-stm32mp/cmd_stm32prog/stm32prog.c:1818:12:part_delete	104	static
/home/dangcaominh/STM32MP1/u-boot/stm32mp1-u-boot/arch/arm/mach-stm32mp/cmd_stm32prog/stm32prog.c:1325:12:stm32prog_alt_add_virt	1064	static
/home/dangcaominh/STM32MP1/u-boot/stm32mp1-u-boot/arch/arm/mach-stm32mp/cmd_stm32prog/stm32prog.c:1340:12:dfu_init_entities	1120	static
/home/dangcaominh/STM32MP1/u-boot/stm32mp1-u-boot/arch/arm/mach-stm32mp/cmd_stm32prog/stm32prog.c:500:12:parse_offset	48	static
/home/dangcaominh/STM32MP1/u-boot/stm32mp1-u-boot/arch/arm/mach-stm32mp/cmd_stm32prog/stm32prog.c:411:12:parse_type	40	static
/home/dangcaominh/STM32MP1/u-boot/stm32mp1-u-boot/arch/arm/mach-stm32mp/cmd_stm32prog/stm32prog.c:711:19:part_cmp	8	static
/home/dangcaominh/STM32MP1/u-boot/stm32mp1-u-boot/arch/arm/mach-stm32mp/cmd_stm32prog/stm32prog.c:395:12:parse_name	40	static
/home/dangcaominh/STM32MP1/u-boot/stm32mp1-u-boot/arch/arm/mach-stm32mp/cmd_stm32prog/stm32prog.c:379:12:parse_id	48	static
/home/dangcaominh/STM32MP1/u-boot/stm32mp1-u-boot/arch/arm/mach-stm32mp/cmd_stm32prog/stm32prog.c:176:12:optee_ta_invoke.constprop	128	static
/home/dangcaominh/STM32MP1/u-boot/stm32mp1-u-boot/arch/arm/mach-stm32mp/cmd_stm32prog/stm32prog.c:218:7:stm32prog_get_error	8	static
/home/dangcaominh/STM32MP1/u-boot/stm32mp1-u-boot/arch/arm/mach-stm32mp/cmd_stm32prog/stm32prog.c:291:6:stm32prog_header_check	8	static
/home/dangcaominh/STM32MP1/u-boot/stm32mp1-u-boot/arch/arm/mach-stm32mp/cmd_stm32prog/stm32prog.c:547:12:parse_flash_layout	88	static
/home/dangcaominh/STM32MP1/u-boot/stm32mp1-u-boot/arch/arm/mach-stm32mp/cmd_stm32prog/stm32prog.c:1716:13:stm32prog_end_phase	584	static
/home/dangcaominh/STM32MP1/u-boot/stm32mp1-u-boot/arch/arm/mach-stm32mp/cmd_stm32prog/stm32prog.c:1430:5:stm32prog_otp_write	40	static
/home/dangcaominh/STM32MP1/u-boot/stm32mp1-u-boot/arch/arm/mach-stm32mp/cmd_stm32prog/stm32prog.c:1462:5:stm32prog_otp_read	72	static
/home/dangcaominh/STM32MP1/u-boot/stm32mp1-u-boot/arch/arm/mach-stm32mp/cmd_stm32prog/stm32prog.c:1518:5:stm32prog_otp_start	56	static
/home/dangcaominh/STM32MP1/u-boot/stm32mp1-u-boot/arch/arm/mach-stm32mp/cmd_stm32prog/stm32prog.c:1573:5:stm32prog_pmic_write	24	static
/home/dangcaominh/STM32MP1/u-boot/stm32mp1-u-boot/arch/arm/mach-stm32mp/cmd_stm32prog/stm32prog.c:1589:5:stm32prog_pmic_read	40	static
/home/dangcaominh/STM32MP1/u-boot/stm32mp1-u-boot/arch/arm/mach-stm32mp/cmd_stm32prog/stm32prog.c:1640:5:stm32prog_pmic_start	16	static
/home/dangcaominh/STM32MP1/u-boot/stm32mp1-u-boot/arch/arm/mach-stm32mp/cmd_stm32prog/stm32prog.c:1770:6:stm32prog_do_reset	0	static
/home/dangcaominh/STM32MP1/u-boot/stm32mp1-u-boot/arch/arm/mach-stm32mp/cmd_stm32prog/stm32prog.c:1778:6:stm32prog_next_phase	16	static
/home/dangcaominh/STM32MP1/u-boot/stm32mp1-u-boot/arch/arm/mach-stm32mp/cmd_stm32prog/stm32prog.c:1958:5:stm32prog_dfu_init	304	static
/home/dangcaominh/STM32MP1/u-boot/stm32mp1-u-boot/arch/arm/mach-stm32mp/cmd_stm32prog/stm32prog.c:1972:5:stm32prog_init	16	static
/home/dangcaominh/STM32MP1/u-boot/stm32mp1-u-boot/arch/arm/mach-stm32mp/cmd_stm32prog/stm32prog.c:1981:6:stm32prog_clean	8	static
/home/dangcaominh/STM32MP1/u-boot/stm32mp1-u-boot/arch/arm/mach-stm32mp/cmd_stm32prog/stm32prog.c:1997:6:dfu_flush_callback	16	static
/home/dangcaominh/STM32MP1/u-boot/stm32mp1-u-boot/arch/arm/mach-stm32mp/cmd_stm32prog/stm32prog.c:2027:6:dfu_initiated_callback	0	static
/home/dangcaominh/STM32MP1/u-boot/stm32mp1-u-boot/arch/arm/mach-stm32mp/cmd_stm32prog/stm32prog.c:2043:6:dfu_error_callback	32	static
