/home/dangcaominh/STM32MP1/u-boot/u-boot/arch/arm/lib/bootm.c:45:13:board_quiesce_devices	0	static
/home/dangcaominh/STM32MP1/u-boot/u-boot/arch/arm/lib/bootm.c:291:13:boot_jump_linux	24	static
/home/dangcaominh/STM32MP1/u-boot/u-boot/arch/arm/lib/bootm.c:185:13:setup_board_tags	0	static
/home/dangcaominh/STM32MP1/u-boot/u-boot/arch/arm/lib/bootm.c:195:13:board_prep_linux	0	static
/home/dangcaominh/STM32MP1/u-boot/u-boot/arch/arm/lib/bootm.c:198:13:boot_prep_linux	8	static
/home/dangcaominh/STM32MP1/u-boot/u-boot/arch/arm/lib/bootm.c:243:13:armv7_boot_nonsec_default	0	static
/home/dangcaominh/STM32MP1/u-boot/u-boot/arch/arm/lib/bootm.c:392:5:do_bootm_linux	16	static
/home/dangcaominh/STM32MP1/u-boot/u-boot/arch/arm/lib/bootm.c:415:6:boot_prep_vxworks	8	static
/home/dangcaominh/STM32MP1/u-boot/u-boot/arch/arm/lib/bootm.c:431:6:boot_jump_vxworks	0	static
