/home/dangcaominh/STM32MP1/u-boot/stm32mp1-u-boot/drivers/net/phy/realtek.c:99:12:rtl8211b_probe	0	static
/home/dangcaominh/STM32MP1/u-boot/stm32mp1-u-boot/drivers/net/phy/realtek.c:375:12:rtl8211x_startup	24	static
/home/dangcaominh/STM32MP1/u-boot/stm32mp1-u-boot/drivers/net/phy/realtek.c:86:12:rtl8211f_phy_extwrite	24	static
/home/dangcaominh/STM32MP1/u-boot/stm32mp1-u-boot/drivers/net/phy/realtek.c:72:12:rtl8211f_phy_extread	24	static
/home/dangcaominh/STM32MP1/u-boot/stm32mp1-u-boot/drivers/net/phy/realtek.c:387:12:rtl8211f_startup	24	static
/home/dangcaominh/STM32MP1/u-boot/stm32mp1-u-boot/drivers/net/phy/realtek.c:132:12:rtl8211x_config	8	static
/home/dangcaominh/STM32MP1/u-boot/stm32mp1-u-boot/drivers/net/phy/realtek.c:183:12:rtl8211e_config	16	static
/home/dangcaominh/STM32MP1/u-boot/stm32mp1-u-boot/drivers/net/phy/realtek.c:161:12:rtl8201f_config	8	static
/home/dangcaominh/STM32MP1/u-boot/stm32mp1-u-boot/drivers/net/phy/realtek.c:221:12:rtl8211f_config	8	static
/home/dangcaominh/STM32MP1/u-boot/stm32mp1-u-boot/drivers/net/phy/realtek.c:113:12:rtl8211f_probe	0	static
/home/dangcaominh/STM32MP1/u-boot/stm32mp1-u-boot/drivers/net/phy/realtek.c:122:12:rtl8210f_probe	0	static
/home/dangcaominh/STM32MP1/u-boot/stm32mp1-u-boot/drivers/net/phy/realtek.c:108:12:rtl8211e_probe	0	static
