/home/dangcaominh/STM32MP1/u-boot/stm32mp1-u-boot/drivers/serial/serial_stm32.c:76:12:stm32_serial_setconfig	16	static
/home/dangcaominh/STM32MP1/u-boot/stm32mp1-u-boot/drivers/serial/serial_stm32.c:168:12:stm32_serial_pending	8	static
/home/dangcaominh/STM32MP1/u-boot/stm32mp1-u-boot/drivers/serial/serial_stm32.c:124:12:stm32_serial_getc	8	static
/home/dangcaominh/STM32MP1/u-boot/stm32mp1-u-boot/drivers/serial/serial_stm32.c:253:12:stm32_serial_of_to_plat	16	static
/home/dangcaominh/STM32MP1/u-boot/stm32mp1-u-boot/drivers/serial/serial_stm32.c:197:12:stm32_serial_probe	88	static
/home/dangcaominh/STM32MP1/u-boot/stm32mp1-u-boot/drivers/serial/serial_stm32.c:161:12:stm32_serial_putc	8	static
/home/dangcaominh/STM32MP1/u-boot/stm32mp1-u-boot/drivers/serial/serial_stm32.c:66:12:stm32_serial_setbrg	32	static
