/home/dangcaominh/STM32MP1/u-boot/u-boot/drivers/core/of_addr.c:59:12:of_bus_default_map	20	static
/home/dangcaominh/STM32MP1/u-boot/u-boot/drivers/core/of_addr.c:89:21:of_bus_default_get_flags	0	static
/home/dangcaominh/STM32MP1/u-boot/u-boot/drivers/core/of_addr.c:77:12:of_bus_default_translate	32	static
/home/dangcaominh/STM32MP1/u-boot/u-boot/drivers/core/of_addr.c:110:23:of_match_bus	8	static
/home/dangcaominh/STM32MP1/u-boot/u-boot/drivers/core/of_addr.c:240:12:__of_translate_address	96	static
/home/dangcaominh/STM32MP1/u-boot/u-boot/drivers/core/of_addr.c:50:13:of_bus_default_count_cells	16	static
/home/dangcaominh/STM32MP1/u-boot/u-boot/drivers/core/of_addr.c:121:15:of_get_address	48	static
/home/dangcaominh/STM32MP1/u-boot/u-boot/drivers/core/of_addr.c:316:5:of_translate_address	0	static
/home/dangcaominh/STM32MP1/u-boot/u-boot/drivers/core/of_addr.c:321:5:of_translate_dma_address	0	static
/home/dangcaominh/STM32MP1/u-boot/u-boot/drivers/core/of_addr.c:326:5:of_get_dma_range	56	static
/home/dangcaominh/STM32MP1/u-boot/u-boot/drivers/core/of_addr.c:424:5:of_address_to_resource	56	static
