/home/dangcaominh/STM32MP1/u-boot/u-boot/drivers/core/ofnode.c:211:15:ofnode_from_tree_offset	12	static
/home/dangcaominh/STM32MP1/u-boot/u-boot/drivers/core/ofnode.c:30:6:oftree_reset	0	static
/home/dangcaominh/STM32MP1/u-boot/u-boot/drivers/core/ofnode.c:95:6:oftree_dispose	0	static
/home/dangcaominh/STM32MP1/u-boot/u-boot/drivers/core/ofnode.c:101:7:ofnode_lookup_fdt	0	static
/home/dangcaominh/STM32MP1/u-boot/u-boot/drivers/core/ofnode.c:117:7:ofnode_to_fdt	0	static
/home/dangcaominh/STM32MP1/u-boot/u-boot/drivers/core/ofnode.c:138:5:ofnode_to_offset	0	static
/home/dangcaominh/STM32MP1/u-boot/u-boot/drivers/core/ofnode.c:150:8:oftree_from_fdt	48	static
/home/dangcaominh/STM32MP1/u-boot/u-boot/drivers/core/ofnode.c:173:8:noffset_to_ofnode	0	static
/home/dangcaominh/STM32MP1/u-boot/u-boot/drivers/core/ofnode.c:241:5:ofnode_read_u8	24	static
/home/dangcaominh/STM32MP1/u-boot/u-boot/drivers/core/ofnode.c:264:4:ofnode_read_u8_default	16	static
/home/dangcaominh/STM32MP1/u-boot/u-boot/drivers/core/ofnode.c:272:5:ofnode_read_u16	24	static
/home/dangcaominh/STM32MP1/u-boot/u-boot/drivers/core/ofnode.c:295:5:ofnode_read_u16_default	16	static
/home/dangcaominh/STM32MP1/u-boot/u-boot/drivers/core/ofnode.c:316:5:ofnode_read_u32_index	32	static
/home/dangcaominh/STM32MP1/u-boot/u-boot/drivers/core/ofnode.c:303:5:ofnode_read_u32	0	static
/home/dangcaominh/STM32MP1/u-boot/u-boot/drivers/core/ofnode.c:308:5:ofnode_read_u32_default	16	static
/home/dangcaominh/STM32MP1/u-boot/u-boot/drivers/core/ofnode.c:347:5:ofnode_read_u32_index_default	16	static
/home/dangcaominh/STM32MP1/u-boot/u-boot/drivers/core/ofnode.c:356:5:ofnode_read_s32_default	16	static
/home/dangcaominh/STM32MP1/u-boot/u-boot/drivers/core/ofnode.c:364:5:ofnode_read_u64	24	static
/home/dangcaominh/STM32MP1/u-boot/u-boot/drivers/core/ofnode.c:388:5:ofnode_read_u64_default	16	static
/home/dangcaominh/STM32MP1/u-boot/u-boot/drivers/core/ofnode.c:410:13:ofnode_read_prop	24	static
/home/dangcaominh/STM32MP1/u-boot/u-boot/drivers/core/ofnode.c:442:13:ofnode_read_string	24	static
/home/dangcaominh/STM32MP1/u-boot/u-boot/drivers/core/ofnode.c:460:5:ofnode_read_size	16	static
/home/dangcaominh/STM32MP1/u-boot/u-boot/drivers/core/ofnode.c:470:8:ofnode_find_subnode	16	static
/home/dangcaominh/STM32MP1/u-boot/u-boot/drivers/core/ofnode.c:496:5:ofnode_read_u32_array	32	static
/home/dangcaominh/STM32MP1/u-boot/u-boot/drivers/core/ofnode.c:931:12:decode_timing_property	16	static
/home/dangcaominh/STM32MP1/u-boot/u-boot/drivers/core/ofnode.c:524:6:ofnode_is_enabled	8	static
/home/dangcaominh/STM32MP1/u-boot/u-boot/drivers/core/ofnode.c:534:8:ofnode_first_subnode	8	static
/home/dangcaominh/STM32MP1/u-boot/u-boot/drivers/core/ofnode.c:544:8:ofnode_next_subnode	8	static
/home/dangcaominh/STM32MP1/u-boot/u-boot/drivers/core/ofnode.c:555:8:ofnode_get_parent	8	static
/home/dangcaominh/STM32MP1/u-boot/u-boot/drivers/core/ofnode.c:569:13:ofnode_get_name	8	static
/home/dangcaominh/STM32MP1/u-boot/u-boot/drivers/core/ofnode.c:228:6:ofnode_name_eq	16	static
/home/dangcaominh/STM32MP1/u-boot/u-boot/drivers/core/ofnode.c:582:5:ofnode_get_path	16	static
/home/dangcaominh/STM32MP1/u-boot/u-boot/drivers/core/ofnode.c:607:8:ofnode_get_by_phandle	8	static
/home/dangcaominh/STM32MP1/u-boot/u-boot/drivers/core/ofnode.c:620:8:oftree_get_by_phandle	8	static
/home/dangcaominh/STM32MP1/u-boot/u-boot/drivers/core/ofnode.c:705:5:ofnode_stringlist_search	16	static
/home/dangcaominh/STM32MP1/u-boot/u-boot/drivers/core/ofnode.c:726:5:ofnode_read_string_index	40	static
/home/dangcaominh/STM32MP1/u-boot/u-boot/drivers/core/ofnode.c:744:5:ofnode_read_string_count	24	static
/home/dangcaominh/STM32MP1/u-boot/u-boot/drivers/core/ofnode.c:754:5:ofnode_read_string_list	32	static
/home/dangcaominh/STM32MP1/u-boot/u-boot/drivers/core/ofnode.c:798:5:ofnode_parse_phandle_with_args	120	static
/home/dangcaominh/STM32MP1/u-boot/u-boot/drivers/core/ofnode.c:830:5:ofnode_count_phandle_with_args	40	static
/home/dangcaominh/STM32MP1/u-boot/u-boot/drivers/core/ofnode.c:842:8:ofnode_path	8	static
/home/dangcaominh/STM32MP1/u-boot/u-boot/drivers/core/ofnode.c:850:8:oftree_root	0	static
/home/dangcaominh/STM32MP1/u-boot/u-boot/drivers/core/ofnode.c:859:8:oftree_path	16	static
/home/dangcaominh/STM32MP1/u-boot/u-boot/drivers/core/ofnode.c:873:13:ofnode_read_chosen_prop	16	static
/home/dangcaominh/STM32MP1/u-boot/u-boot/drivers/core/ofnode.c:882:13:ofnode_read_chosen_string	0	static
/home/dangcaominh/STM32MP1/u-boot/u-boot/drivers/core/ofnode.c:887:8:ofnode_get_chosen_node	8	static
/home/dangcaominh/STM32MP1/u-boot/u-boot/drivers/core/ofnode.c:898:13:ofnode_read_aliases_prop	16	static
/home/dangcaominh/STM32MP1/u-boot/u-boot/drivers/core/ofnode.c:907:8:ofnode_get_aliases_node	8	static
/home/dangcaominh/STM32MP1/u-boot/u-boot/drivers/core/ofnode.c:920:5:ofnode_get_child_count	8	static
/home/dangcaominh/STM32MP1/u-boot/u-boot/drivers/core/ofnode.c:1069:13:ofnode_get_property	16	static
/home/dangcaominh/STM32MP1/u-boot/u-boot/drivers/core/ofnode.c:396:6:ofnode_read_bool	8	static
/home/dangcaominh/STM32MP1/u-boot/u-boot/drivers/core/ofnode.c:954:5:ofnode_decode_display_timing	48	static
/home/dangcaominh/STM32MP1/u-boot/u-boot/drivers/core/ofnode.c:1022:5:ofnode_decode_panel_timing	24	static
/home/dangcaominh/STM32MP1/u-boot/u-boot/drivers/core/ofnode.c:1078:5:ofnode_first_property	16	static
/home/dangcaominh/STM32MP1/u-boot/u-boot/drivers/core/ofnode.c:1097:5:ofnode_next_property	8	static
/home/dangcaominh/STM32MP1/u-boot/u-boot/drivers/core/ofnode.c:1115:13:ofprop_get_property	16	static
/home/dangcaominh/STM32MP1/u-boot/u-boot/drivers/core/ofnode.c:1127:12:ofnode_get_addr_size	32	static
/home/dangcaominh/STM32MP1/u-boot/u-boot/drivers/core/ofnode.c:1153:16:ofnode_read_u8_array_ptr	24	static
/home/dangcaominh/STM32MP1/u-boot/u-boot/drivers/core/ofnode.c:1171:5:ofnode_read_pci_addr	32	static
/home/dangcaominh/STM32MP1/u-boot/u-boot/drivers/core/ofnode.c:1225:5:ofnode_read_pci_vendev	40	static
/home/dangcaominh/STM32MP1/u-boot/u-boot/drivers/core/ofnode.c:1261:5:ofnode_read_eth_phy_id	40	static
/home/dangcaominh/STM32MP1/u-boot/u-boot/drivers/core/ofnode.c:1297:5:ofnode_read_addr_cells	16	static
/home/dangcaominh/STM32MP1/u-boot/u-boot/drivers/core/ofnode.c:1309:5:ofnode_read_size_cells	16	static
/home/dangcaominh/STM32MP1/u-boot/u-boot/drivers/core/ofnode.c:1321:5:ofnode_read_simple_addr_cells	8	static
/home/dangcaominh/STM32MP1/u-boot/u-boot/drivers/core/ofnode.c:1330:5:ofnode_read_simple_size_cells	8	static
/home/dangcaominh/STM32MP1/u-boot/u-boot/drivers/core/ofnode.c:634:19:__ofnode_get_addr_size_index	64	static
/home/dangcaominh/STM32MP1/u-boot/u-boot/drivers/core/ofnode.c:673:12:ofnode_get_addr_size_index	0	static
/home/dangcaominh/STM32MP1/u-boot/u-boot/drivers/core/ofnode.c:684:12:ofnode_get_addr_index	16	static
/home/dangcaominh/STM32MP1/u-boot/u-boot/drivers/core/ofnode.c:691:12:ofnode_get_addr	0	static
/home/dangcaominh/STM32MP1/u-boot/u-boot/drivers/core/ofnode.c:696:12:ofnode_get_size	16	static
/home/dangcaominh/STM32MP1/u-boot/u-boot/drivers/core/ofnode.c:678:12:ofnode_get_addr_size_index_notrans	0	static
/home/dangcaominh/STM32MP1/u-boot/u-boot/drivers/core/ofnode.c:1339:6:ofnode_pre_reloc	8	static
/home/dangcaominh/STM32MP1/u-boot/u-boot/drivers/core/ofnode.c:1377:5:ofnode_read_resource	32	static
/home/dangcaominh/STM32MP1/u-boot/u-boot/drivers/core/ofnode.c:1398:5:ofnode_read_resource_byname	16	static
/home/dangcaominh/STM32MP1/u-boot/u-boot/drivers/core/ofnode.c:1410:5:ofnode_translate_address	16	static
/home/dangcaominh/STM32MP1/u-boot/u-boot/drivers/core/ofnode.c:1419:5:ofnode_translate_dma_address	16	static
/home/dangcaominh/STM32MP1/u-boot/u-boot/drivers/core/ofnode.c:1428:5:ofnode_get_dma_range	32	static
/home/dangcaominh/STM32MP1/u-boot/u-boot/drivers/core/ofnode.c:1438:5:ofnode_device_is_compatible	16	static
/home/dangcaominh/STM32MP1/u-boot/u-boot/drivers/core/ofnode.c:1449:8:ofnode_by_compatible	16	static
/home/dangcaominh/STM32MP1/u-boot/u-boot/drivers/core/ofnode.c:1462:8:ofnode_by_prop_value	32	static
/home/dangcaominh/STM32MP1/u-boot/u-boot/drivers/core/ofnode.c:1477:5:ofnode_write_prop	32	static
/home/dangcaominh/STM32MP1/u-boot/u-boot/drivers/core/ofnode.c:1501:5:ofnode_write_string	24	static
/home/dangcaominh/STM32MP1/u-boot/u-boot/drivers/core/ofnode.c:1511:5:ofnode_write_u32	24	static
/home/dangcaominh/STM32MP1/u-boot/u-boot/drivers/core/ofnode.c:1526:5:ofnode_set_enabled	0	static
/home/dangcaominh/STM32MP1/u-boot/u-boot/drivers/core/ofnode.c:1536:6:ofnode_conf_read_bool	8	static
/home/dangcaominh/STM32MP1/u-boot/u-boot/drivers/core/ofnode.c:1547:5:ofnode_conf_read_int	16	static
/home/dangcaominh/STM32MP1/u-boot/u-boot/drivers/core/ofnode.c:1558:13:ofnode_conf_read_str	8	static
/home/dangcaominh/STM32MP1/u-boot/u-boot/drivers/core/ofnode.c:1569:8:ofnode_get_phy_node	104	static
/home/dangcaominh/STM32MP1/u-boot/u-boot/drivers/core/ofnode.c:1590:17:ofnode_read_phy_mode	16	static
/home/dangcaominh/STM32MP1/u-boot/u-boot/drivers/core/ofnode.c:1613:5:ofnode_add_subnode	32	static
/home/dangcaominh/STM32MP1/u-boot/u-boot/drivers/core/ofnode.c:1648:5:ofnode_copy_props	32	static
