/home/dangcaominh/STM32MP1/u-boot/u-boot/drivers/core/read.c:16:5:dev_read_u8	0	static
/home/dangcaominh/STM32MP1/u-boot/u-boot/drivers/core/read.c:21:4:dev_read_u8_default	0	static
/home/dangcaominh/STM32MP1/u-boot/u-boot/drivers/core/read.c:26:5:dev_read_u16	0	static
/home/dangcaominh/STM32MP1/u-boot/u-boot/drivers/core/read.c:31:5:dev_read_u16_default	0	static
/home/dangcaominh/STM32MP1/u-boot/u-boot/drivers/core/read.c:37:5:dev_read_u32	0	static
/home/dangcaominh/STM32MP1/u-boot/u-boot/drivers/core/read.c:42:5:dev_read_u32_default	0	static
/home/dangcaominh/STM32MP1/u-boot/u-boot/drivers/core/read.c:48:5:dev_read_u32_index	0	static
/home/dangcaominh/STM32MP1/u-boot/u-boot/drivers/core/read.c:54:5:dev_read_u32_index_default	0	static
/home/dangcaominh/STM32MP1/u-boot/u-boot/drivers/core/read.c:61:5:dev_read_s32	0	static
/home/dangcaominh/STM32MP1/u-boot/u-boot/drivers/core/read.c:66:5:dev_read_s32_default	0	static
/home/dangcaominh/STM32MP1/u-boot/u-boot/drivers/core/read.c:72:5:dev_read_u32u	16	static
/home/dangcaominh/STM32MP1/u-boot/u-boot/drivers/core/read.c:85:5:dev_read_u64	0	static
/home/dangcaominh/STM32MP1/u-boot/u-boot/drivers/core/read.c:90:5:dev_read_u64_default	0	static
/home/dangcaominh/STM32MP1/u-boot/u-boot/drivers/core/read.c:96:13:dev_read_string	0	static
/home/dangcaominh/STM32MP1/u-boot/u-boot/drivers/core/read.c:101:6:dev_read_bool	0	static
/home/dangcaominh/STM32MP1/u-boot/u-boot/drivers/core/read.c:106:8:dev_read_subnode	0	static
/home/dangcaominh/STM32MP1/u-boot/u-boot/drivers/core/read.c:111:8:dev_read_first_subnode	0	static
/home/dangcaominh/STM32MP1/u-boot/u-boot/drivers/core/read.c:116:8:dev_read_next_subnode	0	static
/home/dangcaominh/STM32MP1/u-boot/u-boot/drivers/core/read.c:121:5:dev_read_size	0	static
/home/dangcaominh/STM32MP1/u-boot/u-boot/drivers/core/read.c:126:12:dev_read_addr_index	4	static
/home/dangcaominh/STM32MP1/u-boot/u-boot/drivers/core/read.c:134:7:dev_read_addr_index_ptr	8	static
/home/dangcaominh/STM32MP1/u-boot/u-boot/drivers/core/read.c:144:12:dev_read_addr_size_index	8	static
/home/dangcaominh/STM32MP1/u-boot/u-boot/drivers/core/read.c:153:7:dev_read_addr_size_index_ptr	8	static
/home/dangcaominh/STM32MP1/u-boot/u-boot/drivers/core/read.c:164:7:dev_remap_addr_index	0	static
/home/dangcaominh/STM32MP1/u-boot/u-boot/drivers/core/read.c:205:12:dev_read_addr	0	static
/home/dangcaominh/STM32MP1/u-boot/u-boot/drivers/core/read.c:210:7:dev_read_addr_ptr	8	static
/home/dangcaominh/STM32MP1/u-boot/u-boot/drivers/core/read.c:220:7:dev_remap_addr	0	static
/home/dangcaominh/STM32MP1/u-boot/u-boot/drivers/core/read.c:225:12:dev_read_addr_size	0	static
/home/dangcaominh/STM32MP1/u-boot/u-boot/drivers/core/read.c:230:13:dev_read_name	0	static
/home/dangcaominh/STM32MP1/u-boot/u-boot/drivers/core/read.c:235:5:dev_read_stringlist_search	0	static
/home/dangcaominh/STM32MP1/u-boot/u-boot/drivers/core/read.c:174:12:dev_read_addr_name	8	static
/home/dangcaominh/STM32MP1/u-boot/u-boot/drivers/core/read.c:195:7:dev_remap_addr_name	8	static
/home/dangcaominh/STM32MP1/u-boot/u-boot/drivers/core/read.c:184:12:dev_read_addr_size_name	16	static
/home/dangcaominh/STM32MP1/u-boot/u-boot/drivers/core/read.c:241:5:dev_read_string_index	0	static
/home/dangcaominh/STM32MP1/u-boot/u-boot/drivers/core/read.c:247:5:dev_read_string_count	0	static
/home/dangcaominh/STM32MP1/u-boot/u-boot/drivers/core/read.c:252:5:dev_read_string_list	0	static
/home/dangcaominh/STM32MP1/u-boot/u-boot/drivers/core/read.c:258:5:dev_read_phandle_with_args	0	static
/home/dangcaominh/STM32MP1/u-boot/u-boot/drivers/core/read.c:267:5:dev_count_phandle_with_args	0	static
/home/dangcaominh/STM32MP1/u-boot/u-boot/drivers/core/read.c:275:5:dev_read_addr_cells	0	static
/home/dangcaominh/STM32MP1/u-boot/u-boot/drivers/core/read.c:280:5:dev_read_size_cells	0	static
/home/dangcaominh/STM32MP1/u-boot/u-boot/drivers/core/read.c:285:5:dev_read_simple_addr_cells	0	static
/home/dangcaominh/STM32MP1/u-boot/u-boot/drivers/core/read.c:290:5:dev_read_simple_size_cells	0	static
/home/dangcaominh/STM32MP1/u-boot/u-boot/drivers/core/read.c:295:5:dev_read_phandle	8	static
/home/dangcaominh/STM32MP1/u-boot/u-boot/drivers/core/read.c:305:13:dev_read_prop	0	static
/home/dangcaominh/STM32MP1/u-boot/u-boot/drivers/core/read.c:311:5:dev_read_first_prop	0	static
/home/dangcaominh/STM32MP1/u-boot/u-boot/drivers/core/read.c:316:5:dev_read_next_prop	0	static
/home/dangcaominh/STM32MP1/u-boot/u-boot/drivers/core/read.c:321:13:dev_read_prop_by_prop	0	static
/home/dangcaominh/STM32MP1/u-boot/u-boot/drivers/core/read.c:327:5:dev_read_alias_seq	16	static
/home/dangcaominh/STM32MP1/u-boot/u-boot/drivers/core/read.c:349:5:dev_read_u32_array	0	static
/home/dangcaominh/STM32MP1/u-boot/u-boot/drivers/core/read.c:355:16:dev_read_u8_array_ptr	0	static
/home/dangcaominh/STM32MP1/u-boot/u-boot/drivers/core/read.c:361:5:dev_read_enabled	8	static
/home/dangcaominh/STM32MP1/u-boot/u-boot/drivers/core/read.c:372:5:dev_read_resource	0	static
/home/dangcaominh/STM32MP1/u-boot/u-boot/drivers/core/read.c:378:5:dev_read_resource_byname	0	static
/home/dangcaominh/STM32MP1/u-boot/u-boot/drivers/core/read.c:384:5:dev_translate_address	0	static
/home/dangcaominh/STM32MP1/u-boot/u-boot/drivers/core/read.c:389:5:dev_translate_dma_address	0	static
/home/dangcaominh/STM32MP1/u-boot/u-boot/drivers/core/read.c:394:5:dev_get_dma_range	0	static
/home/dangcaominh/STM32MP1/u-boot/u-boot/drivers/core/read.c:400:5:dev_read_alias_highest_id	0	static
/home/dangcaominh/STM32MP1/u-boot/u-boot/drivers/core/read.c:408:12:dev_read_addr_pci	8	static
/home/dangcaominh/STM32MP1/u-boot/u-boot/drivers/core/read.c:419:5:dev_get_child_count	0	static
/home/dangcaominh/STM32MP1/u-boot/u-boot/drivers/core/read.c:424:5:dev_read_pci_bus_range	16	static
/home/dangcaominh/STM32MP1/u-boot/u-boot/drivers/core/read.c:440:5:dev_decode_display_timing	0	static
/home/dangcaominh/STM32MP1/u-boot/u-boot/drivers/core/read.c:446:5:dev_decode_panel_timing	0	static
/home/dangcaominh/STM32MP1/u-boot/u-boot/drivers/core/read.c:452:8:dev_get_phy_node	0	static
/home/dangcaominh/STM32MP1/u-boot/u-boot/drivers/core/read.c:457:17:dev_read_phy_mode	0	static
