/home/dangcaominh/STM32MP1/u-boot/u-boot/drivers/usb/host/ehci-hcd.c:122:12:ehci_get_port_speed	0	static
/home/dangcaominh/STM32MP1/u-boot/u-boot/drivers/usb/host/ehci-hcd.c:127:13:ehci_set_usbmode	0	static
/home/dangcaominh/STM32MP1/u-boot/u-boot/drivers/usb/host/ehci-hcd.c:149:18:ehci_get_portsc_register	0	static
/home/dangcaominh/STM32MP1/u-boot/u-boot/drivers/usb/host/ehci-hcd.c:1695:12:ehci_get_max_xfer_size	0	static
/home/dangcaominh/STM32MP1/u-boot/u-boot/drivers/usb/host/ehci-hcd.c:143:13:ehci_powerup_fixup	0	static
/home/dangcaominh/STM32MP1/u-boot/u-boot/drivers/usb/host/ehci-hcd.c:163:12:handshake	24	static
/home/dangcaominh/STM32MP1/u-boot/u-boot/drivers/usb/host/ehci-hcd.c:339:12:ehci_disable_async	8	static
/home/dangcaominh/STM32MP1/u-boot/u-boot/drivers/usb/host/ehci-hcd.c:1706:12:ehci_lock_async	8	static
/home/dangcaominh/STM32MP1/u-boot/u-boot/drivers/usb/host/ehci-hcd.c:1463:14:_ehci_poll_int_queue	24	static
/home/dangcaominh/STM32MP1/u-boot/u-boot/drivers/usb/host/ehci-hcd.c:1681:14:ehci_poll_int_queue	0	static
/home/dangcaominh/STM32MP1/u-boot/u-boot/drivers/usb/host/ehci-hcd.c:303:13:ehci_update_endpt2_dev_n_port	16	static
/home/dangcaominh/STM32MP1/u-boot/u-boot/drivers/usb/host/ehci-hcd.c:259:12:ehci_td_buffer.constprop	16	static
/home/dangcaominh/STM32MP1/u-boot/u-boot/drivers/usb/host/ehci-hcd.c:1283:1:disable_periodic.isra	8	static
/home/dangcaominh/STM32MP1/u-boot/u-boot/drivers/usb/host/ehci-hcd.c:1262:1:enable_periodic.isra	8	static
/home/dangcaominh/STM32MP1/u-boot/u-boot/drivers/usb/host/ehci-hcd.c:225:12:ehci_shutdown.isra	16	static
/home/dangcaominh/STM32MP1/u-boot/u-boot/drivers/usb/host/ehci-hcd.c:113:26:ehci_get_ctrl.isra	8	static
/home/dangcaominh/STM32MP1/u-boot/u-boot/drivers/usb/host/ehci-hcd.c:1302:26:_ehci_create_int_queue.isra	80	static
/home/dangcaominh/STM32MP1/u-boot/u-boot/drivers/usb/host/ehci-hcd.c:1672:26:ehci_create_int_queue	4	static
/home/dangcaominh/STM32MP1/u-boot/u-boot/drivers/usb/host/ehci-hcd.c:1504:12:_ehci_destroy_int_queue.isra	32	static
/home/dangcaominh/STM32MP1/u-boot/u-boot/drivers/usb/host/ehci-hcd.c:1663:12:ehci_submit_int_msg	32	static
/home/dangcaominh/STM32MP1/u-boot/u-boot/drivers/usb/host/ehci-hcd.c:1688:12:ehci_destroy_int_queue	0	static
/home/dangcaominh/STM32MP1/u-boot/u-boot/drivers/usb/host/ehci-hcd.c:386:1:ehci_submit_async	288	static
/home/dangcaominh/STM32MP1/u-boot/u-boot/drivers/usb/host/ehci-hcd.c:1656:12:ehci_submit_bulk_msg	4	static
/home/dangcaominh/STM32MP1/u-boot/u-boot/drivers/usb/host/ehci-hcd.c:1646:12:ehci_submit_control_msg	48	static
/home/dangcaominh/STM32MP1/u-boot/u-boot/drivers/usb/host/ehci-hcd.c:1713:5:ehci_register	32	static
/home/dangcaominh/STM32MP1/u-boot/u-boot/drivers/usb/host/ehci-hcd.c:1759:5:ehci_deregister	8	static
