/home/dangcaominh/STM32MP1/u-boot/u-boot/drivers/usb/host/ohci-hcd.c:626:12:ep_rev	16	static
/home/dangcaominh/STM32MP1/u-boot/u-boot/drivers/usb/host/ohci-hcd.c:227:13:urb_free_priv	8	static
/home/dangcaominh/STM32MP1/u-boot/u-boot/drivers/usb/host/ohci-hcd.c:1743:12:hc_reset	16	static
/home/dangcaominh/STM32MP1/u-boot/u-boot/drivers/usb/host/ohci-hcd.c:1444:20:ohci_get_ohci_dev	16	static
/home/dangcaominh/STM32MP1/u-boot/u-boot/drivers/usb/host/ohci-hcd.c:2095:12:ohci_destroy_int_queue	16	static
/home/dangcaominh/STM32MP1/u-boot/u-boot/drivers/usb/host/ohci-hcd.c:871:13:td_fill.isra	40	static
/home/dangcaominh/STM32MP1/u-boot/u-boot/drivers/usb/host/ohci-hcd.c:1878:12:hc_interrupt	48	static
/home/dangcaominh/STM32MP1/u-boot/u-boot/drivers/usb/host/ohci-hcd.c:2087:14:ohci_poll_int_queue	8	static
/home/dangcaominh/STM32MP1/u-boot/u-boot/drivers/usb/host/ohci-hcd.c:486:5:sohci_submit_job	88	static
/home/dangcaominh/STM32MP1/u-boot/u-boot/drivers/usb/host/ohci-hcd.c:2077:26:ohci_create_int_queue	40	static
/home/dangcaominh/STM32MP1/u-boot/u-boot/drivers/usb/host/ohci-hcd.c:1491:12:submit_common_msg	32	static
/home/dangcaominh/STM32MP1/u-boot/u-boot/drivers/usb/host/ohci-hcd.c:2067:12:ohci_submit_int_msg	24	static
/home/dangcaominh/STM32MP1/u-boot/u-boot/drivers/usb/host/ohci-hcd.c:2059:12:ohci_submit_bulk_msg	32	static
/home/dangcaominh/STM32MP1/u-boot/u-boot/drivers/usb/host/ohci-hcd.c:2049:12:ohci_submit_control_msg	72	static
/home/dangcaominh/STM32MP1/u-boot/u-boot/drivers/usb/host/ohci-hcd.c:1196:5:rh_check_port_status	16	static
/home/dangcaominh/STM32MP1/u-boot/u-boot/drivers/usb/host/ohci-hcd.c:2103:5:ohci_register	24	static
/home/dangcaominh/STM32MP1/u-boot/u-boot/drivers/usb/host/ohci-hcd.c:2130:5:ohci_deregister	8	static
