Archive member included to satisfy reference by file (symbol)

/home/dangcaominh/STM32MP1/optee-os/optee-os/../build/optee-programmer-stm32mp157d-dk1/export-ta_arm32/lib/libutils.a(stack_check.o)
                              /home/dangcaominh/STM32MP1/optee-os/optee-os/../build/optee-programmer-stm32mp157d-dk1/ta/trusted_keys/entry.o (__stack_chk_fail)
/home/dangcaominh/STM32MP1/optee-os/optee-os/../build/optee-programmer-stm32mp157d-dk1/export-ta_arm32/lib/libutils.a(memcpy.o)
                              /home/dangcaominh/STM32MP1/optee-os/optee-os/../build/optee-programmer-stm32mp157d-dk1/ta/trusted_keys/entry.o (memcpy)
/home/dangcaominh/STM32MP1/optee-os/optee-os/../build/optee-programmer-stm32mp157d-dk1/export-ta_arm32/lib/libutils.a(memset.o)
                              /home/dangcaominh/STM32MP1/optee-os/optee-os/../build/optee-programmer-stm32mp157d-dk1/ta/trusted_keys/entry.o (memset)
/home/dangcaominh/STM32MP1/optee-os/optee-os/../build/optee-programmer-stm32mp157d-dk1/export-ta_arm32/lib/libutils.a(trace.o)
                              /home/dangcaominh/STM32MP1/optee-os/optee-os/../build/optee-programmer-stm32mp157d-dk1/ta/trusted_keys/entry.o (trace_printf)
/home/dangcaominh/STM32MP1/optee-os/optee-os/../build/optee-programmer-stm32mp157d-dk1/export-ta_arm32/lib/libutils.a(memzero_explicit.o)
                              /home/dangcaominh/STM32MP1/optee-os/optee-os/../build/optee-programmer-stm32mp157d-dk1/ta/trusted_keys/entry.o (memzero_explicit)
/home/dangcaominh/STM32MP1/optee-os/optee-os/../build/optee-programmer-stm32mp157d-dk1/export-ta_arm32/lib/libutils.a(snprintk.o)
                              /home/dangcaominh/STM32MP1/optee-os/optee-os/../build/optee-programmer-stm32mp157d-dk1/export-ta_arm32/lib/libutils.a(trace.o) (vsnprintk)
/home/dangcaominh/STM32MP1/optee-os/optee-os/../build/optee-programmer-stm32mp157d-dk1/export-ta_arm32/lib/libutils.a(memchr.o)
                              /home/dangcaominh/STM32MP1/optee-os/optee-os/../build/optee-programmer-stm32mp157d-dk1/export-ta_arm32/lib/libutils.a(snprintk.o) (memchr)
/home/dangcaominh/STM32MP1/optee-os/optee-os/../build/optee-programmer-stm32mp157d-dk1/export-ta_arm32/lib/libutils.a(strlen.o)
                              /home/dangcaominh/STM32MP1/optee-os/optee-os/../build/optee-programmer-stm32mp157d-dk1/export-ta_arm32/lib/libutils.a(snprintk.o) (strlen)
/home/dangcaominh/STM32MP1/optee-os/optee-os/../build/optee-programmer-stm32mp157d-dk1/export-ta_arm32/lib/libutils.a(arm32_aeabi_ldivmod_a32.o)
                              /home/dangcaominh/STM32MP1/optee-os/optee-os/../build/optee-programmer-stm32mp157d-dk1/export-ta_arm32/lib/libutils.a(snprintk.o) (__aeabi_uldivmod)
/home/dangcaominh/STM32MP1/optee-os/optee-os/../build/optee-programmer-stm32mp157d-dk1/export-ta_arm32/lib/libutils.a(arm32_aeabi_ldivmod.o)
                              /home/dangcaominh/STM32MP1/optee-os/optee-os/../build/optee-programmer-stm32mp157d-dk1/export-ta_arm32/lib/libutils.a(arm32_aeabi_ldivmod_a32.o) (__ul_divmod)
/home/dangcaominh/STM32MP1/optee-os/optee-os/../build/optee-programmer-stm32mp157d-dk1/export-ta_arm32/lib/libutee.a(assert.o)
                              /home/dangcaominh/STM32MP1/optee-os/optee-os/../build/optee-programmer-stm32mp157d-dk1/ta/trusted_keys/entry.o (_assert_log)
/home/dangcaominh/STM32MP1/optee-os/optee-os/../build/optee-programmer-stm32mp157d-dk1/export-ta_arm32/lib/libutee.a(trace_ext.o)
                              /home/dangcaominh/STM32MP1/optee-os/optee-os/../build/optee-programmer-stm32mp157d-dk1/export-ta_arm32/lib/libutils.a(trace.o) (trace_ext_puts)
/home/dangcaominh/STM32MP1/optee-os/optee-os/../build/optee-programmer-stm32mp157d-dk1/export-ta_arm32/lib/libutee.a(tee_api.o)
                              /home/dangcaominh/STM32MP1/optee-os/optee-os/../build/optee-programmer-stm32mp157d-dk1/ta/trusted_keys/entry.o (TEE_CloseTASession)
/home/dangcaominh/STM32MP1/optee-os/optee-os/../build/optee-programmer-stm32mp157d-dk1/export-ta_arm32/lib/libutee.a(tee_api_objects.o)
                              /home/dangcaominh/STM32MP1/optee-os/optee-os/../build/optee-programmer-stm32mp157d-dk1/ta/trusted_keys/entry.o (TEE_AllocateTransientObject)
/home/dangcaominh/STM32MP1/optee-os/optee-os/../build/optee-programmer-stm32mp157d-dk1/export-ta_arm32/lib/libutee.a(tee_api_operations.o)
                              /home/dangcaominh/STM32MP1/optee-os/optee-os/../build/optee-programmer-stm32mp157d-dk1/ta/trusted_keys/entry.o (TEE_FreeOperation)
/home/dangcaominh/STM32MP1/optee-os/optee-os/../build/optee-programmer-stm32mp157d-dk1/export-ta_arm32/lib/libutee.a(tee_api_panic.o)
                              /home/dangcaominh/STM32MP1/optee-os/optee-os/../build/optee-programmer-stm32mp157d-dk1/export-ta_arm32/lib/libutee.a(tee_api.o) (TEE_Panic)
/home/dangcaominh/STM32MP1/optee-os/optee-os/../build/optee-programmer-stm32mp157d-dk1/export-ta_arm32/lib/libutee.a(tee_api_property.o)
[...]
Memory Configuration

Name             Origin             Length             Attributes
*default*        0x00000000         0xffffffff

Linker script and memory map


.text           0x00000000     0xcce0
                0x00000000                        __text_start = .
 *(SORT_BY_ALIGNMENT(.text) SORT_BY_ALIGNMENT(.text.*))
 .text          0x00000000      0x4bc /home/dangcaominh/STM32MP1/optee-os/optee-os/../build/optee-programmer-stm32mp157d-dk1/ta/trusted_keys/entry.o
                0x00000280                TA_CreateEntryPoint
                0x00000284                TA_DestroyEntryPoint
                0x00000286                TA_OpenSessionEntryPoint
                0x00000314                TA_CloseSessionEntryPoint
                0x00000316                TA_InvokeCommandEntryPoint
 .text          0x000004bc       0x74 /home/dangcaominh/STM32MP1/optee-os/optee-os/../build/optee-programmer-stm32mp157d-dk1/ta/trusted_keys/user_ta_header.o
                0x000004bc                __ta_entry_c
                0x0000052c                tahead_get_trace_level
 .text.__ta_entry
                0x00000530        0x4 /home/dangcaominh/STM32MP1/optee-os/optee-os/../build/optee-programmer-stm32mp157d-dk1/ta/trusted_keys/ta_entry_a32.o
                0x00000530                __ta_entry
 .text          0x00000534       0x28 /home/dangcaominh/STM32MP1/optee-os/optee-os/../build/optee-programmer-stm32mp157d-dk1/export-ta_arm32/lib/libutils.a(stack_check.o)
                0x00000534                __stack_chk_fail
 .text          0x0000055c       0xd8 /home/dangcaominh/STM32MP1/optee-os/optee-os/../build/optee-programmer-stm32mp157d-dk1/export-ta_arm32/lib/libutils.a(memcpy.o)
                0x0000055c                memcpy
 .text          0x00000634      0x1f0 /home/dangcaominh/STM32MP1/optee-os/optee-os/../build/optee-programmer-stm32mp157d-dk1/export-ta_arm32/lib/libutils.a(trace.o)
                0x00000634                trace_set_level
                0x00000650                trace_get_level
                0x00000664                trace_vprintf
                0x000007d4                trace_printf
                0x00000820                dhex_dump
 .text          0x00000824      0x874 /home/dangcaominh/STM32MP1/optee-os/optee-os/../build/optee-programmer-stm32mp157d-dk1/export-ta_arm32/lib/libutils.a(snprintk.o)
                0x00000824                __vsnprintf
                0x00000888                vsnprintk
                0x00000896                snprintk
                0x00001080                __vsprintf
 .text.__aeabi_ldivmod
                0x00001098       0x18 /home/dangcaominh/STM32MP1/optee-os/optee-os/../build/optee-programmer-stm32mp157d-dk1/export-ta_arm32/lib/libutils.a(arm32_aeabi_ldivmod_a32.o)
                0x00001098                __aeabi_ldivmod
 .text.__aeabi_uldivmod
                0x000010b0       0x18 /home/dangcaominh/STM32MP1/optee-os/optee-os/../build/optee-programmer-stm32mp157d-dk1/export-ta_arm32/lib/libutils.a(arm32_aeabi_ldivmod_a32.o)
                0x000010b0                __aeabi_uldivmod
 .text          0x000010c8      0x1a0 /home/dangcaominh/STM32MP1/optee-os/optee-os/../build/optee-programmer-stm32mp157d-dk1/export-ta_arm32/lib/libutils.a(arm32_aeabi_ldivmod.o)
                0x00001152                __ul_divmod
                0x000011c0                __l_divmod
 .text          0x00001268       0x38 /home/dangcaominh/STM32MP1/optee-os/optee-os/../build/optee-programmer-stm32mp157d-dk1/export-ta_arm32/lib/libutee.a(assert.o)
                0x00001268                _assert_log
                0x00001290                _assert_break
 .text          0x000012a0      0x108 /home/dangcaominh/STM32MP1/optee-os/optee-os/../build/optee-programmer-stm32mp157d-dk1/export-ta_arm32/lib/libutee.a(trace_ext.o)
                0x000012a0                trace_ext_puts
                0x000012b4                trace_ext_get_thread_id
                0x000012ba                printf
                0x0000132c                puts
                0x00001350                putchar
 .text          0x000013a8      0xac8 /home/dangcaominh/STM32MP1/optee-os/optee-os/../build/optee-programmer-stm32mp157d-dk1/export-ta_arm32/lib/libutee.a(tee_api.o)
                0x00001608                TEE_CloseTASession
                0x0000161c                TEE_GetCancellationFlag
                0x0000166c                TEE_UnmaskCancellation
                0x000016bc                TEE_MaskCancellation
                0x0000170c                TEE_CheckMemoryAccessRights
                0x00001864                TEE_OpenTASession
                0x00001940                __GP11_TEE_OpenTASession
                0x00001a10                TEE_InvokeTACommand
                0x00001b0c                __GP11_TEE_InvokeTACommand
                0x00001bfc                __GP11_TEE_CheckMemoryAccessRights
                0x00001c00                TEE_SetInstanceData
                0x00001c0c                TEE_GetInstanceData
                0x00001c18                TEE_MemMove
                0x00001c1c                __GP11_TEE_MemMove
                0x00001c20                TEE_MemCompare
                0x00001c24                __GP11_TEE_MemCompare
                0x00001c28                TEE_MemFill
                0x00001c2c                __GP11_TEE_MemFill
                0x00001c30                TEE_GetSystemTime
                0x00001c46                TEE_Wait
                0x00001c64                TEE_GetTAPersistentTime
                0x00001ca0                TEE_SetTAPersistentTime
                0x00001cc8                TEE_GetREETime
                0x00001cde                TEE_Malloc
                0x00001d90                __GP11_TEE_Malloc
                0x00001d94                TEE_Free
                0x00001dd0                TEE_Realloc
                0x00001e58                __GP11_TEE_Realloc
                0x00001e5c                TEE_CacheClean
                0x00001e62                TEE_CacheFlush
                0x00001e68                TEE_CacheInvalidate
 .text          0x00001e70     0x11d0 /home/dangcaominh/STM32MP1/optee-os/optee-os/../build/optee-programmer-stm32mp157d-dk1/export-ta_arm32/lib/libutee.a(tee_api_objects.o)
                0x00001e70                __utee_from_attr
                0x00001e9a                __utee_from_gp11_attr
                0x00001ec4                TEE_GetObjectInfo
                0x00001f54                __GP11_TEE_GetObjectInfo
                0x00001fe4                TEE_GetObjectInfo1
                0x0000206c                __GP11_TEE_GetObjectInfo1
                0x000020f4                TEE_RestrictObjectUsage1
                0x00002114                TEE_RestrictObjectUsage
                0x00002184                TEE_GetObjectBufferAttribute
                0x00002244                __GP11_TEE_GetObjectBufferAttribute
                0x000022a8                TEE_GetObjectValueAttribute
                0x00002384                TEE_CloseObject
                0x00002398                __GP11_TEE_AllocateTransientObject
                0x0000240c                TEE_AllocateTransientObject
                0x00002424                TEE_FreeTransientObject
                0x00002498                TEE_ResetTransientObject
                0x0000250c                TEE_PopulateTransientObject
                0x000025c4                __GP11_TEE_PopulateTransientObject
                0x0000267c                TEE_InitRefAttribute
                0x0000269e                __GP11_TEE_InitRefAttribute
                0x000026c0                TEE_InitValueAttribute
                0x000026e2                __GP11_TEE_InitValueAttribute
                0x00002704                TEE_CopyObjectAttributes1
                0x000027bc                TEE_CopyObjectAttributes
                0x0000282c                TEE_GenerateKey
                0x000028b8                __GP11_TEE_GenerateKey
                0x00002944                TEE_OpenPersistentObject
                0x000029e8                __GP11_TEE_OpenPersistentObject
                0x000029ec                TEE_CreatePersistentObject
                0x00002ac0                __GP11_TEE_CreatePersistentObject
                0x00002afe                TEE_CloseAndDeletePersistentObject1
                0x00002b24                TEE_CloseAndDeletePersistentObject
                0x00002b3a                TEE_RenamePersistentObject
                0x00002b74                __GP11_TEE_RenamePersistentObject
                0x00002b78                TEE_AllocatePersistentObjectEnumerator
                0x00002be0                TEE_FreePersistentObjectEnumerator
                0x00002bf4                TEE_ResetPersistentObjectEnumerator
                0x00002c08                TEE_StartPersistentObjectEnumerator
                0x00002c34                TEE_GetNextPersistentObject
                0x00002d0c                __GP11_TEE_GetNextPersistentObject
                0x00002de4                TEE_ReadObjectData
                0x00002e70                __GP11_TEE_ReadObjectData
                0x00002ed4                TEE_WriteObjectData
                0x00002f14                __GP11_TEE_WriteObjectData
                0x00002f18                TEE_TruncateObjectData
                0x00002f50                __GP11_TEE_TruncateObjectData
                0x00002f54                TEE_SeekObjectData
                0x0000302c                __GP11_TEE_SeekObjectData
 .text          0x00003040     0x2c08 /home/dangcaominh/STM32MP1/optee-os/optee-os/../build/optee-programmer-stm32mp157d-dk1/export-ta_arm32/lib/libutee.a(tee_api_operations.o)
                0x000034dc                TEE_FreeOperation
                0x00003500                TEE_AllocateOperation
                0x00003ccc                __GP11_TEE_FreeOperation
                0x00003ce0                TEE_GetOperationInfo
                0x00003d10                TEE_GetOperationInfoMultiple
                0x00003e18                __GP11_TEE_GetOperationInfoMultiple
                0x00003e78                TEE_ResetOperation
                0x00003e98                TEE_SetOperationKey
                0x00003f68                __GP11_TEE_SetOperationKey
                0x00003f86                TEE_SetOperationKey2
                0x00003f9c                __GP11_TEE_SetOperationKey2
                0x00003fbe                TEE_CopyOperation
                0x0000407c                TEE_DigestUpdate
                0x000040ac                __GP11_TEE_DigestUpdate
                0x000040b0                TEE_DigestDoFinal
                0x000041a4                __GP11_TEE_DigestDoFinal
                0x00004210                TEE_DigestExtract
                0x0000433c                TEE_CipherInit
                0x000043b0                __GP11_TEE_CipherInit
                0x000043b4                TEE_CipherUpdate
                0x000044dc                __GP11_TEE_CipherUpdate
                0x00004548                TEE_CipherDoFinal
                0x000046b4                __GP11_TEE_CipherDoFinal
                0x00004724                TEE_MACInit
                0x0000477a                __GP11_TEE_MACInit
                0x0000477e                TEE_MACUpdate
                0x000047cc                __GP11_TEE_MACUpdate
                0x000047d0                TEE_MACComputeFinal
                0x00004884                __GP11_TEE_MACComputeFinal
                0x000048f0                TEE_MACCompareFinal
                0x000049a4                __GP11_TEE_MACCompareFinal
                0x000049a8                TEE_AEInit
                0x00004a18                __GP11_TEE_AEInit
                0x00004a1c                TEE_AEUpdateAAD
                0x00004a68                __GP11_TEE_AEUpdateAAD
                0x00004aae                TEE_AEUpdate
                0x00004b18                __GP11_TEE_AEUpdate
                0x00004bc4                TEE_AEEncryptFinal
                0x00004d24                __GP11_TEE_AEEncryptFinal
                0x00004db0                TEE_AEDecryptFinal
                0x00004ee8                __GP11_TEE_AEDecryptFinal
                0x00004f60                TEE_AsymmetricEncrypt
                0x00005070                __GP11_TEE_AsymmetricEncrypt
                0x00005160                TEE_AsymmetricDecrypt
                0x00005270                __GP11_TEE_AsymmetricDecrypt
                0x00005364                TEE_AsymmetricSignDigest
                0x00005450                __GP11_TEE_AsymmetricSignDigest
                0x0000553c                TEE_AsymmetricVerifyDigest
                0x00005618                __GP11_TEE_AsymmetricVerifyDigest
                0x000056f4                TEE_DeriveKey
                0x000057ec                __GP11_TEE_DeriveKey
                0x000058e4                TEE_GenerateRandom
                0x000058f6                __GP11_TEE_GenerateRandom
                0x000058fa                rand
                0x00005944                TEE_IsAlgorithmSupported
 .text          0x00005c48       0xc0 /home/dangcaominh/STM32MP1/optee-os/optee-os/../build/optee-programmer-stm32mp157d-dk1/export-ta_arm32/lib/libutee.a(tee_api_panic.o)
                0x00005c68                TEE_Panic
                0x00005c72                __utee_check_outbuf_annotation
                0x00005ca0                __utee_check_gp11_outbuf_annotation
                0x00005ca2                __utee_check_instring_annotation
                0x00005cbe                __utee_check_outstring_annotation
                0x00005cc0                __utee_check_gp11_outstring_annotation
                0x00005cc2                __utee_check_out_annotation
                0x00005cd8                __utee_check_attr_in_annotation
                0x00005cf0                __utee_check_gp11_attr_in_annotation
                0x00005cf2                __utee_check_inout_annotation
 .text          0x00005d08      0xa64 /home/dangcaominh/STM32MP1/optee-os/optee-os/../build/optee-programmer-stm32mp157d-dk1/export-ta_arm32/lib/libutee.a(tee_api_property.o)
                0x00005f84                TEE_GetPropertyAsString
                0x00006110                __GP11_TEE_GetPropertyAsString
                0x00006174                TEE_GetPropertyAsBool
                0x00006208                TEE_GetPropertyAsU32
                0x000062a0                TEE_GetPropertyAsU64
                0x00006338                __GP11_TEE_GetPropertyAsBinaryBlock
                0x000063d4                TEE_GetPropertyAsBinaryBlock
                0x00006438                TEE_GetPropertyAsUUID
                0x000064d0                TEE_GetPropertyAsIdentity
                0x00006568                TEE_ResetPropertyEnumerator
                0x00006570                TEE_AllocatePropertyEnumerator
                0x00006598                TEE_FreePropertyEnumerator
                0x0000659c                TEE_StartPropertyEnumerator
                0x000065a6                __GP11_TEE_GetPropertyName
                0x0000666c                TEE_GetPropertyName
                0x000066cc                TEE_GetNextProperty
 .text          0x0000676c      0x1f8 /home/dangcaominh/STM32MP1/optee-os/optee-os/../build/optee-programmer-stm32mp157d-dk1/export-ta_arm32/lib/libutee.a(tee_system_pta.o)
                0x000067bc                tee_map_zi
                0x00006828                tee_unmap
                0x000068a8                tee_invoke_supp_plugin
 .text          0x00006964      0x57c /home/dangcaominh/STM32MP1/optee-os/optee-os/../build/optee-programmer-stm32mp157d-dk1/export-ta_arm32/lib/libutee.a(user_ta_entry.o)
                0x00006b4c                __utee_call_elf_init_fn
                0x00006c38                __utee_call_elf_fini_fn
                0x00006cb4                __utee_entry
 .text          0x00006ee0        0x0 /home/dangcaominh/STM32MP1/optee-os/optee-os/../build/optee-programmer-stm32mp157d-dk1/export-ta_arm32/lib/libutee.a(utee_syscalls_a32.o)
 .text._utee_panic
                0x00006ee0       0x14 /home/dangcaominh/STM32MP1/optee-os/optee-os/../build/optee-programmer-stm32mp157d-dk1/export-ta_arm32/lib/libutee.a(utee_syscalls_a32.o)
                0x00006ee0                _utee_panic
 .text._utee_return
                0x00006ef4       0x14 /home/dangcaominh/STM32MP1/optee-os/optee-os/../build/optee-programmer-stm32mp157d-dk1/export-ta_arm32/lib/libutee.a(utee_syscalls_a32.o)
                0x00006ef4                _utee_return
 .text._utee_log
                0x00006f08       0x14 /home/dangcaominh/STM32MP1/optee-os/optee-os/../build/optee-programmer-stm32mp157d-dk1/export-ta_arm32/lib/libutee.a(utee_syscalls_a32.o)
                0x00006f08                _utee_log
 .text.__utee_panic
                0x00006f1c       0x14 /home/dangcaominh/STM32MP1/optee-os/optee-os/../build/optee-programmer-stm32mp157d-dk1/export-ta_arm32/lib/libutee.a(utee_syscalls_a32.o)
                0x00006f1c                __utee_panic
 .text._utee_get_property
                0x00006f30       0x18 /home/dangcaominh/STM32MP1/optee-os/optee-os/../build/optee-programmer-stm32mp157d-dk1/export-ta_arm32/lib/libutee.a(utee_syscalls_a32.o)
                0x00006f30                _utee_get_property
 .text._utee_get_property_name_to_index
                0x00006f48       0x14 /home/dangcaominh/STM32MP1/optee-os/optee-os/../build/optee-programmer-stm32mp157d-dk1/export-ta_arm32/lib/libutee.a(utee_syscalls_a32.o)
                0x00006f48                _utee_get_property_name_to_index
 .text._utee_open_ta_session
                0x00006f5c       0x18 /home/dangcaominh/STM32MP1/optee-os/optee-os/../build/optee-programmer-stm32mp157d-dk1/export-ta_arm32/lib/libutee.a(utee_syscalls_a32.o)
                0x00006f5c                _utee_open_ta_session
 .text._utee_close_ta_session
                0x00006f74       0x14 /home/dangcaominh/STM32MP1/optee-os/optee-os/../build/optee-programmer-stm32mp157d-dk1/export-ta_arm32/lib/libutee.a(utee_syscalls_a32.o)
                0x00006f74                _utee_close_ta_session
 .text._utee_invoke_ta_command
                0x00006f88       0x18 /home/dangcaominh/STM32MP1/optee-os/optee-os/../build/optee-programmer-stm32mp157d-dk1/export-ta_arm32/lib/libutee.a(utee_syscalls_a32.o)
                0x00006f88                _utee_invoke_ta_command
 .text._utee_get_cancellation_flag
                0x00006fa0       0x14 /home/dangcaominh/STM32MP1/optee-os/optee-os/../build/optee-programmer-stm32mp157d-dk1/export-ta_arm32/lib/libutee.a(utee_syscalls_a32.o)
                0x00006fa0                _utee_get_cancellation_flag
 .text._utee_check_access_rights
                0x00006fb4       0x14 /home/dangcaominh/STM32MP1/optee-os/optee-os/../build/optee-programmer-stm32mp157d-dk1/export-ta_arm32/lib/libutee.a(utee_syscalls_a32.o)
                0x00006fb4                _utee_check_access_rights
 .text._utee_unmask_cancellation
                0x00006fc8       0x14 /home/dangcaominh/STM32MP1/optee-os/optee-os/../build/optee-programmer-stm32mp157d-dk1/export-ta_arm32/lib/libutee.a(utee_syscalls_a32.o)
                0x00006fc8                _utee_unmask_cancellation
 .text._utee_mask_cancellation
                0x00006fdc       0x14 /home/dangcaominh/STM32MP1/optee-os/optee-os/../build/optee-programmer-stm32mp157d-dk1/export-ta_arm32/lib/libutee.a(utee_syscalls_a32.o)
                0x00006fdc                _utee_mask_cancellation
 .text._utee_wait
                0x00006ff0       0x14 /home/dangcaominh/STM32MP1/optee-os/optee-os/../build/optee-programmer-stm32mp157d-dk1/export-ta_arm32/lib/libutee.a(utee_syscalls_a32.o)
                0x00006ff0                _utee_wait
 .text._utee_get_time
                0x00007004       0x14 /home/dangcaominh/STM32MP1/optee-os/optee-os/../build/optee-programmer-stm32mp157d-dk1/export-ta_arm32/lib/libutee.a(utee_syscalls_a32.o)
                0x00007004                _utee_get_time
 .text._utee_set_ta_time
                0x00007018       0x14 /home/dangcaominh/STM32MP1/optee-os/optee-os/../build/optee-programmer-stm32mp157d-dk1/export-ta_arm32/lib/libutee.a(utee_syscalls_a32.o)
                0x00007018                _utee_set_ta_time
 .text._utee_cryp_state_alloc
                0x0000702c       0x18 /home/dangcaominh/STM32MP1/optee-os/optee-os/../build/optee-programmer-stm32mp157d-dk1/export-ta_arm32/lib/libutee.a(utee_syscalls_a32.o)
                0x0000702c                _utee_cryp_state_alloc
 .text._utee_cryp_state_copy
                0x00007044       0x14 /home/dangcaominh/STM32MP1/optee-os/optee-os/../build/optee-programmer-stm32mp157d-dk1/export-ta_arm32/lib/libutee.a(utee_syscalls_a32.o)
                0x00007044                _utee_cryp_state_copy
 .text._utee_cryp_state_free
                0x00007058       0x14 /home/dangcaominh/STM32MP1/optee-os/optee-os/../build/optee-programmer-stm32mp157d-dk1/export-ta_arm32/lib/libutee.a(utee_syscalls_a32.o)
                0x00007058                _utee_cryp_state_free
 .text._utee_hash_init
                0x0000706c       0x14 /home/dangcaominh/STM32MP1/optee-os/optee-os/../build/optee-programmer-stm32mp157d-dk1/export-ta_arm32/lib/libutee.a(utee_syscalls_a32.o)
                0x0000706c                _utee_hash_init
 .text._utee_hash_update
                0x00007080       0x14 /home/dangcaominh/STM32MP1/optee-os/optee-os/../build/optee-programmer-stm32mp157d-dk1/export-ta_arm32/lib/libutee.a(utee_syscalls_a32.o)
                0x00007080                _utee_hash_update
 .text._utee_hash_final
                0x00007094       0x18 /home/dangcaominh/STM32MP1/optee-os/optee-os/../build/optee-programmer-stm32mp157d-dk1/export-ta_arm32/lib/libutee.a(utee_syscalls_a32.o)
                0x00007094                _utee_hash_final
 .text._utee_cipher_init
                0x000070ac       0x14 /home/dangcaominh/STM32MP1/optee-os/optee-os/../build/optee-programmer-stm32mp157d-dk1/export-ta_arm32/lib/libutee.a(utee_syscalls_a32.o)
                0x000070ac                _utee_cipher_init
 .text._utee_cipher_update
                0x000070c0       0x18 /home/dangcaominh/STM32MP1/optee-os/optee-os/../build/optee-programmer-stm32mp157d-dk1/export-ta_arm32/lib/libutee.a(utee_syscalls_a32.o)
                0x000070c0                _utee_cipher_update
 .text._utee_cipher_final
                0x000070d8       0x18 /home/dangcaominh/STM32MP1/optee-os/optee-os/../build/optee-programmer-stm32mp157d-dk1/export-ta_arm32/lib/libutee.a(utee_syscalls_a32.o)
                0x000070d8                _utee_cipher_final
 .text._utee_cryp_obj_get_info
                0x000070f0       0x14 /home/dangcaominh/STM32MP1/optee-os/optee-os/../build/optee-programmer-stm32mp157d-dk1/export-ta_arm32/lib/libutee.a(utee_syscalls_a32.o)
                0x000070f0                _utee_cryp_obj_get_info
 .text._utee_cryp_obj_restrict_usage
                0x00007104       0x14 /home/dangcaominh/STM32MP1/optee-os/optee-os/../build/optee-programmer-stm32mp157d-dk1/export-ta_arm32/lib/libutee.a(utee_syscalls_a32.o)
                0x00007104                _utee_cryp_obj_restrict_usage
 .text._utee_cryp_obj_get_attr
                0x00007118       0x14 /home/dangcaominh/STM32MP1/optee-os/optee-os/../build/optee-programmer-stm32mp157d-dk1/export-ta_arm32/lib/libutee.a(utee_syscalls_a32.o)
                0x00007118                _utee_cryp_obj_get_attr
 .text._utee_cryp_obj_alloc
                0x0000712c       0x14 /home/dangcaominh/STM32MP1/optee-os/optee-os/../build/optee-programmer-stm32mp157d-dk1/export-ta_arm32/lib/libutee.a(utee_syscalls_a32.o)
                0x0000712c                _utee_cryp_obj_alloc
 .text._utee_cryp_obj_close
                0x00007140       0x14 /home/dangcaominh/STM32MP1/optee-os/optee-os/../build/optee-programmer-stm32mp157d-dk1/export-ta_arm32/lib/libutee.a(utee_syscalls_a32.o)
                0x00007140                _utee_cryp_obj_close
 .text._utee_cryp_obj_reset
                0x00007154       0x14 /home/dangcaominh/STM32MP1/optee-os/optee-os/../build/optee-programmer-stm32mp157d-dk1/export-ta_arm32/lib/libutee.a(utee_syscalls_a32.o)
                0x00007154                _utee_cryp_obj_reset
 .text._utee_cryp_obj_populate
                0x00007168       0x14 /home/dangcaominh/STM32MP1/optee-os/optee-os/../build/optee-programmer-stm32mp157d-dk1/export-ta_arm32/lib/libutee.a(utee_syscalls_a32.o)
                0x00007168                _utee_cryp_obj_populate
 .text._utee_cryp_obj_copy
                0x0000717c       0x14 /home/dangcaominh/STM32MP1/optee-os/optee-os/../build/optee-programmer-stm32mp157d-dk1/export-ta_arm32/lib/libutee.a(utee_syscalls_a32.o)
                0x0000717c                _utee_cryp_obj_copy
 .text._utee_cryp_derive_key
                0x00007190       0x14 /home/dangcaominh/STM32MP1/optee-os/optee-os/../build/optee-programmer-stm32mp157d-dk1/export-ta_arm32/lib/libutee.a(utee_syscalls_a32.o)
                0x00007190                _utee_cryp_derive_key
 .text._utee_cryp_random_number_generate
                0x000071a4       0x14 /home/dangcaominh/STM32MP1/optee-os/optee-os/../build/optee-programmer-stm32mp157d-dk1/export-ta_arm32/lib/libutee.a(utee_syscalls_a32.o)
                0x000071a4                _utee_cryp_random_number_generate
 .text._utee_authenc_init
                0x000071b8       0x18 /home/dangcaominh/STM32MP1/optee-os/optee-os/../build/optee-programmer-stm32mp157d-dk1/export-ta_arm32/lib/libutee.a(utee_syscalls_a32.o)
                0x000071b8                _utee_authenc_init
 .text._utee_authenc_update_aad
                0x000071d0       0x14 /home/dangcaominh/STM32MP1/optee-os/optee-os/../build/optee-programmer-stm32mp157d-dk1/export-ta_arm32/lib/libutee.a(utee_syscalls_a32.o)
                0x000071d0                _utee_authenc_update_aad
 .text._utee_authenc_update_payload
                0x000071e4       0x18 /home/dangcaominh/STM32MP1/optee-os/optee-os/../build/optee-programmer-stm32mp157d-dk1/export-ta_arm32/lib/libutee.a(utee_syscalls_a32.o)
                0x000071e4                _utee_authenc_update_payload
 .text._utee_authenc_enc_final
                0x000071fc       0x18 /home/dangcaominh/STM32MP1/optee-os/optee-os/../build/optee-programmer-stm32mp157d-dk1/export-ta_arm32/lib/libutee.a(utee_syscalls_a32.o)
                0x000071fc                _utee_authenc_enc_final
 .text._utee_authenc_dec_final
                0x00007214       0x18 /home/dangcaominh/STM32MP1/optee-os/optee-os/../build/optee-programmer-stm32mp157d-dk1/export-ta_arm32/lib/libutee.a(utee_syscalls_a32.o)
                0x00007214                _utee_authenc_dec_final
 .text._utee_asymm_operate
                0x0000722c       0x18 /home/dangcaominh/STM32MP1/optee-os/optee-os/../build/optee-programmer-stm32mp157d-dk1/export-ta_arm32/lib/libutee.a(utee_syscalls_a32.o)
                0x0000722c                _utee_asymm_operate
 .text._utee_asymm_verify
                0x00007244       0x18 /home/dangcaominh/STM32MP1/optee-os/optee-os/../build/optee-programmer-stm32mp157d-dk1/export-ta_arm32/lib/libutee.a(utee_syscalls_a32.o)
                0x00007244                _utee_asymm_verify
 .text._utee_storage_obj_open
                0x0000725c       0x18 /home/dangcaominh/STM32MP1/optee-os/optee-os/../build/optee-programmer-stm32mp157d-dk1/export-ta_arm32/lib/libutee.a(utee_syscalls_a32.o)
                0x0000725c                _utee_storage_obj_open
 .text._utee_storage_obj_create
                0x00007274       0x18 /home/dangcaominh/STM32MP1/optee-os/optee-os/../build/optee-programmer-stm32mp157d-dk1/export-ta_arm32/lib/libutee.a(utee_syscalls_a32.o)
                0x00007274                _utee_storage_obj_create
 .text._utee_storage_obj_del
                0x0000728c       0x14 /home/dangcaominh/STM32MP1/optee-os/optee-os/../build/optee-programmer-stm32mp157d-dk1/export-ta_arm32/lib/libutee.a(utee_syscalls_a32.o)
                0x0000728c                _utee_storage_obj_del
 .text._utee_storage_obj_rename
                0x000072a0       0x14 /home/dangcaominh/STM32MP1/optee-os/optee-os/../build/optee-programmer-stm32mp157d-dk1/export-ta_arm32/lib/libutee.a(utee_syscalls_a32.o)
                0x000072a0                _utee_storage_obj_rename
 .text._utee_storage_alloc_enum
                0x000072b4       0x14 /home/dangcaominh/STM32MP1/optee-os/optee-os/../build/optee-programmer-stm32mp157d-dk1/export-ta_arm32/lib/libutee.a(utee_syscalls_a32.o)
                0x000072b4                _utee_storage_alloc_enum
 .text._utee_storage_free_enum
                0x000072c8       0x14 /home/dangcaominh/STM32MP1/optee-os/optee-os/../build/optee-programmer-stm32mp157d-dk1/export-ta_arm32/lib/libutee.a(utee_syscalls_a32.o)
                0x000072c8                _utee_storage_free_enum
 .text._utee_storage_reset_enum
                0x000072dc       0x14 /home/dangcaominh/STM32MP1/optee-os/optee-os/../build/optee-programmer-stm32mp157d-dk1/export-ta_arm32/lib/libutee.a(utee_syscalls_a32.o)
                0x000072dc                _utee_storage_reset_enum
 .text._utee_storage_start_enum
                0x000072f0       0x14 /home/dangcaominh/STM32MP1/optee-os/optee-os/../build/optee-programmer-stm32mp157d-dk1/export-ta_arm32/lib/libutee.a(utee_syscalls_a32.o)
                0x000072f0                _utee_storage_start_enum
 .text._utee_storage_next_enum
                0x00007304       0x14 /home/dangcaominh/STM32MP1/optee-os/optee-os/../build/optee-programmer-stm32mp157d-dk1/export-ta_arm32/lib/libutee.a(utee_syscalls_a32.o)
                0x00007304                _utee_storage_next_enum
 .text._utee_storage_obj_read
                0x00007318       0x14 /home/dangcaominh/STM32MP1/optee-os/optee-os/../build/optee-programmer-stm32mp157d-dk1/export-ta_arm32/lib/libutee.a(utee_syscalls_a32.o)
                0x00007318                _utee_storage_obj_read
 .text._utee_storage_obj_write
                0x0000732c       0x14 /home/dangcaominh/STM32MP1/optee-os/optee-os/../build/optee-programmer-stm32mp157d-dk1/export-ta_arm32/lib/libutee.a(utee_syscalls_a32.o)
                0x0000732c                _utee_storage_obj_write
 .text._utee_storage_obj_trunc
                0x00007340       0x14 /home/dangcaominh/STM32MP1/optee-os/optee-os/../build/optee-programmer-stm32mp157d-dk1/export-ta_arm32/lib/libutee.a(utee_syscalls_a32.o)
                0x00007340                _utee_storage_obj_trunc
 .text._utee_storage_obj_seek
                0x00007354       0x14 /home/dangcaominh/STM32MP1/optee-os/optee-os/../build/optee-programmer-stm32mp157d-dk1/export-ta_arm32/lib/libutee.a(utee_syscalls_a32.o)
                0x00007354                _utee_storage_obj_seek
 .text._utee_cryp_obj_generate_key
                0x00007368       0x14 /home/dangcaominh/STM32MP1/optee-os/optee-os/../build/optee-programmer-stm32mp157d-dk1/export-ta_arm32/lib/libutee.a(utee_syscalls_a32.o)
                0x00007368                _utee_cryp_obj_generate_key
 .text._utee_cache_operation
                0x0000737c       0x14 /home/dangcaominh/STM32MP1/optee-os/optee-os/../build/optee-programmer-stm32mp157d-dk1/export-ta_arm32/lib/libutee.a(utee_syscalls_a32.o)
                0x0000737c                _utee_cache_operation
 .text.unlikely
                0x00007390       0x18 /home/dangcaominh/STM32MP1/optee-os/optee-os/../build/optee-programmer-stm32mp157d-dk1/export-ta_arm32/lib/libutee.a(abort.o)
                0x00007390                abort
 .text          0x000073a8      0x194 /home/dangcaominh/STM32MP1/optee-os/optee-os/../build/optee-programmer-stm32mp157d-dk1/export-ta_arm32/lib/libutee.a(base64.o)
                0x000073a8                _base64_enc_len
                0x000073b6                _base64_enc
                0x00007478                _base64_dec
 .text          0x0000753c     0x18c4 /home/dangcaominh/STM32MP1/optee-os/optee-os/../build/optee-programmer-stm32mp157d-dk1/export-ta_arm32/lib/libutee.a(tee_api_arith_mpi.o)
                0x00007ba8                _TEE_MathAPI_Init
                0x00007bec                TEE_BigIntInit
                0x00007c24                __GP11_TEE_BigIntInit
                0x00007c28                TEE_BigIntConvertFromOctetString
                0x00007cb4                __GP11_TEE_BigIntConvertFromOctetString
                0x00007cb8                TEE_BigIntConvertToOctetString
                0x00007d44                __GP11_TEE_BigIntConvertToOctetString
                0x00007d90                TEE_BigIntConvertFromS32
                0x00007e14                TEE_BigIntConvertToS32
                0x00007ea8                TEE_BigIntCmp
                0x00007f14                TEE_BigIntCmpS32
                0x000080b8                TEE_BigIntShiftRight
                0x00008200                __GP11_TEE_BigIntShiftRight
                0x00008204                TEE_BigIntGetBit
                0x00008264                TEE_BigIntGetBitCount
                0x000082bc                TEE_BigIntSetBit
                0x0000833c                TEE_BigIntAssign
                0x00008368                TEE_BigIntAbs
                0x00008378                TEE_BigIntAdd
                0x00008398                TEE_BigIntSub
                0x000083b8                TEE_BigIntNeg
                0x00008460                TEE_BigIntMul
                0x0000853c                TEE_BigIntSquare
                0x00008542                TEE_BigIntDiv
                0x00008664                TEE_BigIntMod
                0x000086b4                TEE_BigIntAddMod
                0x000086d0                TEE_BigIntSubMod
                0x000086ec                TEE_BigIntMulMod
                0x00008708                TEE_BigIntSquareMod
                0x00008710                TEE_BigIntInvMod
                0x00008804                TEE_BigIntRelativePrime
                0x000088b4                TEE_BigIntExpMod
                0x00008a08                TEE_BigIntComputeExtendedGcd
                0x00008bd8                TEE_BigIntIsProbablePrime
                0x00008c48                TEE_BigIntInitFMM
                0x00008c4c                __GP11_TEE_BigIntInitFMM
                0x00008c50                TEE_BigIntInitFMMContext
                0x00008c52                __GP11_TEE_BigIntInitFMMContext
                0x00008c56                TEE_BigIntInitFMMContext1
                0x00008c5a                TEE_BigIntFMMSizeInU32
                0x00008c62                __GP11_TEE_BigIntFMMSizeInU32
                0x00008c66                TEE_BigIntFMMContextSizeInU32
                0x00008c6a                __GP11_TEE_BigIntFMMContextSizeInU32
                0x00008c6e                TEE_BigIntConvertToFMM
                0x00008c72                TEE_BigIntConvertFromFMM
                0x00008d0c                TEE_BigIntComputeFMM
 .text          0x00008e00      0x23c /home/dangcaominh/STM32MP1/optee-os/optee-os/../build/optee-programmer-stm32mp157d-dk1/export-ta_arm32/lib/libutee.a(tcb.o)
                0x00008e00                __utee_tcb_init
                0x00008f7c                __tls_get_addr
                0x00008f94                dl_iterate_phdr
 .text          0x0000903c     0x22ec /home/dangcaominh/STM32MP1/optee-os/optee-os/../build/optee-programmer-stm32mp157d-dk1/export-ta_arm32/lib/libmbedtls.a(bignum.o)
                0x000090ba                mbedtls_mpi_lt_mpi_ct
                0x0000915c                mbedtls_mpi_init
                0x00009168                mbedtls_mpi_init_mempool
                0x0000918c                mbedtls_mpi_free
                0x000091cc                mbedtls_mpi_grow
                0x00009264                mbedtls_mpi_safe_cond_assign
                0x000092b6                mbedtls_mpi_safe_cond_swap
                0x0000934e                mbedtls_mpi_shrink
                0x00009400                mbedtls_mpi_copy
                0x0000946a                mbedtls_mpi_swap
                0x000094c8                mbedtls_mpi_lset
                0x00009500                mbedtls_mpi_get_bit
                0x00009520                mbedtls_mpi_set_bit
                0x0000956e                mbedtls_mpi_lsb
                0x00009594                mbedtls_mpi_bitlen
                0x0000959c                mbedtls_mpi_size
                0x000095a8                mbedtls_mpi_read_binary_le
                0x000095d4                mbedtls_mpi_read_binary
                0x00009600                mbedtls_mpi_write_binary_le
                0x0000960c                mbedtls_mpi_write_binary
                0x00009618                mbedtls_mpi_shift_l
                0x00009652                mbedtls_mpi_shift_r
                0x00009664                mbedtls_mpi_cmp_abs
                0x000096c2                mbedtls_mpi_cmp_mpi
                0x0000974c                mbedtls_mpi_cmp_int
                0x000097b0                mbedtls_mpi_add_abs
                0x00009840                mbedtls_mpi_sub_abs
                0x0000993e                mbedtls_mpi_add_mpi
                0x00009942                mbedtls_mpi_sub_mpi
                0x00009948                mbedtls_mpi_add_int
                0x000099ac                mbedtls_mpi_sub_int
                0x00009a10                mbedtls_mpi_mul_mpi
                0x00009b24                mbedtls_mpi_mul_int
                0x00009b86                mbedtls_mpi_read_string
                0x00009cdc                mbedtls_mpi_div_mpi
                0x0000a062                mbedtls_mpi_div_int
                0x0000a0c8                mbedtls_mpi_mod_mpi
                0x0000a34c                mbedtls_mpi_mod_int
                0x0000a3b8                mbedtls_mpi_write_string
                0x0000a5dc                mbedtls_mpi_montg_init
                0x0000a5ea                mbedtls_mpi_montmul
                0x0000a60e                mbedtls_mpi_montred
                0x0000a664                mbedtls_mpi_exp_mod
                0x0000a676                mbedtls_mpi_exp_mod_unsafe
                0x0000a68a                mbedtls_mpi_gcd
                0x0000a7c0                mbedtls_mpi_fill_random
                0x0000a9b8                mbedtls_mpi_random
                0x0000a9f6                mbedtls_mpi_inv_mod
                0x0000ad14                mbedtls_mpi_is_prime_ext
                0x0000adb0                mbedtls_mpi_gen_prime
                0x0000aff4                mbedtls_mpi_self_test
 .text          0x0000b328      0xaf8 /home/dangcaominh/STM32MP1/optee-os/optee-os/../build/optee-programmer-stm32mp157d-dk1/export-ta_arm32/lib/libmbedtls.a(bignum_core.o)
                0x0000b384                mbedtls_mpi_core_clz
                0x0000b38a                mbedtls_mpi_core_bitlen
                0x0000b3ae                mbedtls_mpi_core_bigendian_to_host
                0x0000b3d4                mbedtls_mpi_core_uint_le_mpi
                0x0000b410                mbedtls_mpi_core_lt_ct
                0x0000b460                mbedtls_mpi_core_cond_assign
                0x0000b49c                mbedtls_mpi_core_cond_swap
                0x0000b4ec                mbedtls_mpi_core_read_le
                0x0000b536                mbedtls_mpi_core_read_be
                0x0000b580                mbedtls_mpi_core_write_le
                0x0000b5e4                mbedtls_mpi_core_write_be
                0x0000b648                mbedtls_mpi_core_shift_r
                0x0000b6b8                mbedtls_mpi_core_shift_l
                0x0000b724                mbedtls_mpi_core_add
                0x0000b752                mbedtls_mpi_core_add_if
                0x0000b78c                mbedtls_mpi_core_sub
                0x0000b7ca                mbedtls_mpi_core_mla
                0x0000b940                mbedtls_mpi_core_mul
                0x0000b982                mbedtls_mpi_core_montmul_init
                0x0000b9a4                mbedtls_mpi_core_montmul
                0x0000bbf4                mbedtls_mpi_core_get_mont_r2_unsafe
                0x0000bc28                mbedtls_mpi_core_fill_random
                0x0000bc86                mbedtls_mpi_core_random
                0x0000bd24                mbedtls_mpi_core_exp_mod_working_limbs
                0x0000bd3a                mbedtls_mpi_core_exp_mod
                0x0000bd5a                mbedtls_mpi_core_exp_mod_unsafe
                0x0000bd7c                mbedtls_mpi_core_sub_int
                0x0000bd9e                mbedtls_mpi_core_check_zero_ct
                0x0000bdb6                mbedtls_mpi_core_to_mont_rep
                0x0000bdcc                mbedtls_mpi_core_from_mont_rep
 .text          0x0000be20      0x1d4 /home/dangcaominh/STM32MP1/optee-os/optee-os/../build/optee-programmer-stm32mp157d-dk1/export-ta_arm32/lib/libmbedtls.a(constant_time.o)
                0x0000be7c                mbedtls_ct_memcmp
                0x0000be96                mbedtls_ct_memcmp_partial
                0x0000bee4                mbedtls_ct_memmove_left
                0x0000bf50                mbedtls_ct_memcpy_if
                0x0000bf8c                mbedtls_ct_memcpy_offset
                0x0000bfe0                mbedtls_ct_zeroize_if
 .text          0x0000bff4       0x2c /home/dangcaominh/STM32MP1/optee-os/optee-os/../build/optee-programmer-stm32mp157d-dk1/export-ta_arm32/lib/libmbedtls.a(platform_util.o)
                0x0000bff4                mbedtls_platform_zeroize
                0x0000c00c                mbedtls_zeroize_and_free
 .text          0x0000c020      0xa34 /home/dangcaominh/STM32MP1/optee-os/optee-os/../build/optee-programmer-stm32mp157d-dk1/export-ta_arm32/lib/libutils.a(bget_malloc.o)
                0x0000c04c                bget
                0x0000c268                bgetz
                0x0000c2c4                brel
                0x0000c4d8                bgetr
                0x0000c558                bpool
                0x0000c5f0                bstats
                0x0000c650                malloc_reset_stats
                0x0000c664                raw_memalign
                0x0000c6b2                raw_malloc
                0x0000c6c4                raw_free
                0x0000c6cc                raw_calloc
                0x0000c71c                raw_realloc
                0x0000c7c2                malloc
                0x0000c7d4                calloc
                0x0000c7f4                realloc
                0x0000c810                memalign
                0x0000c830                aligned_alloc
                0x0000c842                free
                0x0000c850                free_wipe
                0x0000c860                raw_malloc_get_ctx_size
                0x0000c864                raw_malloc_init_ctx
                0x0000c876                raw_malloc_add_pool
                0x0000c8f4                raw_malloc_buffer_overlaps_heap
                0x0000c946                raw_malloc_buffer_is_within_alloced
                0x0000c9fc                raw_malloc_get_stats
                0x0000ca14                malloc_get_stats
                0x0000ca24                malloc_add_pool
                0x0000ca34                malloc_buffer_is_within_alloced
                0x0000ca44                malloc_buffer_overlaps_heap
 .text          0x0000ca54       0x64 /home/dangcaominh/STM32MP1/optee-os/optee-os/../build/optee-programmer-stm32mp157d-dk1/export-ta_arm32/lib/libutils.a(snprintf.o)
                0x0000ca54                snprintf
                0x0000caa8                vsnprintf
 .text          0x0000cab8       0xf4 /home/dangcaominh/STM32MP1/optee-os/optee-os/../build/optee-programmer-stm32mp157d-dk1/export-ta_arm32/lib/libutils.a(mempool.o)
                0x0000cab8                mempool_alloc_pool
                0x0000cb3c                mempool_alloc
                0x0000cb78                mempool_calloc
                0x0000cb9c                mempool_free
 .text          0x0000cbac       0x10 /home/dangcaominh/STM32MP1/optee-os/optee-os/../build/optee-programmer-stm32mp157d-dk1/export-ta_arm32/lib/libutils.a(memset.o)
                0x0000cbac                memset
 .text          0x0000cbbc        0x8 /home/dangcaominh/STM32MP1/optee-os/optee-os/../build/optee-programmer-stm32mp157d-dk1/export-ta_arm32/lib/libutils.a(memzero_explicit.o)
                0x0000cbbc                memzero_explicit
 .text          0x0000cbc4       0x1c /home/dangcaominh/STM32MP1/optee-os/optee-os/../build/optee-programmer-stm32mp157d-dk1/export-ta_arm32/lib/libutils.a(memchr.o)
                0x0000cbc4                memchr
 .text          0x0000cbe0       0x10 /home/dangcaominh/STM32MP1/optee-os/optee-os/../build/optee-programmer-stm32mp157d-dk1/export-ta_arm32/lib/libutils.a(strlen.o)
                0x0000cbe0                strlen
 .text          0x0000cbf0       0x34 /home/dangcaominh/STM32MP1/optee-os/optee-os/../build/optee-programmer-stm32mp157d-dk1/export-ta_arm32/lib/libutils.a(memmove.o)
                0x0000cbf0                memmove
 .text          0x0000cc24       0x16 /home/dangcaominh/STM32MP1/optee-os/optee-os/../build/optee-programmer-stm32mp157d-dk1/export-ta_arm32/lib/libutils.a(strcmp.o)
                0x0000cc24                strcmp
 .text          0x0000cc3a       0x2a /home/dangcaominh/STM32MP1/optee-os/optee-os/../build/optee-programmer-stm32mp157d-dk1/export-ta_arm32/lib/libutils.a(strlcpy.o)
                0x0000cc3a                strlcpy
 .text          0x0000cc64       0x48 /home/dangcaominh/STM32MP1/optee-os/optee-os/../build/optee-programmer-stm32mp157d-dk1/export-ta_arm32/lib/libutils.a(consttime_memcmp.o)
                0x0000cc64                consttime_memcmp
 .text          0x0000ccac        0x0 /home/dangcaominh/STM32MP1/optee-os/optee-os/../build/optee-programmer-stm32mp157d-dk1/ta/trusted_keys/ta_entry_a32.o
 .text          0x0000ccac        0x0 /home/dangcaominh/STM32MP1/optee-os/optee-os/../build/optee-programmer-stm32mp157d-dk1/export-ta_arm32/lib/libutils.a(arm32_aeabi_ldivmod_a32.o)
 .text          0x0000ccac        0x0 /home/dangcaominh/STM32MP1/optee-os/optee-os/../build/optee-programmer-stm32mp157d-dk1/export-ta_arm32/lib/libutee.a(abort.o)
 *fill*         0x0000ccac        0x4 
 .text.__stub   0x0000ccb0       0x30 linker stubs
 *(SORT_BY_ALIGNMENT(.stub))
 *(SORT_BY_ALIGNMENT(.glue_7))
 .glue_7        0x0000cce0        0x0 linker stubs
 *(SORT_BY_ALIGNMENT(.glue_7t))
 .glue_7t       0x0000cce0        0x0 linker stubs
 *(SORT_BY_ALIGNMENT(.gnu.linkonce.t.*))
 *(SORT_BY_ALIGNMENT(.vfp11_veneer))
 .vfp11_veneer  0x0000cce0        0x0 linker stubs
                0x0000cce0                        __text_end = .

.v4_bx          0x0000cce0        0x0
 .v4_bx         0x0000cce0        0x0 linker stubs

.iplt           0x0000cce0        0x0
 .iplt          0x0000cce0        0x0 /home/dangcaominh/STM32MP1/optee-os/optee-os/../build/optee-programmer-stm32mp157d-dk1/ta/trusted_keys/entry.o

.note.gnu.property
 *(SORT_BY_ALIGNMENT(.note.gnu.property))

.plt            0x0000cce0        0x0
 *(SORT_BY_ALIGNMENT(.plt))
 .plt           0x0000cce0        0x0 /home/dangcaominh/STM32MP1/optee-os/optee-os/../build/optee-programmer-stm32mp157d-dk1/ta/trusted_keys/entry.o

.eh_frame_hdr
 *(SORT_BY_ALIGNMENT(.eh_frame_hdr))
 *(SORT_BY_ALIGNMENT(.eh_frame_entry) SORT_BY_ALIGNMENT(.eh_frame_entry.*))

.eh_frame
 *(SORT_BY_ALIGNMENT(.eh_frame))
 *(SORT_BY_ALIGNMENT(.eh_frame.*))

.gcc_except_table
 *(SORT_BY_ALIGNMENT(.gcc_except_table) SORT_BY_ALIGNMENT(.gcc_except_table.*))

.rodata         0x0000cce0     0x1113
 *(SORT_BY_ALIGNMENT(.gnu.linkonce.r.*))
 *(SORT_BY_ALIGNMENT(.rodata) SORT_BY_ALIGNMENT(.rodata.*))
 .rodata.ta/trusted_keys/entry.c
                0x0000cce0       0x59 /home/dangcaominh/STM32MP1/optee-os/optee-os/../build/optee-programmer-stm32mp157d-dk1/ta/trusted_keys/entry.o
 *fill*         0x0000cd39        0x3 
 .rodata./home/dangcaominh/STM32MP1/optee-os/optee-os/../build/optee-programmer-stm32mp157d-dk1/export-ta_arm32/src/user_ta_header.c
                0x0000cd3c       0x23 /home/dangcaominh/STM32MP1/optee-os/optee-os/../build/optee-programmer-stm32mp157d-dk1/ta/trusted_keys/user_ta_header.o
                0x0000cd3c                ta_num_props
                0x0000cd54                __ta_no_share_heap_size
                0x0000cd58                ta_heap_size
                0x0000cd5c                trace_ext_prefix
 *fill*         0x0000cd5f        0x1 
 .rodata.lib/libutee/tee_api.c
                0x0000cd60       0x10 /home/dangcaominh/STM32MP1/optee-os/optee-os/../build/optee-programmer-stm32mp157d-dk1/export-ta_arm32/lib/libutee.a(tee_api.o)
 .rodata.lib/libutee/tee_api_property.c
                0x0000cd70       0x10 /home/dangcaominh/STM32MP1/optee-os/optee-os/../build/optee-programmer-stm32mp157d-dk1/export-ta_arm32/lib/libutee.a(tee_api_property.o)
 .rodata.lib/libutee/tee_system_pta.c
                0x0000cd80       0x31 /home/dangcaominh/STM32MP1/optee-os/optee-os/../build/optee-programmer-stm32mp157d-dk1/export-ta_arm32/lib/libutee.a(tee_system_pta.o)
 *fill*         0x0000cdb1        0x3 
 .rodata.lib/libmbedtls/mbedtls/library/bignum.c
                0x0000cdb4       0xcc /home/dangcaominh/STM32MP1/optee-os/optee-os/../build/optee-programmer-stm32mp157d-dk1/export-ta_arm32/lib/libmbedtls.a(bignum.o)
 .rodata.str1.1.ta/trusted_keys/entry.c
                0x0000ce80      0xcf1 /home/dangcaominh/STM32MP1/optee-os/optee-os/../build/optee-programmer-stm32mp157d-dk1/ta/trusted_keys/entry.o
                                0x101 (size before relaxing)
 .rodata.str1.1./home/dangcaominh/STM32MP1/optee-os/optee-os/../build/optee-programmer-stm32mp157d-dk1/export-ta_arm32/src/user_ta_header.c
                0x0000db71       0xe5 /home/dangcaominh/STM32MP1/optee-os/optee-os/../build/optee-programmer-stm32mp157d-dk1/ta/trusted_keys/user_ta_header.o
 .rodata.str1.1.lib/libutils/isoc/stack_check.c
                0x0000db71       0x18 /home/dangcaominh/STM32MP1/optee-os/optee-os/../build/optee-programmer-stm32mp157d-dk1/export-ta_arm32/lib/libutils.a(stack_check.o)
 .rodata.str1.1.lib/libutils/ext/trace.c
                0x0000db71       0x1b /home/dangcaominh/STM32MP1/optee-os/optee-os/../build/optee-programmer-stm32mp157d-dk1/export-ta_arm32/lib/libutils.a(trace.o)
 .rodata.lib/libutils/ext/trace.c
                0x0000db71        0x5 /home/dangcaominh/STM32MP1/optee-os/optee-os/../build/optee-programmer-stm32mp157d-dk1/export-ta_arm32/lib/libutils.a(trace.o)
 .rodata.str1.1.lib/libutils/ext/snprintk.c
                0x0000db76       0x38 /home/dangcaominh/STM32MP1/optee-os/optee-os/../build/optee-programmer-stm32mp157d-dk1/export-ta_arm32/lib/libutils.a(snprintk.o)
 .rodata.lib/libutils/ext/snprintk.c
                0x0000db76       0x22 /home/dangcaominh/STM32MP1/optee-os/optee-os/../build/optee-programmer-stm32mp157d-dk1/export-ta_arm32/lib/libutils.a(snprintk.o)
 .rodata.str1.1.lib/libutee/assert.c
                0x0000db98       0x27 /home/dangcaominh/STM32MP1/optee-os/optee-os/../build/optee-programmer-stm32mp157d-dk1/export-ta_arm32/lib/libutee.a(assert.o)
 .rodata.str1.1.lib/libutee/trace_ext.c
                0x0000db98        0x2 /home/dangcaominh/STM32MP1/optee-os/optee-os/../build/optee-programmer-stm32mp157d-dk1/export-ta_arm32/lib/libutee.a(trace_ext.o)
 .rodata.str1.1.lib/libutee/tee_api.c
                0x0000db98       0x11 /home/dangcaominh/STM32MP1/optee-os/optee-os/../build/optee-programmer-stm32mp157d-dk1/export-ta_arm32/lib/libutee.a(tee_api.o)
 .rodata.str1.1.lib/libutee/tee_api_operations.c
                0x0000db98       0x39 /home/dangcaominh/STM32MP1/optee-os/optee-os/../build/optee-programmer-stm32mp157d-dk1/export-ta_arm32/lib/libutee.a(tee_api_operations.o)
 .rodata.lib/libutee/tee_api_operations.c
                0x0000db98       0x12 /home/dangcaominh/STM32MP1/optee-os/optee-os/../build/optee-programmer-stm32mp157d-dk1/export-ta_arm32/lib/libutee.a(tee_api_operations.o)
 .rodata.str1.1.lib/libutee/tee_api_property.c
                0x0000dbaa       0x9c /home/dangcaominh/STM32MP1/optee-os/optee-os/../build/optee-programmer-stm32mp157d-dk1/export-ta_arm32/lib/libutee.a(tee_api_property.o)
 .rodata.str1.1.lib/libutee/tee_system_pta.c
                0x0000dbaa       0x55 /home/dangcaominh/STM32MP1/optee-os/optee-os/../build/optee-programmer-stm32mp157d-dk1/export-ta_arm32/lib/libutee.a(tee_system_pta.o)
 .rodata.str1.1.lib/libutee/user_ta_entry.c
                0x0000dbaa       0x4f /home/dangcaominh/STM32MP1/optee-os/optee-os/../build/optee-programmer-stm32mp157d-dk1/export-ta_arm32/lib/libutee.a(user_ta_entry.o)
 .rodata.lib/libutee/user_ta_entry.c
                0x0000dbaa       0x16 /home/dangcaominh/STM32MP1/optee-os/optee-os/../build/optee-programmer-stm32mp157d-dk1/export-ta_arm32/lib/libutee.a(user_ta_entry.o)
 .rodata.str1.1.lib/libutee/abort.c
                0x0000dbc0        0x7 /home/dangcaominh/STM32MP1/optee-os/optee-os/../build/optee-programmer-stm32mp157d-dk1/export-ta_arm32/lib/libutee.a(abort.o)
 .rodata.lib/libutee/base64.c
                0x0000dbc0       0x41 /home/dangcaominh/STM32MP1/optee-os/optee-os/../build/optee-programmer-stm32mp157d-dk1/export-ta_arm32/lib/libutee.a(base64.o)
 .rodata.str1.1.lib/libutee/tee_api_arith_mpi.c
                0x0000dc01       0xc9 /home/dangcaominh/STM32MP1/optee-os/optee-os/../build/optee-programmer-stm32mp157d-dk1/export-ta_arm32/lib/libutee.a(tee_api_arith_mpi.o)
 .rodata.lib/libutee/tee_api_arith_mpi.c
                0x0000dc01      0x14e /home/dangcaominh/STM32MP1/optee-os/optee-os/../build/optee-programmer-stm32mp157d-dk1/export-ta_arm32/lib/libutee.a(tee_api_arith_mpi.o)
 .rodata.str1.1.lib/libutee/tcb.c
                0x0000dd4f       0x8d /home/dangcaominh/STM32MP1/optee-os/optee-os/../build/optee-programmer-stm32mp157d-dk1/export-ta_arm32/lib/libutee.a(tcb.o)
 .rodata.lib/libutee/tcb.c
                0x0000dd4f       0x20 /home/dangcaominh/STM32MP1/optee-os/optee-os/../build/optee-programmer-stm32mp157d-dk1/export-ta_arm32/lib/libutee.a(tcb.o)
 .rodata.str1.1.lib/libmbedtls/mbedtls/library/bignum.c
                0x0000dd6f      0x45d /home/dangcaominh/STM32MP1/optee-os/optee-os/../build/optee-programmer-stm32mp157d-dk1/export-ta_arm32/lib/libmbedtls.a(bignum.o)
 .rodata.str1.1.lib/libutils/isoc/bget_malloc.c
                0x0000dd6f      0x2c2 /home/dangcaominh/STM32MP1/optee-os/optee-os/../build/optee-programmer-stm32mp157d-dk1/export-ta_arm32/lib/libutils.a(bget_malloc.o)
 .rodata.lib/libutils/isoc/bget_malloc.c
                0x0000dd6f       0x58 /home/dangcaominh/STM32MP1/optee-os/optee-os/../build/optee-programmer-stm32mp157d-dk1/export-ta_arm32/lib/libutils.a(bget_malloc.o)
 .rodata.str1.1.lib/libutils/ext/mempool.c
                0x0000ddc7       0x89 /home/dangcaominh/STM32MP1/optee-os/optee-os/../build/optee-programmer-stm32mp157d-dk1/export-ta_arm32/lib/libutils.a(mempool.o)
 .rodata.lib/libutils/ext/mempool.c
                0x0000ddc7       0x2c /home/dangcaominh/STM32MP1/optee-os/optee-os/../build/optee-programmer-stm32mp157d-dk1/export-ta_arm32/lib/libutils.a(mempool.o)

.gnu.version_d  0x0000ddf4        0x0
 .gnu.version_d
                0x0000ddf4        0x0 /home/dangcaominh/STM32MP1/optee-os/optee-os/../build/optee-programmer-stm32mp157d-dk1/ta/trusted_keys/entry.o

.gnu.version    0x0000ddf4        0x0
 .gnu.version   0x0000ddf4        0x0 /home/dangcaominh/STM32MP1/optee-os/optee-os/../build/optee-programmer-stm32mp157d-dk1/ta/trusted_keys/entry.o

.gnu.version_r  0x0000ddf4        0x0
 .gnu.version_r
                0x0000ddf4        0x0 /home/dangcaominh/STM32MP1/optee-os/optee-os/../build/optee-programmer-stm32mp157d-dk1/ta/trusted_keys/entry.o

.gnu.hash       0x0000ddf4       0x30
 .gnu.hash      0x0000ddf4       0x30 /home/dangcaominh/STM32MP1/optee-os/optee-os/../build/optee-programmer-stm32mp157d-dk1/ta/trusted_keys/entry.o

.ta_head        0x0000de28       0x20
 .ta_head       0x0000de28       0x20 /home/dangcaominh/STM32MP1/optee-os/optee-os/../build/optee-programmer-stm32mp157d-dk1/ta/trusted_keys/user_ta_header.o
                0x0000de28                ta_head

.ARM.extab
 *(SORT_BY_ALIGNMENT(.ARM.extab*) SORT_BY_ALIGNMENT(.gnu.linkonce.armextab.*))
                [!provide]                        PROVIDE (__exidx_start = .)

.ARM.exidx
 *(SORT_BY_ALIGNMENT(.ARM.exidx*) SORT_BY_ALIGNMENT(.gnu.linkonce.armexidx.*))
                [!provide]                        PROVIDE (__exidx_end = .)

.ctors
 *(SORT_BY_ALIGNMENT(.ctors))

.dtors
 *(SORT_BY_ALIGNMENT(.dtors))

.dynsym         0x0000de48       0x70
 *(SORT_BY_ALIGNMENT(.dynsym))
 .dynsym        0x0000de48       0x70 /home/dangcaominh/STM32MP1/optee-os/optee-os/../build/optee-programmer-stm32mp157d-dk1/ta/trusted_keys/entry.o

.dynstr         0x0000deb8       0x36
 *(SORT_BY_ALIGNMENT(.dynstr))
 .dynstr        0x0000deb8       0x36 /home/dangcaominh/STM32MP1/optee-os/optee-os/../build/optee-programmer-stm32mp157d-dk1/ta/trusted_keys/entry.o

.hash           0x0000def0       0x30
 *(SORT_BY_ALIGNMENT(.hash))
 .hash          0x0000def0       0x30 /home/dangcaominh/STM32MP1/optee-os/optee-os/../build/optee-programmer-stm32mp157d-dk1/ta/trusted_keys/entry.o
                0x0000e000                        . = ALIGN (0x1000)

.dynamic        0x0000e000       0x88
 *(SORT_BY_ALIGNMENT(.dynamic))
 .dynamic       0x0000e000       0x88 /home/dangcaominh/STM32MP1/optee-os/optee-os/../build/optee-programmer-stm32mp157d-dk1/ta/trusted_keys/entry.o
                0x0000e000                _DYNAMIC

.tdata
 *(SORT_BY_ALIGNMENT(.tdata) SORT_BY_ALIGNMENT(.tdata.*) SORT_BY_ALIGNMENT(.gnu.linkonce.td.*))

.tbss
 *(SORT_BY_ALIGNMENT(.tbss) SORT_BY_ALIGNMENT(.tbss.*) SORT_BY_ALIGNMENT(.gnu.linkonce.tb.*))
 *(SORT_BY_ALIGNMENT(.tcommon))

.got            0x0000e088       0x68
 *(SORT_BY_ALIGNMENT(.got.plt))
 .got.plt       0x0000e088        0xc /home/dangcaominh/STM32MP1/optee-os/optee-os/../build/optee-programmer-stm32mp157d-dk1/ta/trusted_keys/entry.o
                0x0000e088                _GLOBAL_OFFSET_TABLE_
 *(SORT_BY_ALIGNMENT(.got))
 .got           0x0000e094       0x5c /home/dangcaominh/STM32MP1/optee-os/optee-os/../build/optee-programmer-stm32mp157d-dk1/ta/trusted_keys/entry.o

.rel.text
 *(SORT_BY_ALIGNMENT(.rel.text))
 *(SORT_BY_ALIGNMENT(.rel.gnu.linkonce.t*))

.rela.text
 *(SORT_BY_ALIGNMENT(.rela.text))
 *(SORT_BY_ALIGNMENT(.rela.gnu.linkonce.t*))

.rel.data
 *(SORT_BY_ALIGNMENT(.rel.data))
 *(SORT_BY_ALIGNMENT(.rel.gnu.linkonce.d*))

.rela.data
 *(SORT_BY_ALIGNMENT(.rela.data))
 *(SORT_BY_ALIGNMENT(.rela.gnu.linkonce.d*))

.rel.tdata
 *(SORT_BY_ALIGNMENT(.rel.tdata) SORT_BY_ALIGNMENT(.rel.tdata.*) SORT_BY_ALIGNMENT(.rel.gnu.linkonce.td.*))

.rela.tdata
 *(SORT_BY_ALIGNMENT(.rela.tdata) SORT_BY_ALIGNMENT(.rela.tdata.*) SORT_BY_ALIGNMENT(.rela.gnu.linkonce.td.*))

.rel.tbss
 *(SORT_BY_ALIGNMENT(.rel.tbss) SORT_BY_ALIGNMENT(.rel.tbss.*) SORT_BY_ALIGNMENT(.rel.gnu.linkonce.tb.*))

.rela.tbss
 *(SORT_BY_ALIGNMENT(.rela.tbss) SORT_BY_ALIGNMENT(.rela.tbss.*) SORT_BY_ALIGNMENT(.rela.gnu.linkonce.tb.*))

.rel.rodata
 *(SORT_BY_ALIGNMENT(.rel.rodata))
 *(SORT_BY_ALIGNMENT(.rel.gnu.linkonce.r*))

.rela.rodata
 *(SORT_BY_ALIGNMENT(.rela.rodata))
 *(SORT_BY_ALIGNMENT(.rela.gnu.linkonce.r*))

.rel.dyn        0x0000e0f0      0x108
 *(SORT_BY_ALIGNMENT(.rel.dyn))
 .rel.data.rel.ro
                0x0000e0f0        0x8 /home/dangcaominh/STM32MP1/optee-os/optee-os/../build/optee-programmer-stm32mp157d-dk1/ta/trusted_keys/entry.o
 .rel.iplt      0x0000e0f8        0x0 /home/dangcaominh/STM32MP1/optee-os/optee-os/../build/optee-programmer-stm32mp157d-dk1/ta/trusted_keys/entry.o
 .rel.data.rel.ro.local
                0x0000e0f8       0xe0 /home/dangcaominh/STM32MP1/optee-os/optee-os/../build/optee-programmer-stm32mp157d-dk1/ta/trusted_keys/entry.o
 .rel.data.rel.local
                0x0000e1d8       0x20 /home/dangcaominh/STM32MP1/optee-os/optee-os/../build/optee-programmer-stm32mp157d-dk1/ta/trusted_keys/entry.o

.rel.got        0x0000e1f8       0xb8
 *(SORT_BY_ALIGNMENT(.rel.got))
 .rel.got       0x0000e1f8       0xb8 /home/dangcaominh/STM32MP1/optee-os/optee-os/../build/optee-programmer-stm32mp157d-dk1/ta/trusted_keys/entry.o

.rela.got
 *(SORT_BY_ALIGNMENT(.rela.got))

.rel.ctors
 *(SORT_BY_ALIGNMENT(.rel.ctors))

.rela.ctors
 *(SORT_BY_ALIGNMENT(.rela.ctors))

.rel.dtors
 *(SORT_BY_ALIGNMENT(.rel.dtors))

.rela.dtors
 *(SORT_BY_ALIGNMENT(.rela.dtors))

.rel.init
 *(SORT_BY_ALIGNMENT(.rel.init))

.rela.init
 *(SORT_BY_ALIGNMENT(.rela.init))

.rel.fini
 *(SORT_BY_ALIGNMENT(.rel.fini))

.rela.fini
 *(SORT_BY_ALIGNMENT(.rela.fini))

.rel.bss        0x0000e2b0        0x0
 *(SORT_BY_ALIGNMENT(.rel.bss))
 .rel.bss       0x0000e2b0        0x0 /home/dangcaominh/STM32MP1/optee-os/optee-os/../build/optee-programmer-stm32mp157d-dk1/ta/trusted_keys/entry.o

.rela.bss
 *(SORT_BY_ALIGNMENT(.rela.bss))

.rel.plt        0x0000e2b0        0x0
 *(SORT_BY_ALIGNMENT(.rel.plt))
 .rel.plt       0x0000e2b0        0x0 /home/dangcaominh/STM32MP1/optee-os/optee-os/../build/optee-programmer-stm32mp157d-dk1/ta/trusted_keys/entry.o

.rela.plt
 *(SORT_BY_ALIGNMENT(.rela.plt))

.data           0x0000e2b0      0x120
 *(SORT_BY_ALIGNMENT(.data) SORT_BY_ALIGNMENT(.data.*) SORT_BY_ALIGNMENT(.gnu.linkonce.d.*))
 .data          0x0000e2b0        0x4 /home/dangcaominh/STM32MP1/optee-os/optee-os/../build/optee-programmer-stm32mp157d-dk1/ta/trusted_keys/user_ta_header.o
                0x0000e2b0                trace_level
 .data.rel.ro.local
                0x0000e2b4       0x6c /home/dangcaominh/STM32MP1/optee-os/optee-os/../build/optee-programmer-stm32mp157d-dk1/ta/trusted_keys/user_ta_header.o
                0x0000e2b4                ta_props
 .data          0x0000e320        0x4 /home/dangcaominh/STM32MP1/optee-os/optee-os/../build/optee-programmer-stm32mp157d-dk1/export-ta_arm32/lib/libutils.a(stack_check.o)
                0x0000e320                __stack_chk_guard
 .data.rel.ro.local
                0x0000e324       0x3c /home/dangcaominh/STM32MP1/optee-os/optee-os/../build/optee-programmer-stm32mp157d-dk1/export-ta_arm32/lib/libutee.a(tee_api_property.o)
                0x0000e324                tee_props
 .data.rel.local
                0x0000e360       0x10 /home/dangcaominh/STM32MP1/optee-os/optee-os/../build/optee-programmer-stm32mp157d-dk1/export-ta_arm32/lib/libutee.a(user_ta_entry.o)
 .data.rel.ro   0x0000e370        0x4 /home/dangcaominh/STM32MP1/optee-os/optee-os/../build/optee-programmer-stm32mp157d-dk1/export-ta_arm32/lib/libmbedtls.a(platform_util.o)
 .data.rel.local
                0x0000e374       0x5c /home/dangcaominh/STM32MP1/optee-os/optee-os/../build/optee-programmer-stm32mp157d-dk1/export-ta_arm32/lib/libutils.a(bget_malloc.o)
 .data          0x0000e3d0        0x0 /home/dangcaominh/STM32MP1/optee-os/optee-os/../build/optee-programmer-stm32mp157d-dk1/ta/trusted_keys/entry.o
 .data.rel.ro   0x0000e3d0        0x0 /home/dangcaominh/STM32MP1/optee-os/optee-os/../build/optee-programmer-stm32mp157d-dk1/ta/trusted_keys/entry.o
 .data          0x0000e3d0        0x0 /home/dangcaominh/STM32MP1/optee-os/optee-os/../build/optee-programmer-stm32mp157d-dk1/ta/trusted_keys/ta_entry_a32.o
 .data          0x0000e3d0        0x0 /home/dangcaominh/STM32MP1/optee-os/optee-os/../build/optee-programmer-stm32mp157d-dk1/export-ta_arm32/lib/libutils.a(memcpy.o)
 .data          0x0000e3d0        0x0 /home/dangcaominh/STM32MP1/optee-os/optee-os/../build/optee-programmer-stm32mp157d-dk1/export-ta_arm32/lib/libutils.a(memset.o)
 .data          0x0000e3d0        0x0 /home/dangcaominh/STM32MP1/optee-os/optee-os/../build/optee-programmer-stm32mp157d-dk1/export-ta_arm32/lib/libutils.a(trace.o)
 .data          0x0000e3d0        0x0 /home/dangcaominh/STM32MP1/optee-os/optee-os/../build/optee-programmer-stm32mp157d-dk1/export-ta_arm32/lib/libutils.a(memzero_explicit.o)
 .data          0x0000e3d0        0x0 /home/dangcaominh/STM32MP1/optee-os/optee-os/../build/optee-programmer-stm32mp157d-dk1/export-ta_arm32/lib/libutils.a(snprintk.o)
 .data          0x0000e3d0        0x0 /home/dangcaominh/STM32MP1/optee-os/optee-os/../build/optee-programmer-stm32mp157d-dk1/export-ta_arm32/lib/libutils.a(memchr.o)
 .data          0x0000e3d0        0x0 /home/dangcaominh/STM32MP1/optee-os/optee-os/../build/optee-programmer-stm32mp157d-dk1/export-ta_arm32/lib/libutils.a(strlen.o)
 .data          0x0000e3d0        0x0 /home/dangcaominh/STM32MP1/optee-os/optee-os/../build/optee-programmer-stm32mp157d-dk1/export-ta_arm32/lib/libutils.a(arm32_aeabi_ldivmod_a32.o)
 .data          0x0000e3d0        0x0 /home/dangcaominh/STM32MP1/optee-os/optee-os/../build/optee-programmer-stm32mp157d-dk1/export-ta_arm32/lib/libutils.a(arm32_aeabi_ldivmod.o)
 .data          0x0000e3d0        0x0 /home/dangcaominh/STM32MP1/optee-os/optee-os/../build/optee-programmer-stm32mp157d-dk1/export-ta_arm32/lib/libutee.a(assert.o)
 .data          0x0000e3d0        0x0 /home/dangcaominh/STM32MP1/optee-os/optee-os/../build/optee-programmer-stm32mp157d-dk1/export-ta_arm32/lib/libutee.a(trace_ext.o)
 .data          0x0000e3d0        0x0 /home/dangcaominh/STM32MP1/optee-os/optee-os/../build/optee-programmer-stm32mp157d-dk1/export-ta_arm32/lib/libutee.a(tee_api.o)
 .data          0x0000e3d0        0x0 /home/dangcaominh/STM32MP1/optee-os/optee-os/../build/optee-programmer-stm32mp157d-dk1/export-ta_arm32/lib/libutee.a(tee_api_objects.o)
 .data          0x0000e3d0        0x0 /home/dangcaominh/STM32MP1/optee-os/optee-os/../build/optee-programmer-stm32mp157d-dk1/export-ta_arm32/lib/libutee.a(tee_api_operations.o)
 .data          0x0000e3d0        0x0 /home/dangcaominh/STM32MP1/optee-os/optee-os/../build/optee-programmer-stm32mp157d-dk1/export-ta_arm32/lib/libutee.a(tee_api_panic.o)
 .data          0x0000e3d0        0x0 /home/dangcaominh/STM32MP1/optee-os/optee-os/../build/optee-programmer-stm32mp157d-dk1/export-ta_arm32/lib/libutee.a(tee_api_property.o)
 .data          0x0000e3d0        0x0 /home/dangcaominh/STM32MP1/optee-os/optee-os/../build/optee-programmer-stm32mp157d-dk1/export-ta_arm32/lib/libutee.a(tee_system_pta.o)
 .data          0x0000e3d0        0x0 /home/dangcaominh/STM32MP1/optee-os/optee-os/../build/optee-programmer-stm32mp157d-dk1/export-ta_arm32/lib/libutee.a(user_ta_entry.o)
 .data          0x0000e3d0        0x0 /home/dangcaominh/STM32MP1/optee-os/optee-os/../build/optee-programmer-stm32mp157d-dk1/export-ta_arm32/lib/libutee.a(utee_syscalls_a32.o)
 .data          0x0000e3d0        0x0 /home/dangcaominh/STM32MP1/optee-os/optee-os/../build/optee-programmer-stm32mp157d-dk1/export-ta_arm32/lib/libutee.a(abort.o)
 .data          0x0000e3d0        0x0 /home/dangcaominh/STM32MP1/optee-os/optee-os/../build/optee-programmer-stm32mp157d-dk1/export-ta_arm32/lib/libutee.a(base64.o)
 .data          0x0000e3d0        0x0 /home/dangcaominh/STM32MP1/optee-os/optee-os/../build/optee-programmer-stm32mp157d-dk1/export-ta_arm32/lib/libutee.a(tee_api_arith_mpi.o)
 .data          0x0000e3d0        0x0 /home/dangcaominh/STM32MP1/optee-os/optee-os/../build/optee-programmer-stm32mp157d-dk1/export-ta_arm32/lib/libutee.a(tcb.o)
 .data          0x0000e3d0        0x0 /home/dangcaominh/STM32MP1/optee-os/optee-os/../build/optee-programmer-stm32mp157d-dk1/export-ta_arm32/lib/libmbedtls.a(bignum.o)
 .data          0x0000e3d0        0x0 /home/dangcaominh/STM32MP1/optee-os/optee-os/../build/optee-programmer-stm32mp157d-dk1/export-ta_arm32/lib/libmbedtls.a(bignum_core.o)
 .data          0x0000e3d0        0x0 /home/dangcaominh/STM32MP1/optee-os/optee-os/../build/optee-programmer-stm32mp157d-dk1/export-ta_arm32/lib/libmbedtls.a(constant_time.o)
 .data          0x0000e3d0        0x0 /home/dangcaominh/STM32MP1/optee-os/optee-os/../build/optee-programmer-stm32mp157d-dk1/export-ta_arm32/lib/libmbedtls.a(platform_util.o)
 .data          0x0000e3d0        0x0 /home/dangcaominh/STM32MP1/optee-os/optee-os/../build/optee-programmer-stm32mp157d-dk1/export-ta_arm32/lib/libutils.a(bget_malloc.o)
 .data          0x0000e3d0        0x0 /home/dangcaominh/STM32MP1/optee-os/optee-os/../build/optee-programmer-stm32mp157d-dk1/export-ta_arm32/lib/libutils.a(snprintf.o)
 .data          0x0000e3d0        0x0 /home/dangcaominh/STM32MP1/optee-os/optee-os/../build/optee-programmer-stm32mp157d-dk1/export-ta_arm32/lib/libutils.a(memmove.o)
 .data          0x0000e3d0        0x0 /home/dangcaominh/STM32MP1/optee-os/optee-os/../build/optee-programmer-stm32mp157d-dk1/export-ta_arm32/lib/libutils.a(strcmp.o)
 .data          0x0000e3d0        0x0 /home/dangcaominh/STM32MP1/optee-os/optee-os/../build/optee-programmer-stm32mp157d-dk1/export-ta_arm32/lib/libutils.a(strlcpy.o)
 .data          0x0000e3d0        0x0 /home/dangcaominh/STM32MP1/optee-os/optee-os/../build/optee-programmer-stm32mp157d-dk1/export-ta_arm32/lib/libutils.a(mempool.o)
 .data          0x0000e3d0        0x0 /home/dangcaominh/STM32MP1/optee-os/optee-os/../build/optee-programmer-stm32mp157d-dk1/export-ta_arm32/lib/libutils.a(consttime_memcmp.o)

.igot.plt       0x0000e3d0        0x0
 .igot.plt      0x0000e3d0        0x0 /home/dangcaominh/STM32MP1/optee-os/optee-os/../build/optee-programmer-stm32mp157d-dk1/ta/trusted_keys/entry.o

.bss            0x0000e3d0     0x7860
 *(SORT_BY_ALIGNMENT(.bss) SORT_BY_ALIGNMENT(.bss.*) SORT_BY_ALIGNMENT(.gnu.linkonce.b.*) SORT_BY_ALIGNMENT(COMMON))
 .bss           0x0000e3d0        0x8 /home/dangcaominh/STM32MP1/optee-os/optee-os/../build/optee-programmer-stm32mp157d-dk1/export-ta_arm32/lib/libutee.a(tee_api.o)
 .bss           0x0000e3d8        0x4 /home/dangcaominh/STM32MP1/optee-os/optee-os/../build/optee-programmer-stm32mp157d-dk1/export-ta_arm32/lib/libutee.a(tee_system_pta.o)
 .bss           0x0000e3dc       0x3c /home/dangcaominh/STM32MP1/optee-os/optee-os/../build/optee-programmer-stm32mp157d-dk1/export-ta_arm32/lib/libutee.a(user_ta_entry.o)
                0x0000e3e4                __elf_phdr_info
                0x0000e3f0                __ta_no_share_malloc_ctx
                0x0000e3f4                ta_params
                0x0000e414                ta_param_types
 .bss           0x0000e418     0x3800 /home/dangcaominh/STM32MP1/optee-os/optee-os/../build/optee-programmer-stm32mp157d-dk1/export-ta_arm32/lib/libutee.a(tee_api_arith_mpi.o)
 .bss           0x00011c18        0x8 /home/dangcaominh/STM32MP1/optee-os/optee-os/../build/optee-programmer-stm32mp157d-dk1/export-ta_arm32/lib/libutee.a(tcb.o)
 .bss           0x00011c20        0x4 /home/dangcaominh/STM32MP1/optee-os/optee-os/../build/optee-programmer-stm32mp157d-dk1/export-ta_arm32/lib/libmbedtls.a(bignum.o)
                0x00011c20                mbedtls_mpi_mempool
 .bss           0x00011c24        0x4 /home/dangcaominh/STM32MP1/optee-os/optee-os/../build/optee-programmer-stm32mp157d-dk1/export-ta_arm32/lib/libmbedtls.a(constant_time.o)
                0x00011c24                mbedtls_ct_zero
 .bss           0x00011c28        0x0 /home/dangcaominh/STM32MP1/optee-os/optee-os/../build/optee-programmer-stm32mp157d-dk1/ta/trusted_keys/entry.o
 .bss           0x00011c28     0x4001 /home/dangcaominh/STM32MP1/optee-os/optee-os/../build/optee-programmer-stm32mp157d-dk1/ta/trusted_keys/user_ta_header.o
                0x00011c29                ta_heap
                0x00011c29                __ta_no_share_heap
 .bss           0x00015c29        0x0 /home/dangcaominh/STM32MP1/optee-os/optee-os/../build/optee-programmer-stm32mp157d-dk1/ta/trusted_keys/ta_entry_a32.o
 .bss           0x00015c29        0x0 /home/dangcaominh/STM32MP1/optee-os/optee-os/../build/optee-programmer-stm32mp157d-dk1/export-ta_arm32/lib/libutils.a(stack_check.o)
 .bss           0x00015c29        0x0 /home/dangcaominh/STM32MP1/optee-os/optee-os/../build/optee-programmer-stm32mp157d-dk1/export-ta_arm32/lib/libutils.a(memcpy.o)
 .bss           0x00015c29        0x0 /home/dangcaominh/STM32MP1/optee-os/optee-os/../build/optee-programmer-stm32mp157d-dk1/export-ta_arm32/lib/libutils.a(memset.o)
 .bss           0x00015c29        0x0 /home/dangcaominh/STM32MP1/optee-os/optee-os/../build/optee-programmer-stm32mp157d-dk1/export-ta_arm32/lib/libutils.a(trace.o)
 .bss           0x00015c29        0x0 /home/dangcaominh/STM32MP1/optee-os/optee-os/../build/optee-programmer-stm32mp157d-dk1/export-ta_arm32/lib/libutils.a(memzero_explicit.o)
 .bss           0x00015c29        0x0 /home/dangcaominh/STM32MP1/optee-os/optee-os/../build/optee-programmer-stm32mp157d-dk1/export-ta_arm32/lib/libutils.a(snprintk.o)
 .bss           0x00015c29        0x0 /home/dangcaominh/STM32MP1/optee-os/optee-os/../build/optee-programmer-stm32mp157d-dk1/export-ta_arm32/lib/libutils.a(memchr.o)
 .bss           0x00015c29        0x0 /home/dangcaominh/STM32MP1/optee-os/optee-os/../build/optee-programmer-stm32mp157d-dk1/export-ta_arm32/lib/libutils.a(strlen.o)
 .bss           0x00015c29        0x0 /home/dangcaominh/STM32MP1/optee-os/optee-os/../build/optee-programmer-stm32mp157d-dk1/export-ta_arm32/lib/libutils.a(arm32_aeabi_ldivmod_a32.o)
 .bss           0x00015c29        0x0 /home/dangcaominh/STM32MP1/optee-os/optee-os/../build/optee-programmer-stm32mp157d-dk1/export-ta_arm32/lib/libutils.a(arm32_aeabi_ldivmod.o)
 .bss           0x00015c29        0x0 /home/dangcaominh/STM32MP1/optee-os/optee-os/../build/optee-programmer-stm32mp157d-dk1/export-ta_arm32/lib/libutee.a(assert.o)
 .bss           0x00015c29        0x0 /home/dangcaominh/STM32MP1/optee-os/optee-os/../build/optee-programmer-stm32mp157d-dk1/export-ta_arm32/lib/libutee.a(trace_ext.o)
 .bss           0x00015c29        0x0 /home/dangcaominh/STM32MP1/optee-os/optee-os/../build/optee-programmer-stm32mp157d-dk1/export-ta_arm32/lib/libutee.a(tee_api_objects.o)
 .bss           0x00015c29        0x0 /home/dangcaominh/STM32MP1/optee-os/optee-os/../build/optee-programmer-stm32mp157d-dk1/export-ta_arm32/lib/libutee.a(tee_api_operations.o)
 .bss           0x00015c29        0x0 /home/dangcaominh/STM32MP1/optee-os/optee-os/../build/optee-programmer-stm32mp157d-dk1/export-ta_arm32/lib/libutee.a(tee_api_panic.o)
 .bss           0x00015c29        0x0 /home/dangcaominh/STM32MP1/optee-os/optee-os/../build/optee-programmer-stm32mp157d-dk1/export-ta_arm32/lib/libutee.a(tee_api_property.o)
 .bss           0x00015c29        0x0 /home/dangcaominh/STM32MP1/optee-os/optee-os/../build/optee-programmer-stm32mp157d-dk1/export-ta_arm32/lib/libutee.a(utee_syscalls_a32.o)
 .bss           0x00015c29        0x0 /home/dangcaominh/STM32MP1/optee-os/optee-os/../build/optee-programmer-stm32mp157d-dk1/export-ta_arm32/lib/libutee.a(abort.o)
 .bss           0x00015c29        0x0 /home/dangcaominh/STM32MP1/optee-os/optee-os/../build/optee-programmer-stm32mp157d-dk1/export-ta_arm32/lib/libutee.a(base64.o)
 .bss           0x00015c29        0x0 /home/dangcaominh/STM32MP1/optee-os/optee-os/../build/optee-programmer-stm32mp157d-dk1/export-ta_arm32/lib/libmbedtls.a(bignum_core.o)
 .bss           0x00015c29        0x0 /home/dangcaominh/STM32MP1/optee-os/optee-os/../build/optee-programmer-stm32mp157d-dk1/export-ta_arm32/lib/libmbedtls.a(platform_util.o)
 .bss           0x00015c29        0x0 /home/dangcaominh/STM32MP1/optee-os/optee-os/../build/optee-programmer-stm32mp157d-dk1/export-ta_arm32/lib/libutils.a(bget_malloc.o)
 .bss           0x00015c29        0x0 /home/dangcaominh/STM32MP1/optee-os/optee-os/../build/optee-programmer-stm32mp157d-dk1/export-ta_arm32/lib/libutils.a(snprintf.o)
 .bss           0x00015c29        0x0 /home/dangcaominh/STM32MP1/optee-os/optee-os/../build/optee-programmer-stm32mp157d-dk1/export-ta_arm32/lib/libutils.a(memmove.o)
 .bss           0x00015c29        0x0 /home/dangcaominh/STM32MP1/optee-os/optee-os/../build/optee-programmer-stm32mp157d-dk1/export-ta_arm32/lib/libutils.a(strcmp.o)
 .bss           0x00015c29        0x0 /home/dangcaominh/STM32MP1/optee-os/optee-os/../build/optee-programmer-stm32mp157d-dk1/export-ta_arm32/lib/libutils.a(strlcpy.o)
 .bss           0x00015c29        0x0 /home/dangcaominh/STM32MP1/optee-os/optee-os/../build/optee-programmer-stm32mp157d-dk1/export-ta_arm32/lib/libutils.a(mempool.o)
 .bss           0x00015c29        0x0 /home/dangcaominh/STM32MP1/optee-os/optee-os/../build/optee-programmer-stm32mp157d-dk1/export-ta_arm32/lib/libutils.a(consttime_memcmp.o)
                0x00015c30                        . = ALIGN (0x8)
 *fill*         0x00015c29        0x7 
                0x00015c30                        __ftrace_buf_start = .
                0x00015c30                        . = (. + DEFINED (__gnu_mcount_nc)?0x800:0x0)
                0x00015c30                        __ftrace_buf_end = .

.dynbss         0x00015c30        0x0
 .dynbss        0x00015c30        0x0 /home/dangcaominh/STM32MP1/optee-os/optee-os/../build/optee-programmer-stm32mp157d-dk1/ta/trusted_keys/entry.o

/DISCARD/
 *(SORT_BY_ALIGNMENT(.interp))
LOAD /home/dangcaominh/STM32MP1/optee-os/optee-os/../build/optee-programmer-stm32mp157d-dk1/ta/trusted_keys/entry.o
LOAD /home/dangcaominh/STM32MP1/optee-os/optee-os/../build/optee-programmer-stm32mp157d-dk1/ta/trusted_keys/user_ta_header.o
LOAD /home/dangcaominh/STM32MP1/optee-os/optee-os/../build/optee-programmer-stm32mp157d-dk1/ta/trusted_keys/ta_entry_a32.o
START GROUP
LOAD /home/dangcaominh/STM32MP1/optee-os/optee-os/../build/optee-programmer-stm32mp157d-dk1/export-ta_arm32/lib/libutils.a
LOAD /home/dangcaominh/STM32MP1/optee-os/optee-os/../build/optee-programmer-stm32mp157d-dk1/export-ta_arm32/lib/libutee.a
LOAD /home/dangcaominh/STM32MP1/optee-os/optee-os/../build/optee-programmer-stm32mp157d-dk1/export-ta_arm32/lib/libmbedtls.a
END GROUP
LOAD /opt/st/stm32mp1/5.0.8-openstlinux-6.6-yocto-scarthgap-mpu-v25.06.11/sysroots/cortexa7t2hf-neon-vfpv4-ostl-linux-gnueabi/lib/arm-ostl-linux-gnueabi/13.3.0/libgcc.a
OUTPUT(/home/dangcaominh/STM32MP1/optee-os/optee-os/../build/optee-programmer-stm32mp157d-dk1/ta/trusted_keys/f04a0fe7-1f5d-4b9b-abf7-619b85b4ce8c.elf elf32-littlearm)
LOAD linker stubs

.debug_info     0x00000000    0x22432
 .debug_info    0x00000000     0x137a /home/dangcaominh/STM32MP1/optee-os/optee-os/../build/optee-programmer-stm32mp157d-dk1/ta/trusted_keys/entry.o
 .debug_info    0x0000137a      0x4e2 /home/dangcaominh/STM32MP1/optee-os/optee-os/../build/optee-programmer-stm32mp157d-dk1/ta/trusted_keys/user_ta_header.o
 .debug_info    0x0000185c       0x31 /home/dangcaominh/STM32MP1/optee-os/optee-os/../build/optee-programmer-stm32mp157d-dk1/ta/trusted_keys/ta_entry_a32.o
 .debug_info    0x0000188d      0x121 /home/dangcaominh/STM32MP1/optee-os/optee-os/../build/optee-programmer-stm32mp157d-dk1/export-ta_arm32/lib/libutils.a(stack_check.o)
 .debug_info    0x000019ae      0x127 /home/dangcaominh/STM32MP1/optee-os/optee-os/../build/optee-programmer-stm32mp157d-dk1/export-ta_arm32/lib/libutils.a(memcpy.o)
 .debug_info    0x00001ad5       0xbc /home/dangcaominh/STM32MP1/optee-os/optee-os/../build/optee-programmer-stm32mp157d-dk1/export-ta_arm32/lib/libutils.a(memset.o)
 .debug_info    0x00001b91      0x5be /home/dangcaominh/STM32MP1/optee-os/optee-os/../build/optee-programmer-stm32mp157d-dk1/export-ta_arm32/lib/libutils.a(trace.o)
 .debug_info    0x0000214f      0x11d /home/dangcaominh/STM32MP1/optee-os/optee-os/../build/optee-programmer-stm32mp157d-dk1/export-ta_arm32/lib/libutils.a(memzero_explicit.o)
 .debug_info    0x0000226c      0x857 /home/dangcaominh/STM32MP1/optee-os/optee-os/../build/optee-programmer-stm32mp157d-dk1/export-ta_arm32/lib/libutils.a(snprintk.o)
 .debug_info    0x00002ac3       0xe8 /home/dangcaominh/STM32MP1/optee-os/optee-os/../build/optee-programmer-stm32mp157d-dk1/export-ta_arm32/lib/libutils.a(memchr.o)
 .debug_info    0x00002bab       0xaf /home/dangcaominh/STM32MP1/optee-os/optee-os/../build/optee-programmer-stm32mp157d-dk1/export-ta_arm32/lib/libutils.a(strlen.o)
 .debug_info    0x00002c5a       0x3b /home/dangcaominh/STM32MP1/optee-os/optee-os/../build/optee-programmer-stm32mp157d-dk1/export-ta_arm32/lib/libutils.a(arm32_aeabi_ldivmod_a32.o)
 .debug_info    0x00002c95      0x2f3 /home/dangcaominh/STM32MP1/optee-os/optee-os/../build/optee-programmer-stm32mp157d-dk1/export-ta_arm32/lib/libutils.a(arm32_aeabi_ldivmod.o)
 .debug_info    0x00002f88      0x1ab /home/dangcaominh/STM32MP1/optee-os/optee-os/../build/optee-programmer-stm32mp157d-dk1/export-ta_arm32/lib/libutee.a(assert.o)
 .debug_info    0x00003133      0x320 /home/dangcaominh/STM32MP1/optee-os/optee-os/../build/optee-programmer-stm32mp157d-dk1/export-ta_arm32/lib/libutee.a(trace_ext.o)
 .debug_info    0x00003453     0x24b8 /home/dangcaominh/STM32MP1/optee-os/optee-os/../build/optee-programmer-stm32mp157d-dk1/export-ta_arm32/lib/libutee.a(tee_api.o)
 .debug_info    0x0000590b     0x2ccc /home/dangcaominh/STM32MP1/optee-os/optee-os/../build/optee-programmer-stm32mp157d-dk1/export-ta_arm32/lib/libutee.a(tee_api_objects.o)
 .debug_info    0x000085d7     0x4df5 /home/dangcaominh/STM32MP1/optee-os/optee-os/../build/optee-programmer-stm32mp157d-dk1/export-ta_arm32/lib/libutee.a(tee_api_operations.o)
 .debug_info    0x0000d3cc      0x83e /home/dangcaominh/STM32MP1/optee-os/optee-os/../build/optee-programmer-stm32mp157d-dk1/export-ta_arm32/lib/libutee.a(tee_api_panic.o)
 .debug_info    0x0000dc0a     0x174a /home/dangcaominh/STM32MP1/optee-os/optee-os/../build/optee-programmer-stm32mp157d-dk1/export-ta_arm32/lib/libutee.a(tee_api_property.o)
 .debug_info    0x0000f354      0x74c /home/dangcaominh/STM32MP1/optee-os/optee-os/../build/optee-programmer-stm32mp157d-dk1/export-ta_arm32/lib/libutee.a(tee_system_pta.o)
 .debug_info    0x0000faa0     0x14ce /home/dangcaominh/STM32MP1/optee-os/optee-os/../build/optee-programmer-stm32mp157d-dk1/export-ta_arm32/lib/libutee.a(user_ta_entry.o)
 .debug_info    0x00010f6e      0x2d1 /home/dangcaominh/STM32MP1/optee-os/optee-os/../build/optee-programmer-stm32mp157d-dk1/export-ta_arm32/lib/libutee.a(utee_syscalls_a32.o)
 .debug_info    0x0001123f       0xd2 /home/dangcaominh/STM32MP1/optee-os/optee-os/../build/optee-programmer-stm32mp157d-dk1/export-ta_arm32/lib/libutee.a(abort.o)
 .debug_info    0x00011311      0x321 /home/dangcaominh/STM32MP1/optee-os/optee-os/../build/optee-programmer-stm32mp157d-dk1/export-ta_arm32/lib/libutee.a(base64.o)
 .debug_info    0x00011632     0x48f7 /home/dangcaominh/STM32MP1/optee-os/optee-os/../build/optee-programmer-stm32mp157d-dk1/export-ta_arm32/lib/libutee.a(tee_api_arith_mpi.o)
 .debug_info    0x00015f29      0x742 /home/dangcaominh/STM32MP1/optee-os/optee-os/../build/optee-programmer-stm32mp157d-dk1/export-ta_arm32/lib/libutee.a(tcb.o)
 .debug_info    0x0001666b     0x5098 /home/dangcaominh/STM32MP1/optee-os/optee-os/../build/optee-programmer-stm32mp157d-dk1/export-ta_arm32/lib/libmbedtls.a(bignum.o)
 .debug_info    0x0001b703     0x2d9a /home/dangcaominh/STM32MP1/optee-os/optee-os/../build/optee-programmer-stm32mp157d-dk1/export-ta_arm32/lib/libmbedtls.a(bignum_core.o)
 .debug_info    0x0001e49d      0xba5 /home/dangcaominh/STM32MP1/optee-os/optee-os/../build/optee-programmer-stm32mp157d-dk1/export-ta_arm32/lib/libmbedtls.a(constant_time.o)
 .debug_info    0x0001f042      0x23c /home/dangcaominh/STM32MP1/optee-os/optee-os/../build/optee-programmer-stm32mp157d-dk1/export-ta_arm32/lib/libmbedtls.a(platform_util.o)
 .debug_info    0x0001f27e     0x2540 /home/dangcaominh/STM32MP1/optee-os/optee-os/../build/optee-programmer-stm32mp157d-dk1/export-ta_arm32/lib/libutils.a(bget_malloc.o)
 .debug_info    0x000217be      0x22b /home/dangcaominh/STM32MP1/optee-os/optee-os/../build/optee-programmer-stm32mp157d-dk1/export-ta_arm32/lib/libutils.a(snprintf.o)
 .debug_info    0x000219e9       0xeb /home/dangcaominh/STM32MP1/optee-os/optee-os/../build/optee-programmer-stm32mp157d-dk1/export-ta_arm32/lib/libutils.a(memmove.o)
 .debug_info    0x00021ad4       0x9d /home/dangcaominh/STM32MP1/optee-os/optee-os/../build/optee-programmer-stm32mp157d-dk1/export-ta_arm32/lib/libutils.a(strcmp.o)
 .debug_info    0x00021b71      0x11a /home/dangcaominh/STM32MP1/optee-os/optee-os/../build/optee-programmer-stm32mp157d-dk1/export-ta_arm32/lib/libutils.a(strlcpy.o)
 .debug_info    0x00021c8b      0x688 /home/dangcaominh/STM32MP1/optee-os/optee-os/../build/optee-programmer-stm32mp157d-dk1/export-ta_arm32/lib/libutils.a(mempool.o)
 .debug_info    0x00022313      0x11f /home/dangcaominh/STM32MP1/optee-os/optee-os/../build/optee-programmer-stm32mp157d-dk1/export-ta_arm32/lib/libutils.a(consttime_memcmp.o)

.debug_abbrev   0x00000000     0x5430
 .debug_abbrev  0x00000000      0x411 /home/dangcaominh/STM32MP1/optee-os/optee-os/../build/optee-programmer-stm32mp157d-dk1/ta/trusted_keys/entry.o
 .debug_abbrev  0x00000411      0x1fb /home/dangcaominh/STM32MP1/optee-os/optee-os/../build/optee-programmer-stm32mp157d-dk1/ta/trusted_keys/user_ta_header.o
 .debug_abbrev  0x0000060c       0x28 /home/dangcaominh/STM32MP1/optee-os/optee-os/../build/optee-programmer-stm32mp157d-dk1/ta/trusted_keys/ta_entry_a32.o
 .debug_abbrev  0x00000634       0xb1 /home/dangcaominh/STM32MP1/optee-os/optee-os/../build/optee-programmer-stm32mp157d-dk1/export-ta_arm32/lib/libutils.a(stack_check.o)
 .debug_abbrev  0x000006e5       0xc6 /home/dangcaominh/STM32MP1/optee-os/optee-os/../build/optee-programmer-stm32mp157d-dk1/export-ta_arm32/lib/libutils.a(memcpy.o)
 .debug_abbrev  0x000007ab       0xa3 /home/dangcaominh/STM32MP1/optee-os/optee-os/../build/optee-programmer-stm32mp157d-dk1/export-ta_arm32/lib/libutils.a(memset.o)
 .debug_abbrev  0x0000084e      0x2b7 /home/dangcaominh/STM32MP1/optee-os/optee-os/../build/optee-programmer-stm32mp157d-dk1/export-ta_arm32/lib/libutils.a(trace.o)
 .debug_abbrev  0x00000b05       0xf2 /home/dangcaominh/STM32MP1/optee-os/optee-os/../build/optee-programmer-stm32mp157d-dk1/export-ta_arm32/lib/libutils.a(memzero_explicit.o)
 .debug_abbrev  0x00000bf7      0x2e5 /home/dangcaominh/STM32MP1/optee-os/optee-os/../build/optee-programmer-stm32mp157d-dk1/export-ta_arm32/lib/libutils.a(snprintk.o)
 .debug_abbrev  0x00000edc       0xb4 /home/dangcaominh/STM32MP1/optee-os/optee-os/../build/optee-programmer-stm32mp157d-dk1/export-ta_arm32/lib/libutils.a(memchr.o)
 .debug_abbrev  0x00000f90       0x90 /home/dangcaominh/STM32MP1/optee-os/optee-os/../build/optee-programmer-stm32mp157d-dk1/export-ta_arm32/lib/libutils.a(strlen.o)
 .debug_abbrev  0x00001020       0x26 /home/dangcaominh/STM32MP1/optee-os/optee-os/../build/optee-programmer-stm32mp157d-dk1/export-ta_arm32/lib/libutils.a(arm32_aeabi_ldivmod_a32.o)
 .debug_abbrev  0x00001046      0x190 /home/dangcaominh/STM32MP1/optee-os/optee-os/../build/optee-programmer-stm32mp157d-dk1/export-ta_arm32/lib/libutils.a(arm32_aeabi_ldivmod.o)
 .debug_abbrev  0x000011d6       0xbc /home/dangcaominh/STM32MP1/optee-os/optee-os/../build/optee-programmer-stm32mp157d-dk1/export-ta_arm32/lib/libutee.a(assert.o)
 .debug_abbrev  0x00001292      0x1bb /home/dangcaominh/STM32MP1/optee-os/optee-os/../build/optee-programmer-stm32mp157d-dk1/export-ta_arm32/lib/libutee.a(trace_ext.o)
 .debug_abbrev  0x0000144d      0x517 /home/dangcaominh/STM32MP1/optee-os/optee-os/../build/optee-programmer-stm32mp157d-dk1/export-ta_arm32/lib/libutee.a(tee_api.o)
 .debug_abbrev  0x00001964      0x3a9 /home/dangcaominh/STM32MP1/optee-os/optee-os/../build/optee-programmer-stm32mp157d-dk1/export-ta_arm32/lib/libutee.a(tee_api_objects.o)
 .debug_abbrev  0x00001d0d      0x4dd /home/dangcaominh/STM32MP1/optee-os/optee-os/../build/optee-programmer-stm32mp157d-dk1/export-ta_arm32/lib/libutee.a(tee_api_operations.o)
 .debug_abbrev  0x000021ea      0x21f /home/dangcaominh/STM32MP1/optee-os/optee-os/../build/optee-programmer-stm32mp157d-dk1/export-ta_arm32/lib/libutee.a(tee_api_panic.o)
 .debug_abbrev  0x00002409      0x352 /home/dangcaominh/STM32MP1/optee-os/optee-os/../build/optee-programmer-stm32mp157d-dk1/export-ta_arm32/lib/libutee.a(tee_api_property.o)
 .debug_abbrev  0x0000275b      0x28c /home/dangcaominh/STM32MP1/optee-os/optee-os/../build/optee-programmer-stm32mp157d-dk1/export-ta_arm32/lib/libutee.a(tee_system_pta.o)
 .debug_abbrev  0x000029e7      0x592 /home/dangcaominh/STM32MP1/optee-os/optee-os/../build/optee-programmer-stm32mp157d-dk1/export-ta_arm32/lib/libutee.a(user_ta_entry.o)
 .debug_abbrev  0x00002f79       0x26 /home/dangcaominh/STM32MP1/optee-os/optee-os/../build/optee-programmer-stm32mp157d-dk1/export-ta_arm32/lib/libutee.a(utee_syscalls_a32.o)
 .debug_abbrev  0x00002f9f       0x92 /home/dangcaominh/STM32MP1/optee-os/optee-os/../build/optee-programmer-stm32mp157d-dk1/export-ta_arm32/lib/libutee.a(abort.o)
 .debug_abbrev  0x00003031      0x194 /home/dangcaominh/STM32MP1/optee-os/optee-os/../build/optee-programmer-stm32mp157d-dk1/export-ta_arm32/lib/libutee.a(base64.o)
 .debug_abbrev  0x000031c5      0x577 /home/dangcaominh/STM32MP1/optee-os/optee-os/../build/optee-programmer-stm32mp157d-dk1/export-ta_arm32/lib/libutee.a(tee_api_arith_mpi.o)
 .debug_abbrev  0x0000373c      0x289 /home/dangcaominh/STM32MP1/optee-os/optee-os/../build/optee-programmer-stm32mp157d-dk1/export-ta_arm32/lib/libutee.a(tcb.o)
 .debug_abbrev  0x000039c5      0x595 /home/dangcaominh/STM32MP1/optee-os/optee-os/../build/optee-programmer-stm32mp157d-dk1/export-ta_arm32/lib/libmbedtls.a(bignum.o)
 .debug_abbrev  0x00003f5a      0x55a /home/dangcaominh/STM32MP1/optee-os/optee-os/../build/optee-programmer-stm32mp157d-dk1/export-ta_arm32/lib/libmbedtls.a(bignum_core.o)
 .debug_abbrev  0x000044b4      0x344 /home/dangcaominh/STM32MP1/optee-os/optee-os/../build/optee-programmer-stm32mp157d-dk1/export-ta_arm32/lib/libmbedtls.a(constant_time.o)
 .debug_abbrev  0x000047f8      0x155 /home/dangcaominh/STM32MP1/optee-os/optee-os/../build/optee-programmer-stm32mp157d-dk1/export-ta_arm32/lib/libmbedtls.a(platform_util.o)
 .debug_abbrev  0x0000494d      0x487 /home/dangcaominh/STM32MP1/optee-os/optee-os/../build/optee-programmer-stm32mp157d-dk1/export-ta_arm32/lib/libutils.a(bget_malloc.o)
 .debug_abbrev  0x00004dd4      0x144 /home/dangcaominh/STM32MP1/optee-os/optee-os/../build/optee-programmer-stm32mp157d-dk1/export-ta_arm32/lib/libutils.a(snprintf.o)
 .debug_abbrev  0x00004f18       0xb1 /home/dangcaominh/STM32MP1/optee-os/optee-os/../build/optee-programmer-stm32mp157d-dk1/export-ta_arm32/lib/libutils.a(memmove.o)
 .debug_abbrev  0x00004fc9       0x6f /home/dangcaominh/STM32MP1/optee-os/optee-os/../build/optee-programmer-stm32mp157d-dk1/export-ta_arm32/lib/libutils.a(strcmp.o)
 .debug_abbrev  0x00005038       0xa5 /home/dangcaominh/STM32MP1/optee-os/optee-os/../build/optee-programmer-stm32mp157d-dk1/export-ta_arm32/lib/libutils.a(strlcpy.o)
 .debug_abbrev  0x000050dd      0x2a2 /home/dangcaominh/STM32MP1/optee-os/optee-os/../build/optee-programmer-stm32mp157d-dk1/export-ta_arm32/lib/libutils.a(mempool.o)
 .debug_abbrev  0x0000537f       0xb1 /home/dangcaominh/STM32MP1/optee-os/optee-os/../build/optee-programmer-stm32mp157d-dk1/export-ta_arm32/lib/libutils.a(consttime_memcmp.o)

.debug_loclists
                0x00000000    0x14e75
 .debug_loclists
                0x00000000      0x77b /home/dangcaominh/STM32MP1/optee-os/optee-os/../build/optee-programmer-stm32mp157d-dk1/ta/trusted_keys/entry.o
 .debug_loclists
                0x0000077b       0x62 /home/dangcaominh/STM32MP1/optee-os/optee-os/../build/optee-programmer-stm32mp157d-dk1/ta/trusted_keys/user_ta_header.o
 .debug_loclists
                0x000007dd      0x14b /home/dangcaominh/STM32MP1/optee-os/optee-os/../build/optee-programmer-stm32mp157d-dk1/export-ta_arm32/lib/libutils.a(memcpy.o)
 .debug_loclists
                0x00000928       0x43 /home/dangcaominh/STM32MP1/optee-os/optee-os/../build/optee-programmer-stm32mp157d-dk1/export-ta_arm32/lib/libutils.a(memset.o)
 .debug_loclists
                0x0000096b      0x2b8 /home/dangcaominh/STM32MP1/optee-os/optee-os/../build/optee-programmer-stm32mp157d-dk1/export-ta_arm32/lib/libutils.a(trace.o)
 .debug_loclists
                0x00000c23       0x43 /home/dangcaominh/STM32MP1/optee-os/optee-os/../build/optee-programmer-stm32mp157d-dk1/export-ta_arm32/lib/libutils.a(memzero_explicit.o)
 .debug_loclists
                0x00000c66      0xad3 /home/dangcaominh/STM32MP1/optee-os/optee-os/../build/optee-programmer-stm32mp157d-dk1/export-ta_arm32/lib/libutils.a(snprintk.o)
 .debug_loclists
                0x00001739       0xf0 /home/dangcaominh/STM32MP1/optee-os/optee-os/../build/optee-programmer-stm32mp157d-dk1/export-ta_arm32/lib/libutils.a(memchr.o)
 .debug_loclists
                0x00001829       0x33 /home/dangcaominh/STM32MP1/optee-os/optee-os/../build/optee-programmer-stm32mp157d-dk1/export-ta_arm32/lib/libutils.a(strlen.o)
 .debug_loclists
                0x0000185c      0x28e /home/dangcaominh/STM32MP1/optee-os/optee-os/../build/optee-programmer-stm32mp157d-dk1/export-ta_arm32/lib/libutils.a(arm32_aeabi_ldivmod.o)
 .debug_loclists
                0x00001aea       0x8c /home/dangcaominh/STM32MP1/optee-os/optee-os/../build/optee-programmer-stm32mp157d-dk1/export-ta_arm32/lib/libutee.a(assert.o)
 .debug_loclists
                0x00001b76       0x8b /home/dangcaominh/STM32MP1/optee-os/optee-os/../build/optee-programmer-stm32mp157d-dk1/export-ta_arm32/lib/libutee.a(trace_ext.o)
 .debug_loclists
                0x00001c01     0x11de /home/dangcaominh/STM32MP1/optee-os/optee-os/../build/optee-programmer-stm32mp157d-dk1/export-ta_arm32/lib/libutee.a(tee_api.o)
 .debug_loclists
                0x00002ddf     0x17eb /home/dangcaominh/STM32MP1/optee-os/optee-os/../build/optee-programmer-stm32mp157d-dk1/export-ta_arm32/lib/libutee.a(tee_api_objects.o)
 .debug_loclists
                0x000045ca     0x3b9c /home/dangcaominh/STM32MP1/optee-os/optee-os/../build/optee-programmer-stm32mp157d-dk1/export-ta_arm32/lib/libutee.a(tee_api_operations.o)
 .debug_loclists
                0x00008166      0x352 /home/dangcaominh/STM32MP1/optee-os/optee-os/../build/optee-programmer-stm32mp157d-dk1/export-ta_arm32/lib/libutee.a(tee_api_panic.o)
 .debug_loclists
                0x000084b8      0xdcb /home/dangcaominh/STM32MP1/optee-os/optee-os/../build/optee-programmer-stm32mp157d-dk1/export-ta_arm32/lib/libutee.a(tee_api_property.o)
 .debug_loclists