/home/dangcaominh/STM32MP1/u-boot/stm32mp1-u-boot/drivers/adc/stm32-adc.c:142:13:stm32_adc_enter_pwr_down	8	static
/home/dangcaominh/STM32MP1/u-boot/stm32mp1-u-boot/drivers/adc/stm32-adc.c:187:12:stm32_adc_stop	16	static
/home/dangcaominh/STM32MP1/u-boot/stm32mp1-u-boot/drivers/adc/stm32-adc.c:253:12:stm32_adc_channel_data	48	static
/home/dangcaominh/STM32MP1/u-boot/stm32mp1-u-boot/drivers/adc/stm32-adc.c:198:12:stm32_adc_enable	40	static
/home/dangcaominh/STM32MP1/u-boot/stm32mp1-u-boot/drivers/adc/stm32-adc.c:153:12:stm32_adc_exit_pwr_down	40	static
/home/dangcaominh/STM32MP1/u-boot/stm32mp1-u-boot/drivers/adc/stm32-adc.c:215:12:stm32_adc_start_channel	24	static
/home/dangcaominh/STM32MP1/u-boot/stm32mp1-u-boot/drivers/adc/stm32-adc.c:348:12:stm32mp25_adc_calfact_data	56	static
/home/dangcaominh/STM32MP1/u-boot/stm32mp1-u-boot/drivers/adc/stm32-adc.c:631:12:stm32mp25_adc_calib	64	static
/home/dangcaominh/STM32MP1/u-boot/stm32mp1-u-boot/drivers/adc/stm32-adc.c:552:12:stm32_adc_selfcalib	88	static
/home/dangcaominh/STM32MP1/u-boot/stm32mp1-u-boot/drivers/adc/stm32-adc.c:766:12:stm32_adc_probe	144	static
