/home/dangcaominh/STM32MP1/u-boot/stm32mp1-u-boot/lib/efi_loader/efi_firmware.c:133:21:efi_firmware_set_package_info_unsupported	8	static
/home/dangcaominh/STM32MP1/u-boot/stm32mp1-u-boot/lib/efi_loader/efi_firmware.c:116:21:efi_firmware_get_package_info_unsupported	8	static
/home/dangcaominh/STM32MP1/u-boot/stm32mp1-u-boot/lib/efi_loader/efi_firmware.c:101:21:efi_firmware_check_image_unsupported	8	static
/home/dangcaominh/STM32MP1/u-boot/stm32mp1-u-boot/lib/efi_loader/efi_firmware.c:88:21:efi_firmware_get_image_unsupported	8	static
/home/dangcaominh/STM32MP1/u-boot/stm32mp1-u-boot/lib/efi_loader/efi_firmware.c:155:13:efi_firmware_get_lsv_from_dtb	64	static
/home/dangcaominh/STM32MP1/u-boot/stm32mp1-u-boot/lib/efi_loader/efi_firmware.c:480:21:efi_firmware_get_image_info	88	static
/home/dangcaominh/STM32MP1/u-boot/stm32mp1-u-boot/lib/efi_loader/efi_firmware.c:72:13:efi_firmware_get_image_type_id.constprop	8	static
/home/dangcaominh/STM32MP1/u-boot/stm32mp1-u-boot/lib/efi_loader/efi_firmware.c:540:21:efi_firmware_fit_set_image	88	static
/home/dangcaominh/STM32MP1/u-boot/stm32mp1-u-boot/lib/efi_loader/efi_firmware.c:58:13:set_dfu_alt_info	0	static
