/home/dangcaominh/STM32MP1/u-boot/stm32mp1-u-boot/lib/efi_loader/efi_device_path_to_text.c:31:13:efi_str_to_u16	24	static
/home/dangcaominh/STM32MP1/u-boot/stm32mp1-u-boot/lib/efi_loader/efi_device_path_to_text.c:45:14:dp_unknown.isra	8	static
/home/dangcaominh/STM32MP1/u-boot/stm32mp1-u-boot/lib/efi_loader/efi_device_path_to_text.c:341:14:efi_convert_single_device_node_to_text	80	static
/home/dangcaominh/STM32MP1/u-boot/stm32mp1-u-boot/lib/efi_loader/efi_device_path_to_text.c:415:25:efi_convert_device_path_to_text	1048	static
/home/dangcaominh/STM32MP1/u-boot/stm32mp1-u-boot/lib/efi_loader/efi_device_path_to_text.c:382:25:efi_convert_device_node_to_text	520	static
/home/dangcaominh/STM32MP1/u-boot/stm32mp1-u-boot/lib/efi_loader/efi_device_path_to_text.c:451:11:efi_dp_str	8	static
