/home/dangcaominh/STM32MP1/u-boot/stm32mp1-u-boot/lib/efi_loader/efi_boottime.c:681:21:efi_is_event	0	static
/home/dangcaominh/STM32MP1/u-boot/stm32mp1-u-boot/lib/efi_loader/efi_boottime.c:175:20:indent_string	16	static
/home/dangcaominh/STM32MP1/u-boot/stm32mp1-u-boot/lib/efi_loader/efi_boottime.c:216:21:efi_purge_handle.part.0	32	static
/home/dangcaominh/STM32MP1/u-boot/stm32mp1-u-boot/lib/efi_loader/efi_boottime.c:111:5:__efi_entry_check	8	static
/home/dangcaominh/STM32MP1/u-boot/stm32mp1-u-boot/lib/efi_loader/efi_boottime.c:123:5:__efi_exit_check	8	static
/home/dangcaominh/STM32MP1/u-boot/stm32mp1-u-boot/lib/efi_loader/efi_boottime.c:243:13:efi_process_event_queue	24	static
/home/dangcaominh/STM32MP1/u-boot/stm32mp1-u-boot/lib/efi_loader/efi_boottime.c:275:13:efi_queue_event	8	static
/home/dangcaominh/STM32MP1/u-boot/stm32mp1-u-boot/lib/efi_loader/efi_boottime.c:1483:21:efi_register_protocol_notify	24	static
/home/dangcaominh/STM32MP1/u-boot/stm32mp1-u-boot/lib/efi_loader/efi_boottime.c:2993:20:efi_set_mem	16	static
/home/dangcaominh/STM32MP1/u-boot/stm32mp1-u-boot/lib/efi_loader/efi_boottime.c:2974:20:efi_copy_mem	16	static
/home/dangcaominh/STM32MP1/u-boot/stm32mp1-u-boot/lib/efi_loader/efi_boottime.c:2947:28:efi_calculate_crc32	16	static
/home/dangcaominh/STM32MP1/u-boot/stm32mp1-u-boot/lib/efi_loader/efi_boottime.c:2341:28:efi_set_watchdog_timer	8	static
/home/dangcaominh/STM32MP1/u-boot/stm32mp1-u-boot/lib/efi_loader/efi_boottime.c:2287:28:efi_get_next_monotonic_count	16	static
/home/dangcaominh/STM32MP1/u-boot/stm32mp1-u-boot/lib/efi_loader/efi_boottime.c:1038:28:efi_close_event	40	static
/home/dangcaominh/STM32MP1/u-boot/stm32mp1-u-boot/lib/efi_loader/efi_boottime.c:526:28:efi_free_pool_ext	8	static
/home/dangcaominh/STM32MP1/u-boot/stm32mp1-u-boot/lib/efi_loader/efi_boottime.c:504:28:efi_allocate_pool_ext	16	static
/home/dangcaominh/STM32MP1/u-boot/stm32mp1-u-boot/lib/efi_loader/efi_boottime.c:475:28:efi_get_memory_map_ext	24	static
/home/dangcaominh/STM32MP1/u-boot/stm32mp1-u-boot/lib/efi_loader/efi_boottime.c:449:28:efi_free_pages_ext	16	static
/home/dangcaominh/STM32MP1/u-boot/stm32mp1-u-boot/lib/efi_loader/efi_boottime.c:426:28:efi_allocate_pages_ext	16	static
/home/dangcaominh/STM32MP1/u-boot/stm32mp1-u-boot/lib/efi_loader/efi_boottime.c:369:29:efi_raise_tpl	16	static
/home/dangcaominh/STM32MP1/u-boot/stm32mp1-u-boot/lib/efi_loader/efi_boottime.c:141:6:efi_save_gd	0	static
/home/dangcaominh/STM32MP1/u-boot/stm32mp1-u-boot/lib/efi_loader/efi_boottime.c:155:6:efi_restore_gd	8	static
/home/dangcaominh/STM32MP1/u-boot/stm32mp1-u-boot/lib/efi_loader/efi_boottime.c:184:13:__efi_nesting	0	static
/home/dangcaominh/STM32MP1/u-boot/stm32mp1-u-boot/lib/efi_loader/efi_boottime.c:189:13:__efi_nesting_inc	0	static
/home/dangcaominh/STM32MP1/u-boot/stm32mp1-u-boot/lib/efi_loader/efi_boottime.c:194:13:__efi_nesting_dec	0	static
/home/dangcaominh/STM32MP1/u-boot/stm32mp1-u-boot/lib/efi_loader/efi_boottime.c:329:6:efi_signal_event	24	static
/home/dangcaominh/STM32MP1/u-boot/stm32mp1-u-boot/lib/efi_loader/efi_boottime.c:2180:28:efi_exit_boot_services	24	static
/home/dangcaominh/STM32MP1/u-boot/stm32mp1-u-boot/lib/efi_loader/efi_boottime.c:1018:28:efi_signal_event_ext	8	static
/home/dangcaominh/STM32MP1/u-boot/stm32mp1-u-boot/lib/efi_loader/efi_boottime.c:543:6:efi_add_handle	0	static
/home/dangcaominh/STM32MP1/u-boot/stm32mp1-u-boot/lib/efi_loader/efi_boottime.c:557:14:efi_create_handle	8	static
/home/dangcaominh/STM32MP1/u-boot/stm32mp1-u-boot/lib/efi_loader/efi_boottime.c:711:14:efi_create_event	40	static
/home/dangcaominh/STM32MP1/u-boot/stm32mp1-u-boot/lib/efi_loader/efi_boottime.c:788:21:efi_create_event_ex	24	static
/home/dangcaominh/STM32MP1/u-boot/stm32mp1-u-boot/lib/efi_loader/efi_boottime.c:833:28:efi_create_event_ext	24	static
/home/dangcaominh/STM32MP1/u-boot/stm32mp1-u-boot/lib/efi_loader/efi_boottime.c:855:6:efi_timer_check	24	static
/home/dangcaominh/STM32MP1/u-boot/stm32mp1-u-boot/lib/efi_loader/efi_boottime.c:2314:28:efi_stall	16	static
/home/dangcaominh/STM32MP1/u-boot/stm32mp1-u-boot/lib/efi_loader/efi_boottime.c:1085:28:efi_check_event	16	static
/home/dangcaominh/STM32MP1/u-boot/stm32mp1-u-boot/lib/efi_loader/efi_boottime.c:959:28:efi_wait_for_event	24	static
/home/dangcaominh/STM32MP1/u-boot/stm32mp1-u-boot/lib/efi_loader/efi_boottime.c:394:20:efi_restore_tpl	8	static
/home/dangcaominh/STM32MP1/u-boot/stm32mp1-u-boot/lib/efi_loader/efi_boottime.c:893:14:efi_set_timer	24	static
/home/dangcaominh/STM32MP1/u-boot/stm32mp1-u-boot/lib/efi_loader/efi_boottime.c:938:28:efi_set_timer_ext	16	static
/home/dangcaominh/STM32MP1/u-boot/stm32mp1-u-boot/lib/efi_loader/efi_boottime.c:1107:20:efi_search_obj	0	static
/home/dangcaominh/STM32MP1/u-boot/stm32mp1-u-boot/lib/efi_loader/efi_boottime.c:579:14:efi_search_protocol	24	static
/home/dangcaominh/STM32MP1/u-boot/stm32mp1-u-boot/lib/efi_loader/efi_boottime.c:2624:28:efi_locate_protocol	32	static
/home/dangcaominh/STM32MP1/u-boot/stm32mp1-u-boot/lib/efi_loader/efi_boottime.c:2439:28:efi_open_protocol_information	40	static
/home/dangcaominh/STM32MP1/u-boot/stm32mp1-u-boot/lib/efi_loader/efi_boottime.c:1577:21:efi_locate_handle	32	static
/home/dangcaominh/STM32MP1/u-boot/stm32mp1-u-boot/lib/efi_loader/efi_boottime.c:1668:28:efi_locate_handle_ext	24	static
/home/dangcaominh/STM32MP1/u-boot/stm32mp1-u-boot/lib/efi_loader/efi_boottime.c:2502:28:efi_protocols_per_handle	24	static
/home/dangcaominh/STM32MP1/u-boot/stm32mp1-u-boot/lib/efi_loader/efi_boottime.c:1164:14:efi_add_protocol	32	static
/home/dangcaominh/STM32MP1/u-boot/stm32mp1-u-boot/lib/efi_loader/efi_boottime.c:1225:28:efi_install_protocol_interface	24	static
/home/dangcaominh/STM32MP1/u-boot/stm32mp1-u-boot/lib/efi_loader/efi_boottime.c:1707:14:efi_install_configuration_table	32	static
/home/dangcaominh/STM32MP1/u-boot/stm32mp1-u-boot/lib/efi_loader/efi_boottime.c:1768:8:efi_install_configuration_table_ext	8	static
/home/dangcaominh/STM32MP1/u-boot/stm32mp1-u-boot/lib/efi_loader/efi_boottime.c:2366:14:efi_close_protocol	32	static
/home/dangcaominh/STM32MP1/u-boot/stm32mp1-u-boot/lib/efi_loader/efi_boottime.c:2409:1:efi_close_protocol_ext	16	static
/home/dangcaominh/STM32MP1/u-boot/stm32mp1-u-boot/lib/efi_loader/efi_boottime.c:2551:14:efi_locate_handle_buffer_int	40	static
/home/dangcaominh/STM32MP1/u-boot/stm32mp1-u-boot/lib/efi_loader/efi_boottime.c:2595:21:efi_locate_handle_buffer	24	static
/home/dangcaominh/STM32MP1/u-boot/stm32mp1-u-boot/lib/efi_loader/efi_boottime.c:1871:21:efi_locate_device_path	64	static
/home/dangcaominh/STM32MP1/u-boot/stm32mp1-u-boot/lib/efi_loader/efi_boottime.c:3010:14:efi_protocol_open	32	static
/home/dangcaominh/STM32MP1/u-boot/stm32mp1-u-boot/lib/efi_loader/efi_boottime.c:3128:28:efi_open_protocol	40	static
/home/dangcaominh/STM32MP1/u-boot/stm32mp1-u-boot/lib/efi_loader/efi_boottime.c:3560:21:efi_bind_controller	40	static
/home/dangcaominh/STM32MP1/u-boot/stm32mp1-u-boot/lib/efi_loader/efi_boottime.c:3678:28:efi_connect_controller	56	static
/home/dangcaominh/STM32MP1/u-boot/stm32mp1-u-boot/lib/efi_loader/efi_boottime.c:3857:28:efi_disconnect_controller	56	static
/home/dangcaominh/STM32MP1/u-boot/stm32mp1-u-boot/lib/efi_loader/efi_boottime.c:1337:21:efi_disconnect_all_drivers	32	static
/home/dangcaominh/STM32MP1/u-boot/stm32mp1-u-boot/lib/efi_loader/efi_boottime.c:1393:21:efi_uninstall_protocol	48	static
/home/dangcaominh/STM32MP1/u-boot/stm32mp1-u-boot/lib/efi_loader/efi_boottime.c:662:14:efi_delete_handle	40	static
/home/dangcaominh/STM32MP1/u-boot/stm32mp1-u-boot/lib/efi_loader/efi_boottime.c:1790:14:efi_setup_loaded_image	32	static
/home/dangcaominh/STM32MP1/u-boot/stm32mp1-u-boot/lib/efi_loader/efi_boottime.c:2086:21:efi_load_image	80	static
/home/dangcaominh/STM32MP1/u-boot/stm32mp1-u-boot/lib/efi_loader/efi_boottime.c:3297:21:efi_delete_image.isra	24	static
/home/dangcaominh/STM32MP1/u-boot/stm32mp1-u-boot/lib/efi_loader/efi_boottime.c:1454:28:efi_uninstall_protocol_interface	16	static
/home/dangcaominh/STM32MP1/u-boot/stm32mp1-u-boot/lib/efi_loader/efi_boottime.c:2694:1:efi_install_multiple_protocol_interfaces_int	48	static
/home/dangcaominh/STM32MP1/u-boot/stm32mp1-u-boot/lib/efi_loader/efi_boottime.c:2766:1:efi_install_multiple_protocol_interfaces	16	static
/home/dangcaominh/STM32MP1/u-boot/stm32mp1-u-boot/lib/efi_loader/efi_boottime.c:2792:1:efi_install_multiple_protocol_interfaces_ext	16	static
/home/dangcaominh/STM32MP1/u-boot/stm32mp1-u-boot/lib/efi_loader/efi_boottime.c:2817:1:efi_uninstall_multiple_protocol_interfaces_int	40	static
/home/dangcaominh/STM32MP1/u-boot/stm32mp1-u-boot/lib/efi_loader/efi_boottime.c:2896:1:efi_uninstall_multiple_protocol_interfaces	16	static
/home/dangcaominh/STM32MP1/u-boot/stm32mp1-u-boot/lib/efi_loader/efi_boottime.c:2922:1:efi_uninstall_multiple_protocol_interfaces_ext	16	static
/home/dangcaominh/STM32MP1/u-boot/stm32mp1-u-boot/lib/efi_loader/efi_boottime.c:3746:28:efi_reinstall_protocol_interface	24	static
/home/dangcaominh/STM32MP1/u-boot/stm32mp1-u-boot/lib/efi_loader/efi_boottime.c:3200:21:efi_start_image	88	static
/home/dangcaominh/STM32MP1/u-boot/stm32mp1-u-boot/lib/efi_loader/efi_boottime.c:3349:21:efi_unload_image	32	static
/home/dangcaominh/STM32MP1/u-boot/stm32mp1-u-boot/lib/efi_loader/efi_boottime.c:3544:21:efi_handle_protocol	16	static
/home/dangcaominh/STM32MP1/u-boot/stm32mp1-u-boot/lib/efi_loader/efi_boottime.c:3443:28:efi_exit	40	static
/home/dangcaominh/STM32MP1/u-boot/stm32mp1-u-boot/lib/efi_loader/efi_boottime.c:4019:14:efi_initialize_system_table	16	static
