/home/dangcaominh/STM32MP1/u-boot/stm32mp1-u-boot/lib/efi_loader/efi_image_loader.c:291:12:cmp_pe_section	0	static
/home/dangcaominh/STM32MP1/u-boot/stm32mp1-u-boot/lib/efi_loader/efi_image_loader.c:190:13:efi_set_code_and_data_type	24	static
/home/dangcaominh/STM32MP1/u-boot/stm32mp1-u-boot/lib/efi_loader/efi_image_loader.c:88:6:efi_print_image_infos	32	static
/home/dangcaominh/STM32MP1/u-boot/stm32mp1-u-boot/lib/efi_loader/efi_image_loader.c:177:13:invalidate_icache_all	0	static
/home/dangcaominh/STM32MP1/u-boot/stm32mp1-u-boot/lib/efi_loader/efi_image_loader.c:234:14:efi_image_region_add	48	static
/home/dangcaominh/STM32MP1/u-boot/stm32mp1-u-boot/lib/efi_loader/efi_image_loader.c:316:7:efi_prepare_aligned_image	24	static
/home/dangcaominh/STM32MP1/u-boot/stm32mp1-u-boot/lib/efi_loader/efi_image_loader.c:353:6:efi_image_parse	88	static
/home/dangcaominh/STM32MP1/u-boot/stm32mp1-u-boot/lib/efi_loader/efi_image_loader.c:779:14:efi_check_pe	8	static
/home/dangcaominh/STM32MP1/u-boot/stm32mp1-u-boot/lib/efi_loader/efi_image_loader.c:839:14:efi_load_pe	160	static
