/home/dangcaominh/STM32MP1/u-boot/u-boot/lib/efi_loader/efi_capsule.c:416:36:fwu_to_efi_error	0	static
/home/dangcaominh/STM32MP1/u-boot/u-boot/lib/efi_loader/efi_capsule.c:408:28:fwu_empty_capsule	8	static
/home/dangcaominh/STM32MP1/u-boot/u-boot/lib/efi_loader/efi_capsule.c:548:21:efi_capsule_update_firmware	152	static
/home/dangcaominh/STM32MP1/u-boot/u-boot/lib/efi_loader/efi_capsule.c:48:36:get_capsule_index	64	static
/home/dangcaominh/STM32MP1/u-boot/u-boot/lib/efi_loader/efi_capsule.c:865:21:get_dp_device	64	static
/home/dangcaominh/STM32MP1/u-boot/u-boot/lib/efi_loader/efi_capsule.c:912:13:device_is_present_and_system_part	16	static
/home/dangcaominh/STM32MP1/u-boot/u-boot/lib/efi_loader/efi_capsule.c:735:21:efi_update_capsule	40	static
/home/dangcaominh/STM32MP1/u-boot/u-boot/lib/efi_loader/efi_capsule.c:794:21:efi_query_capsule_caps	16	static
/home/dangcaominh/STM32MP1/u-boot/u-boot/lib/efi_loader/efi_capsule.c:831:21:efi_load_capsule_drivers	16	static
/home/dangcaominh/STM32MP1/u-boot/u-boot/lib/efi_loader/efi_capsule.c:1304:14:efi_launch_capsules	176	static
