/home/dangcaominh/STM32MP1/u-boot/stm32mp1-u-boot/drivers/firmware/psci.c:223:28:do_psci_probe	16	static
/home/dangcaominh/STM32MP1/u-boot/stm32mp1-u-boot/drivers/firmware/psci.c:191:12:psci_probe	16	static
/home/dangcaominh/STM32MP1/u-boot/stm32mp1-u-boot/drivers/firmware/psci.c:170:12:psci_bind	8	static
/home/dangcaominh/STM32MP1/u-boot/stm32mp1-u-boot/drivers/firmware/psci.c:50:29:invoke_psci_fn	56	static
/home/dangcaominh/STM32MP1/u-boot/stm32mp1-u-boot/drivers/firmware/psci.c:262:6:psci_sys_reset	8	static
/home/dangcaominh/STM32MP1/u-boot/stm32mp1-u-boot/drivers/firmware/psci.c:282:6:psci_sys_poweroff	8	static
/home/dangcaominh/STM32MP1/u-boot/stm32mp1-u-boot/drivers/firmware/psci.c:290:5:do_poweroff	16	static
