/home/dangcaominh/STM32MP1/u-boot/stm32mp1-u-boot/drivers/block/blkcache.c:71:5:blkcache_read	40	static
/home/dangcaominh/STM32MP1/u-boot/stm32mp1-u-boot/drivers/block/blkcache.c:92:6:blkcache_fill	48	static
/home/dangcaominh/STM32MP1/u-boot/stm32mp1-u-boot/drivers/block/blkcache.c:146:6:blkcache_invalidate	32	static
/home/dangcaominh/STM32MP1/u-boot/stm32mp1-u-boot/drivers/block/blkcache.c:163:6:blkcache_configure	16	static
/home/dangcaominh/STM32MP1/u-boot/stm32mp1-u-boot/drivers/block/blkcache.c:177:6:blkcache_stats	8	static
/home/dangcaominh/STM32MP1/u-boot/stm32mp1-u-boot/drivers/block/blkcache.c:184:6:blkcache_free	0	static
