/home/dangcaominh/STM32MP1/u-boot/u-boot/drivers/mtd/nand/spi/gigadevice.c:51:12:gd5fxgqxxexxg_ooblayout_ecc	0	static
/home/dangcaominh/STM32MP1/u-boot/u-boot/drivers/mtd/nand/spi/gigadevice.c:63:12:gd5fxgqxxexxg_ooblayout_free	0	static
/home/dangcaominh/STM32MP1/u-boot/u-boot/drivers/mtd/nand/spi/gigadevice.c:118:12:gd5fxgq5xexxg_ecc_get_status	72	static
/home/dangcaominh/STM32MP1/u-boot/u-boot/drivers/mtd/nand/spi/gigadevice.c:76:12:gd5fxgq4xexxg_ecc_get_status	72	static
/home/dangcaominh/STM32MP1/u-boot/u-boot/drivers/mtd/nand/spi/gigadevice.c:181:12:gigadevice_spinand_detect	8	static
