/home/dangcaominh/STM32MP1/u-boot/stm32mp1-u-boot/drivers/mtd/nand/spi/micron.c:51:12:micron_8_ooblayout_ecc	0	static
/home/dangcaominh/STM32MP1/u-boot/stm32mp1-u-boot/drivers/mtd/nand/spi/micron.c:63:12:micron_8_ooblayout_free	0	static
/home/dangcaominh/STM32MP1/u-boot/stm32mp1-u-boot/drivers/mtd/nand/spi/micron.c:95:12:micron_8_ecc_get_status	0	static
/home/dangcaominh/STM32MP1/u-boot/stm32mp1-u-boot/drivers/mtd/nand/spi/micron.c:81:12:micron_select_target	64	static
/home/dangcaominh/STM32MP1/u-boot/stm32mp1-u-boot/drivers/mtd/nand/spi/micron.c:237:12:micron_spinand_init	0	static
/home/dangcaominh/STM32MP1/u-boot/stm32mp1-u-boot/drivers/mtd/nand/spi/micron.c:217:12:micron_spinand_detect	8	static
