/home/dangcaominh/STM32MP1/u-boot/stm32mp1-u-boot/drivers/mtd/nand/spi/winbond.c:38:12:w25m02gv_ooblayout_ecc	0	static
/home/dangcaominh/STM32MP1/u-boot/stm32mp1-u-boot/drivers/mtd/nand/spi/winbond.c:50:12:w25m02gv_ooblayout_free	0	static
/home/dangcaominh/STM32MP1/u-boot/stm32mp1-u-boot/drivers/mtd/nand/spi/winbond.c:126:12:winbond_spinand_init	16	static
/home/dangcaominh/STM32MP1/u-boot/stm32mp1-u-boot/drivers/mtd/nand/spi/winbond.c:67:12:w25m02gv_select_target	64	static
/home/dangcaominh/STM32MP1/u-boot/stm32mp1-u-boot/drivers/mtd/nand/spi/winbond.c:106:12:winbond_spinand_detect	8	static
