Archive member included to satisfy reference by file (symbol)

/home/dangcaominh/STM32MP1/atf/stm32mp1_atf/../build/opteemin-nand-stm32mp157d-ev1/lib/libfdt.a(fdt.o)
                              /home/dangcaominh/STM32MP1/atf/stm32mp1_atf/../build/opteemin-nand-stm32mp157d-ev1/bl2/fconf.o (fdt_check_header)
/home/dangcaominh/STM32MP1/atf/stm32mp1_atf/../build/opteemin-nand-stm32mp157d-ev1/lib/libfdt.a(fdt_addresses.o)
                              /home/dangcaominh/STM32MP1/atf/stm32mp1_atf/../build/opteemin-nand-stm32mp157d-ev1/bl2/fdt_wrappers.o (fdt_address_cells)
/home/dangcaominh/STM32MP1/atf/stm32mp1_atf/../build/opteemin-nand-stm32mp157d-ev1/lib/libfdt.a(fdt_ro.o)
                              /home/dangcaominh/STM32MP1/atf/stm32mp1_atf/../build/opteemin-nand-stm32mp157d-ev1/bl2/fdt_wrappers.o (fdt_get_name)
/home/dangcaominh/STM32MP1/atf/stm32mp1_atf/../build/opteemin-nand-stm32mp157d-ev1/lib/libfdt.a(fdt_rw.o)
                              /home/dangcaominh/STM32MP1/atf/stm32mp1_atf/../build/opteemin-nand-stm32mp157d-ev1/lib/libfdt.a(fdt_addresses.o) (fdt_appendprop)
/home/dangcaominh/STM32MP1/atf/stm32mp1_atf/../build/opteemin-nand-stm32mp157d-ev1/lib/libfdt.a(fdt_strerror.o)
                              /home/dangcaominh/STM32MP1/atf/stm32mp1_atf/../build/opteemin-nand-stm32mp157d-ev1/bl2/fdt_wrappers.o (fdt_strerror)
/home/dangcaominh/STM32MP1/atf/stm32mp1_atf/../build/opteemin-nand-stm32mp157d-ev1/lib/libfdt.a(fdt_wip.o)
                              /home/dangcaominh/STM32MP1/atf/stm32mp1_atf/../build/opteemin-nand-stm32mp157d-ev1/bl2/fdt_wrappers.o (fdt_setprop_inplace_namelen_partial)
/home/dangcaominh/STM32MP1/atf/stm32mp1_atf/../build/opteemin-nand-stm32mp157d-ev1/lib/libc.a(assert.o)
                              /home/dangcaominh/STM32MP1/atf/stm32mp1_atf/../build/opteemin-nand-stm32mp157d-ev1/bl2/bl2_image_load_v2.o (__assert)
/home/dangcaominh/STM32MP1/atf/stm32mp1_atf/../build/opteemin-nand-stm32mp157d-ev1/lib/libc.a(memchr.o)
                              /home/dangcaominh/STM32MP1/atf/stm32mp1_atf/../build/opteemin-nand-stm32mp157d-ev1/lib/libfdt.a(fdt_ro.o) (memchr)
/home/dangcaominh/STM32MP1/atf/stm32mp1_atf/../build/opteemin-nand-stm32mp157d-ev1/lib/libc.a(memcmp.o)
                              /home/dangcaominh/STM32MP1/atf/stm32mp1_atf/../build/opteemin-nand-stm32mp157d-ev1/bl2/uuid.o (memcmp)
/home/dangcaominh/STM32MP1/atf/stm32mp1_atf/../build/opteemin-nand-stm32mp157d-ev1/lib/libc.a(memcpy.o)
                              /home/dangcaominh/STM32MP1/atf/stm32mp1_atf/../build/opteemin-nand-stm32mp157d-ev1/bl2/fdt_wrappers.o (memcpy)
/home/dangcaominh/STM32MP1/atf/stm32mp1_atf/../build/opteemin-nand-stm32mp157d-ev1/lib/libc.a(memmove.o)
                              /home/dangcaominh/STM32MP1/atf/stm32mp1_atf/../build/opteemin-nand-stm32mp157d-ev1/bl2/xlat_tables_core.o (memmove)
/home/dangcaominh/STM32MP1/atf/stm32mp1_atf/../build/opteemin-nand-stm32mp157d-ev1/lib/libc.a(memset.o)
                              /home/dangcaominh/STM32MP1/atf/stm32mp1_atf/../build/opteemin-nand-stm32mp157d-ev1/bl2/uuid.o (memset)
/home/dangcaominh/STM32MP1/atf/stm32mp1_atf/../build/opteemin-nand-stm32mp157d-ev1/lib/libc.a(printf.o)
                              /home/dangcaominh/STM32MP1/atf/stm32mp1_atf/../build/opteemin-nand-stm32mp157d-ev1/bl2/tf_log.o (vprintf)
/home/dangcaominh/STM32MP1/atf/stm32mp1_atf/../build/opteemin-nand-stm32mp157d-ev1/lib/libc.a(snprintf.o)
                              /home/dangcaominh/STM32MP1/atf/stm32mp1_atf/../build/opteemin-nand-stm32mp157d-ev1/bl2/stm32mp1_clk.o (snprintf)
/home/dangcaominh/STM32MP1/atf/stm32mp1_atf/../build/opteemin-nand-stm32mp157d-ev1/lib/libc.a(strchr.o)
                              /home/dangcaominh/STM32MP1/atf/stm32mp1_atf/../build/opteemin-nand-stm32mp157d-ev1/bl2/fdt_wrappers.o (strchr)
/home/dangcaominh/STM32MP1/atf/stm32mp1_atf/../build/opteemin-nand-stm32mp157d-ev1/lib/libc.a(strcmp.o)
                              /home/dangcaominh/STM32MP1/atf/stm32mp1_atf/../build/opteemin-nand-stm32mp157d-ev1/bl2/stm32mp_pmic.o (strcmp)
/home/dangcaominh/STM32MP1/atf/stm32mp1_atf/../build/opteemin-nand-stm32mp157d-ev1/lib/libc.a(strlcpy.o)
                              /home/dangcaominh/STM32MP1/atf/stm32mp1_atf/../build/opteemin-nand-stm32mp157d-ev1/bl2/fdt_wrappers.o (strlcpy)
/home/dangcaominh/STM32MP1/atf/stm32mp1_atf/../build/opteemin-nand-stm32mp157d-ev1/lib/libc.a(strlen.o)
                              /home/dangcaominh/STM32MP1/atf/stm32mp1_atf/../build/opteemin-nand-stm32mp157d-ev1/bl2/fdt_wrappers.o (strlen)
/home/dangcaominh/STM32MP1/atf/stm32mp1_atf/../build/opteemin-nand-stm32mp157d-ev1/lib/libc.a(strncmp.o)
                              /home/dangcaominh/STM32MP1/atf/stm32mp1_atf/../build/opteemin-nand-stm32mp157d-ev1/bl2/fdt_wrappers.o (strncmp)
/home/dangcaominh/STM32MP1/atf/stm32mp1_atf/../build/opteemin-nand-stm32mp157d-ev1/lib/libc.a(strnlen.o)
[...]
Memory Configuration

Name             Origin             Length             Attributes
RAM              0x2ffe9000         0x00016000         xrw
*default*        0x00000000         0xffffffff

Linker script and memory map

                0x2ffe9000                        RAM_REGION_START = ORIGIN (RAM)
                0x00016000                        RAM_REGION_LENGTH = LENGTH (RAM)
                0x2ffe9000                        . = 0x2ffe9000
                0x00000001                        ASSERT ((. == ALIGN (0x1000)), BL2_BASE address is not aligned on a page boundary.)

.ro             0x2ffe9000    0x11000
                0x2ffe9000                        __RO_START__ = .
                0x2ffe9000                        __TEXT_RESIDENT_START__ = .
 *bl2_el3_entrypoint.o(SORT_BY_ALIGNMENT(.text*))
 .text.asm.bl2_entrypoint
                0x2ffe9000      0x160 /home/dangcaominh/STM32MP1/atf/stm32mp1_atf/../build/opteemin-nand-stm32mp157d-ev1/bl2/bl2_el3_entrypoint.o
                0x2ffe9000                bl2_entrypoint
 *(SORT_BY_ALIGNMENT(.text.asm.*))
 .text.asm.bl2_run_next_image
                0x2ffe9160       0x48 /home/dangcaominh/STM32MP1/atf/stm32mp1_atf/../build/opteemin-nand-stm32mp157d-ev1/bl2/bl2_run_next_image.o
                0x2ffe9160                bl2_run_next_image
 .text.asm.asm_assert
                0x2ffe91a8       0x7c /home/dangcaominh/STM32MP1/atf/stm32mp1_atf/../build/opteemin-nand-stm32mp157d-ev1/bl2/debug.o
                0x2ffe91a8                asm_assert
 .text.asm.asm_print_str
                0x2ffe9224       0x1c /home/dangcaominh/STM32MP1/atf/stm32mp1_atf/../build/opteemin-nand-stm32mp157d-ev1/bl2/debug.o
                0x2ffe9224                asm_print_str
 .text.asm.asm_print_hex
                0x2ffe9240       0x34 /home/dangcaominh/STM32MP1/atf/stm32mp1_atf/../build/opteemin-nand-stm32mp157d-ev1/bl2/debug.o
                0x2ffe9240                asm_print_hex
                0x2ffe9244                asm_print_hex_bits
 .text.asm.el3_panic
                0x2ffe9274       0x3c /home/dangcaominh/STM32MP1/atf/stm32mp1_atf/../build/opteemin-nand-stm32mp157d-ev1/bl2/debug.o
                0x2ffe9274                el3_panic
 .text.asm.report_exception
                0x2ffe92b0       0x14 /home/dangcaominh/STM32MP1/atf/stm32mp1_atf/../build/opteemin-nand-stm32mp157d-ev1/bl2/debug.o
                0x2ffe92b0                report_exception
 .text.asm.report_prefetch_abort
                0x2ffe92c4       0x10 /home/dangcaominh/STM32MP1/atf/stm32mp1_atf/../build/opteemin-nand-stm32mp157d-ev1/bl2/debug.o
                0x2ffe92c4                report_prefetch_abort
 .text.asm.report_data_abort
                0x2ffe92d4       0x10 /home/dangcaominh/STM32MP1/atf/stm32mp1_atf/../build/opteemin-nand-stm32mp157d-ev1/bl2/debug.o
                0x2ffe92d4                report_data_abort
 .text.asm.console_stm32_core_init
                0x2ffe92e4       0xac /home/dangcaominh/STM32MP1/atf/stm32mp1_atf/../build/opteemin-nand-stm32mp157d-ev1/bl2/stm32_console.o
                0x2ffe92e4                console_stm32_core_init
 .text.asm.console_stm32_register
                0x2ffe9390       0x50 /home/dangcaominh/STM32MP1/atf/stm32mp1_atf/../build/opteemin-nand-stm32mp157d-ev1/bl2/stm32_console.o
                0x2ffe9390                console_stm32_register
 .text.asm.console_stm32_core_putc
                0x2ffe93e0       0x24 /home/dangcaominh/STM32MP1/atf/stm32mp1_atf/../build/opteemin-nand-stm32mp157d-ev1/bl2/stm32_console.o
                0x2ffe93e0                console_stm32_core_putc
 .text.asm.console_stm32_putc
                0x2ffe9404       0x20 /home/dangcaominh/STM32MP1/atf/stm32mp1_atf/../build/opteemin-nand-stm32mp157d-ev1/bl2/stm32_console.o
                0x2ffe9404                console_stm32_putc
 .text.asm.console_stm32_core_flush
                0x2ffe9424       0x34 /home/dangcaominh/STM32MP1/atf/stm32mp1_atf/../build/opteemin-nand-stm32mp157d-ev1/bl2/stm32_console.o
                0x2ffe9424                console_stm32_core_flush
 .text.asm.console_stm32_flush
                0x2ffe9458       0x20 /home/dangcaominh/STM32MP1/atf/stm32mp1_atf/../build/opteemin-nand-stm32mp157d-ev1/bl2/stm32_console.o
                0x2ffe9458                console_stm32_flush
 .text.asm.flush_dcache_range
                0x2ffe9478       0x3c /home/dangcaominh/STM32MP1/atf/stm32mp1_atf/../build/opteemin-nand-stm32mp157d-ev1/bl2/cache_helpers.o
                0x2ffe9478                flush_dcache_range
 .text.asm.clean_dcache_range
                0x2ffe94b4       0x3c /home/dangcaominh/STM32MP1/atf/stm32mp1_atf/../build/opteemin-nand-stm32mp157d-ev1/bl2/cache_helpers.o
                0x2ffe94b4                clean_dcache_range
 .text.asm.inv_dcache_range
                0x2ffe94f0       0x3c /home/dangcaominh/STM32MP1/atf/stm32mp1_atf/../build/opteemin-nand-stm32mp157d-ev1/bl2/cache_helpers.o
                0x2ffe94f0                inv_dcache_range
 .text.asm.do_dcsw_op
                0x2ffe952c       0xc8 /home/dangcaominh/STM32MP1/atf/stm32mp1_atf/../build/opteemin-nand-stm32mp157d-ev1/bl2/cache_helpers.o
 .text.asm.dcsw_op_all
                0x2ffe95f4       0x14 /home/dangcaominh/STM32MP1/atf/stm32mp1_atf/../build/opteemin-nand-stm32mp157d-ev1/bl2/cache_helpers.o
                0x2ffe95f4                dcsw_op_all
 .text.asm.zeromem
                0x2ffe9608       0x64 /home/dangcaominh/STM32MP1/atf/stm32mp1_atf/../build/opteemin-nand-stm32mp157d-ev1/bl2/misc_helpers.o
                0x2ffe9608                zeromem
                0x2ffe9608                zero_normalmem
 .text.asm.disable_mmu_secure
                0x2ffe966c       0x1c /home/dangcaominh/STM32MP1/atf/stm32mp1_atf/../build/opteemin-nand-stm32mp157d-ev1/bl2/misc_helpers.o
                0x2ffe966c                disable_mmu_secure
 .text.asm.disable_mmu_icache_secure
                0x2ffe9688        0xc /home/dangcaominh/STM32MP1/atf/stm32mp1_atf/../build/opteemin-nand-stm32mp157d-ev1/bl2/misc_helpers.o
                0x2ffe9688                disable_mmu_icache_secure
 .text.asm.cortex_a7_enable_smp
                0x2ffe9694       0x14 /home/dangcaominh/STM32MP1/atf/stm32mp1_atf/../build/opteemin-nand-stm32mp157d-ev1/bl2/cortex_a7.o
 .text.asm.cortex_a7_reset_func
                0x2ffe96a8        0x4 /home/dangcaominh/STM32MP1/atf/stm32mp1_atf/../build/opteemin-nand-stm32mp157d-ev1/bl2/cortex_a7.o
 .text.asm.reset_handler
                0x2ffe96ac       0x38 /home/dangcaominh/STM32MP1/atf/stm32mp1_atf/../build/opteemin-nand-stm32mp157d-ev1/bl2/cpu_helpers.o
                0x2ffe96ac                reset_handler
 .text.asm.get_cpu_ops_ptr
                0x2ffe96e4       0x5c /home/dangcaominh/STM32MP1/atf/stm32mp1_atf/../build/opteemin-nand-stm32mp157d-ev1/bl2/cpu_helpers.o
                0x2ffe96e4                get_cpu_ops_ptr
 .text.asm.spin_lock
                0x2ffe9740       0x24 /home/dangcaominh/STM32MP1/atf/stm32mp1_atf/../build/opteemin-nand-stm32mp157d-ev1/bl2/spinlock.o
                0x2ffe9740                spin_lock
 .text.asm.spin_unlock
                0x2ffe9764       0x18 /home/dangcaominh/STM32MP1/atf/stm32mp1_atf/../build/opteemin-nand-stm32mp157d-ev1/bl2/spinlock.o
                0x2ffe9764                spin_unlock
 .text.asm.enable_mmu_direct_svc_mon
                0x2ffe977c       0x80 /home/dangcaominh/STM32MP1/atf/stm32mp1_atf/../build/opteemin-nand-stm32mp157d-ev1/bl2/enable_mmu.o
                0x2ffe977c                enable_mmu_direct_svc_mon
 .text.asm.plat_set_my_stack
                0x2ffe97fc       0x10 /home/dangcaominh/STM32MP1/atf/stm32mp1_atf/../build/opteemin-nand-stm32mp157d-ev1/bl2/platform_up_stack.o
                0x2ffe97fc                plat_set_my_stack
 .text.asm.stm32_pwr_down_wfi_wrapper
                0x2ffe980c       0x88 /home/dangcaominh/STM32MP1/atf/stm32mp1_atf/../build/opteemin-nand-stm32mp157d-ev1/bl2/stm32mp1_critic_power_wrapper.o
                0x2ffe980c                stm32_pwr_down_wfi_wrapper
 .text.asm.platform_mem_init
                0x2ffe9894        0x4 /home/dangcaominh/STM32MP1/atf/stm32mp1_atf/../build/opteemin-nand-stm32mp157d-ev1/bl2/stm32mp1_helper.o
                0x2ffe9894                platform_mem_init
 .text.asm.plat_report_exception
                0x2ffe9898       0x64 /home/dangcaominh/STM32MP1/atf/stm32mp1_atf/../build/opteemin-nand-stm32mp157d-ev1/bl2/stm32mp1_helper.o
                0x2ffe9898                plat_report_exception
 .text.asm.plat_report_prefetch_abort
                0x2ffe98fc       0x58 /home/dangcaominh/STM32MP1/atf/stm32mp1_atf/../build/opteemin-nand-stm32mp157d-ev1/bl2/stm32mp1_helper.o
                0x2ffe98fc                plat_report_prefetch_abort
 .text.asm.plat_report_data_abort
                0x2ffe9954       0x58 /home/dangcaominh/STM32MP1/atf/stm32mp1_atf/../build/opteemin-nand-stm32mp157d-ev1/bl2/stm32mp1_helper.o
                0x2ffe9954                plat_report_data_abort
 .text.asm.plat_reset_handler
                0x2ffe99ac        0x4 /home/dangcaominh/STM32MP1/atf/stm32mp1_atf/../build/opteemin-nand-stm32mp157d-ev1/bl2/stm32mp1_helper.o
                0x2ffe99ac                plat_reset_handler
 .text.asm.plat_get_my_entrypoint
                0x2ffe99b0        0x8 /home/dangcaominh/STM32MP1/atf/stm32mp1_atf/../build/opteemin-nand-stm32mp157d-ev1/bl2/stm32mp1_helper.o
                0x2ffe99b0                plat_get_my_entrypoint
 .text.asm.plat_secondary_cold_boot_setup
                0x2ffe99b8        0x4 /home/dangcaominh/STM32MP1/atf/stm32mp1_atf/../build/opteemin-nand-stm32mp157d-ev1/bl2/stm32mp1_helper.o
                0x2ffe99b8                plat_secondary_cold_boot_setup
 .text.asm.plat_is_my_cpu_primary
                0x2ffe99bc       0x20 /home/dangcaominh/STM32MP1/atf/stm32mp1_atf/../build/opteemin-nand-stm32mp157d-ev1/bl2/stm32mp1_helper.o
                0x2ffe99bc                plat_is_my_cpu_primary
 .text.asm.plat_crash_console_init
                0x2ffe99dc       0xc0 /home/dangcaominh/STM32MP1/atf/stm32mp1_atf/../build/opteemin-nand-stm32mp157d-ev1/bl2/stm32mp1_helper.o
                0x2ffe99dc                plat_crash_console_init
 .text.asm.plat_crash_console_flush
                0x2ffe9a9c        0xc /home/dangcaominh/STM32MP1/atf/stm32mp1_atf/../build/opteemin-nand-stm32mp157d-ev1/bl2/stm32mp1_helper.o
                0x2ffe9a9c                plat_crash_console_flush
 .text.asm.plat_crash_console_putc
                0x2ffe9aa8        0xc /home/dangcaominh/STM32MP1/atf/stm32mp1_atf/../build/opteemin-nand-stm32mp157d-ev1/bl2/stm32mp1_helper.o
                0x2ffe9aa8                plat_crash_console_putc
 .text.asm.plat_panic_handler
                0x2ffe9ab4       0x14 /home/dangcaominh/STM32MP1/atf/stm32mp1_atf/../build/opteemin-nand-stm32mp157d-ev1/bl2/stm32mp1_helper.o
                0x2ffe9ab4                plat_panic_handler
                0x2ffe9ac8                        __TEXT_RESIDENT_END__ = .
 *(SORT_BY_ALIGNMENT(.text*))
 .text.bl2_load_images
                0x2ffe9ac8      0x118 /home/dangcaominh/STM32MP1/atf/stm32mp1_atf/../build/opteemin-nand-stm32mp157d-ev1/bl2/bl2_image_load_v2.o
                0x2ffe9ac8                bl2_load_images
 .text.bl2_main
                0x2ffe9be0       0x54 /home/dangcaominh/STM32MP1/atf/stm32mp1_atf/../build/opteemin-nand-stm32mp157d-ev1/bl2/bl2_main.o
                0x2ffe9be0                bl2_main
 .text.load_auth_image
                0x2ffe9c34      0x10c /home/dangcaominh/STM32MP1/atf/stm32mp1_atf/../build/opteemin-nand-stm32mp157d-ev1/bl2/bl_common.o
                0x2ffe9c34                load_auth_image
 .text.print_entry_point_info
                0x2ffe9d40       0x20 /home/dangcaominh/STM32MP1/atf/stm32mp1_atf/../build/opteemin-nand-stm32mp157d-ev1/bl2/bl_common.o
                0x2ffe9d40                print_entry_point_info
 .text.flush_bl_params_desc_args
                0x2ffe9d60       0x34 /home/dangcaominh/STM32MP1/atf/stm32mp1_atf/../build/opteemin-nand-stm32mp157d-ev1/bl2/desc_image_load.o
                0x2ffe9d60                flush_bl_params_desc_args
 .text.flush_bl_params_desc
                0x2ffe9d94       0x1c /home/dangcaominh/STM32MP1/atf/stm32mp1_atf/../build/opteemin-nand-stm32mp157d-ev1/bl2/desc_image_load.o
                0x2ffe9d94                flush_bl_params_desc
 .text.get_bl_params_node_index
                0x2ffe9db0       0x44 /home/dangcaominh/STM32MP1/atf/stm32mp1_atf/../build/opteemin-nand-stm32mp157d-ev1/bl2/desc_image_load.o
                0x2ffe9db0                get_bl_params_node_index
 .text.get_bl_mem_params_node
                0x2ffe9df4       0x30 /home/dangcaominh/STM32MP1/atf/stm32mp1_atf/../build/opteemin-nand-stm32mp157d-ev1/bl2/desc_image_load.o
                0x2ffe9df4                get_bl_mem_params_node
 .text.get_bl_load_info_from_mem_params_desc
                0x2ffe9e24       0x50 /home/dangcaominh/STM32MP1/atf/stm32mp1_atf/../build/opteemin-nand-stm32mp157d-ev1/bl2/desc_image_load.o
                0x2ffe9e24                get_bl_load_info_from_mem_params_desc
 .text.get_next_bl_params_from_mem_params_desc
                0x2ffe9e74       0xc0 /home/dangcaominh/STM32MP1/atf/stm32mp1_atf/../build/opteemin-nand-stm32mp157d-ev1/bl2/desc_image_load.o
                0x2ffe9e74                get_next_bl_params_from_mem_params_desc
 .text.populate_next_bl_params_config
                0x2ffe9f34       0x68 /home/dangcaominh/STM32MP1/atf/stm32mp1_atf/../build/opteemin-nand-stm32mp157d-ev1/bl2/desc_image_load.o
                0x2ffe9f34                populate_next_bl_params_config
 .text.fdt_read_uint32_array
                0x2ffe9f9c       0x70 /home/dangcaominh/STM32MP1/atf/stm32mp1_atf/../build/opteemin-nand-stm32mp157d-ev1/bl2/fdt_wrappers.o
                0x2ffe9f9c                fdt_read_uint32_array
 .text.fdtw_read_string
                0x2ffea00c       0x88 /home/dangcaominh/STM32MP1/atf/stm32mp1_atf/../build/opteemin-nand-stm32mp157d-ev1/bl2/fdt_wrappers.o
                0x2ffea00c                fdtw_read_string
 .text.fdtw_read_uuid
                0x2ffea094       0x54 /home/dangcaominh/STM32MP1/atf/stm32mp1_atf/../build/opteemin-nand-stm32mp157d-ev1/bl2/fdt_wrappers.o
                0x2ffea094                fdtw_read_uuid
 .text.fdt_get_stdout_node_offset
                0x2ffea0e8       0x74 /home/dangcaominh/STM32MP1/atf/stm32mp1_atf/../build/opteemin-nand-stm32mp157d-ev1/bl2/fdt_wrappers.o
                0x2ffea0e8                fdt_get_stdout_node_offset
 .text.tf_log   0x2ffea15c       0x5c /home/dangcaominh/STM32MP1/atf/stm32mp1_atf/../build/opteemin-nand-stm32mp157d-ev1/bl2/tf_log.o
                0x2ffea15c                tf_log
 .text.read_uuid
                0x2ffea1b8       0xc8 /home/dangcaominh/STM32MP1/atf/stm32mp1_atf/../build/opteemin-nand-stm32mp157d-ev1/bl2/uuid.o
                0x2ffea1b8                read_uuid
 .text.tzc400_set_action
                0x2ffea280       0x24 /home/dangcaominh/STM32MP1/atf/stm32mp1_atf/../build/opteemin-nand-stm32mp157d-ev1/bl2/tzc400.o
                0x2ffea280                tzc400_set_action
 .text.tzc400_init
                0x2ffea2a4       0x5c /home/dangcaominh/STM32MP1/atf/stm32mp1_atf/../build/opteemin-nand-stm32mp157d-ev1/bl2/tzc400.o
                0x2ffea2a4                tzc400_init
 .text.tzc400_configure_region0
                0x2ffea300       0x2c /home/dangcaominh/STM32MP1/atf/stm32mp1_atf/../build/opteemin-nand-stm32mp157d-ev1/bl2/tzc400.o
                0x2ffea300                tzc400_configure_region0
 .text.tzc400_configure_region
                0x2ffea32c       0xc4 /home/dangcaominh/STM32MP1/atf/stm32mp1_atf/../build/opteemin-nand-stm32mp157d-ev1/bl2/tzc400.o
                0x2ffea32c                tzc400_configure_region
 .text.tzc400_update_filters
                0x2ffea3f0       0x44 /home/dangcaominh/STM32MP1/atf/stm32mp1_atf/../build/opteemin-nand-stm32mp157d-ev1/bl2/tzc400.o
                0x2ffea3f0                tzc400_update_filters
 .text.tzc400_enable_filters
                0x2ffea434       0x68 /home/dangcaominh/STM32MP1/atf/stm32mp1_atf/../build/opteemin-nand-stm32mp157d-ev1/bl2/tzc400.o
                0x2ffea434                tzc400_enable_filters
 .text.tzc400_disable_filters
                0x2ffea49c       0x50 /home/dangcaominh/STM32MP1/atf/stm32mp1_atf/../build/opteemin-nand-stm32mp157d-ev1/bl2/tzc400.o
                0x2ffea49c                tzc400_disable_filters
 .text.clk_enable
                0x2ffea4ec       0x24 /home/dangcaominh/STM32MP1/atf/stm32mp1_atf/../build/opteemin-nand-stm32mp157d-ev1/bl2/clk.o
                0x2ffea4ec                clk_enable
 .text.clk_disable
                0x2ffea510       0x24 /home/dangcaominh/STM32MP1/atf/stm32mp1_atf/../build/opteemin-nand-stm32mp157d-ev1/bl2/clk.o
                0x2ffea510                clk_disable
 .text.clk_get_rate
                0x2ffea534       0x24 /home/dangcaominh/STM32MP1/atf/stm32mp1_atf/../build/opteemin-nand-stm32mp157d-ev1/bl2/clk.o
                0x2ffea534                clk_get_rate
 .text.clk_is_enabled
                0x2ffea558       0x24 /home/dangcaominh/STM32MP1/atf/stm32mp1_atf/../build/opteemin-nand-stm32mp157d-ev1/bl2/clk.o
                0x2ffea558                clk_is_enabled
 .text.clk_register
                0x2ffea57c       0x30 /home/dangcaominh/STM32MP1/atf/stm32mp1_atf/../build/opteemin-nand-stm32mp157d-ev1/bl2/clk.o
                0x2ffea57c                clk_register
 .text.console_is_registered
                0x2ffea5ac       0x28 /home/dangcaominh/STM32MP1/atf/stm32mp1_atf/../build/opteemin-nand-stm32mp157d-ev1/bl2/multi_console.o
                0x2ffea5ac                console_is_registered
 .text.console_register
                0x2ffea5d4       0x40 /home/dangcaominh/STM32MP1/atf/stm32mp1_atf/../build/opteemin-nand-stm32mp157d-ev1/bl2/multi_console.o
                0x2ffea5d4                console_register
 .text.console_set_scope
                0x2ffea614       0x1c /home/dangcaominh/STM32MP1/atf/stm32mp1_atf/../build/opteemin-nand-stm32mp157d-ev1/bl2/multi_console.o
                0x2ffea614                console_set_scope
 .text.console_putc
                0x2ffea630       0x58 /home/dangcaominh/STM32MP1/atf/stm32mp1_atf/../build/opteemin-nand-stm32mp157d-ev1/bl2/multi_console.o
                0x2ffea630                console_putc
 .text.console_flush
                0x2ffea688       0x28 /home/dangcaominh/STM32MP1/atf/stm32mp1_atf/../build/opteemin-nand-stm32mp157d-ev1/bl2/multi_console.o
                0x2ffea688                console_flush
 .text.udelay   0x2ffea6b0       0x70 /home/dangcaominh/STM32MP1/atf/stm32mp1_atf/../build/opteemin-nand-stm32mp157d-ev1/bl2/delay_timer.o
                0x2ffea6b0                udelay
 .text.timer_init
                0x2ffea720       0x28 /home/dangcaominh/STM32MP1/atf/stm32mp1_atf/../build/opteemin-nand-stm32mp157d-ev1/bl2/delay_timer.o
                0x2ffea720                timer_init
 .text.generic_delay_timer_init_args
                0x2ffea748       0x18 /home/dangcaominh/STM32MP1/atf/stm32mp1_atf/../build/opteemin-nand-stm32mp157d-ev1/bl2/generic_delay_timer.o
                0x2ffea748                generic_delay_timer_init_args
 .text.generic_delay_timer_init
                0x2ffea760       0x54 /home/dangcaominh/STM32MP1/atf/stm32mp1_atf/../build/opteemin-nand-stm32mp157d-ev1/bl2/generic_delay_timer.o
                0x2ffea760                generic_delay_timer_init
 .text.fwu_metadata_load
                0x2ffea7b4      0x178 /home/dangcaominh/STM32MP1/atf/stm32mp1_atf/../build/opteemin-nand-stm32mp157d-ev1/bl2/fwu.o
 .text.fwu_get_alternate_boot_bank
                0x2ffea92c       0x90 /home/dangcaominh/STM32MP1/atf/stm32mp1_atf/../build/opteemin-nand-stm32mp157d-ev1/bl2/fwu.o
                0x2ffea92c                fwu_get_alternate_boot_bank
 .text.fwu_get_metadata
                0x2ffea9bc       0x24 /home/dangcaominh/STM32MP1/atf/stm32mp1_atf/../build/opteemin-nand-stm32mp157d-ev1/bl2/fwu.o
                0x2ffea9bc                fwu_get_metadata
 .text.fwu_init
                0x2ffea9e0       0x48 /home/dangcaominh/STM32MP1/atf/stm32mp1_atf/../build/opteemin-nand-stm32mp157d-ev1/bl2/fwu.o
                0x2ffea9e0                fwu_init
 .text.fip_file_close
                0x2ffeaa28       0x20 /home/dangcaominh/STM32MP1/atf/stm32mp1_atf/../build/opteemin-nand-stm32mp157d-ev1/bl2/io_fip.o
 .text.fip_dev_init
                0x2ffeaa48       0x9c /home/dangcaominh/STM32MP1/atf/stm32mp1_atf/../build/opteemin-nand-stm32mp157d-ev1/bl2/io_fip.o
 .text.fip_file_read
                0x2ffeaae4       0xb4 /home/dangcaominh/STM32MP1/atf/stm32mp1_atf/../build/opteemin-nand-stm32mp157d-ev1/bl2/io_fip.o
 .text.fip_file_len
                0x2ffeab98       0x24 /home/dangcaominh/STM32MP1/atf/stm32mp1_atf/../build/opteemin-nand-stm32mp157d-ev1/bl2/io_fip.o
 .text.fip_file_open
                0x2ffeabbc       0xf0 /home/dangcaominh/STM32MP1/atf/stm32mp1_atf/../build/opteemin-nand-stm32mp157d-ev1/bl2/io_fip.o
 .text.fip_dev_close
                0x2ffeacac       0x50 /home/dangcaominh/STM32MP1/atf/stm32mp1_atf/../build/opteemin-nand-stm32mp157d-ev1/bl2/io_fip.o
 .text.fip_dev_open
                0x2ffeacfc       0x4c /home/dangcaominh/STM32MP1/atf/stm32mp1_atf/../build/opteemin-nand-stm32mp157d-ev1/bl2/io_fip.o
 .text.register_io_dev_fip
                0x2ffead48       0x2c /home/dangcaominh/STM32MP1/atf/stm32mp1_atf/../build/opteemin-nand-stm32mp157d-ev1/bl2/io_fip.o
                0x2ffead48                register_io_dev_fip
 .text.mtd_read
                0x2ffead74       0x84 /home/dangcaominh/STM32MP1/atf/stm32mp1_atf/../build/opteemin-nand-stm32mp157d-ev1/bl2/io_mtd.o
 .text.mtd_add_extra_offset.constprop.0
                0x2ffeadf8       0x2c /home/dangcaominh/STM32MP1/atf/stm32mp1_atf/../build/opteemin-nand-stm32mp157d-ev1/bl2/io_mtd.o
 .text.mtd_open
                0x2ffeae24       0x44 /home/dangcaominh/STM32MP1/atf/stm32mp1_atf/../build/opteemin-nand-stm32mp157d-ev1/bl2/io_mtd.o
 .text.mtd_seek
                0x2ffeae68       0x84 /home/dangcaominh/STM32MP1/atf/stm32mp1_atf/../build/opteemin-nand-stm32mp157d-ev1/bl2/io_mtd.o
 .text.mtd_dev_close
                0x2ffeaeec       0x3c /home/dangcaominh/STM32MP1/atf/stm32mp1_atf/../build/opteemin-nand-stm32mp157d-ev1/bl2/io_mtd.o
 .text.mtd_dev_open
                0x2ffeaf28       0x4c /home/dangcaominh/STM32MP1/atf/stm32mp1_atf/../build/opteemin-nand-stm32mp157d-ev1/bl2/io_mtd.o
 .text.register_io_dev_mtd
                0x2ffeaf74       0x1c /home/dangcaominh/STM32MP1/atf/stm32mp1_atf/../build/opteemin-nand-stm32mp157d-ev1/bl2/io_mtd.o
                0x2ffeaf74                register_io_dev_mtd
 .text.free_entity.isra.0
                0x2ffeaf90       0x40 /home/dangcaominh/STM32MP1/atf/stm32mp1_atf/../build/opteemin-nand-stm32mp157d-ev1/bl2/io_storage.o
 .text.io_register_device
                0x2ffeafd0       0x28 /home/dangcaominh/STM32MP1/atf/stm32mp1_atf/../build/opteemin-nand-stm32mp157d-ev1/bl2/io_storage.o
                0x2ffeafd0                io_register_device
 .text.io_dev_open
                0x2ffeaff8       0x28 /home/dangcaominh/STM32MP1/atf/stm32mp1_atf/../build/opteemin-nand-stm32mp157d-ev1/bl2/io_storage.o
                0x2ffeaff8                io_dev_open
 .text.io_dev_init
                0x2ffeb020       0x34 /home/dangcaominh/STM32MP1/atf/stm32mp1_atf/../build/opteemin-nand-stm32mp157d-ev1/bl2/io_storage.o
                0x2ffeb020                io_dev_init
 .text.io_dev_close
                0x2ffeb054       0x30 /home/dangcaominh/STM32MP1/atf/stm32mp1_atf/../build/opteemin-nand-stm32mp157d-ev1/bl2/io_storage.o
                0x2ffeb054                io_dev_close
 .text.io_open  0x2ffeb084       0x94 /home/dangcaominh/STM32MP1/atf/stm32mp1_atf/../build/opteemin-nand-stm32mp157d-ev1/bl2/io_storage.o
                0x2ffeb084                io_open
 .text.io_seek  0x2ffeb118       0x4c /home/dangcaominh/STM32MP1/atf/stm32mp1_atf/../build/opteemin-nand-stm32mp157d-ev1/bl2/io_storage.o
                0x2ffeb118                io_seek
 .text.io_size  0x2ffeb164       0x34 /home/dangcaominh/STM32MP1/atf/stm32mp1_atf/../build/opteemin-nand-stm32mp157d-ev1/bl2/io_storage.o
                0x2ffeb164                io_size
 .text.io_read  0x2ffeb198       0x48 /home/dangcaominh/STM32MP1/atf/stm32mp1_atf/../build/opteemin-nand-stm32mp157d-ev1/bl2/io_storage.o
                0x2ffeb198                io_read
 .text.io_close
                0x2ffeb1e0       0x30 /home/dangcaominh/STM32MP1/atf/stm32mp1_atf/../build/opteemin-nand-stm32mp157d-ev1/bl2/io_storage.o
                0x2ffeb1e0                io_close
 .text.plat_get_scratch_buffer
                0x2ffeb210       0x28 /home/dangcaominh/STM32MP1/atf/stm32mp1_atf/../build/opteemin-nand-stm32mp157d-ev1/bl2/core.o
                0x2ffeb210                plat_get_scratch_buffer
 .text.nand_read
                0x2ffeb238      0x134 /home/dangcaominh/STM32MP1/atf/stm32mp1_atf/../build/opteemin-nand-stm32mp157d-ev1/bl2/core.o
                0x2ffeb238                nand_read
 .text.nand_seek_bb
                0x2ffeb36c       0x68 /home/dangcaominh/STM32MP1/atf/stm32mp1_atf/../build/opteemin-nand-stm32mp157d-ev1/bl2/core.o
                0x2ffeb36c                nand_seek_bb
 .text.get_nand_device
                0x2ffeb3d4        0x8 /home/dangcaominh/STM32MP1/atf/stm32mp1_atf/../build/opteemin-nand-stm32mp157d-ev1/bl2/core.o
                0x2ffeb3d4                get_nand_device
 .text.nand_send_addr
                0x2ffeb3dc       0x38 /home/dangcaominh/STM32MP1/atf/stm32mp1_atf/../build/opteemin-nand-stm32mp157d-ev1/bl2/raw_nand.o
 .text.nand_send_cmd
                0x2ffeb414       0x2c /home/dangcaominh/STM32MP1/atf/stm32mp1_atf/../build/opteemin-nand-stm32mp157d-ev1/bl2/raw_nand.o
 .text.nand_read_data
                0x2ffeb440       0x40 /home/dangcaominh/STM32MP1/atf/stm32mp1_atf/../build/opteemin-nand-stm32mp157d-ev1/bl2/raw_nand.o
 .text.nand_send_wait
                0x2ffeb480       0x34 /home/dangcaominh/STM32MP1/atf/stm32mp1_atf/../build/opteemin-nand-stm32mp157d-ev1/bl2/raw_nand.o
 .text.nand_read_param_page
                0x2ffeb4b4       0xf4 /home/dangcaominh/STM32MP1/atf/stm32mp1_atf/../build/opteemin-nand-stm32mp157d-ev1/bl2/raw_nand.o
 .text.nand_change_read_column_cmd
                0x2ffeb5a8       0x58 /home/dangcaominh/STM32MP1/atf/stm32mp1_atf/../build/opteemin-nand-stm32mp157d-ev1/bl2/raw_nand.o
                0x2ffeb5a8                nand_change_read_column_cmd
 .text.nand_read_page_cmd
                0x2ffeb600       0x94 /home/dangcaominh/STM32MP1/atf/stm32mp1_atf/../build/opteemin-nand-stm32mp157d-ev1/bl2/raw_nand.o
                0x2ffeb600                nand_read_page_cmd
 .text.nand_mtd_read_page_raw
                0x2ffeb694       0x14 /home/dangcaominh/STM32MP1/atf/stm32mp1_atf/../build/opteemin-nand-stm32mp157d-ev1/bl2/raw_nand.o
 .text.nand_mtd_block_is_bad
                0x2ffeb6a8       0x50 /home/dangcaominh/STM32MP1/atf/stm32mp1_atf/../build/opteemin-nand-stm32mp157d-ev1/bl2/raw_nand.o
 .text.nand_wait_ready
                0x2ffeb6f8       0x80 /home/dangcaominh/STM32MP1/atf/stm32mp1_atf/../build/opteemin-nand-stm32mp157d-ev1/bl2/raw_nand.o
                0x2ffeb6f8                nand_wait_ready
 .text.nand_raw_ctrl_init
                0x2ffeb778        0xc /home/dangcaominh/STM32MP1/atf/stm32mp1_atf/../build/opteemin-nand-stm32mp157d-ev1/bl2/raw_nand.o
                0x2ffeb778                nand_raw_ctrl_init
 .text.nand_raw_init
                0x2ffeb784       0xf8 /home/dangcaominh/STM32MP1/atf/stm32mp1_atf/../build/opteemin-nand-stm32mp157d-ev1/bl2/raw_nand.o
                0x2ffeb784                nand_raw_init
 .text.is_otp_invalid_mode
                0x2ffeb87c       0x28 /home/dangcaominh/STM32MP1/atf/stm32mp1_atf/../build/opteemin-nand-stm32mp157d-ev1/bl2/bsec2.o
 .text.bsec_lock
                0x2ffeb8a4       0x18 /home/dangcaominh/STM32MP1/atf/stm32mp1_atf/../build/opteemin-nand-stm32mp157d-ev1/bl2/bsec2.o
 .text.bsec_unlock
                0x2ffeb8bc       0x18 /home/dangcaominh/STM32MP1/atf/stm32mp1_atf/../build/opteemin-nand-stm32mp157d-ev1/bl2/bsec2.o
 .text.bsec_power_safmem
                0x2ffeb8d4       0x58 /home/dangcaominh/STM32MP1/atf/stm32mp1_atf/../build/opteemin-nand-stm32mp157d-ev1/bl2/bsec2.o
 .text.otp_bank_offset
                0x2ffeb92c       0x18 /home/dangcaominh/STM32MP1/atf/stm32mp1_atf/../build/opteemin-nand-stm32mp157d-ev1/bl2/bsec2.o
 .text.bsec_check_error
                0x2ffeb944       0x34 /home/dangcaominh/STM32MP1/atf/stm32mp1_atf/../build/opteemin-nand-stm32mp157d-ev1/bl2/bsec2.o
 .text.bsec_probe
                0x2ffeb978       0x3c /home/dangcaominh/STM32MP1/atf/stm32mp1_atf/../build/opteemin-nand-stm32mp157d-ev1/bl2/bsec2.o
                0x2ffeb978                bsec_probe
 .text.bsec_read_debug_conf
                0x2ffeb9b4        0xc /home/dangcaominh/STM32MP1/atf/stm32mp1_atf/../build/opteemin-nand-stm32mp157d-ev1/bl2/bsec2.o
                0x2ffeb9b4                bsec_read_debug_conf
 .text.bsec_read_sr_lock
                0x2ffeb9c0       0x34 /home/dangcaominh/STM32MP1/atf/stm32mp1_atf/../build/opteemin-nand-stm32mp157d-ev1/bl2/bsec2.o
                0x2ffeb9c0                bsec_read_sr_lock
 .text.bsec_read_sw_lock
                0x2ffeb9f4       0x34 /home/dangcaominh/STM32MP1/atf/stm32mp1_atf/../build/opteemin-nand-stm32mp157d-ev1/bl2/bsec2.o
                0x2ffeb9f4                bsec_read_sw_lock
 .text.bsec_write_otp
                0x2ffeba28       0x4c /home/dangcaominh/STM32MP1/atf/stm32mp1_atf/../build/opteemin-nand-stm32mp157d-ev1/bl2/bsec2.o
                0x2ffeba28                bsec_write_otp
 .text.bsec_read_sp_lock
                0x2ffeba74       0x34 /home/dangcaominh/STM32MP1/atf/stm32mp1_atf/../build/opteemin-nand-stm32mp157d-ev1/bl2/bsec2.o
                0x2ffeba74                bsec_read_sp_lock
 .text.bsec_program_otp
                0x2ffebaa8       0xf0 /home/dangcaominh/STM32MP1/atf/stm32mp1_atf/../build/opteemin-nand-stm32mp157d-ev1/bl2/bsec2.o
                0x2ffebaa8                bsec_program_otp
 .text.bsec_shadow_read_otp
                0x2ffebb98       0xb8 /home/dangcaominh/STM32MP1/atf/stm32mp1_atf/../build/opteemin-nand-stm32mp157d-ev1/bl2/bsec2.o
                0x2ffebb98                bsec_shadow_read_otp
 .text.stm32mp1_check_pll_conf
                0x2ffebc50       0xfc /home/dangcaominh/STM32MP1/atf/stm32mp1_atf/../build/opteemin-nand-stm32mp157d-ev1/bl2/stm32mp1_clk.o
 .text.stm32mp1_pll_config_output
                0x2ffebd4c       0x34 /home/dangcaominh/STM32MP1/atf/stm32mp1_atf/../build/opteemin-nand-stm32mp157d-ev1/bl2/stm32mp1_clk.o
 .text.stm32mp1_clk_get_gated_id
                0x2ffebd80       0x34 /home/dangcaominh/STM32MP1/atf/stm32mp1_atf/../build/opteemin-nand-stm32mp157d-ev1/bl2/stm32mp1_clk.o
 .text.stm32mp1_clk_get_parent
                0x2ffebdb4       0x78 /home/dangcaominh/STM32MP1/atf/stm32mp1_atf/../build/opteemin-nand-stm32mp157d-ev1/bl2/stm32mp1_clk.o
 .text.stm32mp_clk_is_enabled
                0x2ffebe2c       0x40 /home/dangcaominh/STM32MP1/atf/stm32mp1_atf/../build/opteemin-nand-stm32mp157d-ev1/bl2/stm32mp1_clk.o
 .text.stm32mp_clk_disable
                0x2ffebe6c       0x90 /home/dangcaominh/STM32MP1/atf/stm32mp1_atf/../build/opteemin-nand-stm32mp157d-ev1/bl2/stm32mp1_clk.o
 .text.stm32mp_clk_enable
                0x2ffebefc       0x8c /home/dangcaominh/STM32MP1/atf/stm32mp1_atf/../build/opteemin-nand-stm32mp157d-ev1/bl2/stm32mp1_clk.o
 .text.stm32_clk_configure_mux
                0x2ffebf88       0x90 /home/dangcaominh/STM32MP1/atf/stm32mp1_atf/../build/opteemin-nand-stm32mp157d-ev1/bl2/stm32mp1_clk.o
 .text.stm32mp1_read_pll_freq
                0x2ffec018       0xac /home/dangcaominh/STM32MP1/atf/stm32mp1_atf/../build/opteemin-nand-stm32mp157d-ev1/bl2/stm32mp1_clk.o
 .text.stm32mp_clk_get_rate
                0x2ffec0c4      0x204 /home/dangcaominh/STM32MP1/atf/stm32mp1_atf/../build/opteemin-nand-stm32mp157d-ev1/bl2/stm32mp1_clk.o
 .text.stm32mp1_osc_wait.isra.0
                0x2ffec2c8       0x54 /home/dangcaominh/STM32MP1/atf/stm32mp1_atf/../build/opteemin-nand-stm32mp157d-ev1/bl2/stm32mp1_clk.o
 .text.clk_stm32_set_div
                0x2ffec31c       0x94 /home/dangcaominh/STM32MP1/atf/stm32mp1_atf/../build/opteemin-nand-stm32mp157d-ev1/bl2/stm32mp1_clk.o
                0x2ffec31c                clk_stm32_set_div
 .text.stm32mp1_clk_rcc_regs_lock
                0x2ffec3b0        0xc /home/dangcaominh/STM32MP1/atf/stm32mp1_atf/../build/opteemin-nand-stm32mp157d-ev1/bl2/stm32mp1_clk.o
                0x2ffec3b0                stm32mp1_clk_rcc_regs_lock
 .text.stm32mp1_clk_rcc_regs_unlock
                0x2ffec3bc        0xc /home/dangcaominh/STM32MP1/atf/stm32mp1_atf/../build/opteemin-nand-stm32mp157d-ev1/bl2/stm32mp1_clk.o
                0x2ffec3bc                stm32mp1_clk_rcc_regs_unlock
 .text.stm32mp1_clk_init
                0x2ffec3c8      0x944 /home/dangcaominh/STM32MP1/atf/stm32mp1_atf/../build/opteemin-nand-stm32mp157d-ev1/bl2/stm32mp1_clk.o
                0x2ffec3c8                stm32mp1_clk_init
 .text.stm32mp1_clk_probe
                0x2ffecd0c      0x214 /home/dangcaominh/STM32MP1/atf/stm32mp1_atf/../build/opteemin-nand-stm32mp157d-ev1/bl2/stm32mp1_clk.o
                0x2ffecd0c                stm32mp1_clk_probe
 .text.fdt_osc_read_freq
                0x2ffecf20       0x8c /home/dangcaominh/STM32MP1/atf/stm32mp1_atf/../build/opteemin-nand-stm32mp157d-ev1/bl2/stm32mp_clkfunc.o
                0x2ffecf20                fdt_osc_read_freq
 .text.fdt_clk_read_bool
                0x2ffecfac       0x68 /home/dangcaominh/STM32MP1/atf/stm32mp1_atf/../build/opteemin-nand-stm32mp157d-ev1/bl2/stm32mp_clkfunc.o
                0x2ffecfac                fdt_clk_read_bool
 .text.fdt_clk_read_uint32_default
                0x2ffed014       0x64 /home/dangcaominh/STM32MP1/atf/stm32mp1_atf/../build/opteemin-nand-stm32mp157d-ev1/bl2/stm32mp_clkfunc.o
                0x2ffed014                fdt_clk_read_uint32_default
 .text.fdt_get_clock_id
                0x2ffed078       0x34 /home/dangcaominh/STM32MP1/atf/stm32mp1_atf/../build/opteemin-nand-stm32mp157d-ev1/bl2/stm32mp_clkfunc.o
                0x2ffed078                fdt_get_clock_id
 .text.stm32mp_stgen_config
                0x2ffed0ac       0x4c /home/dangcaominh/STM32MP1/atf/stm32mp1_atf/../build/opteemin-nand-stm32mp157d-ev1/bl2/stm32mp_clkfunc.o
                0x2ffed0ac                stm32mp_stgen_config
 .text.stm32mp_stgen_restore_rate
                0x2ffed0f8       0x10 /home/dangcaominh/STM32MP1/atf/stm32mp1_atf/../build/opteemin-nand-stm32mp157d-ev1/bl2/stm32mp_clkfunc.o
                0x2ffed0f8                stm32mp_stgen_restore_rate
 .text.stm32mp1_ddr_init
                0x2ffed108      0x4b4 /home/dangcaominh/STM32MP1/atf/stm32mp1_atf/../build/opteemin-nand-stm32mp157d-ev1/bl2/stm32mp1_ddr.o
                0x2ffed108                stm32mp1_ddr_init
 .text.ddr_sw_self_refresh_exit
                0x2ffed5bc      0x1e4 /home/dangcaominh/STM32MP1/atf/stm32mp1_atf/../build/opteemin-nand-stm32mp157d-ev1/bl2/stm32mp1_ddr_helpers.o
                0x2ffed5bc                ddr_sw_self_refresh_exit
 .text.ddr_read_sr_mode
                0x2ffed7a0       0x18 /home/dangcaominh/STM32MP1/atf/stm32mp1_atf/../build/opteemin-nand-stm32mp157d-ev1/bl2/stm32mp1_ddr_helpers.o
                0x2ffed7a0                ddr_read_sr_mode
 .text.ddr_set_sr_mode
                0x2ffed7b8      0x1f0 /home/dangcaominh/STM32MP1/atf/stm32mp1_atf/../build/opteemin-nand-stm32mp157d-ev1/bl2/stm32mp1_ddr_helpers.o
                0x2ffed7b8                ddr_set_sr_mode
 .text.stm32mp1_ddr_setup
                0x2ffed9a8      0x154 /home/dangcaominh/STM32MP1/atf/stm32mp1_atf/../build/opteemin-nand-stm32mp157d-ev1/bl2/stm32mp1_ram.o
 .text.stm32mp1_ddr_clk_enable
                0x2ffedafc       0x48 /home/dangcaominh/STM32MP1/atf/stm32mp1_atf/../build/opteemin-nand-stm32mp157d-ev1/bl2/stm32mp1_ram.o
                0x2ffedafc                stm32mp1_ddr_clk_enable
 .text.stm32mp1_ddr_is_restored
                0x2ffedb44        0xc /home/dangcaominh/STM32MP1/atf/stm32mp1_atf/../build/opteemin-nand-stm32mp157d-ev1/bl2/stm32mp1_ram.o
                0x2ffedb44                stm32mp1_ddr_is_restored
 .text.stm32mp1_ddr_probe
                0x2ffedb50       0x3c /home/dangcaominh/STM32MP1/atf/stm32mp1_atf/../build/opteemin-nand-stm32mp157d-ev1/bl2/stm32mp1_ram.o
                0x2ffedb50                stm32mp1_ddr_probe
 .text.stm32mp_ddr_set_reg
                0x2ffedb8c       0x48 /home/dangcaominh/STM32MP1/atf/stm32mp1_atf/../build/opteemin-nand-stm32mp157d-ev1/bl2/stm32mp_ddr.o
                0x2ffedb8c                stm32mp_ddr_set_reg
 .text.stm32mp_ddr_sw_selfref_entry
                0x2ffedbd4       0x58 /home/dangcaominh/STM32MP1/atf/stm32mp1_atf/../build/opteemin-nand-stm32mp157d-ev1/bl2/stm32mp_ddr.o
                0x2ffedbd4                stm32mp_ddr_sw_selfref_entry
 .text.stm32mp_ddr_set_qd3_update_conditions
                0x2ffedc2c       0x4c /home/dangcaominh/STM32MP1/atf/stm32mp1_atf/../build/opteemin-nand-stm32mp157d-ev1/bl2/stm32mp_ddr.o
                0x2ffedc2c                stm32mp_ddr_set_qd3_update_conditions
 .text.stm32mp_ddr_unset_qd3_update_conditions
                0x2ffedc78       0x38 /home/dangcaominh/STM32MP1/atf/stm32mp1_atf/../build/opteemin-nand-stm32mp157d-ev1/bl2/stm32mp_ddr.o
                0x2ffedc78                stm32mp_ddr_unset_qd3_update_conditions
 .text.stm32mp_ddr_dt_get_info
                0x2ffedcb0       0x50 /home/dangcaominh/STM32MP1/atf/stm32mp1_atf/../build/opteemin-nand-stm32mp157d-ev1/bl2/stm32mp_ram.o
                0x2ffedcb0                stm32mp_ddr_dt_get_info
 .text.stm32mp_ddr_dt_get_param
                0x2ffedd00       0x54 /home/dangcaominh/STM32MP1/atf/stm32mp1_atf/../build/opteemin-nand-stm32mp157d-ev1/bl2/stm32mp_ram.o
                0x2ffedd00                stm32mp_ddr_dt_get_param
 .text.stm32_fmc2_set_buswidth_16
                0x2ffedd54       0x1c /home/dangcaominh/STM32MP1/atf/stm32mp1_atf/../build/opteemin-nand-stm32mp157d-ev1/bl2/stm32_fmc2_nand.o
 .text.stm32_fmc2_set_ecc
                0x2ffedd70       0x1c /home/dangcaominh/STM32MP1/atf/stm32mp1_atf/../build/opteemin-nand-stm32mp157d-ev1/bl2/stm32_fmc2_nand.o
 .text.stm32_fmc2_setup
                0x2ffedd8c       0x68 /home/dangcaominh/STM32MP1/atf/stm32mp1_atf/../build/opteemin-nand-stm32mp157d-ev1/bl2/stm32_fmc2_nand.o
 .text.stm32_fmc2_exec
                0x2ffeddf4      0x150 /home/dangcaominh/STM32MP1/atf/stm32mp1_atf/../build/opteemin-nand-stm32mp157d-ev1/bl2/stm32_fmc2_nand.o
 .text.stm32_fmc2_read_page
                0x2ffedf44      0x2f0 /home/dangcaominh/STM32MP1/atf/stm32mp1_atf/../build/opteemin-nand-stm32mp157d-ev1/bl2/stm32_fmc2_nand.o
 .text.stm32_fmc2_init
                0x2ffee234      0x488 /home/dangcaominh/STM32MP1/atf/stm32mp1_atf/../build/opteemin-nand-stm32mp157d-ev1/bl2/stm32_fmc2_nand.o
                0x2ffee234                stm32_fmc2_init
 .text.set_gpio.isra.0
                0x2ffee6bc       0xf0 /home/dangcaominh/STM32MP1/atf/stm32mp1_atf/../build/opteemin-nand-stm32mp157d-ev1/bl2/stm32_gpio.o
 .text.dt_set_pinctrl_config
                0x2ffee7ac      0x240 /home/dangcaominh/STM32MP1/atf/stm32mp1_atf/../build/opteemin-nand-stm32mp157d-ev1/bl2/stm32_gpio.o
                0x2ffee7ac                dt_set_pinctrl_config
 .text.i2c_transfer_config.isra.0
                0x2ffee9ec       0x2c /home/dangcaominh/STM32MP1/atf/stm32mp1_atf/../build/opteemin-nand-stm32mp157d-ev1/bl2/stm32_i2c.o
 .text.i2c_read.isra.0
                0x2ffeea18      0x1f0 /home/dangcaominh/STM32MP1/atf/stm32mp1_atf/../build/opteemin-nand-stm32mp157d-ev1/bl2/stm32_i2c.o
 .text.i2c_write
                0x2ffeec08      0x218 /home/dangcaominh/STM32MP1/atf/stm32mp1_atf/../build/opteemin-nand-stm32mp157d-ev1/bl2/stm32_i2c.o
 .text.stm32_i2c_get_setup_from_fdt
                0x2ffeee20       0x64 /home/dangcaominh/STM32MP1/atf/stm32mp1_atf/../build/opteemin-nand-stm32mp157d-ev1/bl2/stm32_i2c.o
                0x2ffeee20                stm32_i2c_get_setup_from_fdt
 .text.stm32_i2c_init
                0x2ffeee84      0x434 /home/dangcaominh/STM32MP1/atf/stm32mp1_atf/../build/opteemin-nand-stm32mp157d-ev1/bl2/stm32_i2c.o
                0x2ffeee84                stm32_i2c_init
 .text.stm32_i2c_is_device_ready
                0x2ffef2b8      0x130 /home/dangcaominh/STM32MP1/atf/stm32mp1_atf/../build/opteemin-nand-stm32mp157d-ev1/bl2/stm32_i2c.o
                0x2ffef2b8                stm32_i2c_is_device_ready
 .text.fdt_get_clk_by_name
                0x2ffef3e8       0x4c /home/dangcaominh/STM32MP1/atf/stm32mp1_atf/../build/opteemin-nand-stm32mp157d-ev1/bl2/stm32_iwdg.o
 .text.stm32_iwdg_refresh
                0x2ffef434       0x40 /home/dangcaominh/STM32MP1/atf/stm32mp1_atf/../build/opteemin-nand-stm32mp157d-ev1/bl2/stm32_iwdg.o
                0x2ffef434                stm32_iwdg_refresh
 .text.stm32_iwdg_init
                0x2ffef474      0x184 /home/dangcaominh/STM32MP1/atf/stm32mp1_atf/../build/opteemin-nand-stm32mp157d-ev1/bl2/stm32_iwdg.o
                0x2ffef474                stm32_iwdg_init
 .text.nvmem_driver_register
                0x2ffef5f8       0x24 /home/dangcaominh/STM32MP1/atf/stm32mp1_atf/../build/opteemin-nand-stm32mp157d-ev1/bl2/nvmem.o
                0x2ffef5f8                nvmem_driver_register
 .text.nvmem_get_cell_by_index
                0x2ffef61c       0x90 /home/dangcaominh/STM32MP1/atf/stm32mp1_atf/../build/opteemin-nand-stm32mp157d-ev1/bl2/nvmem.o
                0x2ffef61c                nvmem_get_cell_by_index
 .text.nvmem_get_cell_by_name
                0x2ffef6ac       0x2c /home/dangcaominh/STM32MP1/atf/stm32mp1_atf/../build/opteemin-nand-stm32mp157d-ev1/bl2/nvmem.o
                0x2ffef6ac                nvmem_get_cell_by_name
 .text.stm32_tamp_nvram_write_bkp
                0x2ffef6d8       0x68 /home/dangcaominh/STM32MP1/atf/stm32mp1_atf/../build/opteemin-nand-stm32mp157d-ev1/bl2/stm32mp_tamp_nvram_core.o
 .text.stm32_tamp_nvram_read_bkp.constprop.0.isra.0
                0x2ffef740       0x68 /home/dangcaominh/STM32MP1/atf/stm32mp1_atf/../build/opteemin-nand-stm32mp157d-ev1/bl2/stm32mp_tamp_nvram_core.o
 .text.stm32_tamp_nvram_read_cell
                0x2ffef7a8       0xa4 /home/dangcaominh/STM32MP1/atf/stm32mp1_atf/../build/opteemin-nand-stm32mp157d-ev1/bl2/stm32mp_tamp_nvram_core.o
 .text.stm32_tamp_nvram_write_cell
                0x2ffef84c       0xc4 /home/dangcaominh/STM32MP1/atf/stm32mp1_atf/../build/opteemin-nand-stm32mp157d-ev1/bl2/stm32mp_tamp_nvram_core.o
 .text.stm32_tamp_nvram_update_rights
                0x2ffef910       0xc4 /home/dangcaominh/STM32MP1/atf/stm32mp1_atf/../build/opteemin-nand-stm32mp157d-ev1/bl2/stm32mp_tamp_nvram_core.o
                0x2ffef910                stm32_tamp_nvram_update_rights
 .text.stm32_tamp_nvram_init
                0x2ffef9d4       0xc4 /home/dangcaominh/STM32MP1/atf/stm32mp1_atf/../build/opteemin-nand-stm32mp157d-ev1/bl2/stm32mp_tamp_nvram_core.o
                0x2ffef9d4                stm32_tamp_nvram_init
 .text.stm32_tamp_nvram_get_cdata
                0x2ffefa98        0x8 /home/dangcaominh/STM32MP1/atf/stm32mp1_atf/../build/opteemin-nand-stm32mp157d-ev1/bl2/stm32mp_tamp_nvram_mp1.o
                0x2ffefa98                stm32_tamp_nvram_get_cdata
 .text.stm32_tamp_nvram_get_access_rights
                0x2ffefaa0        0x8 /home/dangcaominh/STM32MP1/atf/stm32mp1_atf/../build/opteemin-nand-stm32mp157d-ev1/bl2/stm32mp_tamp_nvram_mp1.o
                0x2ffefaa0                stm32_tamp_nvram_get_access_rights
 .text.dt_get_pmic_node
                0x2ffefaa8       0x24 /home/dangcaominh/STM32MP1/atf/stm32mp1_atf/../build/opteemin-nand-stm32mp157d-ev1/bl2/stm32mp_pmic.o
 .text.handle_pmic_property
                0x2ffefacc       0x30 /home/dangcaominh/STM32MP1/atf/stm32mp1_atf/../build/opteemin-nand-stm32mp157d-ev1/bl2/stm32mp_pmic.o
 .text.dt_pmic_status
                0x2ffefafc       0x34 /home/dangcaominh/STM32MP1/atf/stm32mp1_atf/../build/opteemin-nand-stm32mp157d-ev1/bl2/stm32mp_pmic.o
                0x2ffefafc                dt_pmic_status
 .text.initialize_pmic_i2c
                0x2ffefb30      0x10c /home/dangcaominh/STM32MP1/atf/stm32mp1_atf/../build/opteemin-nand-stm32mp157d-ev1/bl2/stm32mp_pmic.o
                0x2ffefb30                initialize_pmic_i2c
 .text.initialize_pmic
                0x2ffefc3c      0x114 /home/dangcaominh/STM32MP1/atf/stm32mp1_atf/../build/opteemin-nand-stm32mp157d-ev1/bl2/stm32mp_pmic.o
                0x2ffefc3c                initialize_pmic
 .text.print_pmic_info_and_debug
                0x2ffefd50       0x30 /home/dangcaominh/STM32MP1/atf/stm32mp1_atf/../build/opteemin-nand-stm32mp157d-ev1/bl2/stm32mp_pmic.o
                0x2ffefd50                print_pmic_info_and_debug
 .text.get_regulator_data
                0x2ffefd80       0x44 /home/dangcaominh/STM32MP1/atf/stm32mp1_atf/../build/opteemin-nand-stm32mp157d-ev1/bl2/stpmic1.o
 .text.stpmic1_regulator_levels_mv
                0x2ffefdc4       0x40 /home/dangcaominh/STM32MP1/atf/stm32mp1_atf/../build/opteemin-nand-stm32mp157d-ev1/bl2/stpmic1.o
                0x2ffefdc4                stpmic1_regulator_levels_mv
 .text.stpmic1_register_read
                0x2ffefe04       0x28 /home/dangcaominh/STM32MP1/atf/stm32mp1_atf/../build/opteemin-nand-stm32mp157d-ev1/bl2/stpmic1.o
                0x2ffefe04                stpmic1_register_read
 .text.stpmic1_regulator_voltage_get
                0x2ffefe2c       0x90 /home/dangcaominh/STM32MP1/atf/stm32mp1_atf/../build/opteemin-nand-stm32mp157d-ev1/bl2/stpmic1.o
                0x2ffefe2c                stpmic1_regulator_voltage_get
 .text.stpmic1_register_write
                0x2ffefebc       0x60 /home/dangcaominh/STM32MP1/atf/stm32mp1_atf/../build/opteemin-nand-stm32mp157d-ev1/bl2/stpmic1.o
                0x2ffefebc                stpmic1_register_write
 .text.stpmic1_regulator_voltage_set
                0x2ffeff1c       0x98 /home/dangcaominh/STM32MP1/atf/stm32mp1_atf/../build/opteemin-nand-stm32mp157d-ev1/bl2/stpmic1.o
                0x2ffeff1c                stpmic1_regulator_voltage_set
 .text.stpmic1_regulator_sink_mode_set
                0x2ffeffb4       0x30 /home/dangcaominh/STM32MP1/atf/stm32mp1_atf/../build/opteemin-nand-stm32mp157d-ev1/bl2/stpmic1.o
                0x2ffeffb4                stpmic1_regulator_sink_mode_set
 .text.stpmic1_regulator_bypass_mode_set
                0x2ffeffe4       0x30 /home/dangcaominh/STM32MP1/atf/stm32mp1_atf/../build/opteemin-nand-stm32mp157d-ev1/bl2/stpmic1.o
                0x2ffeffe4                stpmic1_regulator_bypass_mode_set
 .text.stpmic1_active_discharge_mode_set
                0x2fff0014       0x3c /home/dangcaominh/STM32MP1/atf/stm32mp1_atf/../build/opteemin-nand-stm32mp157d-ev1/bl2/stpmic1.o
                0x2fff0014                stpmic1_active_discharge_mode_set
 .text.stpmic1_bind_i2c
                0x2fff0050       0x14 /home/dangcaominh/STM32MP1/atf/stm32mp1_atf/../build/opteemin-nand-stm32mp157d-ev1/bl2/stpmic1.o
                0x2fff0050                stpmic1_bind_i2c
 .text.regulator_get_by_supply_name
                0x2fff0064       0x74 /home/dangcaominh/STM32MP1/atf/stm32mp1_atf/../build/opteemin-nand-stm32mp157d-ev1/bl2/regulator_core.o
                0x2fff0064                regulator_get_by_supply_name
 .text.regulator_enable
                0x2fff00d8       0x30 /home/dangcaominh/STM32MP1/atf/stm32mp1_atf/../build/opteemin-nand-stm32mp157d-ev1/bl2/regulator_core.o
                0x2fff00d8                regulator_enable
 .text.regulator_get_voltage
                0x2fff0108       0x4c /home/dangcaominh/STM32MP1/atf/stm32mp1_atf/../build/opteemin-nand-stm32mp157d-ev1/bl2/regulator_core.o
                0x2fff0108                regulator_get_voltage
 .text.regulator_set_voltage
                0x2fff0154       0x6c /home/dangcaominh/STM32MP1/atf/stm32mp1_atf/../build/opteemin-nand-stm32mp157d-ev1/bl2/regulator_core.o
                0x2fff0154                regulator_set_voltage
 .text.regulator_list_voltages
                0x2fff01c0       0xe0 /home/dangcaominh/STM32MP1/atf/stm32mp1_atf/../build/opteemin-nand-stm32mp157d-ev1/bl2/regulator_core.o
                0x2fff01c0                regulator_list_voltages
 .text.regulator_get_range
                0x2fff02a0       0x20 /home/dangcaominh/STM32MP1/atf/stm32mp1_atf/../build/opteemin-nand-stm32mp157d-ev1/bl2/regulator_core.o
                0x2fff02a0                regulator_get_range
 .text.regulator_register
                0x2fff02c0      0x180 /home/dangcaominh/STM32MP1/atf/stm32mp1_atf/../build/opteemin-nand-stm32mp157d-ev1/bl2/regulator_core.o
                0x2fff02c0                regulator_register
 .text.fixed_regulator_register
                0x2fff0440       0xc8 /home/dangcaominh/STM32MP1/atf/stm32mp1_atf/../build/opteemin-nand-stm32mp157d-ev1/bl2/regulator_fixed.o
                0x2fff0440                fixed_regulator_register
 .text.stm32mp_reset_assert
                0x2fff0508       0x60 /home/dangcaominh/STM32MP1/atf/stm32mp1_atf/../build/opteemin-nand-stm32mp157d-ev1/bl2/stm32mp1_reset.o
                0x2fff0508                stm32mp_reset_assert
 .text.stm32mp_reset_deassert
                0x2fff0568       0x60 /home/dangcaominh/STM32MP1/atf/stm32mp1_atf/../build/opteemin-nand-stm32mp157d-ev1/bl2/stm32mp1_reset.o
                0x2fff0568                stm32mp_reset_deassert
 .text.fconf_populate
                0x2fff05c8       0x88 /home/dangcaominh/STM32MP1/atf/stm32mp1_atf/../build/opteemin-nand-stm32mp157d-ev1/bl2/fconf.o
                0x2fff05c8                fconf_populate
 .text.set_config_info
                0x2fff0650       0x40 /home/dangcaominh/STM32MP1/atf/stm32mp1_atf/../build/opteemin-nand-stm32mp157d-ev1/bl2/fconf_dyn_cfg_getter.o
                0x2fff0650                set_config_info
 .text.fconf_populate_dtb_registry
                0x2fff0690      0x10c /home/dangcaominh/STM32MP1/atf/stm32mp1_atf/../build/opteemin-nand-stm32mp157d-ev1/bl2/fconf_dyn_cfg_getter.o
                0x2fff0690                fconf_populate_dtb_registry
 .text.dyn_cfg_dtb_info_get_index
                0x2fff079c       0x20 /home/dangcaominh/STM32MP1/atf/stm32mp1_atf/../build/opteemin-nand-stm32mp157d-ev1/bl2/fconf_dyn_cfg_getter.o
                0x2fff079c                dyn_cfg_dtb_info_get_index
 .text.dyn_cfg_dtb_info_getter
                0x2fff07bc       0x28 /home/dangcaominh/STM32MP1/atf/stm32mp1_atf/../build/opteemin-nand-stm32mp157d-ev1/bl2/fconf_dyn_cfg_getter.o
                0x2fff07bc                dyn_cfg_dtb_info_getter
 .text.parse_optee_image
                0x2fff07e4       0x60 /home/dangcaominh/STM32MP1/atf/stm32mp1_atf/../build/opteemin-nand-stm32mp157d-ev1/bl2/optee_utils.o
 .text.optee_header_is_valid
                0x2fff0844       0x24 /home/dangcaominh/STM32MP1/atf/stm32mp1_atf/../build/opteemin-nand-stm32mp157d-ev1/bl2/optee_utils.o
                0x2fff0844                optee_header_is_valid
 .text.parse_optee_header
                0x2fff0868      0x114 /home/dangcaominh/STM32MP1/atf/stm32mp1_atf/../build/opteemin-nand-stm32mp157d-ev1/bl2/optee_utils.o
                0x2fff0868                parse_optee_header
 .text.xlat_arch_regime_get_xn_desc
                0x2fff097c       0x28 /home/dangcaominh/STM32MP1/atf/stm32mp1_atf/../build/opteemin-nand-stm32mp157d-ev1/bl2/xlat_tables_arch.o
                0x2fff097c                xlat_arch_regime_get_xn_desc
 .text.xlat_arch_tlbi_va
                0x2fff09a4       0x2c /home/dangcaominh/STM32MP1/atf/stm32mp1_atf/../build/opteemin-nand-stm32mp157d-ev1/bl2/xlat_tables_arch.o
                0x2fff09a4                xlat_arch_tlbi_va
 .text.xlat_arch_current_el
                0x2fff09d0       0x3c /home/dangcaominh/STM32MP1/atf/stm32mp1_atf/../build/opteemin-nand-stm32mp157d-ev1/bl2/xlat_tables_arch.o
                0x2fff09d0                xlat_arch_current_el
 .text.is_mmu_enabled_ctx
                0x2fff0a0c       0x40 /home/dangcaominh/STM32MP1/atf/stm32mp1_atf/../build/opteemin-nand-stm32mp157d-ev1/bl2/xlat_tables_arch.o
                0x2fff0a0c                is_mmu_enabled_ctx
 .text.setup_mmu_cfg
                0x2fff0a4c       0xac /home/dangcaominh/STM32MP1/atf/stm32mp1_atf/../build/opteemin-nand-stm32mp157d-ev1/bl2/xlat_tables_arch.o
                0x2fff0a4c                setup_mmu_cfg
 .text.mmap_add_region
                0x2fff0af8       0x28 /home/dangcaominh/STM32MP1/atf/stm32mp1_atf/../build/opteemin-nand-stm32mp157d-ev1/bl2/xlat_tables_context.o
                0x2fff0af8                mmap_add_region
 .text.mmap_add
                0x2fff0b20        0xc /home/dangcaominh/STM32MP1/atf/stm32mp1_atf/../build/opteemin-nand-stm32mp157d-ev1/bl2/xlat_tables_context.o
                0x2fff0b20                mmap_add
 .text.mmap_add_dynamic_region
                0x2fff0b2c       0x28 /home/dangcaominh/STM32MP1/atf/stm32mp1_atf/../build/opteemin-nand-stm32mp157d-ev1/bl2/xlat_tables_context.o
                0x2fff0b2c                mmap_add_dynamic_region
 .text.mmap_remove_dynamic_region
                0x2fff0b54       0x10 /home/dangcaominh/STM32MP1/atf/stm32mp1_atf/../build/opteemin-nand-stm32mp157d-ev1/bl2/xlat_tables_context.o
                0x2fff0b54                mmap_remove_dynamic_region
 .text.init_xlat_tables
                0x2fff0b64       0x3c /home/dangcaominh/STM32MP1/atf/stm32mp1_atf/../build/opteemin-nand-stm32mp157d-ev1/bl2/xlat_tables_context.o
                0x2fff0b64                init_xlat_tables
 .text.enable_mmu_svc_mon
                0x2fff0ba0       0x34 /home/dangcaominh/STM32MP1/atf/stm32mp1_atf/../build/opteemin-nand-stm32mp157d-ev1/bl2/xlat_tables_context.o
                0x2fff0ba0                enable_mmu_svc_mon
 .text.xlat_table_get_index
                0x2fff0bd4       0x28 /home/dangcaominh/STM32MP1/atf/stm32mp1_atf/../build/opteemin-nand-stm32mp157d-ev1/bl2/xlat_tables_core.o
 .text.xlat_tables_unmap_region
                0x2fff0bfc      0x138 /home/dangcaominh/STM32MP1/atf/stm32mp1_atf/../build/opteemin-nand-stm32mp157d-ev1/bl2/xlat_tables_core.o
 .text.xlat_desc
                0x2fff0d34       0xc4 /home/dangcaominh/STM32MP1/atf/stm32mp1_atf/../build/opteemin-nand-stm32mp157d-ev1/bl2/xlat_tables_core.o
                0x2fff0d34                xlat_desc
 .text.xlat_tables_map_region
                0x2fff0df8      0x1ac /home/dangcaominh/STM32MP1/atf/stm32mp1_atf/../build/opteemin-nand-stm32mp157d-ev1/bl2/xlat_tables_core.o
 .text.mmap_add_region_ctx
                0x2fff0fa4       0xf0 /home/dangcaominh/STM32MP1/atf/stm32mp1_atf/../build/opteemin-nand-stm32mp157d-ev1/bl2/xlat_tables_core.o
                0x2fff0fa4                mmap_add_region_ctx
 .text.mmap_add_dynamic_region_ctx
                0x2fff1094      0x154 /home/dangcaominh/STM32MP1/atf/stm32mp1_atf/../build/opteemin-nand-stm32mp157d-ev1/bl2/xlat_tables_core.o
                0x2fff1094                mmap_add_dynamic_region_ctx
 .text.mmap_remove_dynamic_region_ctx
                0x2fff11e8      0x108 /home/dangcaominh/STM32MP1/atf/stm32mp1_atf/../build/opteemin-nand-stm32mp157d-ev1/bl2/xlat_tables_core.o
                0x2fff11e8                mmap_remove_dynamic_region_ctx
 .text.init_xlat_tables_ctx
                0x2fff12f0      0x140 /home/dangcaominh/STM32MP1/atf/stm32mp1_atf/../build/opteemin-nand-stm32mp157d-ev1/bl2/xlat_tables_core.o
                0x2fff12f0                init_xlat_tables_ctx
 .text.crc32_z  0x2fff1430       0xc8 /home/dangcaominh/STM32MP1/atf/stm32mp1_atf/../build/opteemin-nand-stm32mp157d-ev1/bl2/crc32.o
                0x2fff1430                crc32_z
 .text.plat_log_get_prefix
                0x2fff14f8       0x24 /home/dangcaominh/STM32MP1/atf/stm32mp1_atf/../build/opteemin-nand-stm32mp157d-ev1/bl2/plat_log_common.o
                0x2fff14f8                plat_log_get_prefix
 .text.open_fip
                0x2fff151c       0x10 /home/dangcaominh/STM32MP1/atf/stm32mp1_atf/../build/opteemin-nand-stm32mp157d-ev1/bl2/bl2_io_storage.o
                0x2fff151c                open_fip
 .text.open_storage
                0x2fff152c       0x10 /home/dangcaominh/STM32MP1/atf/stm32mp1_atf/../build/opteemin-nand-stm32mp157d-ev1/bl2/bl2_io_storage.o
                0x2fff152c                open_storage
 .text.stm32mp_io_setup
                0x2fff153c      0x138 /home/dangcaominh/STM32MP1/atf/stm32mp1_atf/../build/opteemin-nand-stm32mp157d-ev1/bl2/bl2_io_storage.o
                0x2fff153c                stm32mp_io_setup
 .text.bl2_plat_handle_pre_image_load
                0x2fff1674       0x28 /home/dangcaominh/STM32MP1/atf/stm32mp1_atf/../build/opteemin-nand-stm32mp157d-ev1/bl2/bl2_io_storage.o
                0x2fff1674                bl2_plat_handle_pre_image_load
 .text.plat_get_image_source
                0x2fff169c       0x44 /home/dangcaominh/STM32MP1/atf/stm32mp1_atf/../build/opteemin-nand-stm32mp157d-ev1/bl2/bl2_io_storage.o
                0x2fff169c                plat_get_image_source
 .text.plat_try_backup_partitions
                0x2fff16e0       0x5c /home/dangcaominh/STM32MP1/atf/stm32mp1_atf/../build/opteemin-nand-stm32mp157d-ev1/bl2/bl2_io_storage.o
                0x2fff16e0                plat_try_backup_partitions
 .text.plat_fwu_get_boot_idx
                0x2fff173c       0xac /home/dangcaominh/STM32MP1/atf/stm32mp1_atf/../build/opteemin-nand-stm32mp157d-ev1/bl2/bl2_io_storage.o
                0x2fff173c                plat_fwu_get_boot_idx
 .text.plat_fwu_set_images_source
                0x2fff17e8       0xcc /home/dangcaominh/STM32MP1/atf/stm32mp1_atf/../build/opteemin-nand-stm32mp157d-ev1/bl2/bl2_io_storage.o
                0x2fff17e8                plat_fwu_set_images_source
 .text.plat_fwu_set_metadata_image_source
                0x2fff18b4       0x64 /home/dangcaominh/STM32MP1/atf/stm32mp1_atf/../build/opteemin-nand-stm32mp157d-ev1/bl2/bl2_io_storage.o
                0x2fff18b4                plat_fwu_set_metadata_image_source
 .text.stm32_get_bootinfo_cell
                0x2fff1918       0x3c /home/dangcaominh/STM32MP1/atf/stm32mp1_atf/../build/opteemin-nand-stm32mp157d-ev1/bl2/stm32mp_common.o
 .text.stm32mp_save_boot_ctx_address
                0x2fff1954       0x40 /home/dangcaominh/STM32MP1/atf/stm32mp1_atf/../build/opteemin-nand-stm32mp157d-ev1/bl2/stm32mp_common.o
                0x2fff1954                stm32mp_save_boot_ctx_address
 .text.stm32mp_get_boot_ctx_address
                0x2fff1994        0xc /home/dangcaominh/STM32MP1/atf/stm32mp1_atf/../build/opteemin-nand-stm32mp157d-ev1/bl2/stm32mp_common.o
                0x2fff1994                stm32mp_get_boot_ctx_address
 .text.stm32mp_get_boot_itf_selected
                0x2fff19a0        0xc /home/dangcaominh/STM32MP1/atf/stm32mp1_atf/../build/opteemin-nand-stm32mp157d-ev1/bl2/stm32mp_common.o
                0x2fff19a0                stm32mp_get_boot_itf_selected
 .text.stm32mp_get_boot_action
                0x2fff19ac        0xc /home/dangcaominh/STM32MP1/atf/stm32mp1_atf/../build/opteemin-nand-stm32mp157d-ev1/bl2/stm32mp_common.o
                0x2fff19ac                stm32mp_get_boot_action
 .text.stm32mp_ddrctrl_base
                0x2fff19b8        0x8 /home/dangcaominh/STM32MP1/atf/stm32mp1_atf/../build/opteemin-nand-stm32mp157d-ev1/bl2/stm32mp_common.o
                0x2fff19b8                stm32mp_ddrctrl_base
 .text.stm32mp_ddrphyc_base
                0x2fff19c0        0x8 /home/dangcaominh/STM32MP1/atf/stm32mp1_atf/../build/opteemin-nand-stm32mp157d-ev1/bl2/stm32mp_common.o
                0x2fff19c0                stm32mp_ddrphyc_base
 .text.stm32mp_pwr_base
                0x2fff19c8        0x8 /home/dangcaominh/STM32MP1/atf/stm32mp1_atf/../build/opteemin-nand-stm32mp157d-ev1/bl2/stm32mp_common.o
                0x2fff19c8                stm32mp_pwr_base
 .text.stm32mp_pwr_regs_lock
                0x2fff19d0       0x18 /home/dangcaominh/STM32MP1/atf/stm32mp1_atf/../build/opteemin-nand-stm32mp157d-ev1/bl2/stm32mp_common.o
                0x2fff19d0                stm32mp_pwr_regs_lock
 .text.stm32mp_pwr_regs_unlock
                0x2fff19e8       0x18 /home/dangcaominh/STM32MP1/atf/stm32mp1_atf/../build/opteemin-nand-stm32mp157d-ev1/bl2/stm32mp_common.o
                0x2fff19e8                stm32mp_pwr_regs_unlock
 .text.stm32_get_otp_index
                0x2fff1a00       0x20 /home/dangcaominh/STM32MP1/atf/stm32mp1_atf/../build/opteemin-nand-stm32mp157d-ev1/bl2/stm32mp_common.o
                0x2fff1a00                stm32_get_otp_index
 .text.stm32_get_otp_value_from_idx
                0x2fff1a20       0x30 /home/dangcaominh/STM32MP1/atf/stm32mp1_atf/../build/opteemin-nand-stm32mp157d-ev1/bl2/stm32mp_common.o
                0x2fff1a20                stm32_get_otp_value_from_idx
 .text.stm32_get_otp_value
                0x2fff1a50       0x44 /home/dangcaominh/STM32MP1/atf/stm32mp1_atf/../build/opteemin-nand-stm32mp157d-ev1/bl2/stm32mp_common.o
                0x2fff1a50                stm32_get_otp_value
 .text.stm32mp_uart_console_setup
                0x2fff1a94       0x94 /home/dangcaominh/STM32MP1/atf/stm32mp1_atf/../build/opteemin-nand-stm32mp157d-ev1/bl2/stm32mp_common.o
                0x2fff1a94                stm32mp_uart_console_setup
 .text.stm32_display_board_info
                0x2fff1b28       0x2c /home/dangcaominh/STM32MP1/atf/stm32mp1_atf/../build/opteemin-nand-stm32mp157d-ev1/bl2/stm32mp_common.o
                0x2fff1b28                stm32_display_board_info
 .text.stm32_get_magic_number_cell
                0x2fff1b54       0x34 /home/dangcaominh/STM32MP1/atf/stm32mp1_atf/../build/opteemin-nand-stm32mp157d-ev1/bl2/stm32mp_common.o
                0x2fff1b54                stm32_get_magic_number_cell
 .text.stm32_get_core1_branch_address_cell
                0x2fff1b88       0x34 /home/dangcaominh/STM32MP1/atf/stm32mp1_atf/../build/opteemin-nand-stm32mp157d-ev1/bl2/stm32mp_common.o
                0x2fff1b88                stm32_get_core1_branch_address_cell
 .text.stm32_get_fwu_info_cell
                0x2fff1bbc       0x34 /home/dangcaominh/STM32MP1/atf/stm32mp1_atf/../build/opteemin-nand-stm32mp157d-ev1/bl2/stm32mp_common.o
                0x2fff1bbc                stm32_get_fwu_info_cell
 .text.stm32_get_boot_mode_cell
                0x2fff1bf0       0x34 /home/dangcaominh/STM32MP1/atf/stm32mp1_atf/../build/opteemin-nand-stm32mp157d-ev1/bl2/stm32mp_common.o
                0x2fff1bf0                stm32_get_boot_mode_cell
 .text.stm32_save_boot_info
                0x2fff1c24       0xcc /home/dangcaominh/STM32MP1/atf/stm32mp1_atf/../build/opteemin-nand-stm32mp157d-ev1/bl2/stm32mp_common.o
                0x2fff1c24                stm32_save_boot_info
 .text.stm32_get_and_dec_fwu_trial_boot_cnt
                0x2fff1cf0       0x60 /home/dangcaominh/STM32MP1/atf/stm32mp1_atf/../build/opteemin-nand-stm32mp157d-ev1/bl2/stm32mp_common.o
                0x2fff1cf0                stm32_get_and_dec_fwu_trial_boot_cnt
 .text.fdt_get_node_parent_address_cells
                0x2fff1d50       0x24 /home/dangcaominh/STM32MP1/atf/stm32mp1_atf/../build/opteemin-nand-stm32mp157d-ev1/bl2/stm32mp_dt.o
 .text.dt_open_and_check
                0x2fff1d74       0x14 /home/dangcaominh/STM32MP1/atf/stm32mp1_atf/../build/opteemin-nand-stm32mp157d-ev1/bl2/stm32mp_dt.o
                0x2fff1d74                dt_open_and_check
 .text.fdt_get_address
                0x2fff1d88       0x14 /home/dangcaominh/STM32MP1/atf/stm32mp1_atf/../build/opteemin-nand-stm32mp157d-ev1/bl2/stm32mp_dt.o
                0x2fff1d88                fdt_get_address
 .text.fdt_check_node
                0x2fff1d9c       0x20 /home/dangcaominh/STM32MP1/atf/stm32mp1_atf/../build/opteemin-nand-stm32mp157d-ev1/bl2/stm32mp_dt.o
                0x2fff1d9c                fdt_check_node
 .text.fdt_get_status
                0x2fff1dbc       0x74 /home/dangcaominh/STM32MP1/atf/stm32mp1_atf/../build/opteemin-nand-stm32mp157d-ev1/bl2/stm32mp_dt.o
                0x2fff1dbc                fdt_get_status
 .text.dt_set_stdout_pinctrl
                0x2fff1e30       0x20 /home/dangcaominh/STM32MP1/atf/stm32mp1_atf/../build/opteemin-nand-stm32mp157d-ev1/bl2/stm32mp_dt.o
                0x2fff1e30                dt_set_stdout_pinctrl
 .text.dt_fill_device_info
                0x2fff1e50       0x88 /home/dangcaominh/STM32MP1/atf/stm32mp1_atf/../build/opteemin-nand-stm32mp157d-ev1/bl2/stm32mp_dt.o
                0x2fff1e50                dt_fill_device_info
 .text.dt_get_node
                0x2fff1ed8       0x28 /home/dangcaominh/STM32MP1/atf/stm32mp1_atf/../build/opteemin-nand-stm32mp157d-ev1/bl2/stm32mp_dt.o
                0x2fff1ed8                dt_get_node
 .text.dt_get_stdout_uart_info
                0x2fff1f00       0x28 /home/dangcaominh/STM32MP1/atf/stm32mp1_atf/../build/opteemin-nand-stm32mp157d-ev1/bl2/stm32mp_dt.o
                0x2fff1f00                dt_get_stdout_uart_info
 .text.dt_get_ddr_size
                0x2fff1f28       0x58 /home/dangcaominh/STM32MP1/atf/stm32mp1_atf/../build/opteemin-nand-stm32mp157d-ev1/bl2/stm32mp_dt.o
                0x2fff1f28                dt_get_ddr_size
 .text.dt_get_vdd_regulator
                0x2fff1f80       0x30 /home/dangcaominh/STM32MP1/atf/stm32mp1_atf/../build/opteemin-nand-stm32mp157d-ev1/bl2/stm32mp_dt.o
                0x2fff1f80                dt_get_vdd_regulator
 .text.dt_get_board_model
                0x2fff1fb0       0x30 /home/dangcaominh/STM32MP1/atf/stm32mp1_atf/../build/opteemin-nand-stm32mp157d-ev1/bl2/stm32mp_dt.o
                0x2fff1fb0                dt_get_board_model
 .text.dt_find_otp_name
                0x2fff1fe0       0xa8 /home/dangcaominh/STM32MP1/atf/stm32mp1_atf/../build/opteemin-nand-stm32mp157d-ev1/bl2/stm32mp_dt.o
                0x2fff1fe0                dt_find_otp_name
 .text.dt_get_otp_by_phandle
                0x2fff2088       0x88 /home/dangcaominh/STM32MP1/atf/stm32mp1_atf/../build/opteemin-nand-stm32mp157d-ev1/bl2/stm32mp_dt.o
                0x2fff2088                dt_get_otp_by_phandle
 .text.fconf_populate_stm32mp_fuse_provisioning
                0x2fff2110      0x128 /home/dangcaominh/STM32MP1/atf/stm32mp1_atf/../build/opteemin-nand-stm32mp157d-ev1/bl2/stm32mp_fconf_fuse.o
 .text.fconf_populate_stm32mp_io_policies
                0x2fff2238       0xd8 /home/dangcaominh/STM32MP1/atf/stm32mp1_atf/../build/opteemin-nand-stm32mp157d-ev1/bl2/stm32mp_fconf_io.o
                0x2fff2238                fconf_populate_stm32mp_io_policies
 .text.bl2_platform_setup
                0x2fff2310       0x74 /home/dangcaominh/STM32MP1/atf/stm32mp1_atf/../build/opteemin-nand-stm32mp157d-ev1/bl2/bl2_plat_setup.o
                0x2fff2310                bl2_platform_setup
 .text.bl2_el3_plat_arch_setup
                0x2fff2384      0x3e0 /home/dangcaominh/STM32MP1/atf/stm32mp1_atf/../build/opteemin-nand-stm32mp157d-ev1/bl2/bl2_plat_setup.o
                0x2fff2384                bl2_el3_plat_arch_setup
 .text.bl2_plat_handle_post_image_load
                0x2fff2764      0x1f8 /home/dangcaominh/STM32MP1/atf/stm32mp1_atf/../build/opteemin-nand-stm32mp157d-ev1/bl2/bl2_plat_setup.o
                0x2fff2764                bl2_plat_handle_post_image_load
 .text.bl2_el3_plat_prepare_exit
                0x2fff295c       0x30 /home/dangcaominh/STM32MP1/atf/stm32mp1_atf/../build/opteemin-nand-stm32mp157d-ev1/bl2/bl2_plat_setup.o
                0x2fff295c                bl2_el3_plat_prepare_exit
 .text.stm32mp_board_ddr_power_init
                0x2fff298c      0x124 /home/dangcaominh/STM32MP1/atf/stm32mp1_atf/../build/opteemin-nand-stm32mp157d-ev1/bl2/plat_ddr.o
                0x2fff298c                stm32mp_board_ddr_power_init
 .text.plat_get_raw_nand_data
                0x2fff2ab0       0xd0 /home/dangcaominh/STM32MP1/atf/stm32mp1_atf/../build/opteemin-nand-stm32mp157d-ev1/bl2/stm32mp1_boot_device.o
                0x2fff2ab0                plat_get_raw_nand_data
 .text.stm32_pm_get_optee_ep
                0x2fff2b80       0x58 /home/dangcaominh/STM32MP1/atf/stm32mp1_atf/../build/opteemin-nand-stm32mp157d-ev1/bl2/stm32mp1_context.o
                0x2fff2b80                stm32_pm_get_optee_ep
 .text.stm32_context_save_bl2_param
                0x2fff2bd8       0x54 /home/dangcaominh/STM32MP1/atf/stm32mp1_atf/../build/opteemin-nand-stm32mp157d-ev1/bl2/stm32mp1_context.o
                0x2fff2bd8                stm32_context_save_bl2_param
 .text.stm32_pm_context_is_valid
                0x2fff2c2c       0x80 /home/dangcaominh/STM32MP1/atf/stm32mp1_atf/../build/opteemin-nand-stm32mp157d-ev1/bl2/stm32mp1_context.o
                0x2fff2c2c                stm32_pm_context_is_valid
 .text.stm32_restore_ddr_training_area
                0x2fff2cac       0x3c /home/dangcaominh/STM32MP1/atf/stm32mp1_atf/../build/opteemin-nand-stm32mp157d-ev1/bl2/stm32mp1_context.o
                0x2fff2cac                stm32_restore_ddr_training_area
 .text.stm32_pwr_down_wfi_load
                0x2fff2ce8       0x80 /home/dangcaominh/STM32MP1/atf/stm32mp1_atf/../build/opteemin-nand-stm32mp157d-ev1/bl2/stm32mp1_critic_power.o
                0x2fff2ce8                stm32_pwr_down_wfi_load
 .text.stm32mp1_dbgmcu_init
                0x2fff2d68       0x30 /home/dangcaominh/STM32MP1/atf/stm32mp1_atf/../build/opteemin-nand-stm32mp157d-ev1/bl2/stm32mp1_dbgmcu.o
 .text.stm32mp1_dbgmcu_get_chip_version
                0x2fff2d98       0x2c /home/dangcaominh/STM32MP1/atf/stm32mp1_atf/../build/opteemin-nand-stm32mp157d-ev1/bl2/stm32mp1_dbgmcu.o
                0x2fff2d98                stm32mp1_dbgmcu_get_chip_version
 .text.stm32mp1_dbgmcu_get_chip_dev_id
                0x2fff2dc4       0x30 /home/dangcaominh/STM32MP1/atf/stm32mp1_atf/../build/opteemin-nand-stm32mp157d-ev1/bl2/stm32mp1_dbgmcu.o
                0x2fff2dc4                stm32mp1_dbgmcu_get_chip_dev_id
 .text.fconf_populate_stm32mp1_firewall
                0x2fff2df4       0xcc /home/dangcaominh/STM32MP1/atf/stm32mp1_atf/../build/opteemin-nand-stm32mp157d-ev1/bl2/stm32mp1_fconf_firewall.o
 .text.stm32mp1_arch_security_setup
                0x2fff2ec0       0x34 /home/dangcaominh/STM32MP1/atf/stm32mp1_atf/../build/opteemin-nand-stm32mp157d-ev1/bl2/stm32mp1_fconf_firewall.o
                0x2fff2ec0                stm32mp1_arch_security_setup
 .text.stm32mp1_security_setup
                0x2fff2ef4       0x5c /home/dangcaominh/STM32MP1/atf/stm32mp1_atf/../build/opteemin-nand-stm32mp157d-ev1/bl2/stm32mp1_fconf_firewall.o
                0x2fff2ef4                stm32mp1_security_setup
 .text.configure_mmu
                0x2fff2f50       0x1c /home/dangcaominh/STM32MP1/atf/stm32mp1_atf/../build/opteemin-nand-stm32mp157d-ev1/bl2/stm32mp1_private.o
                0x2fff2f50                configure_mmu
 .text.stm32_get_gpio_bank_base
                0x2fff2f6c       0x28 /home/dangcaominh/STM32MP1/atf/stm32mp1_atf/../build/opteemin-nand-stm32mp157d-ev1/bl2/stm32mp1_private.o
                0x2fff2f6c                stm32_get_gpio_bank_base
 .text.stm32_get_gpio_bank_offset
                0x2fff2f94       0x20 /home/dangcaominh/STM32MP1/atf/stm32mp1_atf/../build/opteemin-nand-stm32mp157d-ev1/bl2/stm32mp1_private.o
                0x2fff2f94                stm32_get_gpio_bank_offset
 .text.stm32_get_gpio_bank_clock
                0x2fff2fb4       0x20 /home/dangcaominh/STM32MP1/atf/stm32mp1_atf/../build/opteemin-nand-stm32mp157d-ev1/bl2/stm32mp1_private.o
                0x2fff2fb4                stm32_get_gpio_bank_clock
 .text.stm32mp_get_chip_version
                0x2fff2fd4       0x24 /home/dangcaominh/STM32MP1/atf/stm32mp1_atf/../build/opteemin-nand-stm32mp157d-ev1/bl2/stm32mp1_private.o
                0x2fff2fd4                stm32mp_get_chip_version
 .text.stm32mp_get_chip_dev_id
                0x2fff2ff8       0x24 /home/dangcaominh/STM32MP1/atf/stm32mp1_atf/../build/opteemin-nand-stm32mp157d-ev1/bl2/stm32mp1_private.o
                0x2fff2ff8                stm32mp_get_chip_dev_id
 .text.stm32mp_get_part_number
                0x2fff301c       0x34 /home/dangcaominh/STM32MP1/atf/stm32mp1_atf/../build/opteemin-nand-stm32mp157d-ev1/bl2/stm32mp1_private.o
                0x2fff301c                stm32mp_get_part_number
 .text.stm32mp_get_soc_name
                0x2fff3050      0x148 /home/dangcaominh/STM32MP1/atf/stm32mp1_atf/../build/opteemin-nand-stm32mp157d-ev1/bl2/stm32mp1_private.o
                0x2fff3050                stm32mp_get_soc_name
 .text.stm32mp_print_cpuinfo
                0x2fff3198       0x1c /home/dangcaominh/STM32MP1/atf/stm32mp1_atf/../build/opteemin-nand-stm32mp157d-ev1/bl2/stm32mp1_private.o
                0x2fff3198                stm32mp_print_cpuinfo
 .text.stm32mp_print_boardinfo
                0x2fff31b4       0x24 /home/dangcaominh/STM32MP1/atf/stm32mp1_atf/../build/opteemin-nand-stm32mp157d-ev1/bl2/stm32mp1_private.o
                0x2fff31b4                stm32mp_print_boardinfo
 .text.stm32mp_check_closed_device
                0x2fff31d8       0x2c /home/dangcaominh/STM32MP1/atf/stm32mp1_atf/../build/opteemin-nand-stm32mp157d-ev1/bl2/stm32mp1_private.o
                0x2fff31d8                stm32mp_check_closed_device
 .text.stm32_iwdg_get_instance
                0x2fff3204       0x28 /home/dangcaominh/STM32MP1/atf/stm32mp1_atf/../build/opteemin-nand-stm32mp157d-ev1/bl2/stm32mp1_private.o
                0x2fff3204                stm32_iwdg_get_instance
 .text.stm32_iwdg_get_otp_config
                0x2fff322c       0x30 /home/dangcaominh/STM32MP1/atf/stm32mp1_atf/../build/opteemin-nand-stm32mp157d-ev1/bl2/stm32mp1_private.o
                0x2fff322c                stm32_iwdg_get_otp_config
 .text.stm32mp_skip_boot_device_after_standby
                0x2fff325c       0x2c /home/dangcaominh/STM32MP1/atf/stm32mp1_atf/../build/opteemin-nand-stm32mp157d-ev1/bl2/stm32mp1_private.o
                0x2fff325c                stm32mp_skip_boot_device_after_standby
 .text.stm32mp_bkpram_get_access
                0x2fff3288       0x20 /home/dangcaominh/STM32MP1/atf/stm32mp1_atf/../build/opteemin-nand-stm32mp157d-ev1/bl2/stm32mp1_private.o
                0x2fff3288                stm32mp_bkpram_get_access
 .text.stm32mp_syscfg_enable_io_compensation_start
                0x2fff32a8       0x18 /home/dangcaominh/STM32MP1/atf/stm32mp1_atf/../build/opteemin-nand-stm32mp157d-ev1/bl2/stm32mp1_syscfg.o
                0x2fff32a8                stm32mp_syscfg_enable_io_compensation_start
 .text.stm32mp_syscfg_init
                0x2fff32c0       0x8c /home/dangcaominh/STM32MP1/atf/stm32mp1_atf/../build/opteemin-nand-stm32mp157d-ev1/bl2/stm32mp1_syscfg.o
                0x2fff32c0                stm32mp_syscfg_init
 .text.stm32mp_syscfg_enable_io_compensation_finish
                0x2fff334c       0x50 /home/dangcaominh/STM32MP1/atf/stm32mp1_atf/../build/opteemin-nand-stm32mp157d-ev1/bl2/stm32mp1_syscfg.o
                0x2fff334c                stm32mp_syscfg_enable_io_compensation_finish
 .text          0x2fff339c       0x24 /home/dangcaominh/STM32MP1/atf/stm32mp1_atf/../build/opteemin-nand-stm32mp157d-ev1/bl2/aeabi_uldivmod.o
                0x2fff339c                __aeabi_uldivmod
 .text.fdt_ro_probe_
                0x2fff33c0       0x74 /home/dangcaominh/STM32MP1/atf/stm32mp1_atf/../build/opteemin-nand-stm32mp157d-ev1/lib/libfdt.a(fdt.o)
                0x2fff33c0                fdt_ro_probe_
 .text.fdt_check_header
                0x2fff3434       0xd0 /home/dangcaominh/STM32MP1/atf/stm32mp1_atf/../build/opteemin-nand-stm32mp157d-ev1/lib/libfdt.a(fdt.o)
                0x2fff3434                fdt_check_header
 .text.fdt_address_cells
                0x2fff3504       0x1c /home/dangcaominh/STM32MP1/atf/stm32mp1_atf/../build/opteemin-nand-stm32mp157d-ev1/lib/libfdt.a(fdt_addresses.o)
                0x2fff3504                fdt_address_cells
 .text.fdt_get_string
                0x2fff3520       0xb0 /home/dangcaominh/STM32MP1/atf/stm32mp1_atf/../build/opteemin-nand-stm32mp157d-ev1/lib/libfdt.a(fdt_ro.o)
                0x2fff3520                fdt_get_string
 .text.fdt_get_phandle
                0x2fff35d0       0x44 /home/dangcaominh/STM32MP1/atf/stm32mp1_atf/../build/opteemin-nand-stm32mp157d-ev1/lib/libfdt.a(fdt_ro.o)
                0x2fff35d0                fdt_get_phandle
 .text.fdt_get_alias_namelen
                0x2fff3614       0x2c /home/dangcaominh/STM32MP1/atf/stm32mp1_atf/../build/opteemin-nand-stm32mp157d-ev1/lib/libfdt.a(fdt_ro.o)
                0x2fff3614                fdt_get_alias_namelen
 .text.fdt_node_check_compatible
                0x2fff3640       0x28 /home/dangcaominh/STM32MP1/atf/stm32mp1_atf/../build/opteemin-nand-stm32mp157d-ev1/lib/libfdt.a(fdt_ro.o)
                0x2fff3640                fdt_node_check_compatible
 .text.__assert
                0x2fff3668       0x18 /home/dangcaominh/STM32MP1/atf/stm32mp1_atf/../build/opteemin-nand-stm32mp157d-ev1/lib/libc.a(assert.o)
                0x2fff3668                __assert
 .text.vprintf  0x2fff3680      0x1c4 /home/dangcaominh/STM32MP1/atf/stm32mp1_atf/../build/opteemin-nand-stm32mp157d-ev1/lib/libc.a(printf.o)
                0x2fff3680                vprintf
 .text.vsnprintf
                0x2fff3844      0x2d0 /home/dangcaominh/STM32MP1/atf/stm32mp1_atf/../build/opteemin-nand-stm32mp157d-ev1/lib/libc.a(snprintf.o)
                0x2fff3844                vsnprintf
 .text.bl2_arch_setup
                0x2fff3b14        0x2 /home/dangcaominh/STM32MP1/atf/stm32mp1_atf/../build/opteemin-nand-stm32mp157d-ev1/bl2/bl2_arch_setup.o
                0x2fff3b14                bl2_arch_setup
 .text.bl2_el3_setup
                0x2fff3b16        0xe /home/dangcaominh/STM32MP1/atf/stm32mp1_atf/../build/opteemin-nand-stm32mp157d-ev1/bl2/bl2_main.o
                0x2fff3b16                bl2_el3_setup
 .text.fdt32_to_cpu
                0x2fff3b24        0x4 /home/dangcaominh/STM32MP1/atf/stm32mp1_atf/../build/opteemin-nand-stm32mp157d-ev1/bl2/fdt_wrappers.o
 .text.fdt_read_uint32
                0x2fff3b28       0x10 /home/dangcaominh/STM32MP1/atf/stm32mp1_atf/../build/opteemin-nand-stm32mp157d-ev1/bl2/fdt_wrappers.o
                0x2fff3b28                fdt_read_uint32
 .text.fdt_read_uint32_default
                0x2fff3b38       0x18 /home/dangcaominh/STM32MP1/atf/stm32mp1_atf/../build/opteemin-nand-stm32mp157d-ev1/bl2/fdt_wrappers.o
                0x2fff3b38                fdt_read_uint32_default
 .text.fdt_read_uint64
                0x2fff3b50       0x28 /home/dangcaominh/STM32MP1/atf/stm32mp1_atf/../build/opteemin-nand-stm32mp157d-ev1/bl2/fdt_wrappers.o
                0x2fff3b50                fdt_read_uint64
 .text.hex_val  0x2fff3b78       0x2e /home/dangcaominh/STM32MP1/atf/stm32mp1_atf/../build/opteemin-nand-stm32mp157d-ev1/bl2/uuid.o
 .text.read_hex.part.0
                0x2fff3ba6       0x3a /home/dangcaominh/STM32MP1/atf/stm32mp1_atf/../build/opteemin-nand-stm32mp157d-ev1/bl2/uuid.o
 .text.putchar  0x2fff3be0       0x14 /home/dangcaominh/STM32MP1/atf/stm32mp1_atf/../build/opteemin-nand-stm32mp157d-ev1/bl2/multi_console.o
                0x2fff3be0                putchar
 .text.mdelay   0x2fff3bf4        0xa /home/dangcaominh/STM32MP1/atf/stm32mp1_atf/../build/opteemin-nand-stm32mp157d-ev1/bl2/delay_timer.o
                0x2fff3bf4                mdelay
 .text.get_timer_value
                0x2fff3bfe        0x8 /home/dangcaominh/STM32MP1/atf/stm32mp1_atf/../build/opteemin-nand-stm32mp157d-ev1/bl2/generic_delay_timer.o
 .text.device_type_fip
                0x2fff3c06        0x4 /home/dangcaominh/STM32MP1/atf/stm32mp1_atf/../build/opteemin-nand-stm32mp157d-ev1/bl2/io_fip.o
 .text.device_type_mtd
                0x2fff3c0a        0x4 /home/dangcaominh/STM32MP1/atf/stm32mp1_atf/../build/opteemin-nand-stm32mp157d-ev1/bl2/io_mtd.o
                0x2fff3c0a                device_type_mtd
 .text.mtd_close
                0x2fff3c0e        0x8 /home/dangcaominh/STM32MP1/atf/stm32mp1_atf/../build/opteemin-nand-stm32mp157d-ev1/bl2/io_mtd.o
 .text.is_valid_dev
                0x2fff3c16       0x18 /home/dangcaominh/STM32MP1/atf/stm32mp1_atf/../build/opteemin-nand-stm32mp157d-ev1/bl2/io_storage.o
 .text.is_valid_entity
                0x2fff3c2e       0x10 /home/dangcaominh/STM32MP1/atf/stm32mp1_atf/../build/opteemin-nand-stm32mp157d-ev1/bl2/io_storage.o
 .text.bsec_read_otp
                0x2fff3c3e       0x2c /home/dangcaominh/STM32MP1/atf/stm32mp1_atf/../build/opteemin-nand-stm32mp157d-ev1/bl2/bsec2.o
                0x2fff3c3e                bsec_read_otp
 .text.clock_is_always_on
                0x2fff3c6a       0x20 /home/dangcaominh/STM32MP1/atf/stm32mp1_atf/../build/opteemin-nand-stm32mp157d-ev1/bl2/stm32mp1_clk.o
 .text.stm32mp1_clk_lock
                0x2fff3c8a       0x16 /home/dangcaominh/STM32MP1/atf/stm32mp1_atf/../build/opteemin-nand-stm32mp157d-ev1/bl2/stm32mp1_clk.o
 .text.stm32mp1_clk_unlock
                0x2fff3ca0       0x16 /home/dangcaominh/STM32MP1/atf/stm32mp1_atf/../build/opteemin-nand-stm32mp157d-ev1/bl2/stm32mp1_clk.o
 .text.stm32_clk_parse_fdt_by_name
                0x2fff3cb6       0x36 /home/dangcaominh/STM32MP1/atf/stm32mp1_atf/../build/opteemin-nand-stm32mp157d-ev1/bl2/stm32mp1_clk.o
 .text.stm32mp1_pll_configure_src
                0x2fff3cec       0x18 /home/dangcaominh/STM32MP1/atf/stm32mp1_atf/../build/opteemin-nand-stm32mp157d-ev1/bl2/stm32mp1_clk.o
 .text.stm32mp1_mode_register_write.isra.0
                0x2fff3d04       0x22 /home/dangcaominh/STM32MP1/atf/stm32mp1_atf/../build/opteemin-nand-stm32mp157d-ev1/bl2/stm32mp1_ddr.o
 .text.stm32mp1_ddrphy_idone_wait
                0x2fff3d26       0x4a /home/dangcaominh/STM32MP1/atf/stm32mp1_atf/../build/opteemin-nand-stm32mp157d-ev1/bl2/stm32mp1_ddr.o
 .text.stm32mp1_wait_operating_mode
                0x2fff3d70       0x4e /home/dangcaominh/STM32MP1/atf/stm32mp1_atf/../build/opteemin-nand-stm32mp157d-ev1/bl2/stm32mp1_ddr.o
 .text.ddr_enable_clock
                0x2fff3dbe       0x2a /home/dangcaominh/STM32MP1/atf/stm32mp1_atf/../build/opteemin-nand-stm32mp157d-ev1/bl2/stm32mp1_ddr_helpers.o
                0x2fff3dbe                ddr_enable_clock
 .text.ddr_get_io_calibration_val
                0x2fff3de8       0x10 /home/dangcaominh/STM32MP1/atf/stm32mp1_atf/../build/opteemin-nand-stm32mp157d-ev1/bl2/stm32mp1_ddr_helpers.o
                0x2fff3de8                ddr_get_io_calibration_val
 .text.ddr_standby_sr_entry
                0x2fff3df8      0x17e /home/dangcaominh/STM32MP1/atf/stm32mp1_atf/../build/opteemin-nand-stm32mp157d-ev1/bl2/stm32mp1_ddr_helpers.o
                0x2fff3df8                ddr_standby_sr_entry
 .text.stm32mp_ddr_start_sw_done
                0x2fff3f76        0xe /home/dangcaominh/STM32MP1/atf/stm32mp1_atf/../build/opteemin-nand-stm32mp157d-ev1/bl2/stm32mp_ddr.o
                0x2fff3f76                stm32mp_ddr_start_sw_done
 .text.stm32mp_ddr_wait_sw_done_ack
                0x2fff3f84       0x3a /home/dangcaominh/STM32MP1/atf/stm32mp1_atf/../build/opteemin-nand-stm32mp157d-ev1/bl2/stm32mp_ddr.o
                0x2fff3f84                stm32mp_ddr_wait_sw_done_ack
 .text.stm32mp_ddr_enable_axi_port
                0x2fff3fbe       0x1a /home/dangcaominh/STM32MP1/atf/stm32mp1_atf/../build/opteemin-nand-stm32mp157d-ev1/bl2/stm32mp_ddr.o
                0x2fff3fbe                stm32mp_ddr_enable_axi_port
 .text.stm32mp_ddr_disable_axi_port
                0x2fff3fd8       0x46 /home/dangcaominh/STM32MP1/atf/stm32mp1_atf/../build/opteemin-nand-stm32mp157d-ev1/bl2/stm32mp_ddr.o
                0x2fff3fd8                stm32mp_ddr_disable_axi_port
 .text.stm32mp_ddr_enable_host_interface
                0x2fff401e        0xe /home/dangcaominh/STM32MP1/atf/stm32mp1_atf/../build/opteemin-nand-stm32mp157d-ev1/bl2/stm32mp_ddr.o
                0x2fff401e                stm32mp_ddr_enable_host_interface
 .text.stm32mp_ddr_disable_host_interface
                0x2fff402c       0x4a /home/dangcaominh/STM32MP1/atf/stm32mp1_atf/../build/opteemin-nand-stm32mp157d-ev1/bl2/stm32mp_ddr.o
                0x2fff402c                stm32mp_ddr_disable_host_interface
 .text.stm32mp_ddr_sw_selfref_exit
                0x2fff4076        0xa /home/dangcaominh/STM32MP1/atf/stm32mp1_atf/../build/opteemin-nand-stm32mp157d-ev1/bl2/stm32mp_ddr.o
                0x2fff4076                stm32mp_ddr_sw_selfref_exit
 .text.stm32mp_ddr_wait_refresh_update_done_ack
                0x2fff4080       0x4c /home/dangcaominh/STM32MP1/atf/stm32mp1_atf/../build/opteemin-nand-stm32mp157d-ev1/bl2/stm32mp_ddr.o
                0x2fff4080                stm32mp_ddr_wait_refresh_update_done_ack
 .text.stm32mp_ddr_test_rw_access
                0x2fff40cc       0x1a /home/dangcaominh/STM32MP1/atf/stm32mp1_atf/../build/opteemin-nand-stm32mp157d-ev1/bl2/stm32mp_ddr_test.o
                0x2fff40cc                stm32mp_ddr_test_rw_access
 .text.stm32mp_ddr_test_data_bus
                0x2fff40e6       0x1e /home/dangcaominh/STM32MP1/atf/stm32mp1_atf/../build/opteemin-nand-stm32mp157d-ev1/bl2/stm32mp_ddr_test.o
                0x2fff40e6                stm32mp_ddr_test_data_bus
 .text.stm32mp_ddr_test_addr_bus
                0x2fff4104       0x86 /home/dangcaominh/STM32MP1/atf/stm32mp1_atf/../build/opteemin-nand-stm32mp157d-ev1/bl2/stm32mp_ddr_test.o
                0x2fff4104                stm32mp_ddr_test_addr_bus
 .text.stm32mp_ddr_check_size
                0x2fff418a       0x2e /home/dangcaominh/STM32MP1/atf/stm32mp1_atf/../build/opteemin-nand-stm32mp157d-ev1/bl2/stm32mp_ddr_test.o
                0x2fff418a                stm32mp_ddr_check_size
 .text.fdt32_to_cpu
                0x2fff41b8        0x4 /home/dangcaominh/STM32MP1/atf/stm32mp1_atf/../build/opteemin-nand-stm32mp157d-ev1/bl2/stm32_fmc2_nand.o
 .text.fdt32_to_cpu
                0x2fff41bc        0x4 /home/dangcaominh/STM32MP1/atf/stm32mp1_atf/../build/opteemin-nand-stm32mp157d-ev1/bl2/stm32_gpio.o
 .text.i2c_wait_flag
                0x2fff41c0       0x44 /home/dangcaominh/STM32MP1/atf/stm32mp1_atf/../build/opteemin-nand-stm32mp157d-ev1/bl2/stm32_i2c.o
 .text.i2c_ack_failed
                0x2fff4204       0x8c /home/dangcaominh/STM32MP1/atf/stm32mp1_atf/../build/opteemin-nand-stm32mp157d-ev1/bl2/stm32_i2c.o
 .text.i2c_wait_txis
                0x2fff4290       0x42 /home/dangcaominh/STM32MP1/atf/stm32mp1_atf/../build/opteemin-nand-stm32mp157d-ev1/bl2/stm32_i2c.o
 .text.i2c_wait_stop
                0x2fff42d2       0x42 /home/dangcaominh/STM32MP1/atf/stm32mp1_atf/../build/opteemin-nand-stm32mp157d-ev1/bl2/stm32_i2c.o
 .text.stm32_i2c_mem_write
                0x2fff4314       0x1c /home/dangcaominh/STM32MP1/atf/stm32mp1_atf/../build/opteemin-nand-stm32mp157d-ev1/bl2/stm32_i2c.o
                0x2fff4314                stm32_i2c_mem_write
 .text.stm32_i2c_mem_read
                0x2fff4330       0x12 /home/dangcaominh/STM32MP1/atf/stm32mp1_atf/../build/opteemin-nand-stm32mp157d-ev1/bl2/stm32_i2c.o
                0x2fff4330                stm32_i2c_mem_read
 .text.nvmem_cell_read
                0x2fff4342       0x18 /home/dangcaominh/STM32MP1/atf/stm32mp1_atf/../build/opteemin-nand-stm32mp157d-ev1/bl2/nvmem.o
                0x2fff4342                nvmem_cell_read
 .text.nvmem_cell_write
                0x2fff435a       0x10 /home/dangcaominh/STM32MP1/atf/stm32mp1_atf/../build/opteemin-nand-stm32mp157d-ev1/bl2/nvmem.o
                0x2fff435a                nvmem_cell_write
 .text.fdt32_to_cpu
                0x2fff436a        0x4 /home/dangcaominh/STM32MP1/atf/stm32mp1_atf/../build/opteemin-nand-stm32mp157d-ev1/bl2/stm32mp_tamp_nvram_core.o
 .text.stm32_tamp_nvram_reg_get_zone
                0x2fff436e       0x2a /home/dangcaominh/STM32MP1/atf/stm32mp1_atf/../build/opteemin-nand-stm32mp157d-ev1/bl2/stm32mp_tamp_nvram_core.o
                0x2fff436e                stm32_tamp_nvram_reg_get_zone
 .text.stm32_tamp_nvram_reg_field_read
                0x2fff4398       0x30 /home/dangcaominh/STM32MP1/atf/stm32mp1_atf/../build/opteemin-nand-stm32mp157d-ev1/bl2/stm32mp_tamp_nvram_core.o
                0x2fff4398                stm32_tamp_nvram_reg_field_read
 .text.pmic_set_flag
                0x2fff43c8       0x44 /home/dangcaominh/STM32MP1/atf/stm32mp1_atf/../build/opteemin-nand-stm32mp157d-ev1/bl2/stm32mp_pmic.o
 .text.pmic_list_voltages
                0x2fff440c        0x6 /home/dangcaominh/STM32MP1/atf/stm32mp1_atf/../build/opteemin-nand-stm32mp157d-ev1/bl2/stm32mp_pmic.o
 .text.pmic_get_voltage
                0x2fff4412        0x6 /home/dangcaominh/STM32MP1/atf/stm32mp1_atf/../build/opteemin-nand-stm32mp157d-ev1/bl2/stm32mp_pmic.o
 .text.pmic_set_voltage
                0x2fff4418        0x6 /home/dangcaominh/STM32MP1/atf/stm32mp1_atf/../build/opteemin-nand-stm32mp157d-ev1/bl2/stm32mp_pmic.o
 .text.pmic_get_state
                0x2fff441e        0xa /home/dangcaominh/STM32MP1/atf/stm32mp1_atf/../build/opteemin-nand-stm32mp157d-ev1/bl2/stm32mp_pmic.o
 .text.pmic_set_state
                0x2fff4428        0xc /home/dangcaominh/STM32MP1/atf/stm32mp1_atf/../build/opteemin-nand-stm32mp157d-ev1/bl2/stm32mp_pmic.o
 .text.pmic_voltages_init
                0x2fff4434        0x4 /home/dangcaominh/STM32MP1/atf/stm32mp1_atf/../build/opteemin-nand-stm32mp157d-ev1/bl2/stm32mp_pmic.o
                0x2fff4434                pmic_voltages_init
 .text.pmic_switch_off
                0x2fff4438       0x16 /home/dangcaominh/STM32MP1/atf/stm32mp1_atf/../build/opteemin-nand-stm32mp157d-ev1/bl2/stm32mp_pmic.o
                0x2fff4438                pmic_switch_off
 .text.stpmic1_is_regulator_enabled
                0x2fff444e       0x2e /home/dangcaominh/STM32MP1/atf/stm32mp1_atf/../build/opteemin-nand-stm32mp157d-ev1/bl2/stpmic1.o
                0x2fff444e                stpmic1_is_regulator_enabled
 .text.stpmic1_register_update
                0x2fff447c       0x2e /home/dangcaominh/STM32MP1/atf/stm32mp1_atf/../build/opteemin-nand-stm32mp157d-ev1/bl2/stpmic1.o
                0x2fff447c                stpmic1_register_update
 .text.stpmic1_powerctrl_on
                0x2fff44aa        0xa /home/dangcaominh/STM32MP1/atf/stm32mp1_atf/../build/opteemin-nand-stm32mp157d-ev1/bl2/stpmic1.o
                0x2fff44aa                stpmic1_powerctrl_on
 .text.stpmic1_switch_off
                0x2fff44b4        0xa /home/dangcaominh/STM32MP1/atf/stm32mp1_atf/../build/opteemin-nand-stm32mp157d-ev1/bl2/stpmic1.o
                0x2fff44b4                stpmic1_switch_off
 .text.stpmic1_regulator_enable
                0x2fff44be       0x14 /home/dangcaominh/STM32MP1/atf/stm32mp1_atf/../build/opteemin-nand-stm32mp157d-ev1/bl2/stpmic1.o
                0x2fff44be                stpmic1_regulator_enable
 .text.stpmic1_regulator_disable
                0x2fff44d2       0x14 /home/dangcaominh/STM32MP1/atf/stm32mp1_atf/../build/opteemin-nand-stm32mp157d-ev1/bl2/stpmic1.o
                0x2fff44d2                stpmic1_regulator_disable
 .text.stpmic1_regulator_pull_down_set
                0x2fff44e6       0x24 /home/dangcaominh/STM32MP1/atf/stm32mp1_atf/../build/opteemin-nand-stm32mp157d-ev1/bl2/stpmic1.o
                0x2fff44e6                stpmic1_regulator_pull_down_set
 .text.stpmic1_regulator_mask_reset_set
                0x2fff450a       0x24 /home/dangcaominh/STM32MP1/atf/stm32mp1_atf/../build/opteemin-nand-stm32mp157d-ev1/bl2/stpmic1.o
                0x2fff450a                stpmic1_regulator_mask_reset_set
 .text.stpmic1_regulator_icc_set
                0x2fff452e       0x24 /home/dangcaominh/STM32MP1/atf/stm32mp1_atf/../build/opteemin-nand-stm32mp157d-ev1/bl2/stpmic1.o
                0x2fff452e                stpmic1_regulator_icc_set
 .text.stpmic1_get_version
                0x2fff4552       0x1e /home/dangcaominh/STM32MP1/atf/stm32mp1_atf/../build/opteemin-nand-stm32mp157d-ev1/bl2/stpmic1.o
                0x2fff4552                stpmic1_get_version
 .text.fdt32_to_cpu
                0x2fff4570        0x4 /home/dangcaominh/STM32MP1/atf/stm32mp1_atf/../build/opteemin-nand-stm32mp157d-ev1/bl2/regulator_core.o
 .text.unlock_driver.isra.0
                0x2fff4574        0xa /home/dangcaominh/STM32MP1/atf/stm32mp1_atf/../build/opteemin-nand-stm32mp157d-ev1/bl2/regulator_core.o
 .text.lock_driver.isra.0
                0x2fff457e        0xa /home/dangcaominh/STM32MP1/atf/stm32mp1_atf/../build/opteemin-nand-stm32mp157d-ev1/bl2/regulator_core.o
 .text.regulator_set_min_voltage
                0x2fff4588        0x6 /home/dangcaominh/STM32MP1/atf/stm32mp1_atf/../build/opteemin-nand-stm32mp157d-ev1/bl2/regulator_core.o
                0x2fff4588                regulator_set_min_voltage
 .text.fixed_set_state
                0x2fff458e        0x4 /home/dangcaominh/STM32MP1/atf/stm32mp1_atf/../build/opteemin-nand-stm32mp157d-ev1/bl2/regulator_fixed.o
 .text.fixed_get_state
                0x2fff4592        0x4 /home/dangcaominh/STM32MP1/atf/stm32mp1_atf/../build/opteemin-nand-stm32mp157d-ev1/bl2/regulator_fixed.o
 .text.stm32mp_system_reset
                0x2fff4596       0x14 /home/dangcaominh/STM32MP1/atf/stm32mp1_atf/../build/opteemin-nand-stm32mp157d-ev1/bl2/stm32mp1_reset.o
                0x2fff4596                stm32mp_system_reset
 .text.__ctzdi2
                0x2fff45aa       0x22 /home/dangcaominh/STM32MP1/atf/stm32mp1_atf/../build/opteemin-nand-stm32mp157d-ev1/bl2/ctzdi2.o
                0x2fff45aa                __ctzdi2
 .text.__popcountsi2
                0x2fff45cc       0x2a /home/dangcaominh/STM32MP1/atf/stm32mp1_atf/../build/opteemin-nand-stm32mp157d-ev1/bl2/popcountsi2.o
                0x2fff45cc                __popcountsi2
 .text.__udivmoddi4
                0x2fff45f6      0x180 /home/dangcaominh/STM32MP1/atf/stm32mp1_atf/../build/opteemin-nand-stm32mp157d-ev1/bl2/udivmoddi4.o
                0x2fff45f6                __udivmoddi4
 .text.xlat_arch_get_pas
                0x2fff4776       0x10 /home/dangcaominh/STM32MP1/atf/stm32mp1_atf/../build/opteemin-nand-stm32mp157d-ev1/bl2/xlat_tables_arch.o
                0x2fff4776                xlat_arch_get_pas
 .text.xlat_arch_get_max_supported_pa