/home/dangcaominh/STM32MP1/u-boot/stm32mp1-u-boot/drivers/usb/gadget/dwc2_udc_otg_xfer_dma.c:48:13:dwc2_udc_pre_setup	0	static
/home/dangcaominh/STM32MP1/u-boot/stm32mp1-u-boot/drivers/usb/gadget/dwc2_udc_otg_xfer_dma.c:768:13:udc_set_address	8	static
/home/dangcaominh/STM32MP1/u-boot/stm32mp1-u-boot/drivers/usb/gadget/dwc2_udc_otg_xfer_dma.c:1012:13:dwc2_udc_ep_clear_stall	8	static
/home/dangcaominh/STM32MP1/u-boot/stm32mp1-u-boot/drivers/usb/gadget/dwc2_udc_otg_xfer_dma.c:1107:13:dwc2_udc_ep_activate	12	static
/home/dangcaominh/STM32MP1/u-boot/stm32mp1-u-boot/drivers/usb/gadget/dwc2_udc_otg.c:192:13:udc_reinit	12	static
/home/dangcaominh/STM32MP1/u-boot/stm32mp1-u-boot/drivers/usb/gadget/dwc2_udc_otg.c:241:12:dwc2_gadget_pullup	0	static
/home/dangcaominh/STM32MP1/u-boot/stm32mp1-u-boot/drivers/usb/gadget/dwc2_udc_otg.c:604:13:set_max_pktsize	8	static
/home/dangcaominh/STM32MP1/u-boot/stm32mp1-u-boot/drivers/usb/gadget/dwc2_udc_otg.c:792:12:dwc2_fifo_status	0	static
/home/dangcaominh/STM32MP1/u-boot/stm32mp1-u-boot/drivers/usb/gadget/dwc2_udc_otg.c:815:13:dwc2_fifo_flush	0	static
/home/dangcaominh/STM32MP1/u-boot/stm32mp1-u-boot/drivers/usb/gadget/dwc2_udc_otg.c:1063:13:dwc2_set_stm32mp1_hsotg_params	0	static
/home/dangcaominh/STM32MP1/u-boot/stm32mp1-u-boot/drivers/usb/gadget/dwc2_udc_otg.c:1078:13:dwc2_set_stm32mp21_hsotg_params	0	static
/home/dangcaominh/STM32MP1/u-boot/stm32mp1-u-boot/drivers/usb/gadget/dwc2_udc_otg.c:372:13:done	16	static
/home/dangcaominh/STM32MP1/u-boot/stm32mp1-u-boot/drivers/usb/gadget/dwc2_udc_otg.c:759:12:dwc2_dequeue	8	static
/home/dangcaominh/STM32MP1/u-boot/stm32mp1-u-boot/drivers/usb/gadget/dwc2_udc_otg.c:423:13:nuke	16	static
/home/dangcaominh/STM32MP1/u-boot/stm32mp1-u-boot/drivers/usb/gadget/dwc2_udc_otg.c:701:12:dwc2_ep_disable	8	static
/home/dangcaominh/STM32MP1/u-boot/stm32mp1-u-boot/drivers/usb/gadget/dwc2_udc_otg_xfer_dma.c:139:12:setdma_tx	24	static
/home/dangcaominh/STM32MP1/u-boot/stm32mp1-u-boot/drivers/usb/gadget/dwc2_udc_otg_xfer_dma.c:711:12:write_fifo_ep0	16	static
/home/dangcaominh/STM32MP1/u-boot/stm32mp1-u-boot/drivers/usb/gadget/dwc2_udc_otg.c:747:13:dwc2_free_request	8	static
/home/dangcaominh/STM32MP1/u-boot/stm32mp1-u-boot/drivers/usb/gadget/dwc2_udc_otg.c:730:28:dwc2_alloc_request	8	static
/home/dangcaominh/STM32MP1/u-boot/stm32mp1-u-boot/drivers/usb/gadget/dwc2_udc_otg.c:464:13:reconfig_usbd	24	static
/home/dangcaominh/STM32MP1/u-boot/stm32mp1-u-boot/drivers/usb/gadget/dwc2_udc_otg.c:1003:12:dwc2_udc_otg_of_to_plat	24	static
/home/dangcaominh/STM32MP1/u-boot/stm32mp1-u-boot/drivers/usb/gadget/dwc2_udc_otg_xfer_dma.c:977:13:dwc2_udc_ep_set_stall.constprop.isra	0	static
/home/dangcaominh/STM32MP1/u-boot/stm32mp1-u-boot/drivers/usb/gadget/dwc2_udc_otg_xfer_dma.c:1060:12:dwc2_udc_set_halt	16	static
/home/dangcaominh/STM32MP1/u-boot/stm32mp1-u-boot/drivers/usb/gadget/dwc2_udc_otg.c:634:12:dwc2_ep_enable	16	static
/home/dangcaominh/STM32MP1/u-boot/stm32mp1-u-boot/drivers/usb/gadget/dwc2_udc_otg.c:1217:12:dwc2_udc_otg_remove	16	static
/home/dangcaominh/STM32MP1/u-boot/stm32mp1-u-boot/drivers/usb/gadget/dwc2_udc_otg_xfer_dma.c:97:12:setdma_rx.isra	32	static
/home/dangcaominh/STM32MP1/u-boot/stm32mp1-u-boot/drivers/usb/gadget/dwc2_udc_otg_xfer_dma.c:197:13:complete_rx	48	static
/home/dangcaominh/STM32MP1/u-boot/stm32mp1-u-boot/drivers/usb/gadget/dwc2_udc_otg_xfer_dma.c:610:12:dwc2_queue	24	static
/home/dangcaominh/STM32MP1/u-boot/stm32mp1-u-boot/drivers/usb/gadget/dwc2_udc_otg.c:126:6:set_udc_gadget_private_data	0	static
/home/dangcaominh/STM32MP1/u-boot/stm32mp1-u-boot/drivers/usb/gadget/dwc2_udc_otg.c:134:7:get_udc_gadget_private_data	0	static
/home/dangcaominh/STM32MP1/u-boot/stm32mp1-u-boot/drivers/usb/gadget/dwc2_udc_otg.c:161:6:dfu_usb_get_reset	0	static
/home/dangcaominh/STM32MP1/u-boot/stm32mp1-u-boot/drivers/usb/gadget/dwc2_udc_otg.c:166:13:otg_phy_init	0	static
/home/dangcaominh/STM32MP1/u-boot/stm32mp1-u-boot/drivers/usb/gadget/dwc2_udc_otg.c:324:12:dwc2_gadget_start	16	static
/home/dangcaominh/STM32MP1/u-boot/stm32mp1-u-boot/drivers/usb/gadget/dwc2_udc_otg.c:167:13:otg_phy_off	0	static
/home/dangcaominh/STM32MP1/u-boot/stm32mp1-u-boot/drivers/usb/gadget/dwc2_udc_otg.c:349:12:dwc2_gadget_stop	24	static
/home/dangcaominh/STM32MP1/u-boot/stm32mp1-u-boot/drivers/usb/gadget/dwc2_udc_otg.c:911:5:dwc2_udc_probe	16	static
/home/dangcaominh/STM32MP1/u-boot/stm32mp1-u-boot/drivers/usb/gadget/dwc2_udc_otg.c:1141:12:dwc2_udc_otg_probe	48	static
/home/dangcaominh/STM32MP1/u-boot/stm32mp1-u-boot/drivers/usb/gadget/dwc2_udc_otg.c:946:5:dwc2_udc_handle_interrupt	40	static
/home/dangcaominh/STM32MP1/u-boot/stm32mp1-u-boot/drivers/usb/gadget/dwc2_udc_otg.c:973:5:dm_usb_gadget_handle_interrupts	0	static
/home/dangcaominh/STM32MP1/u-boot/stm32mp1-u-boot/drivers/usb/gadget/dwc2_udc_otg.c:1253:5:dwc2_udc_B_session_valid	8	static
