/home/dangcaominh/STM32MP1/u-boot/stm32mp1-u-boot/drivers/usb/gadget/f_mass_storage.c:478:12:ep0_queue	8	static
/home/dangcaominh/STM32MP1/u-boot/stm32mp1-u-boot/drivers/usb/gadget/f_mass_storage.c:497:13:bulk_in_complete	16	static
/home/dangcaominh/STM32MP1/u-boot/stm32mp1-u-boot/drivers/usb/gadget/f_mass_storage.c:514:13:bulk_out_complete	16	static
/home/dangcaominh/STM32MP1/u-boot/stm32mp1-u-boot/drivers/usb/gadget/f_mass_storage.c:655:12:sleep_thread	24	static
/home/dangcaominh/STM32MP1/u-boot/stm32mp1-u-boot/drivers/usb/gadget/storage_common.c:599:13:store_cdrom_address	16	static
/home/dangcaominh/STM32MP1/u-boot/stm32mp1-u-boot/drivers/usb/gadget/f_mass_storage.c:464:13:raise_exception	0	static
/home/dangcaominh/STM32MP1/u-boot/stm32mp1-u-boot/drivers/usb/gadget/f_mass_storage.c:2269:12:fsg_set_alt	8	static
/home/dangcaominh/STM32MP1/u-boot/stm32mp1-u-boot/drivers/usb/gadget/f_mass_storage.c:2277:13:fsg_disable	0	static
/home/dangcaominh/STM32MP1/u-boot/stm32mp1-u-boot/drivers/usb/gadget/f_mass_storage.c:537:12:fsg_setup	24	static
/home/dangcaominh/STM32MP1/u-boot/stm32mp1-u-boot/drivers/usb/gadget/f_mass_storage.c:2641:13:fsg_unbind	8	static
/home/dangcaominh/STM32MP1/u-boot/stm32mp1-u-boot/drivers/usb/gadget/f_mass_storage.c:2750:5:fsg_add	48	static
/home/dangcaominh/STM32MP1/u-boot/stm32mp1-u-boot/drivers/usb/gadget/f_mass_storage.c:1665:12:check_command.isra	48	static
/home/dangcaominh/STM32MP1/u-boot/stm32mp1-u-boot/drivers/usb/gadget/f_mass_storage.c:1237:12:do_mode_sense.isra	40	static
/home/dangcaominh/STM32MP1/u-boot/stm32mp1-u-boot/drivers/usb/gadget/f_mass_storage.c:591:13:start_transfer.isra	16	static
/home/dangcaominh/STM32MP1/u-boot/stm32mp1-u-boot/drivers/usb/gadget/f_mass_storage.c:819:12:do_write	56	static
/home/dangcaominh/STM32MP1/u-boot/stm32mp1-u-boot/drivers/usb/gadget/f_mass_storage.c:1605:12:send_status	16	static
/home/dangcaominh/STM32MP1/u-boot/stm32mp1-u-boot/drivers/usb/gadget/f_mass_storage.c:692:12:do_read	48	static
/home/dangcaominh/STM32MP1/u-boot/stm32mp1-u-boot/drivers/usb/gadget/f_mass_storage.c:440:12:fsg_set_halt.isra	0	static
/home/dangcaominh/STM32MP1/u-boot/stm32mp1-u-boot/drivers/usb/gadget/f_mass_storage.c:1386:12:halt_bulk_in_endpoint	8	static
/home/dangcaominh/STM32MP1/u-boot/stm32mp1-u-boot/drivers/usb/gadget/f_mass_storage.c:2178:12:do_set_interface.constprop.isra	32	static
/home/dangcaominh/STM32MP1/u-boot/stm32mp1-u-boot/drivers/usb/gadget/f_mass_storage.c:2394:5:fsg_main_thread	48	static
/home/dangcaominh/STM32MP1/u-boot/stm32mp1-u-boot/drivers/usb/gadget/f_mass_storage.c:2605:1:usb_copy_descriptors	24	static
/home/dangcaominh/STM32MP1/u-boot/stm32mp1-u-boot/drivers/usb/gadget/f_mass_storage.c:2656:12:fsg_bind	24	static
/home/dangcaominh/STM32MP1/u-boot/stm32mp1-u-boot/drivers/usb/gadget/f_mass_storage.c:2768:5:fsg_init	0	static
