/home/dangcaominh/STM32MP1/u-boot/stm32mp1-u-boot/drivers/dfu/dfu_mtd.c:193:12:dfu_get_medium_size_mtd	0	static
/home/dangcaominh/STM32MP1/u-boot/stm32mp1-u-boot/drivers/dfu/dfu_mtd.c:272:21:dfu_polltimeout_mtd	0	static
/home/dangcaominh/STM32MP1/u-boot/stm32mp1-u-boot/drivers/dfu/dfu_mtd.c:234:12:dfu_flush_medium_mtd	88	static
/home/dangcaominh/STM32MP1/u-boot/stm32mp1-u-boot/drivers/dfu/dfu_mtd.c:16:13:mtd_is_aligned_with_block_size.isra	16	static
/home/dangcaominh/STM32MP1/u-boot/stm32mp1-u-boot/drivers/dfu/dfu_mtd.c:35:12:mtd_block_op	184	static
/home/dangcaominh/STM32MP1/u-boot/stm32mp1-u-boot/drivers/dfu/dfu_mtd.c:217:12:dfu_write_medium_mtd	8	static
/home/dangcaominh/STM32MP1/u-boot/stm32mp1-u-boot/drivers/dfu/dfu_mtd.c:200:12:dfu_read_medium_mtd	8	static
/home/dangcaominh/STM32MP1/u-boot/stm32mp1-u-boot/drivers/dfu/dfu_mtd.c:285:5:dfu_fill_entity_mtd	40	static
