Archive member included to satisfy reference by file (symbol)

/home/dangcaominh/STM32MP1/optee-os/optee-os/../build/optee-programmer-stm32mp157d-dk1/export-ta_arm32/lib/libutils.a(stack_check.o)
                              /home/dangcaominh/STM32MP1/optee-os/optee-os/../build/optee-programmer-stm32mp157d-dk1/ta/avb/entry.o (__stack_chk_fail)
/home/dangcaominh/STM32MP1/optee-os/optee-os/../build/optee-programmer-stm32mp157d-dk1/export-ta_arm32/lib/libutils.a(memset.o)
                              /home/dangcaominh/STM32MP1/optee-os/optee-os/../build/optee-programmer-stm32mp157d-dk1/ta/avb/entry.o (memset)
/home/dangcaominh/STM32MP1/optee-os/optee-os/../build/optee-programmer-stm32mp157d-dk1/export-ta_arm32/lib/libutils.a(trace.o)
                              /home/dangcaominh/STM32MP1/optee-os/optee-os/../build/optee-programmer-stm32mp157d-dk1/ta/avb/entry.o (trace_printf)
/home/dangcaominh/STM32MP1/optee-os/optee-os/../build/optee-programmer-stm32mp157d-dk1/export-ta_arm32/lib/libutils.a(snprintk.o)
                              /home/dangcaominh/STM32MP1/optee-os/optee-os/../build/optee-programmer-stm32mp157d-dk1/export-ta_arm32/lib/libutils.a(trace.o) (vsnprintk)
/home/dangcaominh/STM32MP1/optee-os/optee-os/../build/optee-programmer-stm32mp157d-dk1/export-ta_arm32/lib/libutils.a(memchr.o)
                              /home/dangcaominh/STM32MP1/optee-os/optee-os/../build/optee-programmer-stm32mp157d-dk1/export-ta_arm32/lib/libutils.a(snprintk.o) (memchr)
/home/dangcaominh/STM32MP1/optee-os/optee-os/../build/optee-programmer-stm32mp157d-dk1/export-ta_arm32/lib/libutils.a(strlen.o)
                              /home/dangcaominh/STM32MP1/optee-os/optee-os/../build/optee-programmer-stm32mp157d-dk1/export-ta_arm32/lib/libutils.a(snprintk.o) (strlen)
/home/dangcaominh/STM32MP1/optee-os/optee-os/../build/optee-programmer-stm32mp157d-dk1/export-ta_arm32/lib/libutils.a(arm32_aeabi_ldivmod_a32.o)
                              /home/dangcaominh/STM32MP1/optee-os/optee-os/../build/optee-programmer-stm32mp157d-dk1/export-ta_arm32/lib/libutils.a(snprintk.o) (__aeabi_uldivmod)
/home/dangcaominh/STM32MP1/optee-os/optee-os/../build/optee-programmer-stm32mp157d-dk1/export-ta_arm32/lib/libutils.a(arm32_aeabi_ldivmod.o)
                              /home/dangcaominh/STM32MP1/optee-os/optee-os/../build/optee-programmer-stm32mp157d-dk1/export-ta_arm32/lib/libutils.a(arm32_aeabi_ldivmod_a32.o) (__ul_divmod)
/home/dangcaominh/STM32MP1/optee-os/optee-os/../build/optee-programmer-stm32mp157d-dk1/export-ta_arm32/lib/libutee.a(trace_ext.o)
                              /home/dangcaominh/STM32MP1/optee-os/optee-os/../build/optee-programmer-stm32mp157d-dk1/export-ta_arm32/lib/libutils.a(trace.o) (trace_ext_puts)
/home/dangcaominh/STM32MP1/optee-os/optee-os/../build/optee-programmer-stm32mp157d-dk1/export-ta_arm32/lib/libutee.a(tee_api.o)
                              /home/dangcaominh/STM32MP1/optee-os/optee-os/../build/optee-programmer-stm32mp157d-dk1/ta/avb/entry.o (TEE_MemMove)
/home/dangcaominh/STM32MP1/optee-os/optee-os/../build/optee-programmer-stm32mp157d-dk1/export-ta_arm32/lib/libutee.a(tee_api_objects.o)
                              /home/dangcaominh/STM32MP1/optee-os/optee-os/../build/optee-programmer-stm32mp157d-dk1/ta/avb/entry.o (TEE_CloseObject)
/home/dangcaominh/STM32MP1/optee-os/optee-os/../build/optee-programmer-stm32mp157d-dk1/export-ta_arm32/lib/libutee.a(tee_api_panic.o)
                              /home/dangcaominh/STM32MP1/optee-os/optee-os/../build/optee-programmer-stm32mp157d-dk1/export-ta_arm32/lib/libutee.a(tee_api.o) (TEE_Panic)
/home/dangcaominh/STM32MP1/optee-os/optee-os/../build/optee-programmer-stm32mp157d-dk1/export-ta_arm32/lib/libutee.a(tee_system_pta.o)
                              /home/dangcaominh/STM32MP1/optee-os/optee-os/../build/optee-programmer-stm32mp157d-dk1/export-ta_arm32/lib/libutee.a(tee_api.o) (tee_map_zi)
/home/dangcaominh/STM32MP1/optee-os/optee-os/../build/optee-programmer-stm32mp157d-dk1/export-ta_arm32/lib/libutee.a(user_ta_entry.o)
                              /home/dangcaominh/STM32MP1/optee-os/optee-os/../build/optee-programmer-stm32mp157d-dk1/ta/avb/user_ta_header.o (__utee_entry)
/home/dangcaominh/STM32MP1/optee-os/optee-os/../build/optee-programmer-stm32mp157d-dk1/export-ta_arm32/lib/libutee.a(utee_syscalls_a32.o)
                              /home/dangcaominh/STM32MP1/optee-os/optee-os/../build/optee-programmer-stm32mp157d-dk1/export-ta_arm32/lib/libutils.a(stack_check.o) (_utee_panic)
/home/dangcaominh/STM32MP1/optee-os/optee-os/../build/optee-programmer-stm32mp157d-dk1/export-ta_arm32/lib/libutee.a(abort.o)
                              /home/dangcaominh/STM32MP1/optee-os/optee-os/../build/optee-programmer-stm32mp157d-dk1/export-ta_arm32/lib/libutee.a(user_ta_entry.o) (abort)
/home/dangcaominh/STM32MP1/optee-os/optee-os/../build/optee-programmer-stm32mp157d-dk1/export-ta_arm32/lib/libutee.a(tee_api_arith_mpi.o)
[...]
Memory Configuration

Name             Origin             Length             Attributes
*default*        0x00000000         0xffffffff

Linker script and memory map


.text           0x00000000     0xa060
                0x00000000                        __text_start = .
 *(SORT_BY_ALIGNMENT(.text) SORT_BY_ALIGNMENT(.text.*))
 .text          0x00000000      0x450 /home/dangcaominh/STM32MP1/optee-os/optee-os/../build/optee-programmer-stm32mp157d-dk1/ta/avb/entry.o
                0x000000c0                TA_CreateEntryPoint
                0x000000c4                TA_DestroyEntryPoint
                0x000000c6                TA_OpenSessionEntryPoint
                0x000000ca                TA_CloseSessionEntryPoint
                0x000000cc                TA_InvokeCommandEntryPoint
 .text          0x00000450       0x74 /home/dangcaominh/STM32MP1/optee-os/optee-os/../build/optee-programmer-stm32mp157d-dk1/ta/avb/user_ta_header.o
                0x00000450                __ta_entry_c
                0x000004c0                tahead_get_trace_level
 .text.__ta_entry
                0x000004c4        0x4 /home/dangcaominh/STM32MP1/optee-os/optee-os/../build/optee-programmer-stm32mp157d-dk1/ta/avb/ta_entry_a32.o
                0x000004c4                __ta_entry
 .text          0x000004c8       0x28 /home/dangcaominh/STM32MP1/optee-os/optee-os/../build/optee-programmer-stm32mp157d-dk1/export-ta_arm32/lib/libutils.a(stack_check.o)
                0x000004c8                __stack_chk_fail
 .text          0x000004f0      0x1f0 /home/dangcaominh/STM32MP1/optee-os/optee-os/../build/optee-programmer-stm32mp157d-dk1/export-ta_arm32/lib/libutils.a(trace.o)
                0x000004f0                trace_set_level
                0x0000050c                trace_get_level
                0x00000520                trace_vprintf
                0x00000690                trace_printf
                0x000006dc                dhex_dump
 .text          0x000006e0      0x874 /home/dangcaominh/STM32MP1/optee-os/optee-os/../build/optee-programmer-stm32mp157d-dk1/export-ta_arm32/lib/libutils.a(snprintk.o)
                0x000006e0                __vsnprintf
                0x00000744                vsnprintk
                0x00000752                snprintk
                0x00000f3c                __vsprintf
 .text.__aeabi_ldivmod
                0x00000f54       0x18 /home/dangcaominh/STM32MP1/optee-os/optee-os/../build/optee-programmer-stm32mp157d-dk1/export-ta_arm32/lib/libutils.a(arm32_aeabi_ldivmod_a32.o)
                0x00000f54                __aeabi_ldivmod
 .text.__aeabi_uldivmod
                0x00000f6c       0x18 /home/dangcaominh/STM32MP1/optee-os/optee-os/../build/optee-programmer-stm32mp157d-dk1/export-ta_arm32/lib/libutils.a(arm32_aeabi_ldivmod_a32.o)
                0x00000f6c                __aeabi_uldivmod
 .text          0x00000f84      0x1a0 /home/dangcaominh/STM32MP1/optee-os/optee-os/../build/optee-programmer-stm32mp157d-dk1/export-ta_arm32/lib/libutils.a(arm32_aeabi_ldivmod.o)
                0x0000100e                __ul_divmod
                0x0000107c                __l_divmod
 .text          0x00001124      0x108 /home/dangcaominh/STM32MP1/optee-os/optee-os/../build/optee-programmer-stm32mp157d-dk1/export-ta_arm32/lib/libutee.a(trace_ext.o)
                0x00001124                trace_ext_puts
                0x00001138                trace_ext_get_thread_id
                0x0000113e                printf
                0x000011b0                puts
                0x000011d4                putchar
 .text          0x0000122c      0xac8 /home/dangcaominh/STM32MP1/optee-os/optee-os/../build/optee-programmer-stm32mp157d-dk1/export-ta_arm32/lib/libutee.a(tee_api.o)
                0x0000148c                TEE_CloseTASession
                0x000014a0                TEE_GetCancellationFlag
                0x000014f0                TEE_UnmaskCancellation
                0x00001540                TEE_MaskCancellation
                0x00001590                TEE_CheckMemoryAccessRights
                0x000016e8                TEE_OpenTASession
                0x000017c4                __GP11_TEE_OpenTASession
                0x00001894                TEE_InvokeTACommand
                0x00001990                __GP11_TEE_InvokeTACommand
                0x00001a80                __GP11_TEE_CheckMemoryAccessRights
                0x00001a84                TEE_SetInstanceData
                0x00001a90                TEE_GetInstanceData
                0x00001a9c                TEE_MemMove
                0x00001aa0                __GP11_TEE_MemMove
                0x00001aa4                TEE_MemCompare
                0x00001aa8                __GP11_TEE_MemCompare
                0x00001aac                TEE_MemFill
                0x00001ab0                __GP11_TEE_MemFill
                0x00001ab4                TEE_GetSystemTime
                0x00001aca                TEE_Wait
                0x00001ae8                TEE_GetTAPersistentTime
                0x00001b24                TEE_SetTAPersistentTime
                0x00001b4c                TEE_GetREETime
                0x00001b62                TEE_Malloc
                0x00001c14                __GP11_TEE_Malloc
                0x00001c18                TEE_Free
                0x00001c54                TEE_Realloc
                0x00001cdc                __GP11_TEE_Realloc
                0x00001ce0                TEE_CacheClean
                0x00001ce6                TEE_CacheFlush
                0x00001cec                TEE_CacheInvalidate
 .text          0x00001cf4     0x11d0 /home/dangcaominh/STM32MP1/optee-os/optee-os/../build/optee-programmer-stm32mp157d-dk1/export-ta_arm32/lib/libutee.a(tee_api_objects.o)
                0x00001cf4                __utee_from_attr
                0x00001d1e                __utee_from_gp11_attr
                0x00001d48                TEE_GetObjectInfo
                0x00001dd8                __GP11_TEE_GetObjectInfo
                0x00001e68                TEE_GetObjectInfo1
                0x00001ef0                __GP11_TEE_GetObjectInfo1
                0x00001f78                TEE_RestrictObjectUsage1
                0x00001f98                TEE_RestrictObjectUsage
                0x00002008                TEE_GetObjectBufferAttribute
                0x000020c8                __GP11_TEE_GetObjectBufferAttribute
                0x0000212c                TEE_GetObjectValueAttribute
                0x00002208                TEE_CloseObject
                0x0000221c                __GP11_TEE_AllocateTransientObject
                0x00002290                TEE_AllocateTransientObject
                0x000022a8                TEE_FreeTransientObject
                0x0000231c                TEE_ResetTransientObject
                0x00002390                TEE_PopulateTransientObject
                0x00002448                __GP11_TEE_PopulateTransientObject
                0x00002500                TEE_InitRefAttribute
                0x00002522                __GP11_TEE_InitRefAttribute
                0x00002544                TEE_InitValueAttribute
                0x00002566                __GP11_TEE_InitValueAttribute
                0x00002588                TEE_CopyObjectAttributes1
                0x00002640                TEE_CopyObjectAttributes
                0x000026b0                TEE_GenerateKey
                0x0000273c                __GP11_TEE_GenerateKey
                0x000027c8                TEE_OpenPersistentObject
                0x0000286c                __GP11_TEE_OpenPersistentObject
                0x00002870                TEE_CreatePersistentObject
                0x00002944                __GP11_TEE_CreatePersistentObject
                0x00002982                TEE_CloseAndDeletePersistentObject1
                0x000029a8                TEE_CloseAndDeletePersistentObject
                0x000029be                TEE_RenamePersistentObject
                0x000029f8                __GP11_TEE_RenamePersistentObject
                0x000029fc                TEE_AllocatePersistentObjectEnumerator
                0x00002a64                TEE_FreePersistentObjectEnumerator
                0x00002a78                TEE_ResetPersistentObjectEnumerator
                0x00002a8c                TEE_StartPersistentObjectEnumerator
                0x00002ab8                TEE_GetNextPersistentObject
                0x00002b90                __GP11_TEE_GetNextPersistentObject
                0x00002c68                TEE_ReadObjectData
                0x00002cf4                __GP11_TEE_ReadObjectData
                0x00002d58                TEE_WriteObjectData
                0x00002d98                __GP11_TEE_WriteObjectData
                0x00002d9c                TEE_TruncateObjectData
                0x00002dd4                __GP11_TEE_TruncateObjectData
                0x00002dd8                TEE_SeekObjectData
                0x00002eb0                __GP11_TEE_SeekObjectData
 .text          0x00002ec4       0xc0 /home/dangcaominh/STM32MP1/optee-os/optee-os/../build/optee-programmer-stm32mp157d-dk1/export-ta_arm32/lib/libutee.a(tee_api_panic.o)
                0x00002ee4                TEE_Panic
                0x00002eee                __utee_check_outbuf_annotation
                0x00002f1c                __utee_check_gp11_outbuf_annotation
                0x00002f1e                __utee_check_instring_annotation
                0x00002f3a                __utee_check_outstring_annotation
                0x00002f3c                __utee_check_gp11_outstring_annotation
                0x00002f3e                __utee_check_out_annotation
                0x00002f54                __utee_check_attr_in_annotation
                0x00002f6c                __utee_check_gp11_attr_in_annotation
                0x00002f6e                __utee_check_inout_annotation
 .text          0x00002f84      0x1f8 /home/dangcaominh/STM32MP1/optee-os/optee-os/../build/optee-programmer-stm32mp157d-dk1/export-ta_arm32/lib/libutee.a(tee_system_pta.o)
                0x00002fd4                tee_map_zi
                0x00003040                tee_unmap
                0x000030c0                tee_invoke_supp_plugin
 .text          0x0000317c      0x57c /home/dangcaominh/STM32MP1/optee-os/optee-os/../build/optee-programmer-stm32mp157d-dk1/export-ta_arm32/lib/libutee.a(user_ta_entry.o)
                0x00003364                __utee_call_elf_init_fn
                0x00003450                __utee_call_elf_fini_fn
                0x000034cc                __utee_entry
 .text          0x000036f8        0x0 /home/dangcaominh/STM32MP1/optee-os/optee-os/../build/optee-programmer-stm32mp157d-dk1/export-ta_arm32/lib/libutee.a(utee_syscalls_a32.o)
 .text._utee_panic
                0x000036f8       0x14 /home/dangcaominh/STM32MP1/optee-os/optee-os/../build/optee-programmer-stm32mp157d-dk1/export-ta_arm32/lib/libutee.a(utee_syscalls_a32.o)
                0x000036f8                _utee_panic
 .text._utee_return
                0x0000370c       0x14 /home/dangcaominh/STM32MP1/optee-os/optee-os/../build/optee-programmer-stm32mp157d-dk1/export-ta_arm32/lib/libutee.a(utee_syscalls_a32.o)
                0x0000370c                _utee_return
 .text._utee_log
                0x00003720       0x14 /home/dangcaominh/STM32MP1/optee-os/optee-os/../build/optee-programmer-stm32mp157d-dk1/export-ta_arm32/lib/libutee.a(utee_syscalls_a32.o)
                0x00003720                _utee_log
 .text.__utee_panic
                0x00003734       0x14 /home/dangcaominh/STM32MP1/optee-os/optee-os/../build/optee-programmer-stm32mp157d-dk1/export-ta_arm32/lib/libutee.a(utee_syscalls_a32.o)
                0x00003734                __utee_panic
 .text._utee_get_property
                0x00003748       0x18 /home/dangcaominh/STM32MP1/optee-os/optee-os/../build/optee-programmer-stm32mp157d-dk1/export-ta_arm32/lib/libutee.a(utee_syscalls_a32.o)
                0x00003748                _utee_get_property
 .text._utee_get_property_name_to_index
                0x00003760       0x14 /home/dangcaominh/STM32MP1/optee-os/optee-os/../build/optee-programmer-stm32mp157d-dk1/export-ta_arm32/lib/libutee.a(utee_syscalls_a32.o)
                0x00003760                _utee_get_property_name_to_index
 .text._utee_open_ta_session
                0x00003774       0x18 /home/dangcaominh/STM32MP1/optee-os/optee-os/../build/optee-programmer-stm32mp157d-dk1/export-ta_arm32/lib/libutee.a(utee_syscalls_a32.o)
                0x00003774                _utee_open_ta_session
 .text._utee_close_ta_session
                0x0000378c       0x14 /home/dangcaominh/STM32MP1/optee-os/optee-os/../build/optee-programmer-stm32mp157d-dk1/export-ta_arm32/lib/libutee.a(utee_syscalls_a32.o)
                0x0000378c                _utee_close_ta_session
 .text._utee_invoke_ta_command
                0x000037a0       0x18 /home/dangcaominh/STM32MP1/optee-os/optee-os/../build/optee-programmer-stm32mp157d-dk1/export-ta_arm32/lib/libutee.a(utee_syscalls_a32.o)
                0x000037a0                _utee_invoke_ta_command
 .text._utee_get_cancellation_flag
                0x000037b8       0x14 /home/dangcaominh/STM32MP1/optee-os/optee-os/../build/optee-programmer-stm32mp157d-dk1/export-ta_arm32/lib/libutee.a(utee_syscalls_a32.o)
                0x000037b8                _utee_get_cancellation_flag
 .text._utee_check_access_rights
                0x000037cc       0x14 /home/dangcaominh/STM32MP1/optee-os/optee-os/../build/optee-programmer-stm32mp157d-dk1/export-ta_arm32/lib/libutee.a(utee_syscalls_a32.o)
                0x000037cc                _utee_check_access_rights
 .text._utee_unmask_cancellation
                0x000037e0       0x14 /home/dangcaominh/STM32MP1/optee-os/optee-os/../build/optee-programmer-stm32mp157d-dk1/export-ta_arm32/lib/libutee.a(utee_syscalls_a32.o)
                0x000037e0                _utee_unmask_cancellation
 .text._utee_mask_cancellation
                0x000037f4       0x14 /home/dangcaominh/STM32MP1/optee-os/optee-os/../build/optee-programmer-stm32mp157d-dk1/export-ta_arm32/lib/libutee.a(utee_syscalls_a32.o)
                0x000037f4                _utee_mask_cancellation
 .text._utee_wait
                0x00003808       0x14 /home/dangcaominh/STM32MP1/optee-os/optee-os/../build/optee-programmer-stm32mp157d-dk1/export-ta_arm32/lib/libutee.a(utee_syscalls_a32.o)
                0x00003808                _utee_wait
 .text._utee_get_time
                0x0000381c       0x14 /home/dangcaominh/STM32MP1/optee-os/optee-os/../build/optee-programmer-stm32mp157d-dk1/export-ta_arm32/lib/libutee.a(utee_syscalls_a32.o)
                0x0000381c                _utee_get_time
 .text._utee_set_ta_time
                0x00003830       0x14 /home/dangcaominh/STM32MP1/optee-os/optee-os/../build/optee-programmer-stm32mp157d-dk1/export-ta_arm32/lib/libutee.a(utee_syscalls_a32.o)
                0x00003830                _utee_set_ta_time
 .text._utee_cryp_state_alloc
                0x00003844       0x18 /home/dangcaominh/STM32MP1/optee-os/optee-os/../build/optee-programmer-stm32mp157d-dk1/export-ta_arm32/lib/libutee.a(utee_syscalls_a32.o)
                0x00003844                _utee_cryp_state_alloc
 .text._utee_cryp_state_copy
                0x0000385c       0x14 /home/dangcaominh/STM32MP1/optee-os/optee-os/../build/optee-programmer-stm32mp157d-dk1/export-ta_arm32/lib/libutee.a(utee_syscalls_a32.o)
                0x0000385c                _utee_cryp_state_copy
 .text._utee_cryp_state_free
                0x00003870       0x14 /home/dangcaominh/STM32MP1/optee-os/optee-os/../build/optee-programmer-stm32mp157d-dk1/export-ta_arm32/lib/libutee.a(utee_syscalls_a32.o)
                0x00003870                _utee_cryp_state_free
 .text._utee_hash_init
                0x00003884       0x14 /home/dangcaominh/STM32MP1/optee-os/optee-os/../build/optee-programmer-stm32mp157d-dk1/export-ta_arm32/lib/libutee.a(utee_syscalls_a32.o)
                0x00003884                _utee_hash_init
 .text._utee_hash_update
                0x00003898       0x14 /home/dangcaominh/STM32MP1/optee-os/optee-os/../build/optee-programmer-stm32mp157d-dk1/export-ta_arm32/lib/libutee.a(utee_syscalls_a32.o)
                0x00003898                _utee_hash_update
 .text._utee_hash_final
                0x000038ac       0x18 /home/dangcaominh/STM32MP1/optee-os/optee-os/../build/optee-programmer-stm32mp157d-dk1/export-ta_arm32/lib/libutee.a(utee_syscalls_a32.o)
                0x000038ac                _utee_hash_final
 .text._utee_cipher_init
                0x000038c4       0x14 /home/dangcaominh/STM32MP1/optee-os/optee-os/../build/optee-programmer-stm32mp157d-dk1/export-ta_arm32/lib/libutee.a(utee_syscalls_a32.o)
                0x000038c4                _utee_cipher_init
 .text._utee_cipher_update
                0x000038d8       0x18 /home/dangcaominh/STM32MP1/optee-os/optee-os/../build/optee-programmer-stm32mp157d-dk1/export-ta_arm32/lib/libutee.a(utee_syscalls_a32.o)
                0x000038d8                _utee_cipher_update
 .text._utee_cipher_final
                0x000038f0       0x18 /home/dangcaominh/STM32MP1/optee-os/optee-os/../build/optee-programmer-stm32mp157d-dk1/export-ta_arm32/lib/libutee.a(utee_syscalls_a32.o)
                0x000038f0                _utee_cipher_final
 .text._utee_cryp_obj_get_info
                0x00003908       0x14 /home/dangcaominh/STM32MP1/optee-os/optee-os/../build/optee-programmer-stm32mp157d-dk1/export-ta_arm32/lib/libutee.a(utee_syscalls_a32.o)
                0x00003908                _utee_cryp_obj_get_info
 .text._utee_cryp_obj_restrict_usage
                0x0000391c       0x14 /home/dangcaominh/STM32MP1/optee-os/optee-os/../build/optee-programmer-stm32mp157d-dk1/export-ta_arm32/lib/libutee.a(utee_syscalls_a32.o)
                0x0000391c                _utee_cryp_obj_restrict_usage
 .text._utee_cryp_obj_get_attr
                0x00003930       0x14 /home/dangcaominh/STM32MP1/optee-os/optee-os/../build/optee-programmer-stm32mp157d-dk1/export-ta_arm32/lib/libutee.a(utee_syscalls_a32.o)
                0x00003930                _utee_cryp_obj_get_attr
 .text._utee_cryp_obj_alloc
                0x00003944       0x14 /home/dangcaominh/STM32MP1/optee-os/optee-os/../build/optee-programmer-stm32mp157d-dk1/export-ta_arm32/lib/libutee.a(utee_syscalls_a32.o)
                0x00003944                _utee_cryp_obj_alloc
 .text._utee_cryp_obj_close
                0x00003958       0x14 /home/dangcaominh/STM32MP1/optee-os/optee-os/../build/optee-programmer-stm32mp157d-dk1/export-ta_arm32/lib/libutee.a(utee_syscalls_a32.o)
                0x00003958                _utee_cryp_obj_close
 .text._utee_cryp_obj_reset
                0x0000396c       0x14 /home/dangcaominh/STM32MP1/optee-os/optee-os/../build/optee-programmer-stm32mp157d-dk1/export-ta_arm32/lib/libutee.a(utee_syscalls_a32.o)
                0x0000396c                _utee_cryp_obj_reset
 .text._utee_cryp_obj_populate
                0x00003980       0x14 /home/dangcaominh/STM32MP1/optee-os/optee-os/../build/optee-programmer-stm32mp157d-dk1/export-ta_arm32/lib/libutee.a(utee_syscalls_a32.o)
                0x00003980                _utee_cryp_obj_populate
 .text._utee_cryp_obj_copy
                0x00003994       0x14 /home/dangcaominh/STM32MP1/optee-os/optee-os/../build/optee-programmer-stm32mp157d-dk1/export-ta_arm32/lib/libutee.a(utee_syscalls_a32.o)
                0x00003994                _utee_cryp_obj_copy
 .text._utee_cryp_derive_key
                0x000039a8       0x14 /home/dangcaominh/STM32MP1/optee-os/optee-os/../build/optee-programmer-stm32mp157d-dk1/export-ta_arm32/lib/libutee.a(utee_syscalls_a32.o)
                0x000039a8                _utee_cryp_derive_key
 .text._utee_cryp_random_number_generate
                0x000039bc       0x14 /home/dangcaominh/STM32MP1/optee-os/optee-os/../build/optee-programmer-stm32mp157d-dk1/export-ta_arm32/lib/libutee.a(utee_syscalls_a32.o)
                0x000039bc                _utee_cryp_random_number_generate
 .text._utee_authenc_init
                0x000039d0       0x18 /home/dangcaominh/STM32MP1/optee-os/optee-os/../build/optee-programmer-stm32mp157d-dk1/export-ta_arm32/lib/libutee.a(utee_syscalls_a32.o)
                0x000039d0                _utee_authenc_init
 .text._utee_authenc_update_aad
                0x000039e8       0x14 /home/dangcaominh/STM32MP1/optee-os/optee-os/../build/optee-programmer-stm32mp157d-dk1/export-ta_arm32/lib/libutee.a(utee_syscalls_a32.o)
                0x000039e8                _utee_authenc_update_aad
 .text._utee_authenc_update_payload
                0x000039fc       0x18 /home/dangcaominh/STM32MP1/optee-os/optee-os/../build/optee-programmer-stm32mp157d-dk1/export-ta_arm32/lib/libutee.a(utee_syscalls_a32.o)
                0x000039fc                _utee_authenc_update_payload
 .text._utee_authenc_enc_final
                0x00003a14       0x18 /home/dangcaominh/STM32MP1/optee-os/optee-os/../build/optee-programmer-stm32mp157d-dk1/export-ta_arm32/lib/libutee.a(utee_syscalls_a32.o)
                0x00003a14                _utee_authenc_enc_final
 .text._utee_authenc_dec_final
                0x00003a2c       0x18 /home/dangcaominh/STM32MP1/optee-os/optee-os/../build/optee-programmer-stm32mp157d-dk1/export-ta_arm32/lib/libutee.a(utee_syscalls_a32.o)
                0x00003a2c                _utee_authenc_dec_final
 .text._utee_asymm_operate
                0x00003a44       0x18 /home/dangcaominh/STM32MP1/optee-os/optee-os/../build/optee-programmer-stm32mp157d-dk1/export-ta_arm32/lib/libutee.a(utee_syscalls_a32.o)
                0x00003a44                _utee_asymm_operate
 .text._utee_asymm_verify
                0x00003a5c       0x18 /home/dangcaominh/STM32MP1/optee-os/optee-os/../build/optee-programmer-stm32mp157d-dk1/export-ta_arm32/lib/libutee.a(utee_syscalls_a32.o)
                0x00003a5c                _utee_asymm_verify
 .text._utee_storage_obj_open
                0x00003a74       0x18 /home/dangcaominh/STM32MP1/optee-os/optee-os/../build/optee-programmer-stm32mp157d-dk1/export-ta_arm32/lib/libutee.a(utee_syscalls_a32.o)
                0x00003a74                _utee_storage_obj_open
 .text._utee_storage_obj_create
                0x00003a8c       0x18 /home/dangcaominh/STM32MP1/optee-os/optee-os/../build/optee-programmer-stm32mp157d-dk1/export-ta_arm32/lib/libutee.a(utee_syscalls_a32.o)
                0x00003a8c                _utee_storage_obj_create
 .text._utee_storage_obj_del
                0x00003aa4       0x14 /home/dangcaominh/STM32MP1/optee-os/optee-os/../build/optee-programmer-stm32mp157d-dk1/export-ta_arm32/lib/libutee.a(utee_syscalls_a32.o)
                0x00003aa4                _utee_storage_obj_del
 .text._utee_storage_obj_rename
                0x00003ab8       0x14 /home/dangcaominh/STM32MP1/optee-os/optee-os/../build/optee-programmer-stm32mp157d-dk1/export-ta_arm32/lib/libutee.a(utee_syscalls_a32.o)
                0x00003ab8                _utee_storage_obj_rename
 .text._utee_storage_alloc_enum
                0x00003acc       0x14 /home/dangcaominh/STM32MP1/optee-os/optee-os/../build/optee-programmer-stm32mp157d-dk1/export-ta_arm32/lib/libutee.a(utee_syscalls_a32.o)
                0x00003acc                _utee_storage_alloc_enum
 .text._utee_storage_free_enum
                0x00003ae0       0x14 /home/dangcaominh/STM32MP1/optee-os/optee-os/../build/optee-programmer-stm32mp157d-dk1/export-ta_arm32/lib/libutee.a(utee_syscalls_a32.o)
                0x00003ae0                _utee_storage_free_enum
 .text._utee_storage_reset_enum
                0x00003af4       0x14 /home/dangcaominh/STM32MP1/optee-os/optee-os/../build/optee-programmer-stm32mp157d-dk1/export-ta_arm32/lib/libutee.a(utee_syscalls_a32.o)
                0x00003af4                _utee_storage_reset_enum
 .text._utee_storage_start_enum
                0x00003b08       0x14 /home/dangcaominh/STM32MP1/optee-os/optee-os/../build/optee-programmer-stm32mp157d-dk1/export-ta_arm32/lib/libutee.a(utee_syscalls_a32.o)
                0x00003b08                _utee_storage_start_enum
 .text._utee_storage_next_enum
                0x00003b1c       0x14 /home/dangcaominh/STM32MP1/optee-os/optee-os/../build/optee-programmer-stm32mp157d-dk1/export-ta_arm32/lib/libutee.a(utee_syscalls_a32.o)
                0x00003b1c                _utee_storage_next_enum
 .text._utee_storage_obj_read
                0x00003b30       0x14 /home/dangcaominh/STM32MP1/optee-os/optee-os/../build/optee-programmer-stm32mp157d-dk1/export-ta_arm32/lib/libutee.a(utee_syscalls_a32.o)
                0x00003b30                _utee_storage_obj_read
 .text._utee_storage_obj_write
                0x00003b44       0x14 /home/dangcaominh/STM32MP1/optee-os/optee-os/../build/optee-programmer-stm32mp157d-dk1/export-ta_arm32/lib/libutee.a(utee_syscalls_a32.o)
                0x00003b44                _utee_storage_obj_write
 .text._utee_storage_obj_trunc
                0x00003b58       0x14 /home/dangcaominh/STM32MP1/optee-os/optee-os/../build/optee-programmer-stm32mp157d-dk1/export-ta_arm32/lib/libutee.a(utee_syscalls_a32.o)
                0x00003b58                _utee_storage_obj_trunc
 .text._utee_storage_obj_seek
                0x00003b6c       0x14 /home/dangcaominh/STM32MP1/optee-os/optee-os/../build/optee-programmer-stm32mp157d-dk1/export-ta_arm32/lib/libutee.a(utee_syscalls_a32.o)
                0x00003b6c                _utee_storage_obj_seek
 .text._utee_cryp_obj_generate_key
                0x00003b80       0x14 /home/dangcaominh/STM32MP1/optee-os/optee-os/../build/optee-programmer-stm32mp157d-dk1/export-ta_arm32/lib/libutee.a(utee_syscalls_a32.o)
                0x00003b80                _utee_cryp_obj_generate_key
 .text._utee_cache_operation
                0x00003b94       0x14 /home/dangcaominh/STM32MP1/optee-os/optee-os/../build/optee-programmer-stm32mp157d-dk1/export-ta_arm32/lib/libutee.a(utee_syscalls_a32.o)
                0x00003b94                _utee_cache_operation
 .text.unlikely
                0x00003ba8       0x18 /home/dangcaominh/STM32MP1/optee-os/optee-os/../build/optee-programmer-stm32mp157d-dk1/export-ta_arm32/lib/libutee.a(abort.o)
                0x00003ba8                abort
 .text          0x00003bc0     0x18c4 /home/dangcaominh/STM32MP1/optee-os/optee-os/../build/optee-programmer-stm32mp157d-dk1/export-ta_arm32/lib/libutee.a(tee_api_arith_mpi.o)
                0x0000422c                _TEE_MathAPI_Init
                0x00004270                TEE_BigIntInit
                0x000042a8                __GP11_TEE_BigIntInit
                0x000042ac                TEE_BigIntConvertFromOctetString
                0x00004338                __GP11_TEE_BigIntConvertFromOctetString
                0x0000433c                TEE_BigIntConvertToOctetString
                0x000043c8                __GP11_TEE_BigIntConvertToOctetString
                0x00004414                TEE_BigIntConvertFromS32
                0x00004498                TEE_BigIntConvertToS32
                0x0000452c                TEE_BigIntCmp
                0x00004598                TEE_BigIntCmpS32
                0x0000473c                TEE_BigIntShiftRight
                0x00004884                __GP11_TEE_BigIntShiftRight
                0x00004888                TEE_BigIntGetBit
                0x000048e8                TEE_BigIntGetBitCount
                0x00004940                TEE_BigIntSetBit
                0x000049c0                TEE_BigIntAssign
                0x000049ec                TEE_BigIntAbs
                0x000049fc                TEE_BigIntAdd
                0x00004a1c                TEE_BigIntSub
                0x00004a3c                TEE_BigIntNeg
                0x00004ae4                TEE_BigIntMul
                0x00004bc0                TEE_BigIntSquare
                0x00004bc6                TEE_BigIntDiv
                0x00004ce8                TEE_BigIntMod
                0x00004d38                TEE_BigIntAddMod
                0x00004d54                TEE_BigIntSubMod
                0x00004d70                TEE_BigIntMulMod
                0x00004d8c                TEE_BigIntSquareMod
                0x00004d94                TEE_BigIntInvMod
                0x00004e88                TEE_BigIntRelativePrime
                0x00004f38                TEE_BigIntExpMod
                0x0000508c                TEE_BigIntComputeExtendedGcd
                0x0000525c                TEE_BigIntIsProbablePrime
                0x000052cc                TEE_BigIntInitFMM
                0x000052d0                __GP11_TEE_BigIntInitFMM
                0x000052d4                TEE_BigIntInitFMMContext
                0x000052d6                __GP11_TEE_BigIntInitFMMContext
                0x000052da                TEE_BigIntInitFMMContext1
                0x000052de                TEE_BigIntFMMSizeInU32
                0x000052e6                __GP11_TEE_BigIntFMMSizeInU32
                0x000052ea                TEE_BigIntFMMContextSizeInU32
                0x000052ee                __GP11_TEE_BigIntFMMContextSizeInU32
                0x000052f2                TEE_BigIntConvertToFMM
                0x000052f6                TEE_BigIntConvertFromFMM
                0x00005390                TEE_BigIntComputeFMM
 .text          0x00005484      0xa64 /home/dangcaominh/STM32MP1/optee-os/optee-os/../build/optee-programmer-stm32mp157d-dk1/export-ta_arm32/lib/libutee.a(tee_api_property.o)
                0x00005700                TEE_GetPropertyAsString
                0x0000588c                __GP11_TEE_GetPropertyAsString
                0x000058f0                TEE_GetPropertyAsBool
                0x00005984                TEE_GetPropertyAsU32
                0x00005a1c                TEE_GetPropertyAsU64
                0x00005ab4                __GP11_TEE_GetPropertyAsBinaryBlock
                0x00005b50                TEE_GetPropertyAsBinaryBlock
                0x00005bb4                TEE_GetPropertyAsUUID
                0x00005c4c                TEE_GetPropertyAsIdentity
                0x00005ce4                TEE_ResetPropertyEnumerator
                0x00005cec                TEE_AllocatePropertyEnumerator
                0x00005d14                TEE_FreePropertyEnumerator
                0x00005d18                TEE_StartPropertyEnumerator
                0x00005d22                __GP11_TEE_GetPropertyName
                0x00005de8                TEE_GetPropertyName
                0x00005e48                TEE_GetNextProperty
 .text          0x00005ee8      0x23c /home/dangcaominh/STM32MP1/optee-os/optee-os/../build/optee-programmer-stm32mp157d-dk1/export-ta_arm32/lib/libutee.a(tcb.o)
                0x00005ee8                __utee_tcb_init
                0x00006064                __tls_get_addr
                0x0000607c                dl_iterate_phdr
 .text          0x00006124       0x38 /home/dangcaominh/STM32MP1/optee-os/optee-os/../build/optee-programmer-stm32mp157d-dk1/export-ta_arm32/lib/libutee.a(assert.o)
                0x00006124                _assert_log
                0x0000614c                _assert_break
 .text          0x0000615c      0x194 /home/dangcaominh/STM32MP1/optee-os/optee-os/../build/optee-programmer-stm32mp157d-dk1/export-ta_arm32/lib/libutee.a(base64.o)
                0x0000615c                _base64_enc_len
                0x0000616a                _base64_enc
                0x0000622c                _base64_dec
 .text          0x000062f0     0x22ec /home/dangcaominh/STM32MP1/optee-os/optee-os/../build/optee-programmer-stm32mp157d-dk1/export-ta_arm32/lib/libmbedtls.a(bignum.o)
                0x0000636e                mbedtls_mpi_lt_mpi_ct
                0x00006410                mbedtls_mpi_init
                0x0000641c                mbedtls_mpi_init_mempool
                0x00006440                mbedtls_mpi_free
                0x00006480                mbedtls_mpi_grow
                0x00006518                mbedtls_mpi_safe_cond_assign
                0x0000656a                mbedtls_mpi_safe_cond_swap
                0x00006602                mbedtls_mpi_shrink
                0x000066b4                mbedtls_mpi_copy
                0x0000671e                mbedtls_mpi_swap
                0x0000677c                mbedtls_mpi_lset
                0x000067b4                mbedtls_mpi_get_bit
                0x000067d4                mbedtls_mpi_set_bit
                0x00006822                mbedtls_mpi_lsb
                0x00006848                mbedtls_mpi_bitlen
                0x00006850                mbedtls_mpi_size
                0x0000685c                mbedtls_mpi_read_binary_le
                0x00006888                mbedtls_mpi_read_binary
                0x000068b4                mbedtls_mpi_write_binary_le
                0x000068c0                mbedtls_mpi_write_binary
                0x000068cc                mbedtls_mpi_shift_l
                0x00006906                mbedtls_mpi_shift_r
                0x00006918                mbedtls_mpi_cmp_abs
                0x00006976                mbedtls_mpi_cmp_mpi
                0x00006a00                mbedtls_mpi_cmp_int
                0x00006a64                mbedtls_mpi_add_abs
                0x00006af4                mbedtls_mpi_sub_abs
                0x00006bf2                mbedtls_mpi_add_mpi
                0x00006bf6                mbedtls_mpi_sub_mpi
                0x00006bfc                mbedtls_mpi_add_int
                0x00006c60                mbedtls_mpi_sub_int
                0x00006cc4                mbedtls_mpi_mul_mpi
                0x00006dd8                mbedtls_mpi_mul_int
                0x00006e3a                mbedtls_mpi_read_string
                0x00006f90                mbedtls_mpi_div_mpi
                0x00007316                mbedtls_mpi_div_int
                0x0000737c                mbedtls_mpi_mod_mpi
                0x00007600                mbedtls_mpi_mod_int
                0x0000766c                mbedtls_mpi_write_string
                0x00007890                mbedtls_mpi_montg_init
                0x0000789e                mbedtls_mpi_montmul
                0x000078c2                mbedtls_mpi_montred
                0x00007918                mbedtls_mpi_exp_mod
                0x0000792a                mbedtls_mpi_exp_mod_unsafe
                0x0000793e                mbedtls_mpi_gcd
                0x00007a74                mbedtls_mpi_fill_random
                0x00007c6c                mbedtls_mpi_random
                0x00007caa                mbedtls_mpi_inv_mod
                0x00007fc8                mbedtls_mpi_is_prime_ext
                0x00008064                mbedtls_mpi_gen_prime
                0x000082a8                mbedtls_mpi_self_test
 .text          0x000085dc      0xaf8 /home/dangcaominh/STM32MP1/optee-os/optee-os/../build/optee-programmer-stm32mp157d-dk1/export-ta_arm32/lib/libmbedtls.a(bignum_core.o)
                0x00008638                mbedtls_mpi_core_clz
                0x0000863e                mbedtls_mpi_core_bitlen
                0x00008662                mbedtls_mpi_core_bigendian_to_host
                0x00008688                mbedtls_mpi_core_uint_le_mpi
                0x000086c4                mbedtls_mpi_core_lt_ct
                0x00008714                mbedtls_mpi_core_cond_assign
                0x00008750                mbedtls_mpi_core_cond_swap
                0x000087a0                mbedtls_mpi_core_read_le
                0x000087ea                mbedtls_mpi_core_read_be
                0x00008834                mbedtls_mpi_core_write_le
                0x00008898                mbedtls_mpi_core_write_be
                0x000088fc                mbedtls_mpi_core_shift_r
                0x0000896c                mbedtls_mpi_core_shift_l
                0x000089d8                mbedtls_mpi_core_add
                0x00008a06                mbedtls_mpi_core_add_if
                0x00008a40                mbedtls_mpi_core_sub
                0x00008a7e                mbedtls_mpi_core_mla
                0x00008bf4                mbedtls_mpi_core_mul
                0x00008c36                mbedtls_mpi_core_montmul_init
                0x00008c58                mbedtls_mpi_core_montmul
                0x00008ea8                mbedtls_mpi_core_get_mont_r2_unsafe
                0x00008edc                mbedtls_mpi_core_fill_random
                0x00008f3a                mbedtls_mpi_core_random
                0x00008fd8                mbedtls_mpi_core_exp_mod_working_limbs
                0x00008fee                mbedtls_mpi_core_exp_mod
                0x0000900e                mbedtls_mpi_core_exp_mod_unsafe
                0x00009030                mbedtls_mpi_core_sub_int
                0x00009052                mbedtls_mpi_core_check_zero_ct
                0x0000906a                mbedtls_mpi_core_to_mont_rep
                0x00009080                mbedtls_mpi_core_from_mont_rep
 .text          0x000090d4      0x1d4 /home/dangcaominh/STM32MP1/optee-os/optee-os/../build/optee-programmer-stm32mp157d-dk1/export-ta_arm32/lib/libmbedtls.a(constant_time.o)
                0x00009130                mbedtls_ct_memcmp
                0x0000914a                mbedtls_ct_memcmp_partial
                0x00009198                mbedtls_ct_memmove_left
                0x00009204                mbedtls_ct_memcpy_if
                0x00009240                mbedtls_ct_memcpy_offset
                0x00009294                mbedtls_ct_zeroize_if
 .text          0x000092a8       0x2c /home/dangcaominh/STM32MP1/optee-os/optee-os/../build/optee-programmer-stm32mp157d-dk1/export-ta_arm32/lib/libmbedtls.a(platform_util.o)
                0x000092a8                mbedtls_platform_zeroize
                0x000092c0                mbedtls_zeroize_and_free
 .text          0x000092d4      0xa34 /home/dangcaominh/STM32MP1/optee-os/optee-os/../build/optee-programmer-stm32mp157d-dk1/export-ta_arm32/lib/libutils.a(bget_malloc.o)
                0x00009300                bget
                0x0000951c                bgetz
                0x00009578                brel
                0x0000978c                bgetr
                0x0000980c                bpool
                0x000098a4                bstats
                0x00009904                malloc_reset_stats
                0x00009918                raw_memalign
                0x00009966                raw_malloc
                0x00009978                raw_free
                0x00009980                raw_calloc
                0x000099d0                raw_realloc
                0x00009a76                malloc
                0x00009a88                calloc
                0x00009aa8                realloc
                0x00009ac4                memalign
                0x00009ae4                aligned_alloc
                0x00009af6                free
                0x00009b04                free_wipe
                0x00009b14                raw_malloc_get_ctx_size
                0x00009b18                raw_malloc_init_ctx
                0x00009b2a                raw_malloc_add_pool
                0x00009ba8                raw_malloc_buffer_overlaps_heap
                0x00009bfa                raw_malloc_buffer_is_within_alloced
                0x00009cb0                raw_malloc_get_stats
                0x00009cc8                malloc_get_stats
                0x00009cd8                malloc_add_pool
                0x00009ce8                malloc_buffer_is_within_alloced
                0x00009cf8                malloc_buffer_overlaps_heap
 .text          0x00009d08       0x64 /home/dangcaominh/STM32MP1/optee-os/optee-os/../build/optee-programmer-stm32mp157d-dk1/export-ta_arm32/lib/libutils.a(snprintf.o)
                0x00009d08                snprintf
                0x00009d5c                vsnprintf
 .text          0x00009d6c       0xd8 /home/dangcaominh/STM32MP1/optee-os/optee-os/../build/optee-programmer-stm32mp157d-dk1/export-ta_arm32/lib/libutils.a(memcpy.o)
                0x00009d6c                memcpy
 .text          0x00009e44       0xf4 /home/dangcaominh/STM32MP1/optee-os/optee-os/../build/optee-programmer-stm32mp157d-dk1/export-ta_arm32/lib/libutils.a(mempool.o)
                0x00009e44                mempool_alloc_pool
                0x00009ec8                mempool_alloc
                0x00009f04                mempool_calloc
                0x00009f28                mempool_free
 .text          0x00009f38       0x10 /home/dangcaominh/STM32MP1/optee-os/optee-os/../build/optee-programmer-stm32mp157d-dk1/export-ta_arm32/lib/libutils.a(memset.o)
                0x00009f38                memset
 .text          0x00009f48       0x1c /home/dangcaominh/STM32MP1/optee-os/optee-os/../build/optee-programmer-stm32mp157d-dk1/export-ta_arm32/lib/libutils.a(memchr.o)
                0x00009f48                memchr
 .text          0x00009f64       0x10 /home/dangcaominh/STM32MP1/optee-os/optee-os/../build/optee-programmer-stm32mp157d-dk1/export-ta_arm32/lib/libutils.a(strlen.o)
                0x00009f64                strlen
 .text          0x00009f74       0x34 /home/dangcaominh/STM32MP1/optee-os/optee-os/../build/optee-programmer-stm32mp157d-dk1/export-ta_arm32/lib/libutils.a(memmove.o)
                0x00009f74                memmove
 .text          0x00009fa8       0x16 /home/dangcaominh/STM32MP1/optee-os/optee-os/../build/optee-programmer-stm32mp157d-dk1/export-ta_arm32/lib/libutils.a(strcmp.o)
                0x00009fa8                strcmp
 .text          0x00009fbe       0x2a /home/dangcaominh/STM32MP1/optee-os/optee-os/../build/optee-programmer-stm32mp157d-dk1/export-ta_arm32/lib/libutils.a(strlcpy.o)
                0x00009fbe                strlcpy
 .text          0x00009fe8       0x48 /home/dangcaominh/STM32MP1/optee-os/optee-os/../build/optee-programmer-stm32mp157d-dk1/export-ta_arm32/lib/libutils.a(consttime_memcmp.o)
                0x00009fe8                consttime_memcmp
 .text          0x0000a030        0x0 /home/dangcaominh/STM32MP1/optee-os/optee-os/../build/optee-programmer-stm32mp157d-dk1/ta/avb/ta_entry_a32.o
 .text          0x0000a030        0x0 /home/dangcaominh/STM32MP1/optee-os/optee-os/../build/optee-programmer-stm32mp157d-dk1/export-ta_arm32/lib/libutils.a(arm32_aeabi_ldivmod_a32.o)
 .text          0x0000a030        0x0 /home/dangcaominh/STM32MP1/optee-os/optee-os/../build/optee-programmer-stm32mp157d-dk1/export-ta_arm32/lib/libutee.a(abort.o)
 .text.__stub   0x0000a030       0x30 linker stubs
 *(SORT_BY_ALIGNMENT(.stub))
 *(SORT_BY_ALIGNMENT(.glue_7))
 .glue_7        0x0000a060        0x0 linker stubs
 *(SORT_BY_ALIGNMENT(.glue_7t))
 .glue_7t       0x0000a060        0x0 linker stubs
 *(SORT_BY_ALIGNMENT(.gnu.linkonce.t.*))
 *(SORT_BY_ALIGNMENT(.vfp11_veneer))
 .vfp11_veneer  0x0000a060        0x0 linker stubs
                0x0000a060                        __text_end = .

.v4_bx          0x0000a060        0x0
 .v4_bx         0x0000a060        0x0 linker stubs

.iplt           0x0000a060        0x0
 .iplt          0x0000a060        0x0 /home/dangcaominh/STM32MP1/optee-os/optee-os/../build/optee-programmer-stm32mp157d-dk1/ta/avb/entry.o

.note.gnu.property
 *(SORT_BY_ALIGNMENT(.note.gnu.property))

.plt            0x0000a060        0x0
 *(SORT_BY_ALIGNMENT(.plt))
 .plt           0x0000a060        0x0 /home/dangcaominh/STM32MP1/optee-os/optee-os/../build/optee-programmer-stm32mp157d-dk1/ta/avb/entry.o

.eh_frame_hdr
 *(SORT_BY_ALIGNMENT(.eh_frame_hdr))
 *(SORT_BY_ALIGNMENT(.eh_frame_entry) SORT_BY_ALIGNMENT(.eh_frame_entry.*))

.eh_frame
 *(SORT_BY_ALIGNMENT(.eh_frame))
 *(SORT_BY_ALIGNMENT(.eh_frame.*))

.gcc_except_table
 *(SORT_BY_ALIGNMENT(.gcc_except_table) SORT_BY_ALIGNMENT(.gcc_except_table.*))

.rodata         0x0000a060     0x1064
 *(SORT_BY_ALIGNMENT(.gnu.linkonce.r.*))
 *(SORT_BY_ALIGNMENT(.rodata) SORT_BY_ALIGNMENT(.rodata.*))
 .rodata./home/dangcaominh/STM32MP1/optee-os/optee-os/../build/optee-programmer-stm32mp157d-dk1/export-ta_arm32/src/user_ta_header.c
                0x0000a060       0x23 /home/dangcaominh/STM32MP1/optee-os/optee-os/../build/optee-programmer-stm32mp157d-dk1/ta/avb/user_ta_header.o
                0x0000a060                ta_num_props
                0x0000a078                __ta_no_share_heap_size
                0x0000a07c                ta_heap_size
                0x0000a080                trace_ext_prefix
 *fill*         0x0000a083        0x1 
 .rodata.lib/libutee/tee_api.c
                0x0000a084       0x10 /home/dangcaominh/STM32MP1/optee-os/optee-os/../build/optee-programmer-stm32mp157d-dk1/export-ta_arm32/lib/libutee.a(tee_api.o)
 .rodata.lib/libutee/tee_system_pta.c
                0x0000a094       0x31 /home/dangcaominh/STM32MP1/optee-os/optee-os/../build/optee-programmer-stm32mp157d-dk1/export-ta_arm32/lib/libutee.a(tee_system_pta.o)
 *fill*         0x0000a0c5        0x3 
 .rodata.lib/libutee/tee_api_property.c
                0x0000a0c8       0x10 /home/dangcaominh/STM32MP1/optee-os/optee-os/../build/optee-programmer-stm32mp157d-dk1/export-ta_arm32/lib/libutee.a(tee_api_property.o)
 .rodata.lib/libmbedtls/mbedtls/library/bignum.c
                0x0000a0d8       0xcc /home/dangcaominh/STM32MP1/optee-os/optee-os/../build/optee-programmer-stm32mp157d-dk1/export-ta_arm32/lib/libmbedtls.a(bignum.o)
 .rodata.str1.1.ta/avb/entry.c
                0x0000a1a4      0xc65 /home/dangcaominh/STM32MP1/optee-os/optee-os/../build/optee-programmer-stm32mp157d-dk1/ta/avb/entry.o
                                 0xae (size before relaxing)
 .rodata.ta/avb/entry.c
                0x0000ae09       0x4b /home/dangcaominh/STM32MP1/optee-os/optee-os/../build/optee-programmer-stm32mp157d-dk1/ta/avb/entry.o
 .rodata.str1.1./home/dangcaominh/STM32MP1/optee-os/optee-os/../build/optee-programmer-stm32mp157d-dk1/export-ta_arm32/src/user_ta_header.c
                0x0000ae54       0xe5 /home/dangcaominh/STM32MP1/optee-os/optee-os/../build/optee-programmer-stm32mp157d-dk1/ta/avb/user_ta_header.o
 .rodata.str1.1.lib/libutils/isoc/stack_check.c
                0x0000ae54       0x18 /home/dangcaominh/STM32MP1/optee-os/optee-os/../build/optee-programmer-stm32mp157d-dk1/export-ta_arm32/lib/libutils.a(stack_check.o)
 .rodata.str1.1.lib/libutils/ext/trace.c
                0x0000ae54       0x1b /home/dangcaominh/STM32MP1/optee-os/optee-os/../build/optee-programmer-stm32mp157d-dk1/export-ta_arm32/lib/libutils.a(trace.o)
 .rodata.lib/libutils/ext/trace.c
                0x0000ae54        0x5 /home/dangcaominh/STM32MP1/optee-os/optee-os/../build/optee-programmer-stm32mp157d-dk1/export-ta_arm32/lib/libutils.a(trace.o)
 .rodata.str1.1.lib/libutils/ext/snprintk.c
                0x0000ae59       0x38 /home/dangcaominh/STM32MP1/optee-os/optee-os/../build/optee-programmer-stm32mp157d-dk1/export-ta_arm32/lib/libutils.a(snprintk.o)
 .rodata.lib/libutils/ext/snprintk.c
                0x0000ae59       0x22 /home/dangcaominh/STM32MP1/optee-os/optee-os/../build/optee-programmer-stm32mp157d-dk1/export-ta_arm32/lib/libutils.a(snprintk.o)
 .rodata.str1.1.lib/libutee/trace_ext.c
                0x0000ae7b        0x2 /home/dangcaominh/STM32MP1/optee-os/optee-os/../build/optee-programmer-stm32mp157d-dk1/export-ta_arm32/lib/libutee.a(trace_ext.o)
 .rodata.str1.1.lib/libutee/tee_api.c
                0x0000ae7b       0x11 /home/dangcaominh/STM32MP1/optee-os/optee-os/../build/optee-programmer-stm32mp157d-dk1/export-ta_arm32/lib/libutee.a(tee_api.o)
 .rodata.str1.1.lib/libutee/tee_system_pta.c
                0x0000ae7b       0x55 /home/dangcaominh/STM32MP1/optee-os/optee-os/../build/optee-programmer-stm32mp157d-dk1/export-ta_arm32/lib/libutee.a(tee_system_pta.o)
 .rodata.str1.1.lib/libutee/user_ta_entry.c
                0x0000ae7b       0x4f /home/dangcaominh/STM32MP1/optee-os/optee-os/../build/optee-programmer-stm32mp157d-dk1/export-ta_arm32/lib/libutee.a(user_ta_entry.o)
 .rodata.lib/libutee/user_ta_entry.c
                0x0000ae7b       0x16 /home/dangcaominh/STM32MP1/optee-os/optee-os/../build/optee-programmer-stm32mp157d-dk1/export-ta_arm32/lib/libutee.a(user_ta_entry.o)
 .rodata.str1.1.lib/libutee/abort.c
                0x0000ae91        0x7 /home/dangcaominh/STM32MP1/optee-os/optee-os/../build/optee-programmer-stm32mp157d-dk1/export-ta_arm32/lib/libutee.a(abort.o)
 .rodata.str1.1.lib/libutee/tee_api_arith_mpi.c
                0x0000ae91       0xc9 /home/dangcaominh/STM32MP1/optee-os/optee-os/../build/optee-programmer-stm32mp157d-dk1/export-ta_arm32/lib/libutee.a(tee_api_arith_mpi.o)
 .rodata.lib/libutee/tee_api_arith_mpi.c
                0x0000ae91      0x14e /home/dangcaominh/STM32MP1/optee-os/optee-os/../build/optee-programmer-stm32mp157d-dk1/export-ta_arm32/lib/libutee.a(tee_api_arith_mpi.o)
 .rodata.str1.1.lib/libutee/tee_api_property.c
                0x0000afdf       0x9c /home/dangcaominh/STM32MP1/optee-os/optee-os/../build/optee-programmer-stm32mp157d-dk1/export-ta_arm32/lib/libutee.a(tee_api_property.o)
 .rodata.str1.1.lib/libutee/tcb.c
                0x0000afdf       0x8d /home/dangcaominh/STM32MP1/optee-os/optee-os/../build/optee-programmer-stm32mp157d-dk1/export-ta_arm32/lib/libutee.a(tcb.o)
 .rodata.lib/libutee/tcb.c
                0x0000afdf       0x20 /home/dangcaominh/STM32MP1/optee-os/optee-os/../build/optee-programmer-stm32mp157d-dk1/export-ta_arm32/lib/libutee.a(tcb.o)
 .rodata.str1.1.lib/libutee/assert.c
                0x0000afff       0x27 /home/dangcaominh/STM32MP1/optee-os/optee-os/../build/optee-programmer-stm32mp157d-dk1/export-ta_arm32/lib/libutee.a(assert.o)
 .rodata.lib/libutee/base64.c
                0x0000afff       0x41 /home/dangcaominh/STM32MP1/optee-os/optee-os/../build/optee-programmer-stm32mp157d-dk1/export-ta_arm32/lib/libutee.a(base64.o)
 .rodata.str1.1.lib/libmbedtls/mbedtls/library/bignum.c
                0x0000b040      0x45d /home/dangcaominh/STM32MP1/optee-os/optee-os/../build/optee-programmer-stm32mp157d-dk1/export-ta_arm32/lib/libmbedtls.a(bignum.o)
 .rodata.str1.1.lib/libutils/isoc/bget_malloc.c
                0x0000b040      0x2c2 /home/dangcaominh/STM32MP1/optee-os/optee-os/../build/optee-programmer-stm32mp157d-dk1/export-ta_arm32/lib/libutils.a(bget_malloc.o)
 .rodata.lib/libutils/isoc/bget_malloc.c
                0x0000b040       0x58 /home/dangcaominh/STM32MP1/optee-os/optee-os/../build/optee-programmer-stm32mp157d-dk1/export-ta_arm32/lib/libutils.a(bget_malloc.o)
 .rodata.str1.1.lib/libutils/ext/mempool.c
                0x0000b098       0x89 /home/dangcaominh/STM32MP1/optee-os/optee-os/../build/optee-programmer-stm32mp157d-dk1/export-ta_arm32/lib/libutils.a(mempool.o)
 .rodata.lib/libutils/ext/mempool.c
                0x0000b098       0x2c /home/dangcaominh/STM32MP1/optee-os/optee-os/../build/optee-programmer-stm32mp157d-dk1/export-ta_arm32/lib/libutils.a(mempool.o)

.gnu.version_d  0x0000b0c4        0x0
 .gnu.version_d
                0x0000b0c4        0x0 /home/dangcaominh/STM32MP1/optee-os/optee-os/../build/optee-programmer-stm32mp157d-dk1/ta/avb/entry.o

.gnu.version    0x0000b0c4        0x0
 .gnu.version   0x0000b0c4        0x0 /home/dangcaominh/STM32MP1/optee-os/optee-os/../build/optee-programmer-stm32mp157d-dk1/ta/avb/entry.o

.gnu.version_r  0x0000b0c4        0x0
 .gnu.version_r
                0x0000b0c4        0x0 /home/dangcaominh/STM32MP1/optee-os/optee-os/../build/optee-programmer-stm32mp157d-dk1/ta/avb/entry.o

.gnu.hash       0x0000b0c4       0x30
 .gnu.hash      0x0000b0c4       0x30 /home/dangcaominh/STM32MP1/optee-os/optee-os/../build/optee-programmer-stm32mp157d-dk1/ta/avb/entry.o

.ta_head        0x0000b0f8       0x20
 .ta_head       0x0000b0f8       0x20 /home/dangcaominh/STM32MP1/optee-os/optee-os/../build/optee-programmer-stm32mp157d-dk1/ta/avb/user_ta_header.o
                0x0000b0f8                ta_head

.ARM.extab
 *(SORT_BY_ALIGNMENT(.ARM.extab*) SORT_BY_ALIGNMENT(.gnu.linkonce.armextab.*))
                [!provide]                        PROVIDE (__exidx_start = .)

.ARM.exidx
 *(SORT_BY_ALIGNMENT(.ARM.exidx*) SORT_BY_ALIGNMENT(.gnu.linkonce.armexidx.*))
                [!provide]                        PROVIDE (__exidx_end = .)

.ctors
 *(SORT_BY_ALIGNMENT(.ctors))

.dtors
 *(SORT_BY_ALIGNMENT(.dtors))

.dynsym         0x0000b118       0x70
 *(SORT_BY_ALIGNMENT(.dynsym))
 .dynsym        0x0000b118       0x70 /home/dangcaominh/STM32MP1/optee-os/optee-os/../build/optee-programmer-stm32mp157d-dk1/ta/avb/entry.o

.dynstr         0x0000b188       0x36
 *(SORT_BY_ALIGNMENT(.dynstr))
 .dynstr        0x0000b188       0x36 /home/dangcaominh/STM32MP1/optee-os/optee-os/../build/optee-programmer-stm32mp157d-dk1/ta/avb/entry.o

.hash           0x0000b1c0       0x30
 *(SORT_BY_ALIGNMENT(.hash))
 .hash          0x0000b1c0       0x30 /home/dangcaominh/STM32MP1/optee-os/optee-os/../build/optee-programmer-stm32mp157d-dk1/ta/avb/entry.o
                0x0000c000                        . = ALIGN (0x1000)

.dynamic        0x0000c000       0x88
 *(SORT_BY_ALIGNMENT(.dynamic))
 .dynamic       0x0000c000       0x88 /home/dangcaominh/STM32MP1/optee-os/optee-os/../build/optee-programmer-stm32mp157d-dk1/ta/avb/entry.o
                0x0000c000                _DYNAMIC

.tdata
 *(SORT_BY_ALIGNMENT(.tdata) SORT_BY_ALIGNMENT(.tdata.*) SORT_BY_ALIGNMENT(.gnu.linkonce.td.*))

.tbss
 *(SORT_BY_ALIGNMENT(.tbss) SORT_BY_ALIGNMENT(.tbss.*) SORT_BY_ALIGNMENT(.gnu.linkonce.tb.*))
 *(SORT_BY_ALIGNMENT(.tcommon))

.got            0x0000c088       0x60
 *(SORT_BY_ALIGNMENT(.got.plt))
 .got.plt       0x0000c088        0xc /home/dangcaominh/STM32MP1/optee-os/optee-os/../build/optee-programmer-stm32mp157d-dk1/ta/avb/entry.o
                0x0000c088                _GLOBAL_OFFSET_TABLE_
 *(SORT_BY_ALIGNMENT(.got))
 .got           0x0000c094       0x54 /home/dangcaominh/STM32MP1/optee-os/optee-os/../build/optee-programmer-stm32mp157d-dk1/ta/avb/entry.o

.rel.text
 *(SORT_BY_ALIGNMENT(.rel.text))
 *(SORT_BY_ALIGNMENT(.rel.gnu.linkonce.t*))

.rela.text
 *(SORT_BY_ALIGNMENT(.rela.text))
 *(SORT_BY_ALIGNMENT(.rela.gnu.linkonce.t*))

.rel.data
 *(SORT_BY_ALIGNMENT(.rel.data))
 *(SORT_BY_ALIGNMENT(.rel.gnu.linkonce.d*))

.rela.data
 *(SORT_BY_ALIGNMENT(.rela.data))
 *(SORT_BY_ALIGNMENT(.rela.gnu.linkonce.d*))

.rel.tdata
 *(SORT_BY_ALIGNMENT(.rel.tdata) SORT_BY_ALIGNMENT(.rel.tdata.*) SORT_BY_ALIGNMENT(.rel.gnu.linkonce.td.*))

.rela.tdata
 *(SORT_BY_ALIGNMENT(.rela.tdata) SORT_BY_ALIGNMENT(.rela.tdata.*) SORT_BY_ALIGNMENT(.rela.gnu.linkonce.td.*))

.rel.tbss
 *(SORT_BY_ALIGNMENT(.rel.tbss) SORT_BY_ALIGNMENT(.rel.tbss.*) SORT_BY_ALIGNMENT(.rel.gnu.linkonce.tb.*))

.rela.tbss
 *(SORT_BY_ALIGNMENT(.rela.tbss) SORT_BY_ALIGNMENT(.rela.tbss.*) SORT_BY_ALIGNMENT(.rela.gnu.linkonce.tb.*))

.rel.rodata
 *(SORT_BY_ALIGNMENT(.rel.rodata))
 *(SORT_BY_ALIGNMENT(.rel.gnu.linkonce.r*))

.rela.rodata
 *(SORT_BY_ALIGNMENT(.rela.rodata))
 *(SORT_BY_ALIGNMENT(.rela.gnu.linkonce.r*))

.rel.dyn        0x0000c0e8      0x108
 *(SORT_BY_ALIGNMENT(.rel.dyn))
 .rel.data.rel.ro
                0x0000c0e8        0x8 /home/dangcaominh/STM32MP1/optee-os/optee-os/../build/optee-programmer-stm32mp157d-dk1/ta/avb/entry.o
 .rel.iplt      0x0000c0f0        0x0 /home/dangcaominh/STM32MP1/optee-os/optee-os/../build/optee-programmer-stm32mp157d-dk1/ta/avb/entry.o
 .rel.data.rel.ro.local
                0x0000c0f0       0xe0 /home/dangcaominh/STM32MP1/optee-os/optee-os/../build/optee-programmer-stm32mp157d-dk1/ta/avb/entry.o
 .rel.data.rel.local
                0x0000c1d0       0x20 /home/dangcaominh/STM32MP1/optee-os/optee-os/../build/optee-programmer-stm32mp157d-dk1/ta/avb/entry.o

.rel.got        0x0000c1f0       0xa8
 *(SORT_BY_ALIGNMENT(.rel.got))
 .rel.got       0x0000c1f0       0xa8 /home/dangcaominh/STM32MP1/optee-os/optee-os/../build/optee-programmer-stm32mp157d-dk1/ta/avb/entry.o

.rela.got
 *(SORT_BY_ALIGNMENT(.rela.got))

.rel.ctors
 *(SORT_BY_ALIGNMENT(.rel.ctors))

.rela.ctors
 *(SORT_BY_ALIGNMENT(.rela.ctors))

.rel.dtors
 *(SORT_BY_ALIGNMENT(.rel.dtors))

.rela.dtors
 *(SORT_BY_ALIGNMENT(.rela.dtors))

.rel.init
 *(SORT_BY_ALIGNMENT(.rel.init))

.rela.init
 *(SORT_BY_ALIGNMENT(.rela.init))

.rel.fini
 *(SORT_BY_ALIGNMENT(.rel.fini))

.rela.fini
 *(SORT_BY_ALIGNMENT(.rela.fini))

.rel.bss        0x0000c298        0x0
 *(SORT_BY_ALIGNMENT(.rel.bss))
 .rel.bss       0x0000c298        0x0 /home/dangcaominh/STM32MP1/optee-os/optee-os/../build/optee-programmer-stm32mp157d-dk1/ta/avb/entry.o

.rela.bss
 *(SORT_BY_ALIGNMENT(.rela.bss))

.rel.plt        0x0000c298        0x0
 *(SORT_BY_ALIGNMENT(.rel.plt))
 .rel.plt       0x0000c298        0x0 /home/dangcaominh/STM32MP1/optee-os/optee-os/../build/optee-programmer-stm32mp157d-dk1/ta/avb/entry.o

.rela.plt
 *(SORT_BY_ALIGNMENT(.rela.plt))

.data           0x0000c298      0x120
 *(SORT_BY_ALIGNMENT(.data) SORT_BY_ALIGNMENT(.data.*) SORT_BY_ALIGNMENT(.gnu.linkonce.d.*))
 .data          0x0000c298        0x4 /home/dangcaominh/STM32MP1/optee-os/optee-os/../build/optee-programmer-stm32mp157d-dk1/ta/avb/user_ta_header.o
                0x0000c298                trace_level
 .data.rel.ro.local
                0x0000c29c       0x6c /home/dangcaominh/STM32MP1/optee-os/optee-os/../build/optee-programmer-stm32mp157d-dk1/ta/avb/user_ta_header.o
                0x0000c29c                ta_props
 .data          0x0000c308        0x4 /home/dangcaominh/STM32MP1/optee-os/optee-os/../build/optee-programmer-stm32mp157d-dk1/export-ta_arm32/lib/libutils.a(stack_check.o)
                0x0000c308                __stack_chk_guard
 .data.rel.local
                0x0000c30c       0x10 /home/dangcaominh/STM32MP1/optee-os/optee-os/../build/optee-programmer-stm32mp157d-dk1/export-ta_arm32/lib/libutee.a(user_ta_entry.o)
 .data.rel.ro.local
                0x0000c31c       0x3c /home/dangcaominh/STM32MP1/optee-os/optee-os/../build/optee-programmer-stm32mp157d-dk1/export-ta_arm32/lib/libutee.a(tee_api_property.o)
                0x0000c31c                tee_props
 .data.rel.ro   0x0000c358        0x4 /home/dangcaominh/STM32MP1/optee-os/optee-os/../build/optee-programmer-stm32mp157d-dk1/export-ta_arm32/lib/libmbedtls.a(platform_util.o)
 .data.rel.local
                0x0000c35c       0x5c /home/dangcaominh/STM32MP1/optee-os/optee-os/../build/optee-programmer-stm32mp157d-dk1/export-ta_arm32/lib/libutils.a(bget_malloc.o)
 .data          0x0000c3b8        0x0 /home/dangcaominh/STM32MP1/optee-os/optee-os/../build/optee-programmer-stm32mp157d-dk1/ta/avb/entry.o
 .data.rel.ro   0x0000c3b8        0x0 /home/dangcaominh/STM32MP1/optee-os/optee-os/../build/optee-programmer-stm32mp157d-dk1/ta/avb/entry.o
 .data          0x0000c3b8        0x0 /home/dangcaominh/STM32MP1/optee-os/optee-os/../build/optee-programmer-stm32mp157d-dk1/ta/avb/ta_entry_a32.o
 .data          0x0000c3b8        0x0 /home/dangcaominh/STM32MP1/optee-os/optee-os/../build/optee-programmer-stm32mp157d-dk1/export-ta_arm32/lib/libutils.a(memset.o)
 .data          0x0000c3b8        0x0 /home/dangcaominh/STM32MP1/optee-os/optee-os/../build/optee-programmer-stm32mp157d-dk1/export-ta_arm32/lib/libutils.a(trace.o)
 .data          0x0000c3b8        0x0 /home/dangcaominh/STM32MP1/optee-os/optee-os/../build/optee-programmer-stm32mp157d-dk1/export-ta_arm32/lib/libutils.a(snprintk.o)
 .data          0x0000c3b8        0x0 /home/dangcaominh/STM32MP1/optee-os/optee-os/../build/optee-programmer-stm32mp157d-dk1/export-ta_arm32/lib/libutils.a(memchr.o)
 .data          0x0000c3b8        0x0 /home/dangcaominh/STM32MP1/optee-os/optee-os/../build/optee-programmer-stm32mp157d-dk1/export-ta_arm32/lib/libutils.a(strlen.o)
 .data          0x0000c3b8        0x0 /home/dangcaominh/STM32MP1/optee-os/optee-os/../build/optee-programmer-stm32mp157d-dk1/export-ta_arm32/lib/libutils.a(arm32_aeabi_ldivmod_a32.o)
 .data          0x0000c3b8        0x0 /home/dangcaominh/STM32MP1/optee-os/optee-os/../build/optee-programmer-stm32mp157d-dk1/export-ta_arm32/lib/libutils.a(arm32_aeabi_ldivmod.o)
 .data          0x0000c3b8        0x0 /home/dangcaominh/STM32MP1/optee-os/optee-os/../build/optee-programmer-stm32mp157d-dk1/export-ta_arm32/lib/libutee.a(trace_ext.o)
 .data          0x0000c3b8        0x0 /home/dangcaominh/STM32MP1/optee-os/optee-os/../build/optee-programmer-stm32mp157d-dk1/export-ta_arm32/lib/libutee.a(tee_api.o)
 .data          0x0000c3b8        0x0 /home/dangcaominh/STM32MP1/optee-os/optee-os/../build/optee-programmer-stm32mp157d-dk1/export-ta_arm32/lib/libutee.a(tee_api_objects.o)
 .data          0x0000c3b8        0x0 /home/dangcaominh/STM32MP1/optee-os/optee-os/../build/optee-programmer-stm32mp157d-dk1/export-ta_arm32/lib/libutee.a(tee_api_panic.o)
 .data          0x0000c3b8        0x0 /home/dangcaominh/STM32MP1/optee-os/optee-os/../build/optee-programmer-stm32mp157d-dk1/export-ta_arm32/lib/libutee.a(tee_system_pta.o)
 .data          0x0000c3b8        0x0 /home/dangcaominh/STM32MP1/optee-os/optee-os/../build/optee-programmer-stm32mp157d-dk1/export-ta_arm32/lib/libutee.a(user_ta_entry.o)
 .data          0x0000c3b8        0x0 /home/dangcaominh/STM32MP1/optee-os/optee-os/../build/optee-programmer-stm32mp157d-dk1/export-ta_arm32/lib/libutee.a(utee_syscalls_a32.o)
 .data          0x0000c3b8        0x0 /home/dangcaominh/STM32MP1/optee-os/optee-os/../build/optee-programmer-stm32mp157d-dk1/export-ta_arm32/lib/libutee.a(abort.o)
 .data          0x0000c3b8        0x0 /home/dangcaominh/STM32MP1/optee-os/optee-os/../build/optee-programmer-stm32mp157d-dk1/export-ta_arm32/lib/libutee.a(tee_api_arith_mpi.o)
 .data          0x0000c3b8        0x0 /home/dangcaominh/STM32MP1/optee-os/optee-os/../build/optee-programmer-stm32mp157d-dk1/export-ta_arm32/lib/libutee.a(tee_api_property.o)
 .data          0x0000c3b8        0x0 /home/dangcaominh/STM32MP1/optee-os/optee-os/../build/optee-programmer-stm32mp157d-dk1/export-ta_arm32/lib/libutee.a(tcb.o)
 .data          0x0000c3b8        0x0 /home/dangcaominh/STM32MP1/optee-os/optee-os/../build/optee-programmer-stm32mp157d-dk1/export-ta_arm32/lib/libutee.a(assert.o)
 .data          0x0000c3b8        0x0 /home/dangcaominh/STM32MP1/optee-os/optee-os/../build/optee-programmer-stm32mp157d-dk1/export-ta_arm32/lib/libutee.a(base64.o)
 .data          0x0000c3b8        0x0 /home/dangcaominh/STM32MP1/optee-os/optee-os/../build/optee-programmer-stm32mp157d-dk1/export-ta_arm32/lib/libmbedtls.a(bignum.o)
 .data          0x0000c3b8        0x0 /home/dangcaominh/STM32MP1/optee-os/optee-os/../build/optee-programmer-stm32mp157d-dk1/export-ta_arm32/lib/libmbedtls.a(bignum_core.o)
 .data          0x0000c3b8        0x0 /home/dangcaominh/STM32MP1/optee-os/optee-os/../build/optee-programmer-stm32mp157d-dk1/export-ta_arm32/lib/libmbedtls.a(constant_time.o)
 .data          0x0000c3b8        0x0 /home/dangcaominh/STM32MP1/optee-os/optee-os/../build/optee-programmer-stm32mp157d-dk1/export-ta_arm32/lib/libmbedtls.a(platform_util.o)
 .data          0x0000c3b8        0x0 /home/dangcaominh/STM32MP1/optee-os/optee-os/../build/optee-programmer-stm32mp157d-dk1/export-ta_arm32/lib/libutils.a(bget_malloc.o)
 .data          0x0000c3b8        0x0 /home/dangcaominh/STM32MP1/optee-os/optee-os/../build/optee-programmer-stm32mp157d-dk1/export-ta_arm32/lib/libutils.a(snprintf.o)
 .data          0x0000c3b8        0x0 /home/dangcaominh/STM32MP1/optee-os/optee-os/../build/optee-programmer-stm32mp157d-dk1/export-ta_arm32/lib/libutils.a(memcpy.o)
 .data          0x0000c3b8        0x0 /home/dangcaominh/STM32MP1/optee-os/optee-os/../build/optee-programmer-stm32mp157d-dk1/export-ta_arm32/lib/libutils.a(memmove.o)
 .data          0x0000c3b8        0x0 /home/dangcaominh/STM32MP1/optee-os/optee-os/../build/optee-programmer-stm32mp157d-dk1/export-ta_arm32/lib/libutils.a(strcmp.o)
 .data          0x0000c3b8        0x0 /home/dangcaominh/STM32MP1/optee-os/optee-os/../build/optee-programmer-stm32mp157d-dk1/export-ta_arm32/lib/libutils.a(strlcpy.o)
 .data          0x0000c3b8        0x0 /home/dangcaominh/STM32MP1/optee-os/optee-os/../build/optee-programmer-stm32mp157d-dk1/export-ta_arm32/lib/libutils.a(mempool.o)
 .data          0x0000c3b8        0x0 /home/dangcaominh/STM32MP1/optee-os/optee-os/../build/optee-programmer-stm32mp157d-dk1/export-ta_arm32/lib/libutils.a(consttime_memcmp.o)

.igot.plt       0x0000c3b8        0x0
 .igot.plt      0x0000c3b8        0x0 /home/dangcaominh/STM32MP1/optee-os/optee-os/../build/optee-programmer-stm32mp157d-dk1/ta/avb/entry.o

.bss            0x0000c3b8     0x7860
 *(SORT_BY_ALIGNMENT(.bss) SORT_BY_ALIGNMENT(.bss.*) SORT_BY_ALIGNMENT(.gnu.linkonce.b.*) SORT_BY_ALIGNMENT(COMMON))
 .bss           0x0000c3b8        0x8 /home/dangcaominh/STM32MP1/optee-os/optee-os/../build/optee-programmer-stm32mp157d-dk1/export-ta_arm32/lib/libutee.a(tee_api.o)
 .bss           0x0000c3c0        0x4 /home/dangcaominh/STM32MP1/optee-os/optee-os/../build/optee-programmer-stm32mp157d-dk1/export-ta_arm32/lib/libutee.a(tee_system_pta.o)
 .bss           0x0000c3c4       0x3c /home/dangcaominh/STM32MP1/optee-os/optee-os/../build/optee-programmer-stm32mp157d-dk1/export-ta_arm32/lib/libutee.a(user_ta_entry.o)
                0x0000c3cc                __elf_phdr_info
                0x0000c3d8                __ta_no_share_malloc_ctx
                0x0000c3dc                ta_params
                0x0000c3fc                ta_param_types
 .bss           0x0000c400     0x3800 /home/dangcaominh/STM32MP1/optee-os/optee-os/../build/optee-programmer-stm32mp157d-dk1/export-ta_arm32/lib/libutee.a(tee_api_arith_mpi.o)
 .bss           0x0000fc00        0x8 /home/dangcaominh/STM32MP1/optee-os/optee-os/../build/optee-programmer-stm32mp157d-dk1/export-ta_arm32/lib/libutee.a(tcb.o)
 .bss           0x0000fc08        0x4 /home/dangcaominh/STM32MP1/optee-os/optee-os/../build/optee-programmer-stm32mp157d-dk1/export-ta_arm32/lib/libmbedtls.a(bignum.o)
                0x0000fc08                mbedtls_mpi_mempool
 .bss           0x0000fc0c        0x4 /home/dangcaominh/STM32MP1/optee-os/optee-os/../build/optee-programmer-stm32mp157d-dk1/export-ta_arm32/lib/libmbedtls.a(constant_time.o)
                0x0000fc0c                mbedtls_ct_zero
 .bss           0x0000fc10        0x0 /home/dangcaominh/STM32MP1/optee-os/optee-os/../build/optee-programmer-stm32mp157d-dk1/ta/avb/entry.o
 .bss           0x0000fc10     0x4001 /home/dangcaominh/STM32MP1/optee-os/optee-os/../build/optee-programmer-stm32mp157d-dk1/ta/avb/user_ta_header.o
                0x0000fc11                ta_heap
                0x0000fc11                __ta_no_share_heap
 .bss           0x00013c11        0x0 /home/dangcaominh/STM32MP1/optee-os/optee-os/../build/optee-programmer-stm32mp157d-dk1/ta/avb/ta_entry_a32.o
 .bss           0x00013c11        0x0 /home/dangcaominh/STM32MP1/optee-os/optee-os/../build/optee-programmer-stm32mp157d-dk1/export-ta_arm32/lib/libutils.a(stack_check.o)
 .bss           0x00013c11        0x0 /home/dangcaominh/STM32MP1/optee-os/optee-os/../build/optee-programmer-stm32mp157d-dk1/export-ta_arm32/lib/libutils.a(memset.o)
 .bss           0x00013c11        0x0 /home/dangcaominh/STM32MP1/optee-os/optee-os/../build/optee-programmer-stm32mp157d-dk1/export-ta_arm32/lib/libutils.a(trace.o)
 .bss           0x00013c11        0x0 /home/dangcaominh/STM32MP1/optee-os/optee-os/../build/optee-programmer-stm32mp157d-dk1/export-ta_arm32/lib/libutils.a(snprintk.o)
 .bss           0x00013c11        0x0 /home/dangcaominh/STM32MP1/optee-os/optee-os/../build/optee-programmer-stm32mp157d-dk1/export-ta_arm32/lib/libutils.a(memchr.o)
 .bss           0x00013c11        0x0 /home/dangcaominh/STM32MP1/optee-os/optee-os/../build/optee-programmer-stm32mp157d-dk1/export-ta_arm32/lib/libutils.a(strlen.o)
 .bss           0x00013c11        0x0 /home/dangcaominh/STM32MP1/optee-os/optee-os/../build/optee-programmer-stm32mp157d-dk1/export-ta_arm32/lib/libutils.a(arm32_aeabi_ldivmod_a32.o)
 .bss           0x00013c11        0x0 /home/dangcaominh/STM32MP1/optee-os/optee-os/../build/optee-programmer-stm32mp157d-dk1/export-ta_arm32/lib/libutils.a(arm32_aeabi_ldivmod.o)
 .bss           0x00013c11        0x0 /home/dangcaominh/STM32MP1/optee-os/optee-os/../build/optee-programmer-stm32mp157d-dk1/export-ta_arm32/lib/libutee.a(trace_ext.o)
 .bss           0x00013c11        0x0 /home/dangcaominh/STM32MP1/optee-os/optee-os/../build/optee-programmer-stm32mp157d-dk1/export-ta_arm32/lib/libutee.a(tee_api_objects.o)
 .bss           0x00013c11        0x0 /home/dangcaominh/STM32MP1/optee-os/optee-os/../build/optee-programmer-stm32mp157d-dk1/export-ta_arm32/lib/libutee.a(tee_api_panic.o)
 .bss           0x00013c11        0x0 /home/dangcaominh/STM32MP1/optee-os/optee-os/../build/optee-programmer-stm32mp157d-dk1/export-ta_arm32/lib/libutee.a(utee_syscalls_a32.o)
 .bss           0x00013c11        0x0 /home/dangcaominh/STM32MP1/optee-os/optee-os/../build/optee-programmer-stm32mp157d-dk1/export-ta_arm32/lib/libutee.a(abort.o)
 .bss           0x00013c11        0x0 /home/dangcaominh/STM32MP1/optee-os/optee-os/../build/optee-programmer-stm32mp157d-dk1/export-ta_arm32/lib/libutee.a(tee_api_property.o)
 .bss           0x00013c11        0x0 /home/dangcaominh/STM32MP1/optee-os/optee-os/../build/optee-programmer-stm32mp157d-dk1/export-ta_arm32/lib/libutee.a(assert.o)
 .bss           0x00013c11        0x0 /home/dangcaominh/STM32MP1/optee-os/optee-os/../build/optee-programmer-stm32mp157d-dk1/export-ta_arm32/lib/libutee.a(base64.o)
 .bss           0x00013c11        0x0 /home/dangcaominh/STM32MP1/optee-os/optee-os/../build/optee-programmer-stm32mp157d-dk1/export-ta_arm32/lib/libmbedtls.a(bignum_core.o)
 .bss           0x00013c11        0x0 /home/dangcaominh/STM32MP1/optee-os/optee-os/../build/optee-programmer-stm32mp157d-dk1/export-ta_arm32/lib/libmbedtls.a(platform_util.o)
 .bss           0x00013c11        0x0 /home/dangcaominh/STM32MP1/optee-os/optee-os/../build/optee-programmer-stm32mp157d-dk1/export-ta_arm32/lib/libutils.a(bget_malloc.o)
 .bss           0x00013c11        0x0 /home/dangcaominh/STM32MP1/optee-os/optee-os/../build/optee-programmer-stm32mp157d-dk1/export-ta_arm32/lib/libutils.a(snprintf.o)
 .bss           0x00013c11        0x0 /home/dangcaominh/STM32MP1/optee-os/optee-os/../build/optee-programmer-stm32mp157d-dk1/export-ta_arm32/lib/libutils.a(memcpy.o)
 .bss           0x00013c11        0x0 /home/dangcaominh/STM32MP1/optee-os/optee-os/../build/optee-programmer-stm32mp157d-dk1/export-ta_arm32/lib/libutils.a(memmove.o)
 .bss           0x00013c11        0x0 /home/dangcaominh/STM32MP1/optee-os/optee-os/../build/optee-programmer-stm32mp157d-dk1/export-ta_arm32/lib/libutils.a(strcmp.o)
 .bss           0x00013c11        0x0 /home/dangcaominh/STM32MP1/optee-os/optee-os/../build/optee-programmer-stm32mp157d-dk1/export-ta_arm32/lib/libutils.a(strlcpy.o)
 .bss           0x00013c11        0x0 /home/dangcaominh/STM32MP1/optee-os/optee-os/../build/optee-programmer-stm32mp157d-dk1/export-ta_arm32/lib/libutils.a(mempool.o)
 .bss           0x00013c11        0x0 /home/dangcaominh/STM32MP1/optee-os/optee-os/../build/optee-programmer-stm32mp157d-dk1/export-ta_arm32/lib/libutils.a(consttime_memcmp.o)
                0x00013c18                        . = ALIGN (0x8)
 *fill*         0x00013c11        0x7 
                0x00013c18                        __ftrace_buf_start = .
                0x00013c18                        . = (. + DEFINED (__gnu_mcount_nc)?0x800:0x0)
                0x00013c18                        __ftrace_buf_end = .

.dynbss         0x00013c18        0x0
 .dynbss        0x00013c18        0x0 /home/dangcaominh/STM32MP1/optee-os/optee-os/../build/optee-programmer-stm32mp157d-dk1/ta/avb/entry.o

/DISCARD/
 *(SORT_BY_ALIGNMENT(.interp))
LOAD /home/dangcaominh/STM32MP1/optee-os/optee-os/../build/optee-programmer-stm32mp157d-dk1/ta/avb/entry.o
LOAD /home/dangcaominh/STM32MP1/optee-os/optee-os/../build/optee-programmer-stm32mp157d-dk1/ta/avb/user_ta_header.o
LOAD /home/dangcaominh/STM32MP1/optee-os/optee-os/../build/optee-programmer-stm32mp157d-dk1/ta/avb/ta_entry_a32.o
START GROUP
LOAD /home/dangcaominh/STM32MP1/optee-os/optee-os/../build/optee-programmer-stm32mp157d-dk1/export-ta_arm32/lib/libutils.a
LOAD /home/dangcaominh/STM32MP1/optee-os/optee-os/../build/optee-programmer-stm32mp157d-dk1/export-ta_arm32/lib/libutee.a
LOAD /home/dangcaominh/STM32MP1/optee-os/optee-os/../build/optee-programmer-stm32mp157d-dk1/export-ta_arm32/lib/libmbedtls.a
END GROUP
LOAD /opt/st/stm32mp1/5.0.8-openstlinux-6.6-yocto-scarthgap-mpu-v25.06.11/sysroots/cortexa7t2hf-neon-vfpv4-ostl-linux-gnueabi/lib/arm-ostl-linux-gnueabi/13.3.0/libgcc.a
OUTPUT(/home/dangcaominh/STM32MP1/optee-os/optee-os/../build/optee-programmer-stm32mp157d-dk1/ta/avb/023f8f1a-292a-432b-8fc4-de8471358067.elf elf32-littlearm)
LOAD linker stubs

.debug_info     0x00000000    0x1d326
 .debug_info    0x00000000     0x1180 /home/dangcaominh/STM32MP1/optee-os/optee-os/../build/optee-programmer-stm32mp157d-dk1/ta/avb/entry.o
 .debug_info    0x00001180      0x4e2 /home/dangcaominh/STM32MP1/optee-os/optee-os/../build/optee-programmer-stm32mp157d-dk1/ta/avb/user_ta_header.o
 .debug_info    0x00001662       0x31 /home/dangcaominh/STM32MP1/optee-os/optee-os/../build/optee-programmer-stm32mp157d-dk1/ta/avb/ta_entry_a32.o
 .debug_info    0x00001693      0x121 /home/dangcaominh/STM32MP1/optee-os/optee-os/../build/optee-programmer-stm32mp157d-dk1/export-ta_arm32/lib/libutils.a(stack_check.o)
 .debug_info    0x000017b4       0xbc /home/dangcaominh/STM32MP1/optee-os/optee-os/../build/optee-programmer-stm32mp157d-dk1/export-ta_arm32/lib/libutils.a(memset.o)
 .debug_info    0x00001870      0x5be /home/dangcaominh/STM32MP1/optee-os/optee-os/../build/optee-programmer-stm32mp157d-dk1/export-ta_arm32/lib/libutils.a(trace.o)
 .debug_info    0x00001e2e      0x857 /home/dangcaominh/STM32MP1/optee-os/optee-os/../build/optee-programmer-stm32mp157d-dk1/export-ta_arm32/lib/libutils.a(snprintk.o)
 .debug_info    0x00002685       0xe8 /home/dangcaominh/STM32MP1/optee-os/optee-os/../build/optee-programmer-stm32mp157d-dk1/export-ta_arm32/lib/libutils.a(memchr.o)
 .debug_info    0x0000276d       0xaf /home/dangcaominh/STM32MP1/optee-os/optee-os/../build/optee-programmer-stm32mp157d-dk1/export-ta_arm32/lib/libutils.a(strlen.o)
 .debug_info    0x0000281c       0x3b /home/dangcaominh/STM32MP1/optee-os/optee-os/../build/optee-programmer-stm32mp157d-dk1/export-ta_arm32/lib/libutils.a(arm32_aeabi_ldivmod_a32.o)
 .debug_info    0x00002857      0x2f3 /home/dangcaominh/STM32MP1/optee-os/optee-os/../build/optee-programmer-stm32mp157d-dk1/export-ta_arm32/lib/libutils.a(arm32_aeabi_ldivmod.o)
 .debug_info    0x00002b4a      0x320 /home/dangcaominh/STM32MP1/optee-os/optee-os/../build/optee-programmer-stm32mp157d-dk1/export-ta_arm32/lib/libutee.a(trace_ext.o)
 .debug_info    0x00002e6a     0x24b8 /home/dangcaominh/STM32MP1/optee-os/optee-os/../build/optee-programmer-stm32mp157d-dk1/export-ta_arm32/lib/libutee.a(tee_api.o)
 .debug_info    0x00005322     0x2ccc /home/dangcaominh/STM32MP1/optee-os/optee-os/../build/optee-programmer-stm32mp157d-dk1/export-ta_arm32/lib/libutee.a(tee_api_objects.o)
 .debug_info    0x00007fee      0x83e /home/dangcaominh/STM32MP1/optee-os/optee-os/../build/optee-programmer-stm32mp157d-dk1/export-ta_arm32/lib/libutee.a(tee_api_panic.o)
 .debug_info    0x0000882c      0x74c /home/dangcaominh/STM32MP1/optee-os/optee-os/../build/optee-programmer-stm32mp157d-dk1/export-ta_arm32/lib/libutee.a(tee_system_pta.o)
 .debug_info    0x00008f78     0x14ce /home/dangcaominh/STM32MP1/optee-os/optee-os/../build/optee-programmer-stm32mp157d-dk1/export-ta_arm32/lib/libutee.a(user_ta_entry.o)
 .debug_info    0x0000a446      0x2d1 /home/dangcaominh/STM32MP1/optee-os/optee-os/../build/optee-programmer-stm32mp157d-dk1/export-ta_arm32/lib/libutee.a(utee_syscalls_a32.o)
 .debug_info    0x0000a717       0xd2 /home/dangcaominh/STM32MP1/optee-os/optee-os/../build/optee-programmer-stm32mp157d-dk1/export-ta_arm32/lib/libutee.a(abort.o)
 .debug_info    0x0000a7e9     0x48f7 /home/dangcaominh/STM32MP1/optee-os/optee-os/../build/optee-programmer-stm32mp157d-dk1/export-ta_arm32/lib/libutee.a(tee_api_arith_mpi.o)
 .debug_info    0x0000f0e0     0x174a /home/dangcaominh/STM32MP1/optee-os/optee-os/../build/optee-programmer-stm32mp157d-dk1/export-ta_arm32/lib/libutee.a(tee_api_property.o)
 .debug_info    0x0001082a      0x742 /home/dangcaominh/STM32MP1/optee-os/optee-os/../build/optee-programmer-stm32mp157d-dk1/export-ta_arm32/lib/libutee.a(tcb.o)
 .debug_info    0x00010f6c      0x1ab /home/dangcaominh/STM32MP1/optee-os/optee-os/../build/optee-programmer-stm32mp157d-dk1/export-ta_arm32/lib/libutee.a(assert.o)
 .debug_info    0x00011117      0x321 /home/dangcaominh/STM32MP1/optee-os/optee-os/../build/optee-programmer-stm32mp157d-dk1/export-ta_arm32/lib/libutee.a(base64.o)
 .debug_info    0x00011438     0x5098 /home/dangcaominh/STM32MP1/optee-os/optee-os/../build/optee-programmer-stm32mp157d-dk1/export-ta_arm32/lib/libmbedtls.a(bignum.o)
 .debug_info    0x000164d0     0x2d9a /home/dangcaominh/STM32MP1/optee-os/optee-os/../build/optee-programmer-stm32mp157d-dk1/export-ta_arm32/lib/libmbedtls.a(bignum_core.o)
 .debug_info    0x0001926a      0xba5 /home/dangcaominh/STM32MP1/optee-os/optee-os/../build/optee-programmer-stm32mp157d-dk1/export-ta_arm32/lib/libmbedtls.a(constant_time.o)
 .debug_info    0x00019e0f      0x23c /home/dangcaominh/STM32MP1/optee-os/optee-os/../build/optee-programmer-stm32mp157d-dk1/export-ta_arm32/lib/libmbedtls.a(platform_util.o)
 .debug_info    0x0001a04b     0x2540 /home/dangcaominh/STM32MP1/optee-os/optee-os/../build/optee-programmer-stm32mp157d-dk1/export-ta_arm32/lib/libutils.a(bget_malloc.o)
 .debug_info    0x0001c58b      0x22b /home/dangcaominh/STM32MP1/optee-os/optee-os/../build/optee-programmer-stm32mp157d-dk1/export-ta_arm32/lib/libutils.a(snprintf.o)
 .debug_info    0x0001c7b6      0x127 /home/dangcaominh/STM32MP1/optee-os/optee-os/../build/optee-programmer-stm32mp157d-dk1/export-ta_arm32/lib/libutils.a(memcpy.o)
 .debug_info    0x0001c8dd       0xeb /home/dangcaominh/STM32MP1/optee-os/optee-os/../build/optee-programmer-stm32mp157d-dk1/export-ta_arm32/lib/libutils.a(memmove.o)
 .debug_info    0x0001c9c8       0x9d /home/dangcaominh/STM32MP1/optee-os/optee-os/../build/optee-programmer-stm32mp157d-dk1/export-ta_arm32/lib/libutils.a(strcmp.o)
 .debug_info    0x0001ca65      0x11a /home/dangcaominh/STM32MP1/optee-os/optee-os/../build/optee-programmer-stm32mp157d-dk1/export-ta_arm32/lib/libutils.a(strlcpy.o)
 .debug_info    0x0001cb7f      0x688 /home/dangcaominh/STM32MP1/optee-os/optee-os/../build/optee-programmer-stm32mp157d-dk1/export-ta_arm32/lib/libutils.a(mempool.o)
 .debug_info    0x0001d207      0x11f /home/dangcaominh/STM32MP1/optee-os/optee-os/../build/optee-programmer-stm32mp157d-dk1/export-ta_arm32/lib/libutils.a(consttime_memcmp.o)

.debug_abbrev   0x00000000     0x4e72
 .debug_abbrev  0x00000000      0x422 /home/dangcaominh/STM32MP1/optee-os/optee-os/../build/optee-programmer-stm32mp157d-dk1/ta/avb/entry.o
 .debug_abbrev  0x00000422      0x1fb /home/dangcaominh/STM32MP1/optee-os/optee-os/../build/optee-programmer-stm32mp157d-dk1/ta/avb/user_ta_header.o
 .debug_abbrev  0x0000061d       0x28 /home/dangcaominh/STM32MP1/optee-os/optee-os/../build/optee-programmer-stm32mp157d-dk1/ta/avb/ta_entry_a32.o
 .debug_abbrev  0x00000645       0xb1 /home/dangcaominh/STM32MP1/optee-os/optee-os/../build/optee-programmer-stm32mp157d-dk1/export-ta_arm32/lib/libutils.a(stack_check.o)
 .debug_abbrev  0x000006f6       0xa3 /home/dangcaominh/STM32MP1/optee-os/optee-os/../build/optee-programmer-stm32mp157d-dk1/export-ta_arm32/lib/libutils.a(memset.o)
 .debug_abbrev  0x00000799      0x2b7 /home/dangcaominh/STM32MP1/optee-os/optee-os/../build/optee-programmer-stm32mp157d-dk1/export-ta_arm32/lib/libutils.a(trace.o)
 .debug_abbrev  0x00000a50      0x2e5 /home/dangcaominh/STM32MP1/optee-os/optee-os/../build/optee-programmer-stm32mp157d-dk1/export-ta_arm32/lib/libutils.a(snprintk.o)
 .debug_abbrev  0x00000d35       0xb4 /home/dangcaominh/STM32MP1/optee-os/optee-os/../build/optee-programmer-stm32mp157d-dk1/export-ta_arm32/lib/libutils.a(memchr.o)
 .debug_abbrev  0x00000de9       0x90 /home/dangcaominh/STM32MP1/optee-os/optee-os/../build/optee-programmer-stm32mp157d-dk1/export-ta_arm32/lib/libutils.a(strlen.o)
 .debug_abbrev  0x00000e79       0x26 /home/dangcaominh/STM32MP1/optee-os/optee-os/../build/optee-programmer-stm32mp157d-dk1/export-ta_arm32/lib/libutils.a(arm32_aeabi_ldivmod_a32.o)
 .debug_abbrev  0x00000e9f      0x190 /home/dangcaominh/STM32MP1/optee-os/optee-os/../build/optee-programmer-stm32mp157d-dk1/export-ta_arm32/lib/libutils.a(arm32_aeabi_ldivmod.o)
 .debug_abbrev  0x0000102f      0x1bb /home/dangcaominh/STM32MP1/optee-os/optee-os/../build/optee-programmer-stm32mp157d-dk1/export-ta_arm32/lib/libutee.a(trace_ext.o)
 .debug_abbrev  0x000011ea      0x517 /home/dangcaominh/STM32MP1/optee-os/optee-os/../build/optee-programmer-stm32mp157d-dk1/export-ta_arm32/lib/libutee.a(tee_api.o)
 .debug_abbrev  0x00001701      0x3a9 /home/dangcaominh/STM32MP1/optee-os/optee-os/../build/optee-programmer-stm32mp157d-dk1/export-ta_arm32/lib/libutee.a(tee_api_objects.o)
 .debug_abbrev  0x00001aaa      0x21f /home/dangcaominh/STM32MP1/optee-os/optee-os/../build/optee-programmer-stm32mp157d-dk1/export-ta_arm32/lib/libutee.a(tee_api_panic.o)
 .debug_abbrev  0x00001cc9      0x28c /home/dangcaominh/STM32MP1/optee-os/optee-os/../build/optee-programmer-stm32mp157d-dk1/export-ta_arm32/lib/libutee.a(tee_system_pta.o)
 .debug_abbrev  0x00001f55      0x592 /home/dangcaominh/STM32MP1/optee-os/optee-os/../build/optee-programmer-stm32mp157d-dk1/export-ta_arm32/lib/libutee.a(user_ta_entry.o)
 .debug_abbrev  0x000024e7       0x26 /home/dangcaominh/STM32MP1/optee-os/optee-os/../build/optee-programmer-stm32mp157d-dk1/export-ta_arm32/lib/libutee.a(utee_syscalls_a32.o)
 .debug_abbrev  0x0000250d       0x92 /home/dangcaominh/STM32MP1/optee-os/optee-os/../build/optee-programmer-stm32mp157d-dk1/export-ta_arm32/lib/libutee.a(abort.o)
 .debug_abbrev  0x0000259f      0x577 /home/dangcaominh/STM32MP1/optee-os/optee-os/../build/optee-programmer-stm32mp157d-dk1/export-ta_arm32/lib/libutee.a(tee_api_arith_mpi.o)
 .debug_abbrev  0x00002b16      0x352 /home/dangcaominh/STM32MP1/optee-os/optee-os/../build/optee-programmer-stm32mp157d-dk1/export-ta_arm32/lib/libutee.a(tee_api_property.o)
 .debug_abbrev  0x00002e68      0x289 /home/dangcaominh/STM32MP1/optee-os/optee-os/../build/optee-programmer-stm32mp157d-dk1/export-ta_arm32/lib/libutee.a(tcb.o)
 .debug_abbrev  0x000030f1       0xbc /home/dangcaominh/STM32MP1/optee-os/optee-os/../build/optee-programmer-stm32mp157d-dk1/export-ta_arm32/lib/libutee.a(assert.o)
 .debug_abbrev  0x000031ad      0x194 /home/dangcaominh/STM32MP1/optee-os/optee-os/../build/optee-programmer-stm32mp157d-dk1/export-ta_arm32/lib/libutee.a(base64.o)
 .debug_abbrev  0x00003341      0x595 /home/dangcaominh/STM32MP1/optee-os/optee-os/../build/optee-programmer-stm32mp157d-dk1/export-ta_arm32/lib/libmbedtls.a(bignum.o)
 .debug_abbrev  0x000038d6      0x55a /home/dangcaominh/STM32MP1/optee-os/optee-os/../build/optee-programmer-stm32mp157d-dk1/export-ta_arm32/lib/libmbedtls.a(bignum_core.o)
 .debug_abbrev  0x00003e30      0x344 /home/dangcaominh/STM32MP1/optee-os/optee-os/../build/optee-programmer-stm32mp157d-dk1/export-ta_arm32/lib/libmbedtls.a(constant_time.o)
 .debug_abbrev  0x00004174      0x155 /home/dangcaominh/STM32MP1/optee-os/optee-os/../build/optee-programmer-stm32mp157d-dk1/export-ta_arm32/lib/libmbedtls.a(platform_util.o)
 .debug_abbrev  0x000042c9      0x487 /home/dangcaominh/STM32MP1/optee-os/optee-os/../build/optee-programmer-stm32mp157d-dk1/export-ta_arm32/lib/libutils.a(bget_malloc.o)
 .debug_abbrev  0x00004750      0x144 /home/dangcaominh/STM32MP1/optee-os/optee-os/../build/optee-programmer-stm32mp157d-dk1/export-ta_arm32/lib/libutils.a(snprintf.o)
 .debug_abbrev  0x00004894       0xc6 /home/dangcaominh/STM32MP1/optee-os/optee-os/../build/optee-programmer-stm32mp157d-dk1/export-ta_arm32/lib/libutils.a(memcpy.o)
 .debug_abbrev  0x0000495a       0xb1 /home/dangcaominh/STM32MP1/optee-os/optee-os/../build/optee-programmer-stm32mp157d-dk1/export-ta_arm32/lib/libutils.a(memmove.o)
 .debug_abbrev  0x00004a0b       0x6f /home/dangcaominh/STM32MP1/optee-os/optee-os/../build/optee-programmer-stm32mp157d-dk1/export-ta_arm32/lib/libutils.a(strcmp.o)
 .debug_abbrev  0x00004a7a       0xa5 /home/dangcaominh/STM32MP1/optee-os/optee-os/../build/optee-programmer-stm32mp157d-dk1/export-ta_arm32/lib/libutils.a(strlcpy.o)
 .debug_abbrev  0x00004b1f      0x2a2 /home/dangcaominh/STM32MP1/optee-os/optee-os/../build/optee-programmer-stm32mp157d-dk1/export-ta_arm32/lib/libutils.a(mempool.o)
 .debug_abbrev  0x00004dc1       0xb1 /home/dangcaominh/STM32MP1/optee-os/optee-os/../build/optee-programmer-stm32mp157d-dk1/export-ta_arm32/lib/libutils.a(consttime_memcmp.o)

.debug_loclists
                0x00000000    0x1140b
 .debug_loclists
                0x00000000      0x8f0 /home/dangcaominh/STM32MP1/optee-os/optee-os/../build/optee-programmer-stm32mp157d-dk1/ta/avb/entry.o
 .debug_loclists
                0x000008f0       0x62 /home/dangcaominh/STM32MP1/optee-os/optee-os/../build/optee-programmer-stm32mp157d-dk1/ta/avb/user_ta_header.o
 .debug_loclists
                0x00000952       0x43 /home/dangcaominh/STM32MP1/optee-os/optee-os/../build/optee-programmer-stm32mp157d-dk1/export-ta_arm32/lib/libutils.a(memset.o)
 .debug_loclists
                0x00000995      0x2b8 /home/dangcaominh/STM32MP1/optee-os/optee-os/../build/optee-programmer-stm32mp157d-dk1/export-ta_arm32/lib/libutils.a(trace.o)
 .debug_loclists
                0x00000c4d      0xad3 /home/dangcaominh/STM32MP1/optee-os/optee-os/../build/optee-programmer-stm32mp157d-dk1/export-ta_arm32/lib/libutils.a(snprintk.o)
 .debug_loclists
                0x00001720       0xf0 /home/dangcaominh/STM32MP1/optee-os/optee-os/../build/optee-programmer-stm32mp157d-dk1/export-ta_arm32/lib/libutils.a(memchr.o)
 .debug_loclists
                0x00001810       0x33 /home/dangcaominh/STM32MP1/optee-os/optee-os/../build/optee-programmer-stm32mp157d-dk1/export-ta_arm32/lib/libutils.a(strlen.o)
 .debug_loclists
                0x00001843      0x28e /home/dangcaominh/STM32MP1/optee-os/optee-os/../build/optee-programmer-stm32mp157d-dk1/export-ta_arm32/lib/libutils.a(arm32_aeabi_ldivmod.o)
 .debug_loclists
                0x00001ad1       0x8b /home/dangcaominh/STM32MP1/optee-os/optee-os/../build/optee-programmer-stm32mp157d-dk1/export-ta_arm32/lib/libutee.a(trace_ext.o)
 .debug_loclists
                0x00001b5c     0x11de /home/dangcaominh/STM32MP1/optee-os/optee-os/../build/optee-programmer-stm32mp157d-dk1/export-ta_arm32/lib/libutee.a(tee_api.o)
 .debug_loclists
                0x00002d3a     0x17eb /home/dangcaominh/STM32MP1/optee-os/optee-os/../build/optee-programmer-stm32mp157d-dk1/export-ta_arm32/lib/libutee.a(tee_api_objects.o)
 .debug_loclists
                0x00004525      0x352 /home/dangcaominh/STM32MP1/optee-os/optee-os/../build/optee-programmer-stm32mp157d-dk1/export-ta_arm32/lib/libutee.a(tee_api_panic.o)
 .debug_loclists
                0x00004877      0x261 /home/dangcaominh/STM32MP1/optee-os/optee-os/../build/optee-programmer-stm32mp157d-dk1/export-ta_arm32/lib/libutee.a(tee_system_pta.o)
 .debug_loclists
                0x00004ad8      0x72c /home/dangcaominh/STM32MP1/optee-os/optee-os/../build/optee-programmer-stm32mp157d-dk1/export-ta_arm32/lib/libutee.a(user_ta_entry.o)
 .debug_loclists
                0x00005204     0x2782 /home/dangcaominh/STM32MP1/optee-os/optee-os/../build/optee-programmer-stm32mp157d-dk1/export-ta_arm32/lib/libutee.a(tee_api_arith_mpi.o)
 .debug_loclists
                0x00007986      0xdcb /home/dangcaominh/STM32MP1/optee-os/optee-os/../build/optee-programmer-stm32mp157d-dk1/export-ta_arm32/lib/libutee.a(tee_api_property.o)
 .debug_loclists
                0x00008751      0x229 /home/dangcaominh/STM32MP1/optee-os/optee-os/../build/optee-programmer-stm32mp157d-dk1/export-ta_arm32/lib/libutee.a(tcb.o)
 .debug_loclists
                0x0000897a       0x8c /home/dangcaominh/STM32MP1/optee-os/optee-os/../build/optee-programmer-stm32mp157d-dk1/export-ta_arm32/lib/libutee.a(assert.o)
 .debug_loclists
                0x00008a06      0x367 /home/dangcaominh/STM32MP1/optee-os/optee-os/../build/optee-programmer-stm32mp157d-dk1/export-ta_arm32/lib/libutee.a(base64.o)
 .debug_loclists
                0x00008d6d     0x342a /home/dangcaominh/STM32MP1/optee-os/optee-os/../build/optee-programmer-stm32mp157d-dk1/export-ta_arm32/lib/libmbedtls.a(bignum.o)
 .debug_loclists
                0x0000c197     0x23fe /home/dangcaominh/STM32MP1/optee-os/optee-os/../build/optee-programmer-stm32mp157d-dk1/export-ta_arm32/lib/libmbedtls.a(bignum_core.o)
 .debug_loclists
                0x0000e595      0x615 /home/dangcaominh/STM32MP1/optee-os/optee-os/../build/optee-programmer-stm32mp157d-dk1/export-ta_arm32/lib/libmbedtls.a(constant_time.o)
 .debug_loclists
                0x0000ebaa       0xb6 /home/dangcaominh/STM32MP1/optee-os/optee-os/../build/optee-programmer-stm32mp157d-dk1/export-ta_arm32/lib/libmbedtls.a(platform_util.o)
 .debug_loclists
                0x0000ec60     0x1f7c /home/dangcaominh/STM32MP1/optee-os/optee-os/../build/optee-programmer-stm32mp157d-dk1/export-ta_arm32/lib/libutils.a(bget_malloc.o)
 .debug_loclists
                0x00010bdc       0x9b /home/dangcaominh/STM32MP1/optee-os/optee-os/../build/optee-programmer-stm32mp157d-dk1/export-ta_arm32/lib/libutils.a(snprintf.o)
 .debug_loclists
                0x00010c77      0x14b /home/dangcaominh/STM32MP1/optee-os/optee-os/../build/optee-programmer-stm32mp157d-dk1/export-ta_arm32/lib/libutils.a(memcpy.o)
 .debug_loclists
                0x00010dc2      0x158 /home/dangcaominh/STM32MP1/optee-os/optee-os/../build/optee-programmer-stm32mp157d-dk1/export-ta_arm32/lib/libutils.a(memmove.o)
 .debug_loclists
                0x00010f1a       0x68 /home/dangcaominh/STM32MP1/optee-os/optee-os/../build/optee-programmer-stm32mp157d-dk1/export-ta_arm32/lib/libutils.a(strcmp.o)
 .debug_loclists
                0x00010f82       0xaa /home/dangcaominh/STM32MP1/optee-os/optee-os/../build/optee-programmer-stm32mp157d-dk1/export-ta_arm32/lib/libutils.a(strlcpy.o)
 .debug_loclists
                0x0001102c      0x2f7 /home/dangcaominh/STM32MP1/optee-os/optee-os/../build/optee-programmer-stm32mp157d-dk1/export-ta_arm32/lib/libutils.a(mempool.o)
 .debug_loclists
                0x00011323       0xe8 /home/dangcaominh/STM32MP1/optee-os/optee-os/../build/optee-programmer-stm32mp157d-dk1/export-ta_arm32/lib/libutils.a(consttime_memcmp.o)

.debug_aranges  0x00000000      0x648
 .debug_aranges
                0x00000000       0x20 /home/dangcaominh/STM32MP1/optee-os/optee-os/../build/optee-programmer-stm32mp157d-dk1/ta/avb/entry.o
 .debug_aranges
                0x00000020       0x20 /home/dangcaominh/STM32MP1/optee-os/optee-os/../build/optee-programmer-stm32mp157d-dk1/ta/avb/user_ta_header.o
 .debug_aranges
                0x00000040       0x20 /home/dangcaominh/STM32MP1/optee-os/optee-os/../build/optee-programmer-stm32mp157d-dk1/ta/avb/ta_entry_a32.o
 .debug_aranges
                0x00000060       0x20 /home/dangcaominh/STM32MP1/optee-os/optee-os/../build/optee-programmer-stm32mp157d-dk1/export-ta_arm32/lib/libutils.a(stack_check.o)
 .debug_aranges
                0x00000080       0x20 /home/dangcaominh/STM32MP1/optee-os/optee-os/../build/optee-programmer-stm32mp157d-dk1/export-ta_arm32/lib/libutils.a(memset.o)
 .debug_aranges
                0x000000a0       0x20 /home/dangcaominh/STM32MP1/optee-os/optee-os/../build/optee-programmer-stm32mp157d-dk1/export-ta_arm32/lib/libutils.a(trace.o)
 .debug_aranges
                0x000000c0       0x20 /home/dangcaominh/STM32MP1/optee-os/optee-os/../build/optee-programmer-stm32mp157d-dk1/export-ta_arm32/lib/libutils.a(snprintk.o)
 .debug_aranges
                0x000000e0       0x20 /home/dangcaominh/STM32MP1/optee-os/optee-os/../build/optee-programmer-stm32mp157d-dk1/export-ta_arm32/lib/libutils.a(memchr.o)
 .debug_aranges
                0x00000100       0x20 /home/dangcaominh/STM32MP1/optee-os/optee-os/../build/optee-programmer-stm32mp157d-dk1/export-ta_arm32/lib/libutils.a(strlen.o)
 .debug_aranges
                0x00000120       0x28 /home/dangcaominh/STM32MP1/optee-os/optee-os/../build/optee-programmer-stm32mp157d-dk1/export-ta_arm32/lib/libutils.a(arm32_aeabi_ldivmod_a32.o)
 .debug_aranges
                0x00000148       0x20 /home/dangcaominh/STM32MP1/optee-os/optee-os/../build/optee-programmer-stm32mp157d-dk1/export-ta_arm32/lib/libutils.a(arm32_aeabi_ldivmod.o)
 .debug_aranges
                0x00000168       0x20 /home/dangcaominh/STM32MP1/optee-os/optee-os/../build/optee-programmer-stm32mp157d-dk1/export-ta_arm32/lib/libutee.a(trace_ext.o)
 .debug_aranges
                0x00000188       0x20 /home/dangcaominh/STM32MP1/optee-os/optee-os/../build/optee-programmer-stm32mp157d-dk1/export-ta_arm32/lib/libutee.a(tee_api.o)
 .debug_aranges
                0x000001a8       0x20 /home/dangcaominh/STM32MP1/optee-os/optee-os/../build/optee-programmer-stm32mp157d-dk1/export-ta_arm32/lib/libutee.a(tee_api_objects.o)
 .debug_aranges
                0x000001c8       0x20 /home/dangcaominh/STM32MP1/optee-os/optee-os/../build/optee-programmer-stm32mp157d-dk1/export-ta_arm32/lib/libutee.a(tee_api_panic.o)
 .debug_aranges
                0x000001e8       0x20 /home/dangcaominh/STM32MP1/optee-os/optee-os/../build/optee-programmer-stm32mp157d-dk1/export-ta_arm32/lib/libutee.a(tee_system_pta.o)
 .debug_aranges
                0x00000208       0x20 /home/dangcaominh/STM32MP1/optee-os/optee-os/../build/optee-programmer-stm32mp157d-dk1/export-ta_arm32/lib/libutee.a(user_ta_entry.o)
 .debug_aranges
                0x00000228      0x1e0 /home/dangcaominh/STM32MP1/optee-os/optee-os/../build/optee-programmer-stm32mp157d-dk1/export-ta_arm32/lib/libutee.a(utee_syscalls_a32.o)
 .debug_aranges
                0x00000408       0x20 /home/dangcaominh/STM32MP1/optee-os/optee-os/../build/optee-programmer-stm32mp157d-dk1/export-ta_arm32/lib/libutee.a(abort.o)
 .debug_aranges
                0x00000428       0x20 /home/dangcaominh/STM32MP1/optee-os/optee-os/../build/optee-programmer-stm32mp157d-dk1/export-ta_arm32/lib/libutee.a(tee_api_arith_mpi.o)
 .debug_aranges