
There are no discarded input sections

Memory Configuration

Name             Origin             Length             Attributes
HEADER           0x00000000         0x00000200         rw
RAM              0x2ffe0000         0x0001f000         xrw
*default*        0x00000000         0xffffffff

Linker script and memory map


.glue_7         0x00000000        0x0
 .glue_7        0x00000000        0x0 linker stubs

.glue_7t        0x00000000        0x0
 .glue_7t       0x00000000        0x0 linker stubs

.vfp11_veneer   0x00000000        0x0
 .vfp11_veneer  0x00000000        0x0 linker stubs

.v4_bx          0x00000000        0x0
 .v4_bx         0x00000000        0x0 linker stubs

.text           0x00000000        0x0
 .text          0x00000000        0x0 ../build/optee-programmer-usb-stm32mp135f-dk/stm32mp1-stm32mp135f-dk.o

.header         0x00000000        0x0
                0x00000000                        __HEADER_START__ = .
 *(.header)
                0x00000000                        . = ALIGN (0x4)
                0x00000000                        __HEADER_END__ = .
                0x2ffe0000                        . = 0x2ffe0000

.data           0x2ffe0000    0x15813
                0x2ffe0000                        . = ALIGN (0x1000)
                0x2ffe0000                        __DATA_START__ = .
 *(.data*)
 .data          0x2ffe0000        0x0 ../build/optee-programmer-usb-stm32mp135f-dk/stm32mp1-stm32mp135f-dk.o
                0x00000000                        . = 0x0
                0x2ffe0000                        __DTB_IMAGE_START__ = .
 *(.dtb_image*)
 .dtb_image     0x2ffe0000     0x3a06 ../build/optee-programmer-usb-stm32mp135f-dk/stm32mp1-stm32mp135f-dk.o
                0x2ffe3a06                        __DTB_IMAGE_END__ = .
                0x00004000                        . = 0x4000
 *fill*         0x2ffe3a06      0x5fa 
                0x2ffe4000                        __BL2_IMAGE_START__ = .
 *(.bl2_image*)
 .bl2_image     0x2ffe4000    0x11813 ../build/optee-programmer-usb-stm32mp135f-dk/stm32mp1-stm32mp135f-dk.o
                0x2fff5813                        __BL2_IMAGE_END__ = .
                0x2fff5813                        __DATA_END__ = .
                0x2fff5813                        __TF_END__ = .
LOAD ../build/optee-programmer-usb-stm32mp135f-dk/stm32mp1-stm32mp135f-dk.o
OUTPUT(../build/optee-programmer-usb-stm32mp135f-dk/tf-a-stm32mp135f-dk.elf elf32-littlearm)
LOAD linker stubs

.bss            0x2fff5813        0x0
 .bss           0x2fff5813        0x0 ../build/optee-programmer-usb-stm32mp135f-dk/stm32mp1-stm32mp135f-dk.o

.ARM.attributes
                0x00000000       0x27
 .ARM.attributes
                0x00000000       0x27 ../build/optee-programmer-usb-stm32mp135f-dk/stm32mp1-stm32mp135f-dk.o
